/data/djs217/miniconda3/lib/python3.12/site-packages/hybracter/workflow/conda/f3634b33ec8fb5711a0153c480705631_/lib/python3.11/site-packages/medaka/common.py:16: UserWarning: pkg_resources is deprecated as an API. See https://setuptools.pypa.io/en/latest/pkg_resources.html. The pkg_resources package is slated for removal as early as 2025-11-30. Refrain from using this package or pin to Setuptools<81.
  from pkg_resources import resource_filename
/data/djs217/miniconda3/lib/python3.12/site-packages/hybracter/workflow/conda/f3634b33ec8fb5711a0153c480705631_/lib/python3.11/site-packages/medaka/common.py:16: UserWarning: pkg_resources is deprecated as an API. See https://setuptools.pypa.io/en/latest/pkg_resources.html. The pkg_resources package is slated for removal as early as 2025-11-30. Refrain from using this package or pin to Setuptools<81.
  from pkg_resources import resource_filename
/data/djs217/miniconda3/lib/python3.12/site-packages/hybracter/workflow/conda/f3634b33ec8fb5711a0153c480705631_/lib/python3.11/site-packages/medaka/common.py:16: UserWarning: pkg_resources is deprecated as an API. See https://setuptools.pypa.io/en/latest/pkg_resources.html. The pkg_resources package is slated for removal as early as 2025-11-30. Refrain from using this package or pin to Setuptools<81.
  from pkg_resources import resource_filename
[13:49:37 - MdlStrTGZ] Successfully removed temporary files from /tmp/tmprcm8xocj.
/data/djs217/miniconda3/lib/python3.12/site-packages/hybracter/workflow/conda/f3634b33ec8fb5711a0153c480705631_/lib/python3.11/site-packages/medaka/common.py:16: UserWarning: pkg_resources is deprecated as an API. See https://setuptools.pypa.io/en/latest/pkg_resources.html. The pkg_resources package is slated for removal as early as 2025-11-30. Refrain from using this package or pin to Setuptools<81.
  from pkg_resources import resource_filename
[13:49:38 - MdlStrTGZ] Successfully removed temporary files from /tmp/tmpp6vi66nr.
Creating fai index file /data/djs217/vibrio/P0213_250813_11813/01_raw_reads/hybracter_out/processing/complete/dnaapler/11813_EXE_30_2024_F_PBC74148/11813_EXE_30_2024_F_PBC74148_reoriented_chrom_and_plasmids.fasta.fai
Creating mmi index file /data/djs217/vibrio/P0213_250813_11813/01_raw_reads/hybracter_out/processing/complete/dnaapler/11813_EXE_30_2024_F_PBC74148/11813_EXE_30_2024_F_PBC74148_reoriented_chrom_and_plasmids.fasta.map-ont.mmi
[M::mm_idx_gen::0.206*1.01] collected minimizers
[M::mm_idx_gen::0.270*1.45] sorted minimizers
[M::main::0.339*1.36] loaded/built the index for 20 target sequence(s)
[M::mm_idx_stat] kmer size: 15; skip: 10; is_hpc: 0; #seq: 20
[M::mm_idx_stat::0.354*1.34] distinct minimizers: 965442 (98.39% are singletons); average occurrences: 1.033; average spacing: 5.345; total length: 5330845
[M::main] Version: 2.30-r1287
[M::main] CMD: minimap2 -I 16G -x map-ont -d /data/djs217/vibrio/P0213_250813_11813/01_raw_reads/hybracter_out/processing/complete/dnaapler/11813_EXE_30_2024_F_PBC74148/11813_EXE_30_2024_F_PBC74148_reoriented_chrom_and_plasmids.fasta.map-ont.mmi /data/djs217/vibrio/P0213_250813_11813/01_raw_reads/hybracter_out/processing/complete/dnaapler/11813_EXE_30_2024_F_PBC74148/11813_EXE_30_2024_F_PBC74148_reoriented_chrom_and_plasmids.fasta
[M::main] Real time: 0.361 sec; CPU: 0.481 sec; Peak RSS: 0.052 GB
[M::main::0.067*1.02] loaded/built the index for 20 target sequence(s)
[M::mm_mapopt_update::0.086*1.02] mid_occ = 13
[M::mm_idx_stat] kmer size: 15; skip: 10; is_hpc: 0; #seq: 20
[M::mm_idx_stat::0.100*1.01] distinct minimizers: 965442 (98.39% are singletons); average occurrences: 1.033; average spacing: 5.345; total length: 5330845
[M::worker_pipeline::96.551*0.94] mapped 8071 sequences
[M::main] Version: 2.30-r1287
[M::main] CMD: minimap2 -x map-ont --secondary=no -L --MD -A 2 -B 4 -O 4,24 -E 2,1 -t 1 -a /data/djs217/vibrio/P0213_250813_11813/01_raw_reads/hybracter_out/processing/complete/dnaapler/11813_EXE_30_2024_F_PBC74148/11813_EXE_30_2024_F_PBC74148_reoriented_chrom_and_plasmids.fasta.map-ont.mmi /data/djs217/vibrio/P0213_250813_11813/01_raw_reads/hybracter_out/processing/qc/11813_EXE_30_2024_F_PBC74148_filt_trim.fastq.gz
[M::main] Real time: 96.565 sec; CPU: 91.044 sec; Peak RSS: 0.606 GB
/data/djs217/miniconda3/lib/python3.12/site-packages/hybracter/workflow/conda/f3634b33ec8fb5711a0153c480705631_/lib/python3.11/site-packages/medaka/common.py:16: UserWarning: pkg_resources is deprecated as an API. See https://setuptools.pypa.io/en/latest/pkg_resources.html. The pkg_resources package is slated for removal as early as 2025-11-30. Refrain from using this package or pin to Setuptools<81.
  from pkg_resources import resource_filename
[13:51:30 - Predict] Processing region(s): contig_1:0-3352932 1:0-1100289 2:0-131437 3:0-101588 4:0-101569 5:0-100897 6:0-97562 7:0-90062 8:0-79373 9:0-36635 10:0-30033 11:0-26697 12:0-24478 13:0-18205 14:0-13252 15:0-12417 16:0-12050 17:0-1102 18:0-148 19:0-119
[13:51:30 - Predict] Using model: /data/djs217/miniconda3/lib/python3.12/site-packages/hybracter/workflow/conda/f3634b33ec8fb5711a0153c480705631_/lib/python3.11/site-packages/medaka/data/r1041_e82_400bps_sup_v5.0.0_model_pt.tar.gz.
[13:51:30 - Predict] Using minimum mapQ threshold of 1 for read filtering.
[13:51:30 - MdlStrTGZ] Model GRUModel(
  (gru): GRU(10, 128, num_layers=2, batch_first=True, bidirectional=True)
  (linear): Linear(in_features=256, out_features=5, bias=True)
)
[13:51:30 - MdlStrTGZ] loading weights from /tmp/tmpbiz5d2_y/model/weights.pt
[13:51:30 - MdlStrTGZ] Successfully removed temporary files from /tmp/tmpbiz5d2_y.
[13:51:30 - Predict] Model device: cpu
[13:51:30 - Predict] Running prediction at full precision
[13:51:30 - BAMFile] Creating pool of 16 BAM file sets.
[13:51:30 - Predict] Processing 21 long region(s) with batching.
[13:51:30 - Sampler] Initializing sampler for consensus of region contig_1:0-1000000.
[13:51:30 - Sampler] Initializing sampler for consensus of region contig_1:999000-1999000.
[13:51:30 - PWorker] Running inference for 5.3M draft bases.
[13:51:31 - Feature] Processed contig_1:0.0-999999.0 (median depth 56.0)
[13:51:31 - Sampler] Took 1.29s to make features.
[13:51:31 - Sampler] Initializing sampler for consensus of region contig_1:1998000-2998000.
[13:51:31 - Feature] Processed contig_1:999000.0-1998999.0 (median depth 48.0)
[13:51:31 - Sampler] Took 1.57s to make features.
[13:51:31 - Sampler] Initializing sampler for consensus of region contig_1:2997000-3352932.
[13:51:32 - Feature] Processed contig_1:2997000.0-3352931.0 (median depth 61.0)
[13:51:32 - Sampler] Took 0.61s to make features.
[13:51:32 - Sampler] Initializing sampler for consensus of region 1:0-1000000.
[13:51:32 - Feature] Processed contig_1:1998000.0-2997999.0 (median depth 59.0)
[13:51:32 - Sampler] Took 1.06s to make features.
[13:51:32 - Sampler] Initializing sampler for consensus of region 1:999000-1100289.
[13:51:33 - Feature] Processed 1:999000.0-1100288.0 (median depth 55.0)
[13:51:33 - Sampler] Took 0.48s to make features.
[13:51:33 - Sampler] Initializing sampler for consensus of region 2:0-131437.
[13:51:33 - Feature] Processed 1:0.0-999999.0 (median depth 44.0)
[13:51:33 - Sampler] Took 1.02s to make features.
[13:51:33 - Sampler] Initializing sampler for consensus of region 3:0-101588.
[13:51:33 - Feature] Processed 2:0.0-131436.0 (median depth 59.0)
[13:51:33 - Sampler] Took 0.41s to make features.
[13:51:33 - Sampler] Initializing sampler for consensus of region 4:0-101569.
[13:51:33 - Feature] Processed 4:0.0-101568.0 (median depth 38.0)
[13:51:33 - Sampler] Took 0.30s to make features.
[13:51:33 - Sampler] Initializing sampler for consensus of region 5:0-100897.
[13:51:33 - Feature] Processed 3:0.0-101587.0 (median depth 41.0)
[13:51:33 - Sampler] Took 0.35s to make features.
[13:51:33 - Sampler] Initializing sampler for consensus of region 6:0-97562.
[13:51:34 - Feature] Processed 5:0.0-100896.0 (median depth 39.0)
[13:51:34 - Sampler] Took 0.35s to make features.
[13:51:34 - Sampler] Initializing sampler for consensus of region 7:0-90062.
[13:51:34 - Feature] Processed 6:0.0-97561.0 (median depth 57.0)
[13:51:34 - Sampler] Took 0.36s to make features.
[13:51:34 - Sampler] Initializing sampler for consensus of region 8:0-79373.
[13:51:34 - Feature] Processed 8:0.0-79372.0 (median depth 37.0)
[13:51:34 - Sampler] Took 0.22s to make features.
[13:51:34 - Sampler] Initializing sampler for consensus of region 9:0-36635.
[13:51:34 - Feature] Processed 7:0.0-90061.0 (median depth 48.0)
[13:51:34 - Sampler] Took 0.35s to make features.
[13:51:34 - Sampler] Initializing sampler for consensus of region 10:0-30033.
[13:51:34 - Feature] Processed 9:0.0-36634.0 (median depth 67.0)
[13:51:34 - Sampler] Took 0.27s to make features.
[13:51:34 - Sampler] Initializing sampler for consensus of region 11:0-26697.
[13:51:34 - Feature] Processed 10:0.0-30032.0 (median depth 48.0)
[13:51:34 - Sampler] Took 0.24s to make features.
[13:51:34 - Sampler] Initializing sampler for consensus of region 12:0-24478.
[13:51:34 - Feature] Processed 11:0.0-26696.0 (median depth 26.0)
[13:51:34 - Sampler] Took 0.19s to make features.
[13:51:34 - Sampler] Initializing sampler for consensus of region 13:0-18205.
[13:51:35 - Feature] Processed 13:0.0-18204.0 (median depth 34.0)
[13:51:35 - Sampler] Took 0.12s to make features.
[13:51:35 - Sampler] Initializing sampler for consensus of region 14:0-13252.
[13:51:35 - Feature] Processed 12:0.0-24477.0 (median depth 43.0)
[13:51:35 - Sampler] Took 0.25s to make features.
[13:51:35 - Sampler] Initializing sampler for consensus of region 15:0-12417.
[13:51:35 - Feature] Processed 15:0.0-12416.0 (median depth 6.0)
[13:51:35 - Sampler] Took 0.12s to make features.
[13:51:35 - Sampler] Initializing sampler for consensus of region 16:0-12050.
[13:51:35 - Feature] Processed 14:0.0-13251.0 (median depth 18.0)
[13:51:35 - Sampler] Took 0.17s to make features.
[13:51:35 - Feature] Processed 16:0.0-12049.0 (median depth 10.0)
[13:51:35 - Sampler] Took 0.13s to make features.
[13:51:46 - PWorker] Batches in cache: 7.
[13:51:46 - PWorker] 15.5% Done (0.8/5.3 Mbases) in 16.6s
[13:51:59 - PWorker] Batches in cache: 6.
[13:51:59 - PWorker] 31.0% Done (1.7/5.3 Mbases) in 29.3s
[13:52:12 - PWorker] Batches in cache: 5.
[13:52:12 - PWorker] 46.6% Done (2.5/5.3 Mbases) in 42.0s
[13:52:24 - PWorker] Batches in cache: 4.
[13:52:24 - PWorker] 62.1% Done (3.3/5.3 Mbases) in 54.6s
[13:52:37 - PWorker] Batches in cache: 3.
[13:52:37 - PWorker] 77.8% Done (4.1/5.3 Mbases) in 67.3s
[13:52:50 - PWorker] Batches in cache: 2.
[13:52:50 - PWorker] 93.5% Done (5.0/5.3 Mbases) in 79.9s
[13:52:56 - PWorker] Batches in cache: 1.
[13:52:56 - PWorker] Processed 7 batches
[13:52:56 - PWorker] All done, 0 remainder regions.
[13:52:56 - Predict] Processing 3 short region(s).
[13:52:56 - Sampler] Initializing sampler for consensus of region 17:0-1102.
[13:52:56 - Sampler] Initializing sampler for consensus of region 18:0-148.
[13:52:56 - PWorker] Running inference for 0.0M draft bases.
[13:52:57 - Sampler] Took 0.08s to make features.
[13:52:57 - Sampler] Initializing sampler for consensus of region 19:0-119.
[13:52:57 - Sampler] Took 0.10s to make features.
[13:52:57 - Sampler] Took 0.02s to make features.
[13:52:57 - PWorker] Processed 0 batches
[13:52:57 - PWorker] All done, 0 remainder regions.
[13:52:57 - Predict] Finished processing all regions.
/data/djs217/miniconda3/lib/python3.12/site-packages/hybracter/workflow/conda/f3634b33ec8fb5711a0153c480705631_/lib/python3.11/site-packages/medaka/common.py:16: UserWarning: pkg_resources is deprecated as an API. See https://setuptools.pypa.io/en/latest/pkg_resources.html. The pkg_resources package is slated for removal as early as 2025-11-30. Refrain from using this package or pin to Setuptools<81.
  from pkg_resources import resource_filename
[13:52:59 - DataIndx] Loaded 1/1 (100.00%) sample files.
[13:52:59 - Stitcher] Stitching 11:0-26697
[13:52:59 - Stitcher] Stitching 6:0-97562
[13:52:59 - Stitcher] Stitching 10:0-30033
[13:52:59 - Stitcher] Stitching 16:0-12050
[13:52:59 - Stitcher] Stitching 8:0-79373
[13:52:59 - Stitcher] Stitching contig_1:0-1000000
[13:52:59 - Stitcher] Stitching contig_1:1000000-2000000
[13:53:00 - Stitcher] Stitching contig_1:2000000-3000000
[13:53:00 - Stitcher] Stitching contig_1:3000000-3352932
[13:53:00 - Stitcher] Stitching 14:0-13252
[13:53:00 - Stitcher] Stitching 5:0-100897
[13:53:00 - Stitcher] Stitching 12:0-24478
[13:53:00 - Stitcher] Stitching 7:0-90062
[13:53:00 - Stitcher] Stitching 2:0-131437
[13:53:00 - Stitcher] Stitching 4:0-101569
[13:53:00 - Stitcher] Stitching 13:0-18205
[13:53:00 - Stitcher] Stitching 3:0-101588
[13:53:00 - Stitcher] Stitching 1:0-1000000
[13:53:01 - Stitcher] Stitching 1:1000000-1100289
[13:53:01 - Stitcher] Stitching 15:0-12417
[13:53:01 - Stitcher] Stitching 9:0-36635
[13:53:01 - Stitcher] Copying contig '18' verbatim from input.
[13:53:01 - Stitcher] Copying contig '17' verbatim from input.
[13:53:01 - Stitcher] Copying contig '19' verbatim from input.
