/data/djs217/miniconda3/lib/python3.12/site-packages/hybracter/workflow/conda/f3634b33ec8fb5711a0153c480705631_/lib/python3.11/site-packages/medaka/common.py:16: UserWarning: pkg_resources is deprecated as an API. See https://setuptools.pypa.io/en/latest/pkg_resources.html. The pkg_resources package is slated for removal as early as 2025-11-30. Refrain from using this package or pin to Setuptools<81.
  from pkg_resources import resource_filename
/data/djs217/miniconda3/lib/python3.12/site-packages/hybracter/workflow/conda/f3634b33ec8fb5711a0153c480705631_/lib/python3.11/site-packages/medaka/common.py:16: UserWarning: pkg_resources is deprecated as an API. See https://setuptools.pypa.io/en/latest/pkg_resources.html. The pkg_resources package is slated for removal as early as 2025-11-30. Refrain from using this package or pin to Setuptools<81.
  from pkg_resources import resource_filename
/data/djs217/miniconda3/lib/python3.12/site-packages/hybracter/workflow/conda/f3634b33ec8fb5711a0153c480705631_/lib/python3.11/site-packages/medaka/common.py:16: UserWarning: pkg_resources is deprecated as an API. See https://setuptools.pypa.io/en/latest/pkg_resources.html. The pkg_resources package is slated for removal as early as 2025-11-30. Refrain from using this package or pin to Setuptools<81.
  from pkg_resources import resource_filename
[09:09:31 - MdlStrTGZ] Successfully removed temporary files from /tmp/tmp6v4wbuzk.
/data/djs217/miniconda3/lib/python3.12/site-packages/hybracter/workflow/conda/f3634b33ec8fb5711a0153c480705631_/lib/python3.11/site-packages/medaka/common.py:16: UserWarning: pkg_resources is deprecated as an API. See https://setuptools.pypa.io/en/latest/pkg_resources.html. The pkg_resources package is slated for removal as early as 2025-11-30. Refrain from using this package or pin to Setuptools<81.
  from pkg_resources import resource_filename
[09:09:33 - MdlStrTGZ] Successfully removed temporary files from /tmp/tmpoeglb0mf.
Creating fai index file /data/djs217/vibrio/P0213_250813_11813/01_raw_reads/hybracter_out/processing/complete/dnaapler/11813_EXE_27_2025_A_PBC74148/11813_EXE_27_2025_A_PBC74148_reoriented_chrom_and_plasmids.fasta.fai
Creating mmi index file /data/djs217/vibrio/P0213_250813_11813/01_raw_reads/hybracter_out/processing/complete/dnaapler/11813_EXE_27_2025_A_PBC74148/11813_EXE_27_2025_A_PBC74148_reoriented_chrom_and_plasmids.fasta.map-ont.mmi
[M::mm_idx_gen::0.165*1.02] collected minimizers
[M::mm_idx_gen::0.249*1.68] sorted minimizers
[M::main::0.322*1.52] loaded/built the index for 6 target sequence(s)
[M::mm_idx_stat] kmer size: 15; skip: 10; is_hpc: 0; #seq: 6
[M::mm_idx_stat::0.340*1.49] distinct minimizers: 1109073 (98.26% are singletons); average occurrences: 1.046; average spacing: 5.347; total length: 6204871
[M::main] Version: 2.30-r1287
[M::main] CMD: minimap2 -I 16G -x map-ont -d /data/djs217/vibrio/P0213_250813_11813/01_raw_reads/hybracter_out/processing/complete/dnaapler/11813_EXE_27_2025_A_PBC74148/11813_EXE_27_2025_A_PBC74148_reoriented_chrom_and_plasmids.fasta.map-ont.mmi /data/djs217/vibrio/P0213_250813_11813/01_raw_reads/hybracter_out/processing/complete/dnaapler/11813_EXE_27_2025_A_PBC74148/11813_EXE_27_2025_A_PBC74148_reoriented_chrom_and_plasmids.fasta
[M::main] Real time: 0.349 sec; CPU: 0.517 sec; Peak RSS: 0.059 GB
[M::main::0.088*1.04] loaded/built the index for 6 target sequence(s)
[M::mm_mapopt_update::0.110*1.03] mid_occ = 24
[M::mm_idx_stat] kmer size: 15; skip: 10; is_hpc: 0; #seq: 6
[M::mm_idx_stat::0.125*1.03] distinct minimizers: 1109073 (98.26% are singletons); average occurrences: 1.046; average spacing: 5.347; total length: 6204871
[M::worker_pipeline::95.778*0.95] mapped 62740 sequences
[M::main] Version: 2.30-r1287
[M::main] CMD: minimap2 -x map-ont --secondary=no -L --MD -A 2 -B 4 -O 4,24 -E 2,1 -t 1 -a /data/djs217/vibrio/P0213_250813_11813/01_raw_reads/hybracter_out/processing/complete/dnaapler/11813_EXE_27_2025_A_PBC74148/11813_EXE_27_2025_A_PBC74148_reoriented_chrom_and_plasmids.fasta.map-ont.mmi /data/djs217/vibrio/P0213_250813_11813/01_raw_reads/hybracter_out/processing/qc/11813_EXE_27_2025_A_PBC74148_filt_trim.fastq.gz
[M::main] Real time: 95.788 sec; CPU: 90.586 sec; Peak RSS: 0.694 GB
/data/djs217/miniconda3/lib/python3.12/site-packages/hybracter/workflow/conda/f3634b33ec8fb5711a0153c480705631_/lib/python3.11/site-packages/medaka/common.py:16: UserWarning: pkg_resources is deprecated as an API. See https://setuptools.pypa.io/en/latest/pkg_resources.html. The pkg_resources package is slated for removal as early as 2025-11-30. Refrain from using this package or pin to Setuptools<81.
  from pkg_resources import resource_filename
[09:11:25 - Predict] Processing region(s): contig_2:0-3828699 1:0-2174611 2:0-107860 3:0-61139 4:0-31093 5:0-1469
[09:11:25 - Predict] Using model: /data/djs217/miniconda3/lib/python3.12/site-packages/hybracter/workflow/conda/f3634b33ec8fb5711a0153c480705631_/lib/python3.11/site-packages/medaka/data/r1041_e82_400bps_sup_v5.0.0_model_pt.tar.gz.
[09:11:25 - Predict] Using minimum mapQ threshold of 1 for read filtering.
[09:11:25 - MdlStrTGZ] Model GRUModel(
  (gru): GRU(10, 128, num_layers=2, batch_first=True, bidirectional=True)
  (linear): Linear(in_features=256, out_features=5, bias=True)
)
[09:11:25 - MdlStrTGZ] loading weights from /tmp/tmp8uq25sxv/model/weights.pt
[09:11:25 - MdlStrTGZ] Successfully removed temporary files from /tmp/tmp8uq25sxv.
[09:11:25 - Predict] Model device: cpu
[09:11:25 - Predict] Running prediction at full precision
[09:11:25 - BAMFile] Creating pool of 16 BAM file sets.
[09:11:25 - Predict] Processing 10 long region(s) with batching.
[09:11:25 - Sampler] Initializing sampler for consensus of region contig_2:0-1000000.
[09:11:25 - Sampler] Initializing sampler for consensus of region contig_2:999000-1999000.
[09:11:25 - PWorker] Running inference for 6.2M draft bases.
[09:11:27 - Feature] Processed contig_2:0.0-999999.0 (median depth 42.0)
[09:11:27 - Sampler] Took 1.83s to make features.
[09:11:27 - Sampler] Initializing sampler for consensus of region contig_2:1998000-2998000.
[09:11:27 - Feature] Processed contig_2:999000.0-1998999.0 (median depth 39.0)
[09:11:27 - Sampler] Took 2.13s to make features.
[09:11:27 - Sampler] Initializing sampler for consensus of region contig_2:2997000-3828699.
[09:11:28 - Feature] Processed contig_2:1998000.0-2997999.0 (median depth 38.0)
[09:11:28 - Sampler] Took 1.07s to make features.
[09:11:28 - Sampler] Initializing sampler for consensus of region 1:0-1000000.
[09:11:28 - Feature] Processed contig_2:2997000.0-3828698.0 (median depth 46.0)
[09:11:28 - Sampler] Took 0.93s to make features.
[09:11:28 - Sampler] Initializing sampler for consensus of region 1:999000-1999000.
[09:11:29 - Feature] Processed 1:0.0-999999.0 (median depth 37.0)
[09:11:29 - Sampler] Took 1.11s to make features.
[09:11:29 - Sampler] Initializing sampler for consensus of region 1:1998000-2174611.
[09:11:29 - Feature] Processed 1:999000.0-1998999.0 (median depth 37.0)
[09:11:29 - Sampler] Took 0.97s to make features.
[09:11:29 - Sampler] Initializing sampler for consensus of region 2:0-107860.
[09:11:29 - Feature] Processed 2:0.0-107859.0 (median depth 46.0)
[09:11:29 - Sampler] Took 0.35s to make features.
[09:11:29 - Sampler] Initializing sampler for consensus of region 3:0-61139.
[09:11:29 - Feature] Processed 1:1998000.0-2174610.0 (median depth 42.0)
[09:11:29 - Sampler] Took 0.38s to make features.
[09:11:29 - Sampler] Initializing sampler for consensus of region 4:0-31093.
[09:11:29 - Feature] Processed 4:0.0-31092.0 (median depth 38.0)
[09:11:29 - Sampler] Took 0.22s to make features.
[09:11:30 - Feature] Processed 3:0.0-61138.0 (median depth 334.0)
[09:11:30 - Sampler] Took 0.81s to make features.
[09:11:41 - PWorker] Batches in cache: 8.
[09:11:41 - PWorker] 12.2% Done (0.8/6.2 Mbases) in 16.7s
[09:11:53 - PWorker] Batches in cache: 8.
[09:11:53 - PWorker] 24.8% Done (1.5/6.2 Mbases) in 28.7s
[09:12:05 - PWorker] Batches in cache: 7.
[09:12:05 - PWorker] 37.4% Done (2.3/6.2 Mbases) in 40.6s
[09:12:17 - PWorker] Batches in cache: 6.
[09:12:17 - PWorker] 49.8% Done (3.1/6.2 Mbases) in 52.6s
[09:12:29 - PWorker] Batches in cache: 5.
[09:12:29 - PWorker] 62.0% Done (3.8/6.2 Mbases) in 64.7s
[09:12:41 - PWorker] Batches in cache: 4.
[09:12:41 - PWorker] 74.5% Done (4.6/6.2 Mbases) in 76.6s
[09:12:53 - PWorker] Batches in cache: 3.
[09:12:53 - PWorker] 86.6% Done (5.4/6.2 Mbases) in 88.7s
[09:13:05 - PWorker] Batches in cache: 2.
[09:13:05 - PWorker] 99.1% Done (6.2/6.2 Mbases) in 100.5s
[09:13:08 - PWorker] Processed 9 batches
[09:13:08 - PWorker] All done, 0 remainder regions.
[09:13:08 - Predict] Processing 1 short region(s).
[09:13:08 - Sampler] Initializing sampler for consensus of region 5:0-1469.
[09:13:08 - PWorker] Running inference for 0.0M draft bases.
[09:13:08 - Feature] Processed 5:0.0-1468.0 (median depth 4.0)
[09:13:08 - Sampler] Took 0.09s to make features.
[09:13:08 - PWorker] Processed 1 batches
[09:13:08 - PWorker] All done, 0 remainder regions.
[09:13:08 - Predict] Finished processing all regions.
/data/djs217/miniconda3/lib/python3.12/site-packages/hybracter/workflow/conda/f3634b33ec8fb5711a0153c480705631_/lib/python3.11/site-packages/medaka/common.py:16: UserWarning: pkg_resources is deprecated as an API. See https://setuptools.pypa.io/en/latest/pkg_resources.html. The pkg_resources package is slated for removal as early as 2025-11-30. Refrain from using this package or pin to Setuptools<81.
  from pkg_resources import resource_filename
[09:13:10 - DataIndx] Loaded 1/1 (100.00%) sample files.
[09:13:10 - Stitcher] Stitching 4:0-31093
[09:13:10 - Stitcher] Stitching 3:0-61139
[09:13:10 - Stitcher] Stitching contig_2:0-1000000
[09:13:10 - Stitcher] Stitching contig_2:1000000-2000000
[09:13:10 - Stitcher] Stitching contig_2:2000000-3000000
[09:13:11 - Stitcher] Stitching contig_2:3000000-3828699
[09:13:11 - Stitcher] Stitching 1:0-1000000
[09:13:11 - Stitcher] Stitching 1:1000000-2000000
[09:13:11 - Stitcher] Stitching 1:2000000-2174611
[09:13:11 - Stitcher] Stitching 2:0-107860
[09:13:11 - Stitcher] Stitching 5:0-1469
