/data/djs217/miniconda3/lib/python3.12/site-packages/hybracter/workflow/conda/f3634b33ec8fb5711a0153c480705631_/lib/python3.11/site-packages/medaka/common.py:16: UserWarning: pkg_resources is deprecated as an API. See https://setuptools.pypa.io/en/latest/pkg_resources.html. The pkg_resources package is slated for removal as early as 2025-11-30. Refrain from using this package or pin to Setuptools<81.
  from pkg_resources import resource_filename
/data/djs217/miniconda3/lib/python3.12/site-packages/hybracter/workflow/conda/f3634b33ec8fb5711a0153c480705631_/lib/python3.11/site-packages/medaka/common.py:16: UserWarning: pkg_resources is deprecated as an API. See https://setuptools.pypa.io/en/latest/pkg_resources.html. The pkg_resources package is slated for removal as early as 2025-11-30. Refrain from using this package or pin to Setuptools<81.
  from pkg_resources import resource_filename
/data/djs217/miniconda3/lib/python3.12/site-packages/hybracter/workflow/conda/f3634b33ec8fb5711a0153c480705631_/lib/python3.11/site-packages/medaka/common.py:16: UserWarning: pkg_resources is deprecated as an API. See https://setuptools.pypa.io/en/latest/pkg_resources.html. The pkg_resources package is slated for removal as early as 2025-11-30. Refrain from using this package or pin to Setuptools<81.
  from pkg_resources import resource_filename
[15:34:30 - MdlStrTGZ] Successfully removed temporary files from /tmp/tmpcyaz5fcv.
/data/djs217/miniconda3/lib/python3.12/site-packages/hybracter/workflow/conda/f3634b33ec8fb5711a0153c480705631_/lib/python3.11/site-packages/medaka/common.py:16: UserWarning: pkg_resources is deprecated as an API. See https://setuptools.pypa.io/en/latest/pkg_resources.html. The pkg_resources package is slated for removal as early as 2025-11-30. Refrain from using this package or pin to Setuptools<81.
  from pkg_resources import resource_filename
[15:34:32 - MdlStrTGZ] Successfully removed temporary files from /tmp/tmp7fljiy1i.
Creating fai index file /data/djs217/vibrio/P0213_250813_11813/01_raw_reads/hybracter_out/processing/complete/dnaapler/11813_EXE_34_2024_P_PBC74148/11813_EXE_34_2024_P_PBC74148_reoriented_chrom_and_plasmids.fasta.fai
Creating mmi index file /data/djs217/vibrio/P0213_250813_11813/01_raw_reads/hybracter_out/processing/complete/dnaapler/11813_EXE_34_2024_P_PBC74148/11813_EXE_34_2024_P_PBC74148_reoriented_chrom_and_plasmids.fasta.map-ont.mmi
[M::mm_idx_gen::0.172*1.02] collected minimizers
[M::mm_idx_gen::0.246*1.52] sorted minimizers
[M::main::0.303*1.42] loaded/built the index for 13 target sequence(s)
[M::mm_idx_stat] kmer size: 15; skip: 10; is_hpc: 0; #seq: 13
[M::mm_idx_stat::0.312*1.41] distinct minimizers: 885040 (98.56% are singletons); average occurrences: 1.030; average spacing: 5.351; total length: 4878190
[M::main] Version: 2.30-r1287
[M::main] CMD: minimap2 -I 16G -x map-ont -d /data/djs217/vibrio/P0213_250813_11813/01_raw_reads/hybracter_out/processing/complete/dnaapler/11813_EXE_34_2024_P_PBC74148/11813_EXE_34_2024_P_PBC74148_reoriented_chrom_and_plasmids.fasta.map-ont.mmi /data/djs217/vibrio/P0213_250813_11813/01_raw_reads/hybracter_out/processing/complete/dnaapler/11813_EXE_34_2024_P_PBC74148/11813_EXE_34_2024_P_PBC74148_reoriented_chrom_and_plasmids.fasta
[M::main] Real time: 0.317 sec; CPU: 0.446 sec; Peak RSS: 0.049 GB
[M::main::0.045*1.02] loaded/built the index for 13 target sequence(s)
[M::mm_mapopt_update::0.057*1.02] mid_occ = 13
[M::mm_idx_stat] kmer size: 15; skip: 10; is_hpc: 0; #seq: 13
[M::mm_idx_stat::0.066*1.02] distinct minimizers: 885040 (98.56% are singletons); average occurrences: 1.030; average spacing: 5.351; total length: 4878190
[M::worker_pipeline::93.693*0.94] mapped 13070 sequences
[M::main] Version: 2.30-r1287
[M::main] CMD: minimap2 -x map-ont --secondary=no -L --MD -A 2 -B 4 -O 4,24 -E 2,1 -t 1 -a /data/djs217/vibrio/P0213_250813_11813/01_raw_reads/hybracter_out/processing/complete/dnaapler/11813_EXE_34_2024_P_PBC74148/11813_EXE_34_2024_P_PBC74148_reoriented_chrom_and_plasmids.fasta.map-ont.mmi /data/djs217/vibrio/P0213_250813_11813/01_raw_reads/hybracter_out/processing/qc/11813_EXE_34_2024_P_PBC74148_filt_trim.fastq.gz
[M::main] Real time: 93.706 sec; CPU: 87.956 sec; Peak RSS: 0.609 GB
/data/djs217/miniconda3/lib/python3.12/site-packages/hybracter/workflow/conda/f3634b33ec8fb5711a0153c480705631_/lib/python3.11/site-packages/medaka/common.py:16: UserWarning: pkg_resources is deprecated as an API. See https://setuptools.pypa.io/en/latest/pkg_resources.html. The pkg_resources package is slated for removal as early as 2025-11-30. Refrain from using this package or pin to Setuptools<81.
  from pkg_resources import resource_filename
[15:36:21 - Predict] Processing region(s): contig_1:0-3267375 1:0-443928 2:0-386974 3:0-214292 4:0-154499 5:0-116706 6:0-105576 7:0-56218 8:0-55559 9:0-44604 10:0-27547 11:0-4646 14:0-266
[15:36:21 - Predict] Using model: /data/djs217/miniconda3/lib/python3.12/site-packages/hybracter/workflow/conda/f3634b33ec8fb5711a0153c480705631_/lib/python3.11/site-packages/medaka/data/r1041_e82_400bps_sup_v5.0.0_model_pt.tar.gz.
[15:36:21 - Predict] Using minimum mapQ threshold of 1 for read filtering.
[15:36:21 - MdlStrTGZ] Model GRUModel(
  (gru): GRU(10, 128, num_layers=2, batch_first=True, bidirectional=True)
  (linear): Linear(in_features=256, out_features=5, bias=True)
)
[15:36:21 - MdlStrTGZ] loading weights from /tmp/tmprsaz93om/model/weights.pt
[15:36:21 - MdlStrTGZ] Successfully removed temporary files from /tmp/tmprsaz93om.
[15:36:21 - Predict] Model device: cpu
[15:36:21 - Predict] Running prediction at full precision
[15:36:21 - BAMFile] Creating pool of 16 BAM file sets.
[15:36:21 - Predict] Processing 14 long region(s) with batching.
[15:36:21 - Sampler] Initializing sampler for consensus of region contig_1:0-1000000.
[15:36:21 - Sampler] Initializing sampler for consensus of region contig_1:999000-1999000.
[15:36:21 - PWorker] Running inference for 4.9M draft bases.
[15:36:22 - Feature] Processed contig_1:999000.0-1998999.0 (median depth 34.0)
[15:36:22 - Sampler] Took 1.46s to make features.
[15:36:22 - Sampler] Initializing sampler for consensus of region contig_1:1998000-2998000.
[15:36:23 - Feature] Processed contig_1:0.0-999999.0 (median depth 81.0)
[15:36:23 - Sampler] Took 1.59s to make features.
[15:36:23 - Sampler] Initializing sampler for consensus of region contig_1:2997000-3267375.
[15:36:23 - Feature] Processed contig_1:2997000.0-3267374.0 (median depth 51.0)
[15:36:23 - Sampler] Took 0.67s to make features.
[15:36:23 - Sampler] Initializing sampler for consensus of region 1:0-443928.
[15:36:23 - Feature] Processed contig_1:1998000.0-2997999.0 (median depth 49.0)
[15:36:23 - Sampler] Took 1.02s to make features.
[15:36:23 - Sampler] Initializing sampler for consensus of region 2:0-386974.
[15:36:24 - Feature] Processed 1:0.0-443927.0 (median depth 36.0)
[15:36:24 - Sampler] Took 0.45s to make features.
[15:36:24 - Sampler] Initializing sampler for consensus of region 3:0-214292.
[15:36:24 - Feature] Processed 2:0.0-386973.0 (median depth 48.0)
[15:36:24 - Sampler] Took 0.58s to make features.
[15:36:24 - Sampler] Initializing sampler for consensus of region 4:0-154499.
[15:36:24 - Feature] Processed 3:0.0-214291.0 (median depth 57.0)
[15:36:24 - Sampler] Took 0.44s to make features.
[15:36:24 - Sampler] Initializing sampler for consensus of region 5:0-116706.
[15:36:24 - Feature] Processed 4:0.0-154498.0 (median depth 41.0)
[15:36:24 - Sampler] Took 0.40s to make features.
[15:36:24 - Sampler] Initializing sampler for consensus of region 6:0-105576.
[15:36:24 - Feature] Processed 5:0.0-116705.0 (median depth 44.0)
[15:36:24 - Sampler] Took 0.36s to make features.
[15:36:24 - Sampler] Initializing sampler for consensus of region 7:0-56218.
[15:36:25 - Feature] Processed 7:0.0-56217.0 (median depth 40.0)
[15:36:25 - Sampler] Took 0.24s to make features.
[15:36:25 - Sampler] Initializing sampler for consensus of region 8:0-55559.
[15:36:25 - Feature] Processed 6:0.0-105575.0 (median depth 46.0)
[15:36:25 - Sampler] Took 0.36s to make features.
[15:36:25 - Sampler] Initializing sampler for consensus of region 9:0-44604.
[15:36:25 - Feature] Processed 8:0.0-55558.0 (median depth 13.0)
[15:36:25 - Sampler] Took 0.18s to make features.
[15:36:25 - Sampler] Initializing sampler for consensus of region 10:0-27547.
[15:36:25 - Feature] Processed 9:0.0-44603.0 (median depth 44.0)
[15:36:25 - Sampler] Took 0.21s to make features.
[15:36:25 - Feature] Processed 10:0.0-27546.0 (median depth 87.0)
[15:36:25 - Sampler] Took 0.24s to make features.
[15:36:39 - PWorker] Batches in cache: 7.
[15:36:39 - PWorker] 17.2% Done (0.8/4.9 Mbases) in 17.9s
[15:36:53 - PWorker] Batches in cache: 6.
[15:36:53 - PWorker] 33.4% Done (1.6/4.9 Mbases) in 31.9s
[15:37:07 - PWorker] Batches in cache: 5.
[15:37:07 - PWorker] 49.9% Done (2.4/4.9 Mbases) in 45.8s
[15:37:21 - PWorker] Batches in cache: 4.
[15:37:21 - PWorker] 66.6% Done (3.2/4.9 Mbases) in 60.4s
[15:37:34 - PWorker] Batches in cache: 3.
[15:37:34 - PWorker] 83.5% Done (4.1/4.9 Mbases) in 72.6s
[15:37:46 - PWorker] Batches in cache: 2.
[15:37:46 - PWorker] 100.0% Done (4.9/4.9 Mbases) in 84.7s
[15:37:47 - PWorker] Processed 7 batches
[15:37:47 - PWorker] All done, 0 remainder regions.
[15:37:47 - Predict] Processing 2 short region(s).
[15:37:47 - Sampler] Initializing sampler for consensus of region 11:0-4646.
[15:37:47 - Sampler] Initializing sampler for consensus of region 14:0-266.
[15:37:47 - PWorker] Running inference for 0.0M draft bases.
[15:37:47 - Sampler] Took 0.02s to make features.
[15:37:47 - Sampler] Took 0.02s to make features.
[15:37:47 - PWorker] Processed 0 batches
[15:37:47 - PWorker] All done, 0 remainder regions.
[15:37:47 - Predict] Finished processing all regions.
/data/djs217/miniconda3/lib/python3.12/site-packages/hybracter/workflow/conda/f3634b33ec8fb5711a0153c480705631_/lib/python3.11/site-packages/medaka/common.py:16: UserWarning: pkg_resources is deprecated as an API. See https://setuptools.pypa.io/en/latest/pkg_resources.html. The pkg_resources package is slated for removal as early as 2025-11-30. Refrain from using this package or pin to Setuptools<81.
  from pkg_resources import resource_filename
[15:37:49 - DataIndx] Loaded 1/1 (100.00%) sample files.
[15:37:49 - Stitcher] Stitching 4:0-154499
[15:37:49 - Stitcher] Stitching contig_1:0-1000000
[15:37:50 - Stitcher] Stitching contig_1:1000000-2000000
[15:37:50 - Stitcher] Stitching contig_1:2000000-3000000
[15:37:50 - Stitcher] Stitching contig_1:3000000-3267375
[15:37:50 - Stitcher] Stitching 3:0-214292
[15:37:50 - Stitcher] Stitching 6:0-105576
[15:37:50 - Stitcher] Stitching 8:0-55559
[15:37:50 - Stitcher] Stitching 9:0-44604
[15:37:51 - Stitcher] Stitching 10:0-27547
[15:37:51 - Stitcher] Stitching 1:0-443928
[15:37:51 - Stitcher] Stitching 5:0-116706
[15:37:51 - Stitcher] Stitching 2:0-386974
[15:37:51 - Stitcher] Stitching 7:0-56218
[15:37:51 - Stitcher] Copying contig '11' verbatim from input.
[15:37:51 - Stitcher] Copying contig '14' verbatim from input.
