/data/djs217/miniconda3/lib/python3.12/site-packages/hybracter/workflow/conda/f3634b33ec8fb5711a0153c480705631_/lib/python3.11/site-packages/medaka/common.py:16: UserWarning: pkg_resources is deprecated as an API. See https://setuptools.pypa.io/en/latest/pkg_resources.html. The pkg_resources package is slated for removal as early as 2025-11-30. Refrain from using this package or pin to Setuptools<81.
  from pkg_resources import resource_filename
/data/djs217/miniconda3/lib/python3.12/site-packages/hybracter/workflow/conda/f3634b33ec8fb5711a0153c480705631_/lib/python3.11/site-packages/medaka/common.py:16: UserWarning: pkg_resources is deprecated as an API. See https://setuptools.pypa.io/en/latest/pkg_resources.html. The pkg_resources package is slated for removal as early as 2025-11-30. Refrain from using this package or pin to Setuptools<81.
  from pkg_resources import resource_filename
/data/djs217/miniconda3/lib/python3.12/site-packages/hybracter/workflow/conda/f3634b33ec8fb5711a0153c480705631_/lib/python3.11/site-packages/medaka/common.py:16: UserWarning: pkg_resources is deprecated as an API. See https://setuptools.pypa.io/en/latest/pkg_resources.html. The pkg_resources package is slated for removal as early as 2025-11-30. Refrain from using this package or pin to Setuptools<81.
  from pkg_resources import resource_filename
[02:24:14 - MdlStrTGZ] Successfully removed temporary files from /tmp/tmpe9d5rkrj.
/data/djs217/miniconda3/lib/python3.12/site-packages/hybracter/workflow/conda/f3634b33ec8fb5711a0153c480705631_/lib/python3.11/site-packages/medaka/common.py:16: UserWarning: pkg_resources is deprecated as an API. See https://setuptools.pypa.io/en/latest/pkg_resources.html. The pkg_resources package is slated for removal as early as 2025-11-30. Refrain from using this package or pin to Setuptools<81.
  from pkg_resources import resource_filename
[02:24:16 - MdlStrTGZ] Successfully removed temporary files from /tmp/tmp5n3jdo9z.
Creating fai index file /data/djs217/vibrio/P0213_250813_11813/01_raw_reads/hybracter_out/processing/complete/dnaapler/11813_EXE_09_2024_B_PBC74148/11813_EXE_09_2024_B_PBC74148_reoriented_chrom_and_plasmids.fasta.fai
Creating mmi index file /data/djs217/vibrio/P0213_250813_11813/01_raw_reads/hybracter_out/processing/complete/dnaapler/11813_EXE_09_2024_B_PBC74148/11813_EXE_09_2024_B_PBC74148_reoriented_chrom_and_plasmids.fasta.map-ont.mmi
[M::mm_idx_gen::0.189*1.02] collected minimizers
[M::mm_idx_gen::0.256*1.49] sorted minimizers
[M::main::0.321*1.39] loaded/built the index for 33 target sequence(s)
[M::mm_idx_stat] kmer size: 15; skip: 10; is_hpc: 0; #seq: 33
[M::mm_idx_stat::0.336*1.37] distinct minimizers: 964171 (98.29% are singletons); average occurrences: 1.035; average spacing: 5.345; total length: 5333978
[M::main] Version: 2.30-r1287
[M::main] CMD: minimap2 -I 16G -x map-ont -d /data/djs217/vibrio/P0213_250813_11813/01_raw_reads/hybracter_out/processing/complete/dnaapler/11813_EXE_09_2024_B_PBC74148/11813_EXE_09_2024_B_PBC74148_reoriented_chrom_and_plasmids.fasta.map-ont.mmi /data/djs217/vibrio/P0213_250813_11813/01_raw_reads/hybracter_out/processing/complete/dnaapler/11813_EXE_09_2024_B_PBC74148/11813_EXE_09_2024_B_PBC74148_reoriented_chrom_and_plasmids.fasta
[M::main] Real time: 0.344 sec; CPU: 0.469 sec; Peak RSS: 0.051 GB
[M::main::0.085*1.04] loaded/built the index for 33 target sequence(s)
[M::mm_mapopt_update::0.104*1.03] mid_occ = 13
[M::mm_idx_stat] kmer size: 15; skip: 10; is_hpc: 0; #seq: 33
[M::mm_idx_stat::0.119*1.03] distinct minimizers: 964171 (98.29% are singletons); average occurrences: 1.035; average spacing: 5.345; total length: 5333978
[M::worker_pipeline::91.865*0.94] mapped 19989 sequences
[M::main] Version: 2.30-r1287
[M::main] CMD: minimap2 -x map-ont --secondary=no -L --MD -A 2 -B 4 -O 4,24 -E 2,1 -t 1 -a /data/djs217/vibrio/P0213_250813_11813/01_raw_reads/hybracter_out/processing/complete/dnaapler/11813_EXE_09_2024_B_PBC74148/11813_EXE_09_2024_B_PBC74148_reoriented_chrom_and_plasmids.fasta.map-ont.mmi /data/djs217/vibrio/P0213_250813_11813/01_raw_reads/hybracter_out/processing/qc/11813_EXE_09_2024_B_PBC74148_filt_trim.fastq.gz
[M::main] Real time: 91.875 sec; CPU: 86.156 sec; Peak RSS: 0.620 GB
/data/djs217/miniconda3/lib/python3.12/site-packages/hybracter/workflow/conda/f3634b33ec8fb5711a0153c480705631_/lib/python3.11/site-packages/medaka/common.py:16: UserWarning: pkg_resources is deprecated as an API. See https://setuptools.pypa.io/en/latest/pkg_resources.html. The pkg_resources package is slated for removal as early as 2025-11-30. Refrain from using this package or pin to Setuptools<81.
  from pkg_resources import resource_filename
[02:26:03 - Predict] Processing region(s): contig_3:0-3358984 1:0-307719 2:0-275361 3:0-139920 4:0-138127 5:0-130936 6:0-127602 7:0-101608 8:0-88049 9:0-79376 10:0-77636 11:0-77112 12:0-67881 13:0-46000 14:0-41253 15:0-33581 16:0-32163 17:0-26621 18:0-26036 19:0-25346 20:0-24150 21:0-20746 22:0-15704 23:0-14008 24:0-13252 25:0-13244 26:0-8536 27:0-7841 28:0-3882 29:0-3808 30:0-3449 31:0-3049 32:0-998
[02:26:03 - Predict] Using model: /data/djs217/miniconda3/lib/python3.12/site-packages/hybracter/workflow/conda/f3634b33ec8fb5711a0153c480705631_/lib/python3.11/site-packages/medaka/data/r1041_e82_400bps_sup_v5.0.0_model_pt.tar.gz.
[02:26:03 - Predict] Using minimum mapQ threshold of 1 for read filtering.
[02:26:03 - MdlStrTGZ] Model GRUModel(
  (gru): GRU(10, 128, num_layers=2, batch_first=True, bidirectional=True)
  (linear): Linear(in_features=256, out_features=5, bias=True)
)
[02:26:03 - MdlStrTGZ] loading weights from /tmp/tmp2jcyy6p7/model/weights.pt
[02:26:03 - MdlStrTGZ] Successfully removed temporary files from /tmp/tmp2jcyy6p7.
[02:26:03 - Predict] Model device: cpu
[02:26:03 - Predict] Running prediction at full precision
[02:26:03 - BAMFile] Creating pool of 16 BAM file sets.
[02:26:03 - Predict] Processing 29 long region(s) with batching.
[02:26:03 - Sampler] Initializing sampler for consensus of region contig_3:0-1000000.
[02:26:03 - Sampler] Initializing sampler for consensus of region contig_3:999000-1999000.
[02:26:03 - PWorker] Running inference for 5.3M draft bases.
[02:26:04 - Feature] Processed contig_3:0.0-999999.0 (median depth 61.0)
[02:26:04 - Sampler] Took 1.52s to make features.
[02:26:04 - Sampler] Initializing sampler for consensus of region contig_3:1998000-2998000.
[02:26:04 - Feature] Processed contig_3:999000.0-1998999.1 (median depth 66.0)
[02:26:04 - Sampler] Took 1.69s to make features.
[02:26:04 - Sampler] Initializing sampler for consensus of region contig_3:2997000-3358984.
[02:26:05 - Feature] Processed contig_3:2997000.0-3358983.0 (median depth 35.0)
[02:26:05 - Sampler] Took 0.50s to make features.
[02:26:05 - Sampler] Initializing sampler for consensus of region 1:0-307719.
[02:26:05 - Feature] Processed contig_3:1998000.0-2997999.1 (median depth 48.0)
[02:26:05 - Sampler] Took 0.85s to make features.
[02:26:05 - Sampler] Initializing sampler for consensus of region 2:0-275361.
[02:26:05 - Feature] Processed 1:0.0-307718.0 (median depth 42.0)
[02:26:05 - Sampler] Took 0.36s to make features.
[02:26:05 - Sampler] Initializing sampler for consensus of region 3:0-139920.
[02:26:06 - Feature] Processed 2:0.0-275360.0 (median depth 39.0)
[02:26:06 - Sampler] Took 0.45s to make features.
[02:26:06 - Sampler] Initializing sampler for consensus of region 4:0-138127.
[02:26:06 - Feature] Processed 3:0.0-139919.0 (median depth 45.0)
[02:26:06 - Sampler] Took 0.38s to make features.
[02:26:06 - Sampler] Initializing sampler for consensus of region 5:0-130936.
[02:26:06 - Feature] Processed 4:0.0-138126.0 (median depth 29.0)
[02:26:06 - Sampler] Took 0.32s to make features.
[02:26:06 - Sampler] Initializing sampler for consensus of region 6:0-127602.
[02:26:06 - Feature] Processed 5:0.0-130935.0 (median depth 37.0)
[02:26:06 - Sampler] Took 0.35s to make features.
[02:26:06 - Sampler] Initializing sampler for consensus of region 7:0-101608.
[02:26:06 - Feature] Processed 7:0.0-101607.0 (median depth 46.0)
[02:26:06 - Sampler] Took 0.32s to make features.
[02:26:06 - Sampler] Initializing sampler for consensus of region 8:0-88049.
[02:26:06 - Feature] Processed 6:0.0-127601.0 (median depth 51.0)
[02:26:06 - Sampler] Took 0.39s to make features.
[02:26:06 - Sampler] Initializing sampler for consensus of region 9:0-79376.
[02:26:07 - Feature] Processed 9:0.0-79375.0 (median depth 48.0)
[02:26:07 - Sampler] Took 0.33s to make features.
[02:26:07 - Sampler] Initializing sampler for consensus of region 10:0-77636.
[02:26:07 - Feature] Processed 8:0.0-88048.0 (median depth 56.0)
[02:26:07 - Sampler] Took 0.35s to make features.
[02:26:07 - Sampler] Initializing sampler for consensus of region 11:0-77112.
[02:26:07 - Feature] Processed 11:0.0-77111.0 (median depth 38.0)
[02:26:07 - Sampler] Took 0.32s to make features.
[02:26:07 - Sampler] Initializing sampler for consensus of region 12:0-67881.
[02:26:07 - Feature] Processed 10:0.0-77635.0 (median depth 38.0)
[02:26:07 - Sampler] Took 0.34s to make features.
[02:26:07 - Sampler] Initializing sampler for consensus of region 13:0-46000.
[02:26:07 - Feature] Processed 13:0.0-45999.0 (median depth 47.0)
[02:26:07 - Sampler] Took 0.21s to make features.
[02:26:07 - Sampler] Initializing sampler for consensus of region 14:0-41253.
[02:26:07 - Feature] Processed 12:0.0-67880.0 (median depth 37.0)
[02:26:07 - Sampler] Took 0.25s to make features.
[02:26:07 - Sampler] Initializing sampler for consensus of region 15:0-33581.
[02:26:07 - Feature] Processed 14:0.0-41252.0 (median depth 22.0)
[02:26:07 - Sampler] Took 0.19s to make features.
[02:26:07 - Sampler] Initializing sampler for consensus of region 16:0-32163.
[02:26:07 - Feature] Processed 15:0.0-33580.0 (median depth 48.0)
[02:26:07 - Sampler] Took 0.26s to make features.
[02:26:07 - Sampler] Initializing sampler for consensus of region 17:0-26621.
[02:26:08 - Feature] Processed 16:0.0-32162.0 (median depth 58.0)
[02:26:08 - Sampler] Took 0.24s to make features.
[02:26:08 - Sampler] Initializing sampler for consensus of region 18:0-26036.
[02:26:08 - Feature] Processed 17:0.0-26620.0 (median depth 39.0)
[02:26:08 - Sampler] Took 0.15s to make features.
[02:26:08 - Sampler] Initializing sampler for consensus of region 19:0-25346.
[02:26:08 - Feature] Processed 19:0.0-25345.0 (median depth 73.0)
[02:26:08 - Sampler] Took 0.17s to make features.
[02:26:08 - Sampler] Initializing sampler for consensus of region 20:0-24150.
[02:26:08 - Feature] Processed 18:0.0-26035.0 (median depth 50.0)
[02:26:08 - Sampler] Took 0.19s to make features.
[02:26:08 - Sampler] Initializing sampler for consensus of region 21:0-20746.
[02:26:08 - Feature] Processed 20:0.0-24149.0 (median depth 40.0)
[02:26:08 - Sampler] Took 0.17s to make features.
[02:26:08 - Sampler] Initializing sampler for consensus of region 22:0-15704.
[02:26:08 - Feature] Processed 21:0.0-20745.0 (median depth 45.0)
[02:26:08 - Sampler] Took 0.18s to make features.
[02:26:08 - Sampler] Initializing sampler for consensus of region 23:0-14008.
[02:26:08 - Feature] Processed 22:0.0-15703.0 (median depth 57.0)
[02:26:08 - Sampler] Took 0.15s to make features.
[02:26:08 - Sampler] Initializing sampler for consensus of region 24:0-13252.
[02:26:08 - Feature] Processed 23:0.0-14007.0 (median depth 39.0)
[02:26:08 - Sampler] Took 0.18s to make features.
[02:26:08 - Sampler] Initializing sampler for consensus of region 25:0-13244.
[02:26:08 - Feature] Processed 24:0.0-13251.0 (median depth 37.0)
[02:26:08 - Sampler] Took 0.15s to make features.
[02:26:08 - Feature] Processed 25:0.0-13243.0 (median depth 21.0)
[02:26:08 - Sampler] Took 0.11s to make features.
[02:26:19 - PWorker] Batches in cache: 7.
[02:26:19 - PWorker] 14.9% Done (0.8/5.3 Mbases) in 16.5s
[02:26:32 - PWorker] Batches in cache: 6.
[02:26:32 - PWorker] 29.6% Done (1.6/5.3 Mbases) in 28.8s
[02:26:44 - PWorker] Batches in cache: 5.
[02:26:44 - PWorker] 44.8% Done (2.4/5.3 Mbases) in 41.2s
[02:26:56 - PWorker] Batches in cache: 4.
[02:26:56 - PWorker] 60.0% Done (3.2/5.3 Mbases) in 53.5s
[02:27:08 - PWorker] Batches in cache: 3.
[02:27:08 - PWorker] 75.3% Done (4.0/5.3 Mbases) in 65.8s
[02:27:21 - PWorker] Batches in cache: 2.
[02:27:21 - PWorker] 90.6% Done (4.8/5.3 Mbases) in 77.8s
[02:27:29 - PWorker] Batches in cache: 1.
[02:27:29 - PWorker] Processed 7 batches
[02:27:29 - PWorker] All done, 0 remainder regions.
[02:27:29 - Predict] Processing 7 short region(s).
[02:27:29 - Sampler] Initializing sampler for consensus of region 26:0-8536.
[02:27:29 - Sampler] Initializing sampler for consensus of region 27:0-7841.
[02:27:29 - PWorker] Running inference for 0.0M draft bases.
[02:27:30 - Feature] Processed 26:0.0-8535.0 (median depth 62.0)
[02:27:30 - Sampler] Took 0.21s to make features.
[02:27:30 - Sampler] Initializing sampler for consensus of region 28:0-3882.
[02:27:30 - Feature] Processed 27:0.0-7840.0 (median depth 62.0)
[02:27:30 - Sampler] Took 0.29s to make features.
[02:27:30 - Sampler] Initializing sampler for consensus of region 29:0-3808.
[02:27:30 - Feature] Processed 28:0.0-3881.0 (median depth 3.0)
[02:27:30 - Sampler] Took 0.11s to make features.
[02:27:30 - Sampler] Initializing sampler for consensus of region 30:0-3449.
[02:27:30 - Feature] Processed 30:0.0-3448.0 (median depth 2.0)
[02:27:30 - Sampler] Took 0.13s to make features.
[02:27:30 - Sampler] Initializing sampler for consensus of region 31:0-3049.
[02:27:30 - Feature] Processed 29:0.0-3807.0 (median depth 2.0)
[02:27:30 - Sampler] Took 0.17s to make features.
[02:27:30 - Sampler] Initializing sampler for consensus of region 32:0-998.
[02:27:30 - Sampler] Took 0.04s to make features.
[02:27:30 - Feature] Processed 31:0.0-3048.0 (median depth 1.0)
[02:27:30 - Sampler] Took 0.12s to make features.
[02:27:32 - PWorker] Processed 6 batches
[02:27:32 - PWorker] All done, 0 remainder regions.
[02:27:32 - Predict] Finished processing all regions.
/data/djs217/miniconda3/lib/python3.12/site-packages/hybracter/workflow/conda/f3634b33ec8fb5711a0153c480705631_/lib/python3.11/site-packages/medaka/common.py:16: UserWarning: pkg_resources is deprecated as an API. See https://setuptools.pypa.io/en/latest/pkg_resources.html. The pkg_resources package is slated for removal as early as 2025-11-30. Refrain from using this package or pin to Setuptools<81.
  from pkg_resources import resource_filename
[02:27:35 - DataIndx] Loaded 1/1 (100.00%) sample files.
[02:27:35 - Stitcher] Stitching 12:0-67881
[02:27:35 - Stitcher] Stitching 29:0-3808
[02:27:35 - Stitcher] Stitching contig_3:0-1000000
[02:27:35 - Stitcher] Stitching contig_3:1000000-2000000
[02:27:36 - Stitcher] Stitching contig_3:2000000-3000000
[02:27:36 - Stitcher] Stitching contig_3:3000000-3358984
[02:27:36 - Stitcher] Stitching 18:0-26036
[02:27:36 - Stitcher] Stitching 25:0-13244
[02:27:36 - Stitcher] Stitching 20:0-24150
[02:27:36 - Stitcher] Stitching 23:0-14008
[02:27:36 - Stitcher] Stitching 27:0-7841
[02:27:36 - Stitcher] Stitching 2:0-275361
[02:27:36 - Stitcher] Stitching 9:0-79376
[02:27:36 - Stitcher] Stitching 16:0-32163
[02:27:36 - Stitcher] Stitching 1:0-307719
[02:27:36 - Stitcher] Stitching 26:0-8536
[02:27:36 - Stitcher] Stitching 11:0-77112
[02:27:36 - Stitcher] Stitching 19:0-25346
[02:27:36 - Stitcher] Stitching 17:0-26621
[02:27:36 - Stitcher] Stitching 22:0-15704
[02:27:36 - Stitcher] Stitching 6:0-127602
[02:27:36 - Stitcher] Stitching 5:0-130936
[02:27:36 - Stitcher] Stitching 13:0-46000
[02:27:36 - Stitcher] Stitching 7:0-101608
[02:27:36 - Stitcher] Stitching 14:0-41253
[02:27:36 - Stitcher] Stitching 21:0-20746
[02:27:36 - Stitcher] Stitching 8:0-88049
[02:27:36 - Stitcher] Stitching 31:0-3049
[02:27:36 - Stitcher] Stitching 4:0-138127
[02:27:37 - Stitcher] Stitching 10:0-77636
[02:27:37 - Stitcher] Stitching 24:0-13252
[02:27:37 - Stitcher] Stitching 3:0-139920
[02:27:37 - Stitcher] Stitching 15:0-33581
[02:27:37 - Stitcher] Stitching 30:0-3449
[02:27:37 - Stitcher] Stitching 28:0-3882
[02:27:37 - Stitcher] Copying contig '32' verbatim from input.
