/data/djs217/miniconda3/lib/python3.12/site-packages/hybracter/workflow/conda/f3634b33ec8fb5711a0153c480705631_/lib/python3.11/site-packages/medaka/common.py:16: UserWarning: pkg_resources is deprecated as an API. See https://setuptools.pypa.io/en/latest/pkg_resources.html. The pkg_resources package is slated for removal as early as 2025-11-30. Refrain from using this package or pin to Setuptools<81.
  from pkg_resources import resource_filename
/data/djs217/miniconda3/lib/python3.12/site-packages/hybracter/workflow/conda/f3634b33ec8fb5711a0153c480705631_/lib/python3.11/site-packages/medaka/common.py:16: UserWarning: pkg_resources is deprecated as an API. See https://setuptools.pypa.io/en/latest/pkg_resources.html. The pkg_resources package is slated for removal as early as 2025-11-30. Refrain from using this package or pin to Setuptools<81.
  from pkg_resources import resource_filename
/data/djs217/miniconda3/lib/python3.12/site-packages/hybracter/workflow/conda/f3634b33ec8fb5711a0153c480705631_/lib/python3.11/site-packages/medaka/common.py:16: UserWarning: pkg_resources is deprecated as an API. See https://setuptools.pypa.io/en/latest/pkg_resources.html. The pkg_resources package is slated for removal as early as 2025-11-30. Refrain from using this package or pin to Setuptools<81.
  from pkg_resources import resource_filename
[00:17:25 - MdlStrTGZ] Successfully removed temporary files from /tmp/tmpcomy80zr.
/data/djs217/miniconda3/lib/python3.12/site-packages/hybracter/workflow/conda/f3634b33ec8fb5711a0153c480705631_/lib/python3.11/site-packages/medaka/common.py:16: UserWarning: pkg_resources is deprecated as an API. See https://setuptools.pypa.io/en/latest/pkg_resources.html. The pkg_resources package is slated for removal as early as 2025-11-30. Refrain from using this package or pin to Setuptools<81.
  from pkg_resources import resource_filename
[00:17:26 - MdlStrTGZ] Successfully removed temporary files from /tmp/tmp2db9ppau.
Creating fai index file /data/djs217/vibrio/P0213_250813_11813/01_raw_reads/hybracter_out/processing/complete/dnaapler/11813_EXE_27_2025_D_PBC74148/11813_EXE_27_2025_D_PBC74148_reoriented_chrom_and_plasmids.fasta.fai
Creating mmi index file /data/djs217/vibrio/P0213_250813_11813/01_raw_reads/hybracter_out/processing/complete/dnaapler/11813_EXE_27_2025_D_PBC74148/11813_EXE_27_2025_D_PBC74148_reoriented_chrom_and_plasmids.fasta.map-ont.mmi
[M::mm_idx_gen::0.181*1.02] collected minimizers
[M::mm_idx_gen::0.237*1.47] sorted minimizers
[M::main::0.300*1.37] loaded/built the index for 6 target sequence(s)
[M::mm_idx_stat] kmer size: 15; skip: 10; is_hpc: 0; #seq: 6
[M::mm_idx_stat::0.315*1.36] distinct minimizers: 949041 (98.78% are singletons); average occurrences: 1.024; average spacing: 5.343; total length: 5194570
[M::main] Version: 2.30-r1287
[M::main] CMD: minimap2 -I 16G -x map-ont -d /data/djs217/vibrio/P0213_250813_11813/01_raw_reads/hybracter_out/processing/complete/dnaapler/11813_EXE_27_2025_D_PBC74148/11813_EXE_27_2025_D_PBC74148_reoriented_chrom_and_plasmids.fasta.map-ont.mmi /data/djs217/vibrio/P0213_250813_11813/01_raw_reads/hybracter_out/processing/complete/dnaapler/11813_EXE_27_2025_D_PBC74148/11813_EXE_27_2025_D_PBC74148_reoriented_chrom_and_plasmids.fasta
[M::main] Real time: 0.321 sec; CPU: 0.433 sec; Peak RSS: 0.050 GB
[M::main::0.067*1.03] loaded/built the index for 6 target sequence(s)
[M::mm_mapopt_update::0.085*1.02] mid_occ = 12
[M::mm_idx_stat] kmer size: 15; skip: 10; is_hpc: 0; #seq: 6
[M::mm_idx_stat::0.098*1.02] distinct minimizers: 949041 (98.78% are singletons); average occurrences: 1.024; average spacing: 5.343; total length: 5194570
[M::worker_pipeline::89.677*0.94] mapped 8939 sequences
[M::main] Version: 2.30-r1287
[M::main] CMD: minimap2 -x map-ont --secondary=no -L --MD -A 2 -B 4 -O 4,24 -E 2,1 -t 1 -a /data/djs217/vibrio/P0213_250813_11813/01_raw_reads/hybracter_out/processing/complete/dnaapler/11813_EXE_27_2025_D_PBC74148/11813_EXE_27_2025_D_PBC74148_reoriented_chrom_and_plasmids.fasta.map-ont.mmi /data/djs217/vibrio/P0213_250813_11813/01_raw_reads/hybracter_out/processing/qc/11813_EXE_27_2025_D_PBC74148_filt_trim.fastq.gz
[M::main] Real time: 89.687 sec; CPU: 84.112 sec; Peak RSS: 0.601 GB
/data/djs217/miniconda3/lib/python3.12/site-packages/hybracter/workflow/conda/f3634b33ec8fb5711a0153c480705631_/lib/python3.11/site-packages/medaka/common.py:16: UserWarning: pkg_resources is deprecated as an API. See https://setuptools.pypa.io/en/latest/pkg_resources.html. The pkg_resources package is slated for removal as early as 2025-11-30. Refrain from using this package or pin to Setuptools<81.
  from pkg_resources import resource_filename
[00:19:11 - Predict] Processing region(s): contig_2:0-3368930 1:0-1036026 2:0-351809 3:0-332174 4:0-96517 5:0-9114
[00:19:11 - Predict] Using model: /data/djs217/miniconda3/lib/python3.12/site-packages/hybracter/workflow/conda/f3634b33ec8fb5711a0153c480705631_/lib/python3.11/site-packages/medaka/data/r1041_e82_400bps_sup_v5.0.0_model_pt.tar.gz.
[00:19:11 - Predict] Using minimum mapQ threshold of 1 for read filtering.
[00:19:11 - MdlStrTGZ] Model GRUModel(
  (gru): GRU(10, 128, num_layers=2, batch_first=True, bidirectional=True)
  (linear): Linear(in_features=256, out_features=5, bias=True)
)
[00:19:11 - MdlStrTGZ] loading weights from /tmp/tmp08zw6hq7/model/weights.pt
[00:19:11 - MdlStrTGZ] Successfully removed temporary files from /tmp/tmp08zw6hq7.
[00:19:11 - Predict] Model device: cpu
[00:19:11 - Predict] Running prediction at full precision
[00:19:11 - BAMFile] Creating pool of 16 BAM file sets.
[00:19:11 - Predict] Processing 9 long region(s) with batching.
[00:19:11 - Sampler] Initializing sampler for consensus of region contig_2:0-1000000.
[00:19:11 - Sampler] Initializing sampler for consensus of region contig_2:999000-1999000.
[00:19:11 - PWorker] Running inference for 5.2M draft bases.
[00:19:13 - Feature] Processed contig_2:0.0-999999.0 (median depth 68.0)
[00:19:13 - Sampler] Took 1.67s to make features.
[00:19:13 - Sampler] Initializing sampler for consensus of region contig_2:1998000-2998000.
[00:19:13 - Feature] Processed contig_2:999000.0-1998999.0 (median depth 37.0)
[00:19:13 - Sampler] Took 1.96s to make features.
[00:19:13 - Sampler] Initializing sampler for consensus of region contig_2:2997000-3368930.
[00:19:14 - Feature] Processed contig_2:2997000.0-3368929.0 (median depth 86.0)
[00:19:14 - Sampler] Took 0.74s to make features.
[00:19:14 - Sampler] Initializing sampler for consensus of region 1:0-1000000.
[00:19:14 - Feature] Processed contig_2:1998000.0-2997999.0 (median depth 58.0)
[00:19:14 - Sampler] Took 1.05s to make features.
[00:19:14 - Sampler] Initializing sampler for consensus of region 1:999000-1036026.
[00:19:14 - Feature] Processed 1:999000.0-1036025.0 (median depth 64.0)
[00:19:14 - Sampler] Took 0.24s to make features.
[00:19:14 - Sampler] Initializing sampler for consensus of region 2:0-351809.
[00:19:15 - Feature] Processed 2:0.0-351808.0 (median depth 38.0)
[00:19:15 - Sampler] Took 0.53s to make features.
[00:19:15 - Sampler] Initializing sampler for consensus of region 3:0-332174.
[00:19:15 - Feature] Processed 1:0.0-999999.0 (median depth 35.0)
[00:19:15 - Sampler] Took 0.96s to make features.
[00:19:15 - Sampler] Initializing sampler for consensus of region 4:0-96517.
[00:19:15 - Feature] Processed 4:0.0-96516.0 (median depth 37.0)
[00:19:15 - Sampler] Took 0.27s to make features.
[00:19:15 - Feature] Processed 3:0.0-332173.0 (median depth 51.0)
[00:19:15 - Sampler] Took 0.61s to make features.
[00:19:27 - PWorker] Batches in cache: 7.
[00:19:27 - PWorker] 15.6% Done (0.8/5.2 Mbases) in 16.1s
[00:19:40 - PWorker] Batches in cache: 6.
[00:19:40 - PWorker] 31.7% Done (1.6/5.2 Mbases) in 29.0s
[00:19:52 - PWorker] Batches in cache: 5.
[00:19:52 - PWorker] 47.6% Done (2.5/5.2 Mbases) in 41.3s
[00:20:05 - PWorker] Batches in cache: 4.
[00:20:05 - PWorker] 63.5% Done (3.3/5.2 Mbases) in 53.9s
[00:20:18 - PWorker] Batches in cache: 3.
[00:20:18 - PWorker] 79.1% Done (4.1/5.2 Mbases) in 66.4s
[00:20:30 - PWorker] Batches in cache: 2.
[00:20:30 - PWorker] 95.3% Done (4.9/5.2 Mbases) in 79.0s
[00:20:35 - PWorker] Processed 7 batches
[00:20:35 - PWorker] All done, 0 remainder regions.
[00:20:35 - Predict] Processing 1 short region(s).
[00:20:35 - Sampler] Initializing sampler for consensus of region 5:0-9114.
[00:20:35 - PWorker] Running inference for 0.0M draft bases.
[00:20:35 - Feature] Processed 5:0.0-9113.0 (median depth 3.0)
[00:20:35 - Sampler] Took 0.19s to make features.
[00:20:36 - PWorker] Processed 1 batches
[00:20:36 - PWorker] All done, 0 remainder regions.
[00:20:36 - Predict] Finished processing all regions.
/data/djs217/miniconda3/lib/python3.12/site-packages/hybracter/workflow/conda/f3634b33ec8fb5711a0153c480705631_/lib/python3.11/site-packages/medaka/common.py:16: UserWarning: pkg_resources is deprecated as an API. See https://setuptools.pypa.io/en/latest/pkg_resources.html. The pkg_resources package is slated for removal as early as 2025-11-30. Refrain from using this package or pin to Setuptools<81.
  from pkg_resources import resource_filename
[00:20:38 - DataIndx] Loaded 1/1 (100.00%) sample files.
[00:20:38 - Stitcher] Stitching 4:0-96517
[00:20:38 - Stitcher] Stitching contig_2:0-1000000
[00:20:38 - Stitcher] Stitching contig_2:1000000-2000000
[00:20:38 - Stitcher] Stitching contig_2:2000000-3000000
[00:20:39 - Stitcher] Stitching contig_2:3000000-3368930
[00:20:39 - Stitcher] Stitching 2:0-351809
[00:20:39 - Stitcher] Stitching 5:0-9114
[00:20:39 - Stitcher] Stitching 1:0-1000000
[00:20:39 - Stitcher] Stitching 1:1000000-1036026
[00:20:39 - Stitcher] Stitching 3:0-332174
