Error: could not find /data/djs217/PROJECTS/19_vibrio/02_illumina_trimmed/11671_EXE_02_2024_3B2_R1_001_val_1.fq.gz













Starting Unicycler (2025-07-14 07:14:43)
----------------------------------------
    Welcome to Unicycler, an assembly pipeline for bacterial genomes. Since you provided both short and long reads, Unicycler will perform a hybrid assembly. It will first use SPAdes to make a short-read assembly graph, and then it will use various methods to scaffold that graph with the long reads.
    For more information, please see https://github.com/rrwick/Unicycler

Command: /data/djs217/miniconda3/envs/unicycler_env/bin/unicycler -1 ../02_illumina_trimmed/11671_EXE_02_2024_3B2_S470_R1_001_val_1.fq.gz -2 ../02_illumina_trimmed/11671_EXE_02_2024_3B2_S470_R2_001_val_2.fq.gz -l ../04_ont_trimmed/11671_EXE_02_2024_3B2.filtlong.fastq.gz -o 11671_EXE_02_2024_3B2.unicycler

Unicycler version: v0.5.1
Using 8 threads

The output directory already exists and files may be reused or overwritten:
  /data/djs217/PROJECTS/19_vibrio/06_unicycler/11671_EXE_02_2024_3B2.unicycler

Dependencies:
  Program       Version   Status
  spades.py     4.0.0     good  
  racon         1.5.0     good  
  makeblastdb   2.16.0+   good  
  tblastn       2.16.0+   good  


Choosing k-mer range for assembly (2025-07-14 07:15:06)
-------------------------------------------------------
    Unicycler chooses a k-mer range for SPAdes based on the length of the input reads. It uses a wide range of many k-mer sizes to maximise the chance of finding an ideal assembly.

SPAdes maximum k-mer: 127
Median read length: 150
K-mer range: 27, 53, 71, 87, 99, 111, 119, 127


SPAdes assemblies (2025-07-14 07:15:17)
---------------------------------------
    Unicycler now uses SPAdes to assemble the short reads. It scores the assembly graph for each k-mer using the number of contigs (fewer is better) and the number of dead ends (fewer is better). The score function is 1/(c*(d+2)), where c is the contig count and d is the dead end count.

spades.py -o /data/djs217/PROJECTS/19_vibrio/06_unicycler/11671_EXE_02_2024_3B2.unicycler/spades_assembly -k 27 --threads 8 --gfa11 --isolate -1 /data/djs217/PROJECTS/19_vibrio/02_illumina_trimmed/11671_EXE_02_2024_3B2_S470_R1_001_val_1.fq.gz -2 /data/djs217/PROJECTS/19_vibrio/02_illumina_trimmed/11671_EXE_02_2024_3B2_S470_R2_001_val_2.fq.gz -m 1024

spades.py -o /data/djs217/PROJECTS/19_vibrio/06_unicycler/11671_EXE_02_2024_3B2.unicycler/spades_assembly -k 27,53 --threads 8 --gfa11 --restart-from k27 -m 1024

spades.py -o /data/djs217/PROJECTS/19_vibrio/06_unicycler/11671_EXE_02_2024_3B2.unicycler/spades_assembly -k 27,53,71 --threads 8 --gfa11 --restart-from k53 -m 1024

spades.py -o /data/djs217/PROJECTS/19_vibrio/06_unicycler/11671_EXE_02_2024_3B2.unicycler/spades_assembly -k 27,53,71,87 --threads 8 --gfa11 --restart-from k71 -m 1024

spades.py -o /data/djs217/PROJECTS/19_vibrio/06_unicycler/11671_EXE_02_2024_3B2.unicycler/spades_assembly -k 27,53,71,87,99 --threads 8 --gfa11 --restart-from k87 -m 1024

spades.py -o /data/djs217/PROJECTS/19_vibrio/06_unicycler/11671_EXE_02_2024_3B2.unicycler/spades_assembly -k 27,53,71,87,99,111 --threads 8 --gfa11 --restart-from k99 -m 1024

spades.py -o /data/djs217/PROJECTS/19_vibrio/06_unicycler/11671_EXE_02_2024_3B2.unicycler/spades_assembly -k 27,53,71,87,99,111,119 --threads 8 --gfa11 --restart-from k111 -m 1024

spades.py -o /data/djs217/PROJECTS/19_vibrio/06_unicycler/11671_EXE_02_2024_3B2.unicycler/spades_assembly -k 27,53,71,87,99,111,119,127 --threads 8 --gfa11 --restart-from k119 -m 1024

K-mer   Contigs   Dead ends   Score      
   27                         too complex
   53     1,063          42      2.14e-05
   71       654          38      3.82e-05
   87       446          34      6.23e-05
   99       365          35      7.40e-05
  111       369          42      6.16e-05
  119       265          35      1.02e-04
  127       241          35      1.12e-04 <-best

Read depth filter: removed 18 contigs totalling 5072 bp
Deleting /data/djs217/PROJECTS/19_vibrio/06_unicycler/11671_EXE_02_2024_3B2.unicycler/spades_assembly/


Determining graph multiplicity (2025-07-14 07:43:23)
----------------------------------------------------
    Multiplicity is the number of times a sequence occurs in the underlying sequence. Single-copy contigs (those with a multiplicity of one, occurring only once in the underlying sequence) are particularly useful.

Saving /data/djs217/PROJECTS/19_vibrio/06_unicycler/11671_EXE_02_2024_3B2.unicycler/002_depth_filter.gfa


Cleaning graph (2025-07-14 07:43:23)
------------------------------------
    Unicycler now performs various cleaning procedures on the graph to remove overlaps and simplify the graph structure. The end result is a graph ready for bridging.

Graph overlaps removed

Removed zero-length segments:
    231, 235, 240

Merged small segments:
    232, 233, 234, 236, 237, 239

Saving /data/djs217/PROJECTS/19_vibrio/06_unicycler/11671_EXE_02_2024_3B2.unicycler/003_overlaps_removed.gfa

    Unicycler now selects a set of anchor contigs from the single-copy contigs. These are the contigs which will be connected via bridges to form the final assembly.

62 anchor segments (6,360,869 bp) out of 232 total segments (6,431,940 bp)


Creating SPAdes contig bridges (2025-07-14 07:43:23)
----------------------------------------------------
    SPAdes uses paired-end information to perform repeat resolution (RR) and produce contigs from the assembly graph. SPAdes saves the graph paths corresponding to these contigs in the contigs.paths file. When one of these paths contains two or more anchor contigs, Unicycler can create a bridge from the path.

                                                                                                                                             Bridge
Start                                                              Path                                                             End     quality
  -48                              -162 -> -217 -> -169 -> -120 -> 136 -> -197 -> -149 -> -218 -> -139                              53         21.5
  -36                                                      -114 -> -185 -> -163                                                     42         51.5
  -34                                               -127 -> -69 -> 125 -> -86 -> -160                                               50         13.2
  -23                                       -123 -> -183 -> -112 -> -210 -> 138 -> 201 -> 167                                       30         29.2
  -16                                                              -166                                                             57         61.9
   -9                                                       -181 -> 84 -> -161                                                      40         27.7
   -5                                       -123 -> -182 -> -112 -> -229 -> 138 -> 203 -> 167                                       26         28.7
    2                                                              -166                                                             49         60.9
    3                                                          -199 -> 104                                                          -20        62.7
    4                                             156 -> -65 -> 161 -> 85 -> 181 -> 156                                             32         11.9
    5                                        151 -> -128 -> -150 -> 214 -> 168 -> -195 -> 154                                       43         31.0
   12                                                       -101 -> 66 -> -101                                                      56          6.3
   16                                       -129 -> 231 -> -110 -> -176 -> -105 -> 117 -> -157                                      -18        22.6
   22                                                       -141 -> 205 -> 108                                                      63         48.1
   23                                                              144                                                              -34        61.1
   30                                                              -144                                                             55         63.2
   32                                               -127 -> -68 -> 125 -> -87 -> -160                                               54         12.6
   36                                                   165 -> -80 -> -192 -> 135                                                   -59        22.6
   38                                        157 -> -118 -> 105 -> 175 -> 110 -> -207 -> 129                                        -52        20.5
   41                                                       163 -> -187 -> 114                                                      4          52.4
   44     130 -> -227 -> 100 -> 96 -> -155 -> 200 -> -109 -> -72 -> 130 -> 228 -> 100 -> 95 -> -155 -> -202 -> -109 -> 71 -> -70    61          8.2
   47                                        151 -> 126 -> -150 -> 208 -> 168 -> -194 -> 154                                        8          31.0
   58   98 -> 191 -> -152 -> -116 -> -143 -> -189 -> 164 -> 180 -> 153 -> -219 -> 119 -> 226 -> 111 -> -142 -> -199 -> 104 -> 172   47         11.7
   63                                                      -141 -> -230 -> 108                                                      46         48.0


Creating loop unrolling bridges (2025-07-14 07:43:23)
-----------------------------------------------------
    When a SPAdes contig path connects an anchor contig with the middle contig of a simple loop, Unicycler concludes that the sequences are contiguous (i.e. the loop is not a separate piece of DNA). It then uses the read depth of the middle and repeat contigs to guess the number of times to traverse the loop and makes a bridge.

                                  Loop count   Loop count    Loop    Bridge
Start   Repeat   Middle     End    by repeat    by middle   count   quality
   12     -101       66      56         1.83         1.36       1      18.1
   28      113      147     -14         0.00         0.78       1      23.8


Loading reads (2025-07-14 07:43:23)
-----------------------------------
58,464 / 58,464 (100.0%) - 223,944,788 bp


Assembling contigs and long reads with miniasm (2025-07-14 07:43:38)
--------------------------------------------------------------------
    Unicycler uses miniasm to construct a string graph assembly using both the short read contigs and the long reads. It will then use the resulting string graph to produce bridges between contigs. This method requires decent coverage of long reads and therefore may not be fruitful if long reads are sparse. However, it does not rely on the short read assembly graph having good connectivity and is able to bridge an assembly graph even when it contains many dead ends.
    Unicycler uses two types of "reads" as assembly input: anchor contigs from the short-read assembly and actual long reads which overlap two or more of these contigs. It then assembles them with miniasm.

Aligning long reads to graph using minimap

Saving to /data/djs217/PROJECTS/19_vibrio/06_unicycler/11671_EXE_02_2024_3B2.unicycler/miniasm_assembly/01_assembly_reads.fastq:
  62 short-read contigs
  2,966 long reads

Finding overlaps with minimap... 
success
  125,898 overlaps

Assembling reads with miniasm... 
success
  229 segments, 229 links

Saving /data/djs217/PROJECTS/19_vibrio/06_unicycler/11671_EXE_02_2024_3B2.unicycler/miniasm_assembly/11_branching_paths_removed.gfa
Merging segments into unitigs:
  1 circular unitig
  total size = 6,479,505 bp
Saving /data/djs217/PROJECTS/19_vibrio/06_unicycler/11671_EXE_02_2024_3B2.unicycler/miniasm_assembly/12_unitig_graph.gfa


Polishing miniasm assembly with Racon (2025-07-14 07:43:57)
-----------------------------------------------------------
    Unicycler now uses Racon to polish the miniasm assembly. It does multiple rounds of polishing to get the best consensus. Circular unitigs are rotated between rounds such that all parts (including the ends) are polished well.

Saving to /data/djs217/PROJECTS/19_vibrio/06_unicycler/11671_EXE_02_2024_3B2.unicycler/miniasm_assembly/racon_polish/polishing_reads.fastq:
  62 short-read contigs
  58,464 long reads

Polish       Assembly          Mapping
round            size          quality
begin       6,479,505        55,673.50
1           6,483,023        56,245.92

Best polish: /data/djs217/PROJECTS/19_vibrio/06_unicycler/11671_EXE_02_2024_3B2.unicycler/miniasm_assembly/racon_polish/006_rotated.fasta
Saving /data/djs217/PROJECTS/19_vibrio/06_unicycler/11671_EXE_02_2024_3B2.unicycler/miniasm_assembly/13_racon_polished.gfa
Saving /data/djs217/PROJECTS/19_vibrio/06_unicycler/11671_EXE_02_2024_3B2.unicycler/004_long_read_assembly.gfa

    Contigs in the short-read assembly graph which end in dead ends may contain bogus sequence near the dead end. Unicycler therefore uses the read clipping values from the miniasm assembly to trim these dead ends to only the parts which aligned well to long reads.

                       Trimmed   Trimmed             
            Previous      from      from        Final
Segment       length     start       end       length
10           198,817         6         4      198,807
13           164,133         1         -      164,132
15           122,654         2         3      122,649
17           110,680         -        10      110,670
19           108,715         1        54      108,660
1            601,528         1         1      601,526
21           104,796         2         1      104,793
22            96,834         2         -       96,832
25            92,243         2        25       92,216
26            92,161         -         2       92,159
31            72,516         -         3       72,513
33            67,085         -        16       67,069
39            54,643         3         -       54,640
3            304,948         3         -      304,945
43            43,845         -         2       43,843
44            42,812         4         -       42,808
48            30,556         -         3       30,553
49            23,488         -         7       23,481
51            17,026         -         2       17,024
52            15,420         2         -       15,418
55            13,388         -         1       13,387
8            243,272         -         4      243,268

    Unicycler now places the single copy contigs back into the unitig graph. This serves two purposes: a) it replaces long read assembly sequences (which may be error prone) with Illumina assembly sequence (which is probably quite accurate), improving the assembly quality, and b) it defines inter-contig sequences for use in building bridges.

Searching for contigs using 5,000 bp of contig ends.

Contig   Result              Start pos   End pos   Strand
     1   found in unitig 1     2685660   3287531        -
     2   found in unitig 1      570311    946016        -
     3   found in unitig 1     4875220   5180166        -
     4   found in unitig 1     4432686   4713130        -
     5   found in unitig 1     1110474   1385793        -
     6   found in unitig 1     2137011   2409341        -
     7   found in unitig 1     5285040   5548118        -
     8   found in unitig 1     3932728   4175996        -
     9   found in unitig 1     1659688   1899843        -
    10   found in unitig 1     -151347     47460        +
    11   found in unitig 1     6089501   6257837        +
    12   found in unitig 1     1954399   2120440        +
    13   found in unitig 1     5779929   5944061        -
    14   found in unitig 1     5641803   5778602        -
    15   found in unitig 1      223393    346042        -
    16   found in unitig 1     3490055   3612573        -
    17   found in unitig 1      436010    546680        +
    18   found in unitig 1     3379891   3488616        +
    19   found in unitig 1       47519    156179        -
    20   found in unitig 1     4768489   4874816        +
    21   found in unitig 1     5180243   5285036        +
    22   found in unitig 1     5944162   6041102        +
    23   found in unitig 1     2503239   2597567        -
    24   found in unitig 1     3782845   3876082        -
    25   found in unitig 1     3287599   3379812        -
    26   found in unitig 1     1386755   1478914        +
    27   found in unitig 1      346151    433037        -
    28   found in unitig 1     5553870   5640535        +
    29   found in unitig 1     3626696   3702504        -
    30   found in unitig 1     2598529   2672104        +
    31   found in unitig 1     6259100   6331613        +
    32   found in unitig 1     4360691   4428195        -
    33   found in unitig 1      156256    223325        +
    34   found in unitig 1     2438952   2503040        +
    35   found in unitig 1     4278337   4336591        -
    36   found in unitig 1     1548482   1606706        -
    37   found in unitig 1     3877345   3932677        -
    38   found in unitig 1      993646   1048760        +
    39   found in unitig 1     4223588   4278228        -
    40   found in unitig 1     1900889   1953136        +
    41   found in unitig 1     4713624   4762964        -
    42   found in unitig 1     1607200   1655232        +
    43   found in unitig 1     1065732   1109575        -
    44   found in unitig 1     1478995   1521803        +
    45   found in unitig 1      952220    992319        -
    46   found in unitig 1     6045519   6083915        +
    47   found in unitig 1     4176895   4212716        -
    48   found in unitig 1     3725866   3756419        -
    49   found in unitig 1      546694    570175        -
    50   found in unitig 1     2415835   2435661        -
    51   found in unitig 1     3708714   3725738        +
    52   found in unitig 1     1050199   1065617        -
    53   found in unitig 1     3757552   3772922        +
    54   found in unitig 1     4343077   4356635        -
    55   found in unitig 1     2672303   2685690        +
    56   found in unitig 1     2124381   2135684        +
    57   found in unitig 1     3612709   3622240        +
    58   found in unitig 1     4215690   4222261        -
    59   found in unitig 1     1540901   1547169        +
    61   found in unitig 1     1529919   1534801        +
    63   found in unitig 1     6041636   6044985        +
   171   not found                                       

Searching for contigs using 2,500 bp of contig ends.

Contig   Result      Start pos   End pos   Strand
   171   not found                               

Searching for contigs using 1,000 bp of contig ends.

Contig   Result      Start pos   End pos   Strand
   171   not found                               

Searching for contigs using 500 bp of contig ends.

Contig   Result      Start pos   End pos   Strand
   171   not found                               

Saving /data/djs217/PROJECTS/19_vibrio/06_unicycler/11671_EXE_02_2024_3B2.unicycler/miniasm_assembly/14_contigs_placed.gfa


Creating miniasm/Racon bridges (2025-07-14 07:45:20)
----------------------------------------------------
    Now that the miniasm/Racon string graph is complete, Unicycler will use it to build bridges between anchor segments.

       Start -> end    Best path                                 Quality
 1/61    10 -> -19                                                97.957
 2/61    38 -> -52     157, -118, 105, 175, 110, -207, 129        79.615
 3/61   -52 -> -43                                                97.516
 4/61   -43 -> -5      -154, 195, -168, -214, 150, 128, -151      92.058
 5/61    -5 -> 26      -123, -182, -112, -229, 138, 203, 167      88.902
 6/61    26 -> 44                                                 85.276
 7/61    44 -> 61      130, -227, 100, 96, -155, 200, -109,       57.894
                       -72, 130, 228, 100, 95, -155, -202,              
                       -109, 71, -70                                    
 8/61    61 -> 59      -70, -64, -135, -193, 80, -165             59.641
 9/61    59 -> -36     -135, 192, 80, -165                        83.743
10/61   -36 -> 42      -114, -185, -163                           93.688
11/61    42 -> -9      -97, 131, -102, -209, 89, 159, -81,        71.449
                       -220, -146, 204, 73                              
12/61   -19 -> 33                                                 96.244
13/61    -9 -> 40      -181, 84, -161                             90.539
14/61    40 -> 12      74                                         84.329
15/61    12 -> 56      -101, 66, -101                             72.086
16/61    56 -> -6      -74, 184                                   88.897
17/61    -6 -> -50     170, 76, -106, 79, -145, -82, -75, 206,    63.180
                       103, -93, -140, -178, 124                        
18/61   -50 -> 34      160, 86, -125, 69, 127                     73.013
19/61    34 -> -23     -144                                       94.773
20/61   -23 -> 30      -123, -183, -112, -210, 138, 201, 167      90.498
21/61    30 -> 55      -144                                       98.006
22/61    33 -> -15                                                98.814
23/61    -1 -> -25                                                99.321
24/61   -25 -> 18                                                 99.057
25/61    18 -> -16     157, -117, 105, 176, 110, -231, 129        87.939
26/61   -16 -> 57      -166                                       96.499
27/61    57 -> -29     -97, -132, -102, 215, 89, 158, -81, 212,   71.418
                       -146, 213, 73                                    
28/61   -29 -> 51      -121, -90, -107, 174, 62, 133, -94         60.837
29/61    51 -> -48                                                63.184
30/61   -48 -> 53      -162, -217, -169, -120, 136, -197, -149,   73.522
                       -218, -139                                       
31/61    53 -> -24     -162, -222, -169, 122, 136, -198, -149,    49.441
                       224, -139, 67, 186, -60, -223, 99, -148          
32/61   -24 -> -37     -74                                        88.467
33/61   -15 -> -27                                                98.539
34/61   -37 -> -8                                                 98.044
35/61    -8 -> -47     -154, 194, -168, -208, 150, -126, -151     91.993
36/61   -47 -> -58     -172, -104, 199, 142, -111, -226, -119,    62.420
                       219, -153, -180, -164, 189, 143, 116,            
                       152, -191, -98                                   
37/61   -58 -> -39     -184, 74                                   67.772
38/61   -39 -> -35                                                97.093
39/61   -35 -> -54     170, -77, -106, 78, -145, -83, -75, 211,   58.999
                       103, -92, -140, 177, 124                         
40/61   -54 -> -32     160, 87, -125, 68, 127                     74.301
41/61   -32 -> -4      -156, -181, -85, -161, 65, -156            72.477
42/61    -4 -> -41     -114, 187, -163                            95.273
43/61   -41 -> 20      -196, -99, 221, 60                         68.879
44/61   -27 -> 17      98, -190, -152, 115, -143, -188, 164,      79.156
                       179, 153, 225, 119, 216, 111, -137, 104,         
                       172                                              
45/61    20 -> -3      -104, 199                                  95.410
46/61    -3 -> 21                                                 98.932
47/61    21 -> -7                                                 99.362
48/61    -7 -> 28      148, -99, 221, 60, -186                    66.169
49/61    28 -> -14     113, 147, 113, 147, 113                    86.054
50/61   -14 -> -13     -74, 184                                   87.901
51/61   -13 -> 22                                                 92.608
52/61    22 -> 63      -141, 205, 108                             94.805
53/61    63 -> 46      -141, -230, 108                            94.607
54/61    46 -> 11      -196, -99, 223, 60, -186                   68.408
55/61    17 -> -49                                                96.125
56/61    11 -> 31      74                                         84.935
57/61    31 -> 10                                                 99.331
58/61   -49 -> -2      166                                        94.979
59/61    -2 -> -45     -121, -91, -107, -173, 62, -134, -94       65.666
60/61   -45 -> 38      -74, 184                                   86.662
61/61    55 -> -1                                                 99.012


Creating simple long read bridges (2025-07-14 07:45:37)
-------------------------------------------------------
    Unicycler uses long read alignments (from minimap) to resolve simple repeat structures in the graph. This takes care of some "low-hanging fruit" of the graph simplification.

Aligning long reads to graph using minimap

    Two-way junctions are defined as cases where two graph contigs (A and B) join together (C) and then split apart again (D and E). This usually represents a simple 2-copy repeat, and there are two possible options for its resolution: (A->C->D and B->C->E) or (A->C->E and B->C->D). Each read which spans such a junction gets to "vote" for option 1, option 2 or neither. Unicycler creates a bridge at each junction for the most voted for option.

                                                     Op. 1   Op. 2   Neither   Final    Bridge
Junction        Option 1             Option 2        votes   votes     votes     op.   quality
     166   -57 -> 166 -> -2,    -57 -> 166 -> 16,        0      56         0       2      96.3
            -49 -> 166 -> 16     -49 -> 166 -> -2                                             
     144   -55 -> 144 -> -34,   -55 -> 144 -> -30,       0      48         0       2      96.6
            23 -> 144 -> -30     23 -> 144 -> -34                                             

    Simple loops are parts of the graph where two contigs (A and B) are connected via a repeat (C) which loops back to itself (via D). It is possible to traverse the loop zero times (A->C->B), one time (A->C->D->C->B), two times (A->C->D->C->D->C->B), etc. Long reads which span the loop inform which is the correct number of times through. In this step, such reads are found and each is aligned against alternative loop counts. A reads casts its "vote" for the loop count it agrees best with, and Unicycler creates a bridge using the most voted for count.

                                   Read                         Loop    Bridge
Start   Repeat   Middle     End   count   Read votes           count   quality
   12     -101       66      56       4   1 loop: 4 votes          1      96.4
   28      113      147     -14      13   2 loops: 13 votes        2      96.3


Determining low score threshold (2025-07-14 07:45:57)
-----------------------------------------------------
    Before conducting semi-global alignment of the long reads to the assembly graph, Unicycler must determine a minimum alignment score threshold such that nonsense alignments are excluded. To choose a threshold automatically, it examines alignments between random sequences and selects a score a few standard deviations above the mean.

Automatically choosing a threshold using random alignment scores.

Random alignment mean score: 61.66
         standard deviation:  1.31
        Low score threshold: 61.66 + (7 x 1.31) = 70.86


Aligning reads (2025-07-14 07:46:02)
------------------------------------
58,464 / 58,464 (100.0%)


Read alignment summary (2025-07-14 08:02:40)
--------------------------------------------
Total read count:             58,464
Fully aligned reads:          56,582
Partially aligned reads:       1,861
Unaligned reads:                  21
Total bases aligned:     223,803,884 bp
Mean alignment identity:          98.3%

Deleting /data/djs217/PROJECTS/19_vibrio/06_unicycler/11671_EXE_02_2024_3B2.unicycler/read_alignment/


Building long read bridges (2025-07-14 08:02:40)
------------------------------------------------
    Unicycler uses the long read alignments to produce bridges between anchor segments. These bridges can be formed using as few as one long read, giving Unicycler the ability to bridge the graph even when long-read depth is low.

       Start -> end    Best path                                 Quality
 1/62    30 -> -1                                                 23.868
 2/62    46 -> 11      -196, -99, 223, 60, -186                   76.013
 3/62    61 -> 59      -70, -64, -135, -193, 80, -165             68.094
 4/62   -20 -> 41      -60, -221, 99, 196                         69.421
 5/62   -29 -> 51      -121, -90, -107, 174, 62, 133, -94         77.500
 6/62    -7 -> 28      148, -99, 221, 60, -186                    81.905
 7/62     4 -> 32      156, -65, 161, 85, 181, 156                84.167
 8/62    45 -> 2       94, 134, -62, 173, 107, 91, 121            84.025
 9/62    22 -> 46      -141, 205, 108, 63, -141, -230, 108        61.115
10/62    12 -> 56      -101, 66, -101                             64.010
11/62    32 -> 54      -127, -68, 125, -87, -160                  81.087
12/62    42 -> -9      -97, 131, -102, -209, 89, 159, -81,        73.615
                       -220, -146, 204, 73                              
13/62   -34 -> 50      -127, -69, 125, -86, -160                  78.831
14/62    57 -> -29     -97, -132, -102, 215, 89, 158, -81, 212,   81.444
                       -146, 213, 73                                    
15/62    54 -> 35      -124, -177, 140, 92, -103, -211, 75, 83,   57.924
                       145, -78, 106, 77, -170                          
16/62    37 -> 24      74                                         81.855
17/62    50 -> 6       -124, 178, 140, 93, -103, -206, 75, 82,    81.184
                       145, -79, 106, -76, -170                         
18/62    56 -> -6      -74, 184                                   81.688
19/62    44 -> 61      130, -227, 100, 96, -155, 200, -109,       67.864
                       -72, 130, 228, 100, 95, -155, -202,              
                       -109, 71, -70                                    
20/62    52 -> -38     -129, 207, -110, -175, -105, 118, -157     74.273
21/62    18 -> -16     157, -117, 105, 176, 110, -231, 129        80.263
22/62    58 -> 47      98, 191, -152, -116, -143, -189, 164,      55.784
                       180, 153, -219, 119, 226, 111, -142,             
                       -199, 104, 172                                   
23/62    40 -> 12      74                                         78.506
24/62    59 -> -36     -135, 192, 80, -165                        70.975
25/62    13 -> 14      -184, 74                                   69.561
26/62   -17 -> 27      -172, -104, 137, -111, -216, -119, -225,   82.809
                       -153, -179, -164, 188, 143, -115, 152,           
                       190, -98                                         
27/62    28 -> -14     113, 147, 113, 147, 113                    54.498
28/62    39 -> 58      -74, 184                                   61.908
29/62   -38 -> 45      -184, 74                                   80.264
30/62    11 -> 31      74                                         80.024
31/62    -5 -> 30      -123, -183, -112, -210, 138, 203, 167      12.928
32/62   -48 -> 53      -162, -217, -169, -120, 136, -197, -149,   61.344
                       -218, -139                                       
33/62    -9 -> 40      -181, 84, -161                             77.003
34/62   -23 -> 30      -123, -183, -112, -210, 138, 201, 167      77.774
35/62    63 -> 46      -141, -230, 108                            78.593
36/62    41 -> 4       163, -187, 114                             82.695
37/62   -36 -> 42      -114, -185, -163                           81.471
38/62    22 -> 63      -141, 205, 108                             79.023
39/62   -16 -> 57      -166                                       80.329
40/62     2 -> 49      -166                                       79.563
41/62    30 -> 55      -144                                       83.087
42/62    34 -> -23     -144                                       81.160
43/62    43 -> 52                                                 93.744
44/62    20 -> -3      -104, 199                                  82.482
45/62    27 -> 15                                                 90.403
46/62    51 -> -48                                                60.758
47/62   -13 -> 22                                                 87.451
48/62    -5 -> 26      -123, -182, -112, -229, 138, 203, 167      80.830
49/62    35 -> 39                                                 94.469
50/62   -18 -> 25                                                 97.008
51/62   -19 -> 33                                                 93.918
52/62    25 -> 1                                                  96.987
53/62    31 -> 10                                                 85.625
54/62    49 -> -17                                                94.377
55/62    26 -> 44                                                 83.306
56/62     8 -> 37                                                 96.210
57/62    33 -> -15                                                96.603
58/62    19 -> -10                                                96.221
59/62    47 -> 8       151, 126, -150, 208, 168, -194, 154        83.138
60/62    21 -> -7                                                 97.933
61/62    -3 -> 21                                                 96.744
62/62     5 -> 43      151, -128, -150, 214, 168, -195, 154       83.991


Applying bridges (2025-07-14 08:02:45)
--------------------------------------
    Unicycler now applies to the graph in decreasing order of quality. This ensures that when multiple, contradictory bridges exist, the most supported option is used.

Bridge type        Start -> end   Path                                       Quality
simple long read    -55 -> -30    144                                         99.937
miniasm              21 -> -7                                                 99.362
miniasm              31 -> 10                                                 99.331
miniasm              -1 -> -25                                                99.321
miniasm             -25 -> 18                                                 99.057
miniasm              55 -> -1                                                 99.012
miniasm              -3 -> 21                                                 98.932
miniasm              33 -> -15                                                98.814
miniasm             -15 -> -27                                                98.539
miniasm             -37 -> -8                                                 98.044
miniasm              10 -> -19                                                97.957
simple long read    -57 -> 16     166                                         97.803
miniasm             -52 -> -43                                                97.516
miniasm             -39 -> -35                                                97.093
simple long read     23 -> -34    144                                         96.641
simple long read     12 -> 56     -101, 66, -101                              96.396
simple long read     28 -> -14    113, 147, 113, 147, 113                     96.349
simple long read    -49 -> -2     166                                         96.262
miniasm             -19 -> 33                                                 96.244
miniasm              17 -> -49                                                96.125
miniasm              20 -> -3     -104, 199                                   95.410
miniasm              -4 -> -41    -114, 187, -163                             95.273
miniasm              22 -> 63     -141, 205, 108                              94.805
miniasm              63 -> 46     -141, -230, 108                             94.607
miniasm             -36 -> 42     -114, -185, -163                            93.688
miniasm             -13 -> 22                                                 92.608
miniasm             -43 -> -5     -154, 195, -168, -214, 150, 128, -151       92.058
miniasm              -8 -> -47    -154, 194, -168, -208, 150, -126, -151      91.993
miniasm              -9 -> 40     -181, 84, -161                              90.539
miniasm             -23 -> 30     -123, -183, -112, -210, 138, 201, 167       90.498
miniasm              -5 -> 26     -123, -182, -112, -229, 138, 203, 167       88.902
miniasm              56 -> -6     -74, 184                                    88.897
miniasm             -24 -> -37    -74                                         88.467
miniasm              18 -> -16    157, -117, 105, 176, 110, -231, 129         87.939
miniasm             -14 -> -13    -74, 184                                    87.901
miniasm             -45 -> 38     -74, 184                                    86.662
miniasm              26 -> 44                                                 85.276
miniasm              11 -> 31     74                                          84.935
miniasm              40 -> 12     74                                          84.329
long read             4 -> 32     156, -65, 161, 85, 181, 156                 84.167
long read            45 -> 2      94, 134, -62, 173, 107, 91, 121             84.025
miniasm              59 -> -36    -135, 192, 80, -165                         83.743
long read           -17 -> 27     -172, -104, 137, -111, -216, -119, -225,    82.809
                                  -153, -179, -164, 188, 143, -115, 152,            
                                  190, -98                                          
long read            -7 -> 28     148, -99, 221, 60, -186                     81.905
long read            57 -> -29    -97, -132, -102, 215, 89, 158, -81, 212,    81.444
                                  -146, 213, 73                                     
long read            50 -> 6      -124, 178, 140, 93, -103, -206, 75, 82,     81.184
                                  145, -79, 106, -76, -170                          
long read            32 -> 54     -127, -68, 125, -87, -160                   81.087
miniasm              38 -> -52    157, -118, 105, 175, 110, -207, 129         79.615
long read           -34 -> 50     -127, -69, 125, -86, -160                   78.831
long read           -29 -> 51     -121, -90, -107, 174, 62, 133, -94          77.500
long read            46 -> 11     -196, -99, 223, 60, -186                    76.013
long read            42 -> -9     -97, 131, -102, -209, 89, 159, -81,         73.615
                                  -220, -146, 204, 73                               
miniasm             -48 -> 53     -162, -217, -169, -120, 136, -197, -149,    73.522
                                  -218, -139                                        
long read           -20 -> 41     -60, -221, 99, 196                          69.421
long read            61 -> 59     -70, -64, -135, -193, 80, -165              68.094
long read            44 -> 61     130, -227, 100, 96, -155, 200, -109,        67.864
                                  -72, 130, 228, 100, 95, -155, -202,               
                                  -109, 71, -70                                     
miniasm             -58 -> -39    -184, 74                                    67.772
miniasm              51 -> -48                                                63.184
miniasm             -47 -> -58    -172, -104, 199, 142, -111, -226, -119,     62.420
                                  219, -153, -180, -164, 189, 143, 116,             
                                  152, -191, -98                                    
miniasm             -35 -> -54    170, -77, -106, 78, -145, -83, -75, 211,    58.999
                                  103, -92, -140, 177, 124                          
miniasm              53 -> -24    -162, -222, -169, 122, 136, -198, -149,     49.441
                                  224, -139, 67, 186, -60, -223, 99, -148           

Saving /data/djs217/PROJECTS/19_vibrio/06_unicycler/11671_EXE_02_2024_3B2.unicycler/005_bridges_applied.gfa


Bridged assembly graph (2025-07-14 08:02:46)
--------------------------------------------
    The assembly is now mostly finished and no more structural changes will be made. Ideally the assembly graph should now have one contig per replicon and no erroneous contigs (i.e. a complete assembly). If there are more contigs, then the assembly is not complete.

Saving /data/djs217/PROJECTS/19_vibrio/06_unicycler/11671_EXE_02_2024_3B2.unicycler/006_final_clean.gfa

Component   Segments   Links   Length      N50         Longest segment   Status  
        1          1       1   6,482,371   6,482,371         6,482,371   complete


Rotating completed replicons (2025-07-14 08:02:46)
--------------------------------------------------
    Any completed circular contigs (i.e. single contigs which have one link connecting end to start) can have their start position changed without altering the sequence. For consistency, Unicycler now searches for a starting gene (dnaA or repA) in each such contig, and if one is found, the contig is rotated to start with that gene on the forward strand.

Segment   Length      Depth   Starting gene     Position    Strand    Identity   Coverage
      1   6,482,371   1.00x   UniRef90_B7V0N6   5,226,917   forward      99.8%     100.0%

Saving /data/djs217/PROJECTS/19_vibrio/06_unicycler/11671_EXE_02_2024_3B2.unicycler/007_rotated.gfa


Assembly complete (2025-07-14 08:05:21)
---------------------------------------
Saving /data/djs217/PROJECTS/19_vibrio/06_unicycler/11671_EXE_02_2024_3B2.unicycler/assembly.gfa
Saving /data/djs217/PROJECTS/19_vibrio/06_unicycler/11671_EXE_02_2024_3B2.unicycler/assembly.fasta

