
Starting Unicycler (2025-07-13 22:08:19)
----------------------------------------
    Welcome to Unicycler, an assembly pipeline for bacterial genomes. Since you provided only short reads, Unicycler will essentially function as a SPAdes-optimiser. It will try many k-mer sizes, choose the best based on contig length and graph connectivity, and scaffold the graph using SPAdes repeat resolution.
    For more information, please see https://github.com/rrwick/Unicycler

Command: /data/djs217/miniconda3/envs/unicycler_env/bin/unicycler -1 ../02_illumina_trimmed/EXE07_2023A4_EKDN240029497-1A_22KLLLLT3_L8_1_val_1.fq.gz -2 ../02_illumina_trimmed/EXE07_2023A4_EKDN240029497-1A_22KLLLLT3_L8_2_val_2.fq.gz -o EXE07_2023A4.unicycler

Unicycler version: v0.5.1
Using 8 threads

Making output directory:
  /data/djs217/PROJECTS/19_vibrio/06_unicycler/EXE07_2023A4.unicycler

Dependencies:
  Program       Version   Status  
  spades.py     4.0.0     good    
  racon                   not used
  makeblastdb   2.16.0+   good    
  tblastn       2.16.0+   good    


Choosing k-mer range for assembly (2025-07-13 22:08:55)
-------------------------------------------------------
    Unicycler chooses a k-mer range for SPAdes based on the length of the input reads. It uses a wide range of many k-mer sizes to maximise the chance of finding an ideal assembly.

SPAdes maximum k-mer: 127
Median read length: 150
K-mer range: 27, 53, 71, 87, 99, 111, 119, 127


SPAdes assemblies (2025-07-13 22:09:22)
---------------------------------------
    Unicycler now uses SPAdes to assemble the short reads. It scores the assembly graph for each k-mer using the number of contigs (fewer is better) and the number of dead ends (fewer is better). The score function is 1/(c*(d+2)), where c is the contig count and d is the dead end count.

spades.py -o /data/djs217/PROJECTS/19_vibrio/06_unicycler/EXE07_2023A4.unicycler/spades_assembly -k 27 --threads 8 --gfa11 --isolate -1 /data/djs217/PROJECTS/19_vibrio/02_illumina_trimmed/EXE07_2023A4_EKDN240029497-1A_22KLLLLT3_L8_1_val_1.fq.gz -2 /data/djs217/PROJECTS/19_vibrio/02_illumina_trimmed/EXE07_2023A4_EKDN240029497-1A_22KLLLLT3_L8_2_val_2.fq.gz -m 1024

spades.py -o /data/djs217/PROJECTS/19_vibrio/06_unicycler/EXE07_2023A4.unicycler/spades_assembly -k 27,53 --threads 8 --gfa11 --restart-from k27 -m 1024

spades.py -o /data/djs217/PROJECTS/19_vibrio/06_unicycler/EXE07_2023A4.unicycler/spades_assembly -k 27,53,71 --threads 8 --gfa11 --restart-from k53 -m 1024

spades.py -o /data/djs217/PROJECTS/19_vibrio/06_unicycler/EXE07_2023A4.unicycler/spades_assembly -k 27,53,71,87 --threads 8 --gfa11 --restart-from k71 -m 1024

spades.py -o /data/djs217/PROJECTS/19_vibrio/06_unicycler/EXE07_2023A4.unicycler/spades_assembly -k 27,53,71,87,99 --threads 8 --gfa11 --restart-from k87 -m 1024

spades.py -o /data/djs217/PROJECTS/19_vibrio/06_unicycler/EXE07_2023A4.unicycler/spades_assembly -k 27,53,71,87,99,111 --threads 8 --gfa11 --restart-from k99 -m 1024

spades.py -o /data/djs217/PROJECTS/19_vibrio/06_unicycler/EXE07_2023A4.unicycler/spades_assembly -k 27,53,71,87,99,111,119 --threads 8 --gfa11 --restart-from k111 -m 1024

spades.py -o /data/djs217/PROJECTS/19_vibrio/06_unicycler/EXE07_2023A4.unicycler/spades_assembly -k 27,53,71,87,99,111,119,127 --threads 8 --gfa11 --restart-from k119 -m 1024

K-mer   Contigs   Dead ends   Score      
   27                         too complex
   53       559           0      8.94e-04
   71       409           0      1.22e-03
   87       288           0      1.74e-03
   99       257           0      1.95e-03
  111       243           0      2.06e-03
  119       216           0      2.31e-03
  127       207           0      2.42e-03 <-best

Read depth filter: removed 67 contigs totalling 20031 bp
Deleting /data/djs217/PROJECTS/19_vibrio/06_unicycler/EXE07_2023A4.unicycler/spades_assembly/


Determining graph multiplicity (2025-07-13 23:10:28)
----------------------------------------------------
    Multiplicity is the number of times a sequence occurs in the underlying sequence. Single-copy contigs (those with a multiplicity of one, occurring only once in the underlying sequence) are particularly useful.

Saving /data/djs217/PROJECTS/19_vibrio/06_unicycler/EXE07_2023A4.unicycler/002_depth_filter.gfa


Cleaning graph (2025-07-13 23:10:28)
------------------------------------
    Unicycler now performs various cleaning procedures on the graph to remove overlaps and simplify the graph structure. The end result is a graph ready for bridging.

Graph overlaps removed

Removed zero-length segments:
    110, 111, 112, 116, 117, 118, 120, 127, 130, 131, 134, 135, 142, 144, 146, 148, 150, 152, 153, 155, 168, 170, 171, 177, 179, 184, 188, 190, 194, 206

Removed zero-length segments:
    105, 186, 189, 195

Removed zero-length segments:
    192

Merged small segments:
    187, 191, 193, 196, 197, 198, 200, 201, 203, 204

Saving /data/djs217/PROJECTS/19_vibrio/06_unicycler/EXE07_2023A4.unicycler/003_overlaps_removed.gfa

    Unicycler now selects a set of anchor contigs from the single-copy contigs. These are the contigs which will be connected via bridges to form the final assembly.

28 anchor segments (5,010,006 bp) out of 162 total segments (5,228,463 bp)


Creating SPAdes contig bridges (2025-07-13 23:10:29)
----------------------------------------------------
    SPAdes uses paired-end information to perform repeat resolution (RR) and produce contigs from the assembly graph. SPAdes saves the graph paths corresponding to these contigs in the contigs.paths file. When one of these paths contains two or more anchor contigs, Unicycler can create a bridge from the path.

                                                                     Bridge
Start                          Path                         End     quality
  -21             -65 -> 68 -> -61 -> 157 -> -46            22         20.9
   -7                          -149                         9          20.7
   -4                       -54 -> -54                      27         28.6
    1                        49 -> 49                       13         21.4
    5                          -83                          3          63.1
    6                   -88 -> -40 -> -88                   -27        12.2
    7                    66 -> -41 -> 66                    25         11.5
   10   -80 -> 154 -> 47 -> 155 -> 74 -> 159 -> -69 -> 90   -25        21.2
   16                   -58 -> -33 -> -58                   10          6.9
   20          78 -> 76 -> -82 -> 78 -> -56 -> -82          11         13.4


Creating loop unrolling bridges (2025-07-13 23:10:29)
-----------------------------------------------------
    When a SPAdes contig path connects an anchor contig with the middle contig of a simple loop, Unicycler concludes that the sequences are contiguous (i.e. the loop is not a separate piece of DNA). It then uses the read depth of the middle and repeat contigs to guess the number of times to traverse the loop and makes a bridge.

                                  Loop count   Loop count    Loop    Bridge
Start   Repeat   Middle     End    by repeat    by middle   count   quality
   27       88       40      -6         1.31         1.07       1      40.3
  -25      -66       41      -7         1.28         1.14       1      36.5
  -10       58       33     -16         0.60         0.97       1      43.4


Applying bridges (2025-07-13 23:10:29)
--------------------------------------
    Unicycler now applies to the graph in decreasing order of quality. This ensures that when multiple, contradictory bridges exist, the most supported option is used.

Bridge type   Start -> end   Path                                  Quality
SPAdes           5 -> 3      -83                                    63.130
SPAdes          -4 -> 27     -54, -54                               28.565
SPAdes           1 -> 13     49, 49                                 21.402
SPAdes          10 -> -25    -80, 154, 47, 155, 74, 159, -69, 90    21.167
SPAdes         -21 -> 22     -65, 68, -61, 157, -46                 20.948
SPAdes          -7 -> 9      -149                                   20.671
SPAdes          20 -> 11     78, 76, -82, 78, -56, -82              13.435
SPAdes           6 -> -27    -88, -40, -88                          12.183
SPAdes           7 -> 25     66, -41, 66                            11.460
loop           -10 -> -16    58, 33, 58                             43.427

Saving /data/djs217/PROJECTS/19_vibrio/06_unicycler/EXE07_2023A4.unicycler/004_bridges_applied.gfa


Bridged assembly graph (2025-07-13 23:10:29)
--------------------------------------------
    The assembly is now mostly finished and no more structural changes will be made. Ideally the assembly graph should now have one contig per replicon and no erroneous contigs (i.e. a complete assembly). If there are more contigs, then the assembly is not complete.

Saving /data/djs217/PROJECTS/19_vibrio/06_unicycler/EXE07_2023A4.unicycler/005_final_clean.gfa

Component   Segments   Links   Length      N50       Longest segment   Status    
        1        123     176   5,232,111   765,885           884,481   incomplete


Assembly complete (2025-07-13 23:10:29)
---------------------------------------
Saving /data/djs217/PROJECTS/19_vibrio/06_unicycler/EXE07_2023A4.unicycler/assembly.gfa
Saving /data/djs217/PROJECTS/19_vibrio/06_unicycler/EXE07_2023A4.unicycler/assembly.fasta

