
Starting Unicycler (2026-03-26 17:26:42)
----------------------------------------
    Welcome to Unicycler, an assembly pipeline for bacterial genomes. Since you provided only long reads, Unicycler will assemble the reads with miniasm and then run repeated polishing rounds using Racon.
    For more information, please see https://github.com/rrwick/Unicycler

Command: /data/djs217/miniconda3/envs/hybracter_env/lib/python3.11/site-packages/hybracter/workflow/conda/78019da34467f1ccbd2a1e2321558605_/bin/unicycler -s hybracter_out/processing/plassembler/EXE_33_2024_E/plasmid_long_entropy_filtered.fastq -l hybracter_out/processing/plassembler/EXE_33_2024_E/plasmid_long_entropy_filtered.fastq -t 1 -o hybracter_out/processing/plassembler/EXE_33_2024_E/unicycler_output

Unicycler version: v0.5.1
Using 1 thread

Making output directory:
  /data/djs217/PROJECTS/vibrio/P0232_251203_11813_10386/12_filtlong/02_hybracter/hybracter_out/processing/plassembler/EXE_33_2024_E/unicycler_output

Dependencies:
  Program       Version   Status
  spades.py     4.2.0     good  
  racon         1.5.0     good  
  makeblastdb   2.17.0+   good  
  tblastn       2.17.0+   good  


Choosing k-mer range for assembly (2026-03-26 17:26:43)
-------------------------------------------------------
    Unicycler chooses a k-mer range for SPAdes based on the length of the input reads. It uses a wide range of many k-mer sizes to maximise the chance of finding an ideal assembly.

SPAdes maximum k-mer: 127
Median read length: 5049
K-mer range: 27, 53, 71, 87, 99, 111, 119, 127


SPAdes assemblies (2026-03-26 17:26:43)
---------------------------------------
    Unicycler now uses SPAdes to assemble the short reads. It scores the assembly graph for each k-mer using the number of contigs (fewer is better) and the number of dead ends (fewer is better). The score function is 1/(c*(d+2)), where c is the contig count and d is the dead end count.

spades.py -o /data/djs217/PROJECTS/vibrio/P0232_251203_11813_10386/12_filtlong/02_hybracter/hybracter_out/processing/plassembler/EXE_33_2024_E/unicycler_output/spades_assembly -k 27 --threads 1 --gfa11 --isolate -s /data/djs217/PROJECTS/vibrio/P0232_251203_11813_10386/12_filtlong/02_hybracter/hybracter_out/processing/plassembler/EXE_33_2024_E/plasmid_long_entropy_filtered.fastq -m 1024

spades.py -o /data/djs217/PROJECTS/vibrio/P0232_251203_11813_10386/12_filtlong/02_hybracter/hybracter_out/processing/plassembler/EXE_33_2024_E/unicycler_output/spades_assembly -k 27,53 --threads 1 --gfa11 --restart-from k27 -m 1024

spades.py -o /data/djs217/PROJECTS/vibrio/P0232_251203_11813_10386/12_filtlong/02_hybracter/hybracter_out/processing/plassembler/EXE_33_2024_E/unicycler_output/spades_assembly -k 27,53,71 --threads 1 --gfa11 --restart-from k53 -m 1024

spades.py -o /data/djs217/PROJECTS/vibrio/P0232_251203_11813_10386/12_filtlong/02_hybracter/hybracter_out/processing/plassembler/EXE_33_2024_E/unicycler_output/spades_assembly -k 27,53,71,87 --threads 1 --gfa11 --restart-from k71 -m 1024

spades.py -o /data/djs217/PROJECTS/vibrio/P0232_251203_11813_10386/12_filtlong/02_hybracter/hybracter_out/processing/plassembler/EXE_33_2024_E/unicycler_output/spades_assembly -k 27,53,71,87,99 --threads 1 --gfa11 --restart-from k87 -m 1024

spades.py -o /data/djs217/PROJECTS/vibrio/P0232_251203_11813_10386/12_filtlong/02_hybracter/hybracter_out/processing/plassembler/EXE_33_2024_E/unicycler_output/spades_assembly -k 27,53,71,87,99,111 --threads 1 --gfa11 --restart-from k99 -m 1024

spades.py -o /data/djs217/PROJECTS/vibrio/P0232_251203_11813_10386/12_filtlong/02_hybracter/hybracter_out/processing/plassembler/EXE_33_2024_E/unicycler_output/spades_assembly -k 27,53,71,87,99,111,119 --threads 1 --gfa11 --restart-from k111 -m 1024

spades.py -o /data/djs217/PROJECTS/vibrio/P0232_251203_11813_10386/12_filtlong/02_hybracter/hybracter_out/processing/plassembler/EXE_33_2024_E/unicycler_output/spades_assembly -k 27,53,71,87,99,111,119,127 --threads 1 --gfa11 --restart-from k119 -m 1024

K-mer   Contigs   Dead ends   Score   
   27       239           8   4.18e-04
   53       132           3   1.52e-03
   71        96           2   2.60e-03
   87        83           2   3.01e-03
   99        74           2   3.38e-03
  111        64           2   3.91e-03
  119        64           2   3.91e-03
  127        61           2   4.10e-03 <-best

Read depth filter: removed 3 contigs totalling 577 bp
Deleting /data/djs217/PROJECTS/vibrio/P0232_251203_11813_10386/12_filtlong/02_hybracter/hybracter_out/processing/plassembler/EXE_33_2024_E/unicycler_output/spades_assembly/


Determining graph multiplicity (2026-03-26 18:12:47)
----------------------------------------------------
    Multiplicity is the number of times a sequence occurs in the underlying sequence. Single-copy contigs (those with a multiplicity of one, occurring only once in the underlying sequence) are particularly useful.

Saving /data/djs217/PROJECTS/vibrio/P0232_251203_11813_10386/12_filtlong/02_hybracter/hybracter_out/processing/plassembler/EXE_33_2024_E/unicycler_output/002_depth_filter.gfa


Cleaning graph (2026-03-26 18:12:47)
------------------------------------
    Unicycler now performs various cleaning procedures on the graph to remove overlaps and simplify the graph structure. The end result is a graph ready for bridging.

Graph overlaps removed

Removed zero-length segments:
    36, 40, 48, 57

Merged small segments:
    45, 47, 53, 54, 55, 56, 60

Saving /data/djs217/PROJECTS/vibrio/P0232_251203_11813_10386/12_filtlong/02_hybracter/hybracter_out/processing/plassembler/EXE_33_2024_E/unicycler_output/003_overlaps_removed.gfa

    Unicycler now selects a set of anchor contigs from the single-copy contigs. These are the contigs which will be connected via bridges to form the final assembly.

20 anchor segments (1,507,915 bp) out of 50 total segments (1,742,138 bp)


Creating SPAdes contig bridges (2026-03-26 18:12:47)
----------------------------------------------------
    SPAdes uses paired-end information to perform repeat resolution (RR) and produce contigs from the assembly graph. SPAdes saves the graph paths corresponding to these contigs in the contigs.paths file. When one of these paths contains two or more anchor contigs, Unicycler can create a bridge from the path.

                                                          Bridge
Start                    Path                    End     quality
  -13                 22 -> -20                  14         62.1
   -8             -30 -> -48 -> -28              15         58.8
   -5                    -18                     12         42.1
   -3                 22 -> -20                  7          61.7
    2                 -33 -> 21                  4          59.9
    4                 -33 -> 21                  -7         58.2
    5                     18                     -13        60.7
    8   -33 -> -25 -> -27 -> -26 -> -24 -> -31   -12        60.6
   14                    -20                     2          62.6
   15             -30 -> -47 -> -28              1          38.3


Creating loop unrolling bridges (2026-03-26 18:12:47)
-----------------------------------------------------
    When a SPAdes contig path connects an anchor contig with the middle contig of a simple loop, Unicycler concludes that the sequences are contiguous (i.e. the loop is not a separate piece of DNA). It then uses the read depth of the middle and repeat contigs to guess the number of times to traverse the loop and makes a bridge.

No loop unrolling bridges made


Loading reads (2026-03-26 18:12:47)
-----------------------------------
9,064 / 9,064 (100.0%) - 87,966,910 bp


Assembling contigs and long reads with miniasm (2026-03-26 18:12:47)
--------------------------------------------------------------------
    Unicycler uses miniasm to construct a string graph assembly using both the short read contigs and the long reads. It will then use the resulting string graph to produce bridges between contigs. This method requires decent coverage of long reads and therefore may not be fruitful if long reads are sparse. However, it does not rely on the short read assembly graph having good connectivity and is able to bridge an assembly graph even when it contains many dead ends.
    Unicycler uses two types of "reads" as assembly input: anchor contigs from the short-read assembly and actual long reads which overlap two or more of these contigs. It then assembles them with miniasm.

Aligning long reads to graph using minimap

Saving to /data/djs217/PROJECTS/vibrio/P0232_251203_11813_10386/12_filtlong/02_hybracter/hybracter_out/processing/plassembler/EXE_33_2024_E/unicycler_output/miniasm_assembly/01_assembly_reads.fastq:
  13 short-read contigs
  832 long reads

Finding overlaps with minimap... 
success
  49,085 overlaps

Assembling reads with miniasm... 
success
  61 segments, 60 links

Saving /data/djs217/PROJECTS/vibrio/P0232_251203_11813_10386/12_filtlong/02_hybracter/hybracter_out/processing/plassembler/EXE_33_2024_E/unicycler_output/miniasm_assembly/11_branching_paths_removed.gfa
Merging segments into unitigs:
  1 linear unitig
  total size = 1,710,077 bp
Saving /data/djs217/PROJECTS/vibrio/P0232_251203_11813_10386/12_filtlong/02_hybracter/hybracter_out/processing/plassembler/EXE_33_2024_E/unicycler_output/miniasm_assembly/12_unitig_graph.gfa


Polishing miniasm assembly with Racon (2026-03-26 18:13:04)
-----------------------------------------------------------
    Unicycler now uses Racon to polish the miniasm assembly. It does multiple rounds of polishing to get the best consensus. Circular unitigs are rotated between rounds such that all parts (including the ends) are polished well.

Saving to /data/djs217/PROJECTS/vibrio/P0232_251203_11813_10386/12_filtlong/02_hybracter/hybracter_out/processing/plassembler/EXE_33_2024_E/unicycler_output/miniasm_assembly/racon_polish/polishing_reads.fastq:
  13 short-read contigs
  9,064 long reads

Polish       Assembly          Mapping
round            size          quality
begin       1,710,077         8,665.22
1           1,711,021         8,907.50

Best polish: /data/djs217/PROJECTS/vibrio/P0232_251203_11813_10386/12_filtlong/02_hybracter/hybracter_out/processing/plassembler/EXE_33_2024_E/unicycler_output/miniasm_assembly/racon_polish/006_rotated.fasta
Saving /data/djs217/PROJECTS/vibrio/P0232_251203_11813_10386/12_filtlong/02_hybracter/hybracter_out/processing/plassembler/EXE_33_2024_E/unicycler_output/miniasm_assembly/13_racon_polished.gfa
Saving /data/djs217/PROJECTS/vibrio/P0232_251203_11813_10386/12_filtlong/02_hybracter/hybracter_out/processing/plassembler/EXE_33_2024_E/unicycler_output/004_long_read_assembly.gfa

    Contigs in the short-read assembly graph which end in dead ends may contain bogus sequence near the dead end. Unicycler therefore uses the read clipping values from the miniasm assembly to trim these dead ends to only the parts which aligned well to long reads.

No dead ends required trimming.

    Unicycler now places the single copy contigs back into the unitig graph. This serves two purposes: a) it replaces long read assembly sequences (which may be error prone) with Illumina assembly sequence (which is probably quite accurate), improving the assembly quality, and b) it defines inter-contig sequences for use in building bridges.

Searching for contigs using 5,000 bp of contig ends.

Contig   Result              Start pos   End pos   Strand
     1   found in unitig 1      142170    512547        -
     2   found in unitig 1      816363   1056864        +
     3   found in unitig 1     1377957   1618372        +
     4   found in unitig 1     1058155   1283141        +
     5   found in unitig 1      645096    757561        +
     7   found in unitig 1     1284432   1376263        -
     8   found in unitig 1      525335    601973        +
    11   found in unitig 1     1637144   1680201        +
    12   found in unitig 1      603052    643805        -
    13   found in unitig 1      758852    798238        -
    14   found in unitig 1      799932    815116        +
    15   found in unitig 1      512858    525024        -
    32   not found                                       

Searching for contigs using 2,500 bp of contig ends.

Contig   Result      Start pos   End pos   Strand
    32   not found                               

Searching for contigs using 1,000 bp of contig ends.

Contig   Result      Start pos   End pos   Strand
    32   not found                               

Searching for contigs using 500 bp of contig ends.

Contig   Result      Start pos   End pos   Strand
    32   not found                               

Saving /data/djs217/PROJECTS/vibrio/P0232_251203_11813_10386/12_filtlong/02_hybracter/hybracter_out/processing/plassembler/EXE_33_2024_E/unicycler_output/miniasm_assembly/14_contigs_placed.gfa


Creating miniasm/Racon bridges (2026-03-26 18:16:11)
----------------------------------------------------
    Now that the miniasm/Racon string graph is complete, Unicycler will use it to build bridges between anchor segments.

       Start -> end   Best path                                 Quality
 1/11     4 -> -7     -33, 21                                    82.010
 2/11    -7 -> 3      20, -22                                    84.286
 3/11     3 -> 11     18, -17, -18, 16, -46, -19, -21, 33        42.990
 4/11    -1 -> -15    28, 47, 30                                 58.819
 5/11   -15 -> 8      28, 48, 30                                 90.179
 6/11     8 -> -12    -33, -25, -27, -26, -24, -31               86.924
 7/11   -12 -> 5      18                                         59.329
 8/11     5 -> -13    18                                         85.531
 9/11   -13 -> 14     22, -20                                    84.923
10/11    14 -> 2      -20                                        88.575
11/11     2 -> 4      -33, 21                                    84.488


Creating simple long read bridges (2026-03-26 18:16:12)
-------------------------------------------------------
    Unicycler uses long read alignments (from minimap) to resolve simple repeat structures in the graph. This takes care of some "low-hanging fruit" of the graph simplification.

Aligning long reads to graph using minimap

    Two-way junctions are defined as cases where two graph contigs (A and B) join together (C) and then split apart again (D and E). This usually represents a simple 2-copy repeat, and there are two possible options for its resolution: (A->C->D and B->C->E) or (A->C->E and B->C->D). Each read which spans such a junction gets to "vote" for option 1, option 2 or neither. Unicycler creates a bridge at each junction for the most voted for option.

No suitable two-way junctions present

    Simple loops are parts of the graph where two contigs (A and B) are connected via a repeat (C) which loops back to itself (via D). It is possible to traverse the loop zero times (A->C->B), one time (A->C->D->C->B), two times (A->C->D->C->D->C->B), etc. Long reads which span the loop inform which is the correct number of times through. In this step, such reads are found and each is aligned against alternative loop counts. A reads casts its "vote" for the loop count it agrees best with, and Unicycler creates a bridge using the most voted for count.

No suitable simple loops present


Determining low score threshold (2026-03-26 18:16:17)
-----------------------------------------------------
    Before conducting semi-global alignment of the long reads to the assembly graph, Unicycler must determine a minimum alignment score threshold such that nonsense alignments are excluded. To choose a threshold automatically, it examines alignments between random sequences and selects a score a few standard deviations above the mean.

Automatically choosing a threshold using random alignment scores.

Random alignment mean score: 61.66
         standard deviation:  1.31
        Low score threshold: 61.66 + (7 x 1.31) = 70.86


Aligning reads (2026-03-26 18:16:22)
------------------------------------
9,064 / 9,064 (100.0%)


Read alignment summary (2026-03-26 18:50:03)
--------------------------------------------
Total read count:             9,064
Fully aligned reads:          8,660
Partially aligned reads:        376
Unaligned reads:                 28
Total bases aligned:     86,586,842 bp
Mean alignment identity:         98.1%

Deleting /data/djs217/PROJECTS/vibrio/P0232_251203_11813_10386/12_filtlong/02_hybracter/hybracter_out/processing/plassembler/EXE_33_2024_E/unicycler_output/read_alignment/


Building long read bridges (2026-03-26 18:50:03)
------------------------------------------------
    Unicycler uses the long read alignments to produce bridges between anchor segments. These bridges can be formed using as few as one long read, giving Unicycler the ability to bridge the graph even when long-read depth is low.

       Start -> end   Best path                                 Quality
 1/14   -13 -> 14     22, -20                                    81.233
 2/14    -8 -> 15     -30, -48, -28                              76.997
 3/14    -7 -> 13     20, -22                                     7.521
 4/14    -5 -> 12     -18                                        55.844
 5/14    -3 -> 7      22, -20                                    81.826
 6/14    -2 -> 13     20, -14, 20, -22                           40.633
 7/14     2 -> 4      -33, 21                                    77.944
 8/14     3 -> 11     18, -17, -18, 16, -19, -21, 33             74.917
 9/14     7 -> -4     -21, 33                                    75.023
10/14    11 -> -3                                                 2.605
11/14    12 -> -8     31, 24, 26, 27, 25, 33                     65.540
12/14    13 -> -5     -18                                        79.842
13/14    14 -> 2      -20                                        79.924
14/14    15 -> 1      -30, -47, -28                              48.356


Applying bridges (2026-03-26 18:50:14)
--------------------------------------
    Unicycler now applies to the graph in decreasing order of quality. This ensures that when multiple, contradictory bridges exist, the most supported option is used.

Bridge type   Start -> end   Path                             Quality
miniasm        -15 -> 8      28, 48, 30                        90.179
miniasm         14 -> 2      -20                               88.575
miniasm          8 -> -12    -33, -25, -27, -26, -24, -31      86.924
miniasm          5 -> -13    18                                85.531
miniasm        -13 -> 14     22, -20                           84.923
miniasm          2 -> 4      -33, 21                           84.488
miniasm         -7 -> 3      20, -22                           84.286
miniasm          4 -> -7     -33, 21                           82.010
long read        3 -> 11     18, -17, -18, 16, -19, -21, 33    74.917
miniasm        -12 -> 5      18                                59.329
miniasm         -1 -> -15    28, 47, 30                        58.819

Saving /data/djs217/PROJECTS/vibrio/P0232_251203_11813_10386/12_filtlong/02_hybracter/hybracter_out/processing/plassembler/EXE_33_2024_E/unicycler_output/005_bridges_applied.gfa


Bridged assembly graph (2026-03-26 18:50:14)
--------------------------------------------
    The assembly is now mostly finished and no more structural changes will be made. Ideally the assembly graph should now have one contig per replicon and no erroneous contigs (i.e. a complete assembly). If there are more contigs, then the assembly is not complete.

Saving /data/djs217/PROJECTS/vibrio/P0232_251203_11813_10386/12_filtlong/02_hybracter/hybracter_out/processing/plassembler/EXE_33_2024_E/unicycler_output/006_final_clean.gfa

Component   Segments   Links   Length      N50         Longest segment   Status    
        1          9      12   1,752,325   1,539,000         1,539,000   incomplete


Assembly complete (2026-03-26 18:50:14)
---------------------------------------
Saving /data/djs217/PROJECTS/vibrio/P0232_251203_11813_10386/12_filtlong/02_hybracter/hybracter_out/processing/plassembler/EXE_33_2024_E/unicycler_output/assembly.gfa
Saving /data/djs217/PROJECTS/vibrio/P0232_251203_11813_10386/12_filtlong/02_hybracter/hybracter_out/processing/plassembler/EXE_33_2024_E/unicycler_output/assembly.fasta

