[2026-03-26 20:54:41] root: INFO: Starting Flye 2.9.6-b1802
[2026-03-26 20:54:41] root: DEBUG: Cmd: /data/djs217/miniconda3/envs/hybracter_env/lib/python3.11/site-packages/hybracter/workflow/conda/867e79b85cea33b7804e36b625a69929_/bin/flye --nano-hq hybracter_out/processing/qc/EXE_32_2024_G_filt_trim.fastq.gz -t 1 --out-dir hybracter_out/processing/assemblies/EXE_32_2024_G
[2026-03-26 20:54:41] root: DEBUG: Python version: 3.12.12 | packaged by conda-forge | (main, Oct 22 2025, 23:25:55) [GCC 14.3.0]
[2026-03-26 20:54:41] root: INFO: >>>STAGE: configure
[2026-03-26 20:54:41] root: INFO: Configuring run
[2026-03-26 20:54:48] root: INFO: Total read length: 180783443
[2026-03-26 20:54:48] root: INFO: Reads N50/N90: 16663 / 1742
[2026-03-26 20:54:48] root: INFO: Minimum overlap set to 2000
[2026-03-26 20:54:48] root: INFO: >>>STAGE: assembly
[2026-03-26 20:54:48] root: INFO: Assembling disjointigs
[2026-03-26 20:54:48] root: DEBUG: -----Begin assembly log------
[2026-03-26 20:54:48] root: DEBUG: Running: flye-modules assemble --reads /data/djs217/PROJECTS/vibrio/P0232_251203_11813_10386/12_filtlong/02_hybracter/hybracter_out/processing/qc/EXE_32_2024_G_filt_trim.fastq.gz --out-asm /data/djs217/PROJECTS/vibrio/P0232_251203_11813_10386/12_filtlong/02_hybracter/hybracter_out/processing/assemblies/EXE_32_2024_G/00-assembly/draft_assembly.fasta --config /data/djs217/miniconda3/envs/hybracter_env/lib/python3.11/site-packages/hybracter/workflow/conda/867e79b85cea33b7804e36b625a69929_/lib/python3.12/site-packages/flye/config/bin_cfg/asm_nano_hq.cfg --log /data/djs217/PROJECTS/vibrio/P0232_251203_11813_10386/12_filtlong/02_hybracter/hybracter_out/processing/assemblies/EXE_32_2024_G/flye.log --threads 1 --min-ovlp 2000
[2026-03-26 20:54:48] DEBUG: Build date: May  4 2025 23:17:52
[2026-03-26 20:54:48] DEBUG: Total RAM: 31 Gb
[2026-03-26 20:54:48] DEBUG: Available RAM: 24 Gb
[2026-03-26 20:54:48] DEBUG: Total CPUs: 16
[2026-03-26 20:54:48] DEBUG: Loading /data/djs217/miniconda3/envs/hybracter_env/lib/python3.11/site-packages/hybracter/workflow/conda/867e79b85cea33b7804e36b625a69929_/lib/python3.12/site-packages/flye/config/bin_cfg/asm_nano_hq.cfg
[2026-03-26 20:54:48] DEBUG: Loading /data/djs217/miniconda3/envs/hybracter_env/lib/python3.11/site-packages/hybracter/workflow/conda/867e79b85cea33b7804e36b625a69929_/lib/python3.12/site-packages/flye/config/bin_cfg/asm_defaults.cfg
[2026-03-26 20:54:48] DEBUG: 	big_genome_threshold=29000000
[2026-03-26 20:54:48] DEBUG: 	meta_read_filter_kmer_freq=100
[2026-03-26 20:54:48] DEBUG: 	chain_large_gap_penalty=2
[2026-03-26 20:54:48] DEBUG: 	chain_small_gap_penalty=0.5
[2026-03-26 20:54:48] DEBUG: 	chain_gap_jump_threshold=100
[2026-03-26 20:54:48] DEBUG: 	max_jump_gap=500
[2026-03-26 20:54:48] DEBUG: 	max_coverage_drop_rate=5
[2026-03-26 20:54:48] DEBUG: 	max_extensions_drop_rate=5
[2026-03-26 20:54:48] DEBUG: 	chimera_window=100
[2026-03-26 20:54:48] DEBUG: 	chimera_overhang=1000
[2026-03-26 20:54:48] DEBUG: 	min_reads_in_disjointig=4
[2026-03-26 20:54:48] DEBUG: 	max_inner_reads=10
[2026-03-26 20:54:48] DEBUG: 	max_inner_fraction=0.25
[2026-03-26 20:54:48] DEBUG: 	aggressive_dup_filter=1
[2026-03-26 20:54:48] DEBUG: 	max_separation=500
[2026-03-26 20:54:48] DEBUG: 	unique_edge_length=50000
[2026-03-26 20:54:48] DEBUG: 	min_repeat_res_support=0.51
[2026-03-26 20:54:48] DEBUG: 	out_paths_ratio=5
[2026-03-26 20:54:48] DEBUG: 	graph_cov_drop_rate=5
[2026-03-26 20:54:48] DEBUG: 	coverage_estimate_window=100
[2026-03-26 20:54:48] DEBUG: 	max_bubble_length=50000
[2026-03-26 20:54:48] DEBUG: 	loop_coverage_rate=1.5
[2026-03-26 20:54:48] DEBUG: 	repeat_edge_cov_mult=1.75
[2026-03-26 20:54:48] DEBUG: 	weak_detach_rate=5
[2026-03-26 20:54:48] DEBUG: 	tip_coverage_rate=2
[2026-03-26 20:54:48] DEBUG: 	tip_length_rate=2
[2026-03-26 20:54:48] DEBUG: 	output_gfa_before_rr=1
[2026-03-26 20:54:48] DEBUG: 	remove_alt_edges=0
[2026-03-26 20:54:48] DEBUG: 	low_cutoff_warning=0
[2026-03-26 20:54:48] DEBUG: 	kmer_size=17
[2026-03-26 20:54:48] DEBUG: 	use_minimizers=1
[2026-03-26 20:54:48] DEBUG: 	minimizer_window=10
[2026-03-26 20:54:48] DEBUG: 	reads_base_alignment=1
[2026-03-26 20:54:48] DEBUG: 	meta_read_top_kmer_rate=0.75
[2026-03-26 20:54:48] DEBUG: 	maximum_jump=1500
[2026-03-26 20:54:48] DEBUG: 	maximum_overhang=1500
[2026-03-26 20:54:48] DEBUG: 	repeat_kmer_rate=100
[2026-03-26 20:54:48] DEBUG: 	assemble_ovlp_divergence=0.03
[2026-03-26 20:54:48] DEBUG: 	assemble_divergence_relative=1
[2026-03-26 20:54:48] DEBUG: 	repeat_graph_ovlp_divergence=0.03
[2026-03-26 20:54:48] DEBUG: 	read_align_ovlp_divergence=0.10
[2026-03-26 20:54:48] DEBUG: 	hpc_scoring_on=1
[2026-03-26 20:54:48] DEBUG: 	add_unassembled_reads=0
[2026-03-26 20:54:48] DEBUG: 	extend_contigs_with_repeats=0
[2026-03-26 20:54:48] DEBUG: 	min_read_cov_cutoff=3
[2026-03-26 20:54:48] DEBUG: 	short_tip_length=20000
[2026-03-26 20:54:48] DEBUG: 	long_tip_length=100000
[2026-03-26 20:54:48] DEBUG: Running with k-mer size: 17
[2026-03-26 20:54:48] DEBUG: Running with minimum overlap 2000
[2026-03-26 20:54:48] DEBUG: Metagenome mode: N
[2026-03-26 20:54:48] DEBUG: Short mode: N
[2026-03-26 20:54:48] INFO: Reading sequences
[2026-03-26 20:54:51] DEBUG: Building positional index
[2026-03-26 20:54:51] DEBUG: Total sequence: 160512018 bp
[2026-03-26 20:54:51] INFO: Building minimizer index
[2026-03-26 20:54:51] INFO: Pre-calculating index storage
[2026-03-26 20:55:03] DEBUG: Mean k-mer frequency: 9.80383
[2026-03-26 20:55:03] DEBUG: Repetitive k-mer frequency: 980
[2026-03-26 20:55:03] DEBUG: Filtered 90834 repetitive k-mers (0.00312282)
[2026-03-26 20:55:03] INFO: Filling index
[2026-03-26 20:55:19] DEBUG: Sorting k-mer index
[2026-03-26 20:55:19] DEBUG: Selected k-mers: 2966909
[2026-03-26 20:55:19] DEBUG: K-mer index size: 28996363
[2026-03-26 20:55:19] DEBUG: Mean k-mer frequency: 9.77326
[2026-03-26 20:55:19] DEBUG: Minimizer rate: 5.53559
[2026-03-26 20:55:19] DEBUG: Peak RAM usage: 0 Gb
[2026-03-26 20:55:19] DEBUG: Estimating k-mer identity bias
[2026-03-26 20:55:51] DEBUG: Initial divergence estimate : 0.00836348
[2026-03-26 20:55:51] DEBUG: Relative threshold: Y
[2026-03-26 20:55:51] DEBUG: Max divergence threshold set to 0.0383635
[2026-03-26 20:55:51] INFO: Extending reads
[2026-03-26 20:55:51] DEBUG: Estimating overlap coverage
[2026-03-26 20:56:20] INFO: Overlap-based coverage: 27
[2026-03-26 20:56:20] INFO: Median overlap divergence: 0.00884495
[2026-03-26 20:56:20] DEBUG: Sequence divergence distribution: 

    | *     |                                                                                            
    | *     |                                                                                            
    |**     |                                                                                            
    |**     |                                                                                            
    |**     |                                                                                            
    |**     |                                                                                            
    |**     |                                                                                            
    |**     |                                                                                            
    |**     |                                                                                            
    |**     |                                                                                            
    |***    |                                                                                            
    |***    |                                                                                            
    |***    |                                                                                            
    |***    |                                                                                            
    |****   |                                                                                            
    |****   |                                                                                            
    |*****  |                                                                                            
    |****** |                                                                                            
    |*********                                                                                           
    |*************************** * *  *    * *                                                           
    ----------------------------------------------------------------------------------------------------
    0%        5%        10%       15%       20%       25%       30%       35%       40%       45%       

    Q25 = 0.005, Q50 = 0.0088, Q75 = 0.018

[2026-03-26 20:56:52] DEBUG: Assembled disjointig 1
	With 258 reads
	Start read: +9cd7458a-c353-4873-9132-b544548f4e31
	At position: 255
	leftTip: 0 rightTip: 0
	Suspicious: 1
	Short ext: 1
	Mean extensions: 21
	Avg overlap len: 32632
	Min overlap len: 1406
	Inner reads: 0
	Length: 3460298
[2026-03-26 20:56:52] DEBUG: Inner: 16550 covered: 16422 total: 27976
[2026-03-26 20:57:09] DEBUG: Assembled disjointig 2
	With 150 reads
	Start read: +9a08536a-c6ba-471a-999f-6abaf67ef607
	At position: 146
	leftTip: 1 rightTip: 0
	Suspicious: 1
	Short ext: 0
	Mean extensions: 20
	Avg overlap len: 32445
	Min overlap len: 3941
	Inner reads: 0
	Length: 1857601
[2026-03-26 20:57:09] DEBUG: Inner: 25226 covered: 24992 total: 27976
[2026-03-26 20:57:55] INFO: Assembled 2 disjointigs
[2026-03-26 20:57:55] INFO: Generating sequence
[2026-03-26 20:57:56] DEBUG: Building positional index
[2026-03-26 20:57:56] DEBUG: Total sequence: 5317898 bp
[2026-03-26 20:57:56] DEBUG: Mean k-mer frequency: 1.04222
[2026-03-26 20:57:56] DEBUG: Repetitive k-mer frequency: 104
[2026-03-26 20:57:56] DEBUG: Filtered 0 repetitive k-mers (0)
[2026-03-26 20:57:57] DEBUG: Sorting k-mer index
[2026-03-26 20:57:57] DEBUG: Selected k-mers: 927381
[2026-03-26 20:57:57] DEBUG: K-mer index size: 966536
[2026-03-26 20:57:57] DEBUG: Mean k-mer frequency: 1.04222
[2026-03-26 20:57:57] DEBUG: Minimizer rate: 5.50202
[2026-03-26 20:57:57] INFO: Filtering contained disjointigs
[2026-03-26 20:57:58] DEBUG: Computing transitive closure for overlaps
[2026-03-26 20:57:58] DEBUG: Found 8 overlaps
[2026-03-26 20:57:58] DEBUG: Left 8 overlaps after filtering
[2026-03-26 20:57:58] INFO: Contained seqs: 0
[2026-03-26 20:57:58] DEBUG: Writing FASTA
[2026-03-26 20:57:58] DEBUG: Peak RAM usage: 0 Gb
-----------End assembly log------------
[2026-03-26 20:57:58] root: DEBUG: Disjointigs length: 5317898, N50: 3460305
[2026-03-26 20:57:58] root: INFO: >>>STAGE: consensus
[2026-03-26 20:57:58] root: INFO: Running Minimap2
[2026-03-26 20:59:20] root: INFO: Computing consensus
[2026-03-26 21:00:33] root: INFO: Alignment error rate: 0.023626
[2026-03-26 21:00:33] root: INFO: >>>STAGE: repeat
[2026-03-26 21:00:33] root: INFO: Building and resolving repeat graph
[2026-03-26 21:00:33] root: DEBUG: -----Begin repeat analyser log------
[2026-03-26 21:00:33] root: DEBUG: Running: flye-modules repeat --disjointigs /data/djs217/PROJECTS/vibrio/P0232_251203_11813_10386/12_filtlong/02_hybracter/hybracter_out/processing/assemblies/EXE_32_2024_G/10-consensus/consensus.fasta --reads /data/djs217/PROJECTS/vibrio/P0232_251203_11813_10386/12_filtlong/02_hybracter/hybracter_out/processing/qc/EXE_32_2024_G_filt_trim.fastq.gz --out-dir /data/djs217/PROJECTS/vibrio/P0232_251203_11813_10386/12_filtlong/02_hybracter/hybracter_out/processing/assemblies/EXE_32_2024_G/20-repeat --config /data/djs217/miniconda3/envs/hybracter_env/lib/python3.11/site-packages/hybracter/workflow/conda/867e79b85cea33b7804e36b625a69929_/lib/python3.12/site-packages/flye/config/bin_cfg/asm_nano_hq.cfg --log /data/djs217/PROJECTS/vibrio/P0232_251203_11813_10386/12_filtlong/02_hybracter/hybracter_out/processing/assemblies/EXE_32_2024_G/flye.log --threads 1 --min-ovlp 2000
[2026-03-26 21:00:33] DEBUG: Build date: May  4 2025 23:18:08
[2026-03-26 21:00:33] DEBUG: Total RAM: 31 Gb
[2026-03-26 21:00:33] DEBUG: Available RAM: 23 Gb
[2026-03-26 21:00:33] DEBUG: Total CPUs: 16
[2026-03-26 21:00:33] DEBUG: Loading /data/djs217/miniconda3/envs/hybracter_env/lib/python3.11/site-packages/hybracter/workflow/conda/867e79b85cea33b7804e36b625a69929_/lib/python3.12/site-packages/flye/config/bin_cfg/asm_nano_hq.cfg
[2026-03-26 21:00:33] DEBUG: Loading /data/djs217/miniconda3/envs/hybracter_env/lib/python3.11/site-packages/hybracter/workflow/conda/867e79b85cea33b7804e36b625a69929_/lib/python3.12/site-packages/flye/config/bin_cfg/asm_defaults.cfg
[2026-03-26 21:00:33] DEBUG: 	big_genome_threshold=29000000
[2026-03-26 21:00:33] DEBUG: 	meta_read_filter_kmer_freq=100
[2026-03-26 21:00:33] DEBUG: 	chain_large_gap_penalty=2
[2026-03-26 21:00:33] DEBUG: 	chain_small_gap_penalty=0.5
[2026-03-26 21:00:33] DEBUG: 	chain_gap_jump_threshold=100
[2026-03-26 21:00:33] DEBUG: 	max_jump_gap=500
[2026-03-26 21:00:33] DEBUG: 	max_coverage_drop_rate=5
[2026-03-26 21:00:33] DEBUG: 	max_extensions_drop_rate=5
[2026-03-26 21:00:33] DEBUG: 	chimera_window=100
[2026-03-26 21:00:33] DEBUG: 	chimera_overhang=1000
[2026-03-26 21:00:33] DEBUG: 	min_reads_in_disjointig=4
[2026-03-26 21:00:33] DEBUG: 	max_inner_reads=10
[2026-03-26 21:00:33] DEBUG: 	max_inner_fraction=0.25
[2026-03-26 21:00:33] DEBUG: 	aggressive_dup_filter=1
[2026-03-26 21:00:33] DEBUG: 	max_separation=500
[2026-03-26 21:00:33] DEBUG: 	unique_edge_length=50000
[2026-03-26 21:00:33] DEBUG: 	min_repeat_res_support=0.51
[2026-03-26 21:00:33] DEBUG: 	out_paths_ratio=5
[2026-03-26 21:00:33] DEBUG: 	graph_cov_drop_rate=5
[2026-03-26 21:00:33] DEBUG: 	coverage_estimate_window=100
[2026-03-26 21:00:33] DEBUG: 	max_bubble_length=50000
[2026-03-26 21:00:33] DEBUG: 	loop_coverage_rate=1.5
[2026-03-26 21:00:33] DEBUG: 	repeat_edge_cov_mult=1.75
[2026-03-26 21:00:33] DEBUG: 	weak_detach_rate=5
[2026-03-26 21:00:33] DEBUG: 	tip_coverage_rate=2
[2026-03-26 21:00:33] DEBUG: 	tip_length_rate=2
[2026-03-26 21:00:33] DEBUG: 	output_gfa_before_rr=1
[2026-03-26 21:00:33] DEBUG: 	remove_alt_edges=0
[2026-03-26 21:00:33] DEBUG: 	low_cutoff_warning=0
[2026-03-26 21:00:33] DEBUG: 	kmer_size=17
[2026-03-26 21:00:33] DEBUG: 	use_minimizers=1
[2026-03-26 21:00:33] DEBUG: 	minimizer_window=10
[2026-03-26 21:00:33] DEBUG: 	reads_base_alignment=1
[2026-03-26 21:00:33] DEBUG: 	meta_read_top_kmer_rate=0.75
[2026-03-26 21:00:33] DEBUG: 	maximum_jump=1500
[2026-03-26 21:00:33] DEBUG: 	maximum_overhang=1500
[2026-03-26 21:00:33] DEBUG: 	repeat_kmer_rate=100
[2026-03-26 21:00:33] DEBUG: 	assemble_ovlp_divergence=0.03
[2026-03-26 21:00:33] DEBUG: 	assemble_divergence_relative=1
[2026-03-26 21:00:33] DEBUG: 	repeat_graph_ovlp_divergence=0.03
[2026-03-26 21:00:33] DEBUG: 	read_align_ovlp_divergence=0.10
[2026-03-26 21:00:33] DEBUG: 	hpc_scoring_on=1
[2026-03-26 21:00:33] DEBUG: 	add_unassembled_reads=0
[2026-03-26 21:00:33] DEBUG: 	extend_contigs_with_repeats=0
[2026-03-26 21:00:33] DEBUG: 	min_read_cov_cutoff=3
[2026-03-26 21:00:33] DEBUG: 	short_tip_length=20000
[2026-03-26 21:00:33] DEBUG: 	long_tip_length=100000
[2026-03-26 21:00:33] DEBUG: Running with k-mer size: 17
[2026-03-26 21:00:33] DEBUG: Selected minimum overlap 2000
[2026-03-26 21:00:33] DEBUG: Metagenome mode: N
[2026-03-26 21:00:33] INFO: Parsing disjointigs
[2026-03-26 21:00:33] DEBUG: Building positional index
[2026-03-26 21:00:33] DEBUG: Total sequence: 5317780 bp
[2026-03-26 21:00:33] INFO: Building repeat graph
[2026-03-26 21:00:33] DEBUG: Mean k-mer frequency: 1.04265
[2026-03-26 21:00:33] DEBUG: Repetitive k-mer frequency: 104
[2026-03-26 21:00:33] DEBUG: Filtered 0 repetitive k-mers (0)
[2026-03-26 21:00:34] DEBUG: Sorting k-mer index
[2026-03-26 21:00:34] DEBUG: Selected k-mers: 927330
[2026-03-26 21:00:34] DEBUG: K-mer index size: 966884
[2026-03-26 21:00:34] DEBUG: Mean k-mer frequency: 1.04265
[2026-03-26 21:00:34] DEBUG: Minimizer rate: 5.49992
[2026-03-26 21:00:35] DEBUG: Computing transitive closure for overlaps
[2026-03-26 21:00:35] DEBUG: Found 600 overlaps
[2026-03-26 21:00:35] DEBUG: Left 248 overlaps after filtering
[2026-03-26 21:00:35] INFO: Median overlap divergence: 0.0636102
[2026-03-26 21:00:35] DEBUG: Sequence divergence distribution: 

    | *    |                                                                                             
    | *    |                                                                                             
    | *    |                                                                                             
    | *    |                                                                                             
    | *    |                                                                                             
    | *    |                                                                                             
    | *    |                                                                                             
    | *    |                                                                                             
    | *    |                                                                                             
    | *    |                                                                                             
    | *    |                                                                                             
    | *    |                                                                                             
    | *    |                                                                                             
    | * ** |* *  *                    *                                 *  *      *                      
    | * ** |* *  *                    *                                 *  *      *                      
    | * ** |* *  *                    *                                 *  *      *                      
    | ******* *  *           * *      ** **      *       *            * *  *      **                     
    | ******* *  *           * *      ** **      *       *            * *  *      **                     
    | ******* *  *           * *      ** **      *       *            * *  *      **                     
    | ******* *  *           * *      ** **      *       *            * *  *      **                     
    ----------------------------------------------------------------------------------------------------
    0%        5%        10%       15%       20%       25%       30%       35%       40%       45%       

    Q25 = 0.024, Q50 = 0.064, Q75 = 0.26

[2026-03-26 21:00:35] DEBUG: Computing gluepoints
[2026-03-26 21:00:35] DEBUG: Added 0 gluepoint projections
[2026-03-26 21:00:35] DEBUG: Created 96 gluepoints
[2026-03-26 21:00:35] DEBUG: Artificial loops removed: 0 left, 0 right, 2 both
[2026-03-26 21:00:35] DEBUG: Initializing edges
[2026-03-26 21:00:35] DEBUG: Edges length checksum: 18446744066867727530
[2026-03-26 21:00:35] DEBUG: Filtered 0 singleton segments
[2026-03-26 21:00:35] DEBUG: Removed 0 simple and 0 double chimeric junctions
[2026-03-26 21:00:35] DEBUG: Collapsed 4 edges
[2026-03-26 21:00:35] DEBUG: *	21	+disjointig_1	70079	291159	221080	
[2026-03-26 21:00:35] DEBUG:  	22	+disjointig_1	291159	296689	5530	
[2026-03-26 21:00:35] DEBUG: *	10	+disjointig_1	296689	378748	82059	
[2026-03-26 21:00:35] DEBUG:  	-22	+disjointig_1	378748	384292	5544	
[2026-03-26 21:00:35] DEBUG: *	-9	+disjointig_1	384292	420667	36375	
[2026-03-26 21:00:35] DEBUG:  	-22	+disjointig_1	420667	426061	5394	
[2026-03-26 21:00:35] DEBUG: *	-8	+disjointig_1	426061	479927	53866	
[2026-03-26 21:00:35] DEBUG:  	-22	+disjointig_1	479927	490891	10964	
[2026-03-26 21:00:35] DEBUG: *	-7	+disjointig_1	490891	528917	38026	
[2026-03-26 21:00:35] DEBUG:  	-22	+disjointig_1	528917	539516	10599	
[2026-03-26 21:00:35] DEBUG: *	-6	+disjointig_1	539516	708920	169404	
[2026-03-26 21:00:35] DEBUG:  	-22	+disjointig_1	708920	719660	10740	
[2026-03-26 21:00:35] DEBUG: *	-5	+disjointig_1	719660	819560	99900	
[2026-03-26 21:00:35] DEBUG:  	-22	+disjointig_1	819560	824908	5348	
[2026-03-26 21:00:35] DEBUG: *	14	+disjointig_1	824908	1857198	1032290	
[2026-03-26 21:00:35] DEBUG:  	17	+disjointig_1	1857198	1859314	2116	
[2026-03-26 21:00:35] DEBUG: *	-15	+disjointig_1	1859314	3121790	1262476	
[2026-03-26 21:00:35] DEBUG:  	22	+disjointig_1	3121790	3127142	5352	
[2026-03-26 21:00:35] DEBUG: *	20	+disjointig_1	3127142	3459719	332577	
[2026-03-26 21:00:35] DEBUG: *	-23	+disjointig_2	75	178647	178572	
[2026-03-26 21:00:35] DEBUG:  	-22	+disjointig_2	178647	184057	5410	
[2026-03-26 21:00:35] DEBUG: *	16	+disjointig_2	184057	1277851	1093794	
[2026-03-26 21:00:35] DEBUG:  	-17	+disjointig_2	1277851	1279956	2105	
[2026-03-26 21:00:35] DEBUG: *	-24	+disjointig_2	1279956	1803722	523766	
[2026-03-26 21:00:35] DEBUG: Total edges: 24
[2026-03-26 21:00:35] INFO: Parsing reads
[2026-03-26 21:00:38] DEBUG: Building positional index
[2026-03-26 21:00:38] DEBUG: Total sequence: 180783443 bp
[2026-03-26 21:00:38] DEBUG: Building positional index
[2026-03-26 21:00:38] DEBUG: Total sequence: 5193287 bp
[2026-03-26 21:00:38] INFO: Aligning reads to the graph
[2026-03-26 21:00:38] DEBUG: Mean k-mer frequency: 1.0191
[2026-03-26 21:00:38] DEBUG: Repetitive k-mer frequency: 101
[2026-03-26 21:00:38] DEBUG: Filtered 0 repetitive k-mers (0)
[2026-03-26 21:00:39] DEBUG: Sorting k-mer index
[2026-03-26 21:00:39] DEBUG: Selected k-mers: 926365
[2026-03-26 21:00:39] DEBUG: K-mer index size: 944059
[2026-03-26 21:00:39] DEBUG: Mean k-mer frequency: 1.0191
[2026-03-26 21:00:39] DEBUG: Minimizer rate: 5.50102
[2026-03-26 21:01:25] DEBUG: Total reads : 13988
[2026-03-26 21:01:25] DEBUG: Read with aligned parts : 13360
[2026-03-26 21:01:25] DEBUG: Aligned in one piece : 13098
[2026-03-26 21:01:25] INFO: Aligned read sequence: 156433855 / 160512018 (0.974593)
[2026-03-26 21:01:25] INFO: Median overlap divergence: 0.00369781
[2026-03-26 21:01:25] DEBUG: Sequence divergence distribution: 

    |*                   |                                                                               
    |*                   |                                                                               
    |*                   |                                                                               
    |*                   |                                                                               
    |*                   |                                                                               
    |*                   |                                                                               
    |*                   |                                                                               
    |*                   |                                                                               
    |*                   |                                                                               
    |*                   |                                                                               
    |*                   |                                                                               
    |*                   |                                                                               
    |*                   |                                                                               
    |*                   |                                                                               
    |**                  |                                                                               
    |**                  |                                                                               
    |**                  |                                                                               
    |***                 |                                                                               
    |****                |                                                                               
    |*****************************  **  * *   ***   *      *                      *                      
    ----------------------------------------------------------------------------------------------------
    0%        5%        10%       15%       20%       25%       30%       35%       40%       45%       

    Q25 = 0.0019, Q50 = 0.0037, Q75 = 0.0088

[2026-03-26 21:01:25] INFO: Mean edge coverage: 30
[2026-03-26 21:01:25] DEBUG: 5	len:99900	cov:27	mult:0.9
[2026-03-26 21:01:25] DEBUG: -5	len:99900	cov:27	mult:0.9
[2026-03-26 21:01:25] DEBUG: 6	len:169404	cov:33	mult:1.1
[2026-03-26 21:01:25] DEBUG: -6	len:169404	cov:33	mult:1.1
[2026-03-26 21:01:25] DEBUG: 7	len:38026	cov:29	mult:0.966667
[2026-03-26 21:01:25] DEBUG: -7	len:38026	cov:29	mult:0.966667
[2026-03-26 21:01:25] DEBUG: 8	len:53866	cov:30	mult:1
[2026-03-26 21:01:25] DEBUG: -8	len:53866	cov:30	mult:1
[2026-03-26 21:01:25] DEBUG: 9	len:36375	cov:24	mult:0.8
[2026-03-26 21:01:25] DEBUG: -9	len:36375	cov:24	mult:0.8
[2026-03-26 21:01:25] DEBUG: 10	len:82059	cov:35	mult:1.16667
[2026-03-26 21:01:25] DEBUG: -10	len:82059	cov:35	mult:1.16667
[2026-03-26 21:01:25] DEBUG: 14	len:1032290	cov:31	mult:1.03333
[2026-03-26 21:01:25] DEBUG: -14	len:1032290	cov:31	mult:1.03333
[2026-03-26 21:01:25] DEBUG: 15	len:1262476	cov:29	mult:0.966667
[2026-03-26 21:01:25] DEBUG: -15	len:1262476	cov:29	mult:0.966667
[2026-03-26 21:01:25] DEBUG: 16	len:1093794	cov:29	mult:0.966667
[2026-03-26 21:01:25] DEBUG: -16	len:1093794	cov:29	mult:0.966667
[2026-03-26 21:01:25] DEBUG: 17	len:2110	cov:47	mult:1.56667
[2026-03-26 21:01:25] DEBUG: -17	len:2110	cov:47	mult:1.56667
[2026-03-26 21:01:25] DEBUG: 20	len:332577	cov:30	mult:1
[2026-03-26 21:01:25] DEBUG: -20	len:332577	cov:30	mult:1
[2026-03-26 21:01:25] DEBUG: 21	len:221080	cov:34	mult:1.13333
[2026-03-26 21:01:25] DEBUG: -21	len:221080	cov:34	mult:1.13333
[2026-03-26 21:01:25] DEBUG: 22	len:5406	cov:339	mult:11.3
[2026-03-26 21:01:25] DEBUG: -22	len:5406	cov:339	mult:11.3
[2026-03-26 21:01:25] DEBUG: 23	len:178572	cov:32	mult:1.06667
[2026-03-26 21:01:25] DEBUG: -23	len:178572	cov:32	mult:1.06667
[2026-03-26 21:01:25] DEBUG: 24	len:523766	cov:29	mult:0.966667
[2026-03-26 21:01:25] DEBUG: -24	len:523766	cov:29	mult:0.966667
[2026-03-26 21:01:25] DEBUG: Unique coverage threshold 56
[2026-03-26 21:01:25] INFO: Simplifying the graph
[2026-03-26 21:01:25] DEBUG: Read coverage cutoff: 6
[2026-03-26 21:01:25] DEBUG: [SIMPL] Removed 0 paths with low coverage
[2026-03-26 21:01:25] DEBUG: [SIMPL] Masked 0 heterozygous loops
[2026-03-26 21:01:25] DEBUG: [SIMPL] Masked 0 simple bubbles
[2026-03-26 21:01:25] DEBUG: Finding repeats
[2026-03-26 21:01:25] DEBUG: Read coverage cutoff: 6
[2026-03-26 21:01:25] DEBUG: High-cov: 22	5406	339
[2026-03-26 21:01:25] DEBUG: Repeat detection iteration 1
[2026-03-26 21:01:25] DEBUG: Starting 17 aln:52
[2026-03-26 21:01:25] DEBUG: 	      -15	num:20	flank:22296	span:13
[2026-03-26 21:01:25] DEBUG: 	      -16	num:22	flank:14265	span:20
[2026-03-26 21:01:25] DEBUG: Starting -17 aln:52
[2026-03-26 21:01:25] DEBUG: 	      -14	num:22	flank:20185	span:4
[2026-03-26 21:01:25] DEBUG: 	      -24	num:23	flank:16388	span:16
[2026-03-26 21:01:25] DEBUG: Mult: 17	2110	47	 (1,1)
[2026-03-26 21:01:25] DEBUG: Writing Dot
[2026-03-26 21:01:25] DEBUG: Writing FASTA
[2026-03-26 21:01:25] DEBUG: Writing Gfa
[2026-03-26 21:01:25] DEBUG: [SIMPL] == Iteration 1 ==
[2026-03-26 21:01:25] DEBUG: Splitting nodes
[2026-03-26 21:01:25] DEBUG: [SIMPL] Split 0 nodes
[2026-03-26 21:01:25] DEBUG: [SIMPL] Clipped 0 short and 0 long tips
[2026-03-26 21:01:25] DEBUG: [SIMPL] Masked 0 heterozygous loops
[2026-03-26 21:01:25] DEBUG: [SIMPL] Masked 0 simple bubbles
[2026-03-26 21:01:25] DEBUG: Finding repeats
[2026-03-26 21:01:25] DEBUG: Read coverage cutoff: 6
[2026-03-26 21:01:25] DEBUG: High-cov: 22	5406	339
[2026-03-26 21:01:25] DEBUG: Repeat detection iteration 1
[2026-03-26 21:01:25] DEBUG: Starting 17 aln:52
[2026-03-26 21:01:25] DEBUG: 	      -15	num:20	flank:22296	span:13
[2026-03-26 21:01:25] DEBUG: 	      -16	num:22	flank:14265	span:20
[2026-03-26 21:01:25] DEBUG: Starting -17 aln:52
[2026-03-26 21:01:25] DEBUG: 	      -14	num:22	flank:20185	span:4
[2026-03-26 21:01:25] DEBUG: 	      -24	num:23	flank:16388	span:16
[2026-03-26 21:01:25] DEBUG: Mult: 17	2110	47	 (1,1)
[2026-03-26 21:01:25] DEBUG: Total unique edges: 13
[2026-03-26 21:01:25] DEBUG: 	Connection -20	15	10	1
[2026-03-26 21:01:25] DEBUG: 	Connection 8	9	11	1
[2026-03-26 21:01:25] DEBUG: 	Connection -5	14	17	1
[2026-03-26 21:01:25] DEBUG: 	Connection 7	8	9	1
[2026-03-26 21:01:25] DEBUG: 	Connection 10	-9	11	1
[2026-03-26 21:01:25] DEBUG: 	Connection -7	-6	9	1
[2026-03-26 21:01:25] DEBUG: 	Connection -23	16	14	1
[2026-03-26 21:01:25] DEBUG: 	Connection 16	-24	18	1
[2026-03-26 21:01:25] DEBUG: 	Connection 21	10	25	1
[2026-03-26 21:01:25] DEBUG: 	Connection -6	-5	13	1
[2026-03-26 21:01:25] DEBUG: 	Connection 15	-14	17	1
[2026-03-26 21:01:25] DEBUG: [SIMPL] Resolved repeats: 11
[2026-03-26 21:01:25] DEBUG: RR links: 308
[2026-03-26 21:01:25] DEBUG: Unresolved: 0
[2026-03-26 21:01:25] DEBUG: Removed 0 simple and 0 double chimeric junctions
[2026-03-26 21:01:25] DEBUG: [SIMPL] == Iteration 2 ==
[2026-03-26 21:01:25] DEBUG: Splitting nodes
[2026-03-26 21:01:25] DEBUG: [SIMPL] Split 0 nodes
[2026-03-26 21:01:25] DEBUG: [SIMPL] Clipped 0 short and 0 long tips
[2026-03-26 21:01:25] DEBUG: [SIMPL] Masked 0 heterozygous loops
[2026-03-26 21:01:25] DEBUG: [SIMPL] Masked 0 simple bubbles
[2026-03-26 21:01:25] DEBUG: Finding repeats
[2026-03-26 21:01:25] DEBUG: Read coverage cutoff: 6
[2026-03-26 21:01:25] DEBUG: Repeat detection iteration 1
[2026-03-26 21:01:25] DEBUG: Total unique edges: 24
[2026-03-26 21:01:25] DEBUG: [SIMPL] Resolved repeats: 0
[2026-03-26 21:01:25] DEBUG: RR links: 0
[2026-03-26 21:01:25] DEBUG: Unresolved: 0
[2026-03-26 21:01:25] DEBUG: Removed 0 simple and 0 double chimeric junctions
[2026-03-26 21:01:25] DEBUG: [SIMPL] Collapsed 0 haplotypes
[2026-03-26 21:01:25] DEBUG: [SIMPL] Resolved 0 simple repeats
[2026-03-26 21:01:25] DEBUG: Read coverage cutoff: 6
[2026-03-26 21:01:25] DEBUG: [SIMPL] Removed 0 paths with low coverage
[2026-03-26 21:01:25] DEBUG: Finding repeats
[2026-03-26 21:01:25] DEBUG: Read coverage cutoff: 6
[2026-03-26 21:01:25] DEBUG: Repeat detection iteration 1
[2026-03-26 21:01:25] DEBUG: Writing Dot
[2026-03-26 21:01:25] DEBUG: Writing FASTA
[2026-03-26 21:01:25] DEBUG: Peak RAM usage: 0 Gb
-----------End assembly log------------
[2026-03-26 21:01:25] root: INFO: >>>STAGE: contigger
[2026-03-26 21:01:26] root: INFO: Generating contigs
[2026-03-26 21:01:26] root: DEBUG: -----Begin contigger analyser log------
[2026-03-26 21:01:26] root: DEBUG: Running: flye-modules contigger --graph-edges /data/djs217/PROJECTS/vibrio/P0232_251203_11813_10386/12_filtlong/02_hybracter/hybracter_out/processing/assemblies/EXE_32_2024_G/20-repeat/repeat_graph_edges.fasta --reads /data/djs217/PROJECTS/vibrio/P0232_251203_11813_10386/12_filtlong/02_hybracter/hybracter_out/processing/qc/EXE_32_2024_G_filt_trim.fastq.gz --out-dir /data/djs217/PROJECTS/vibrio/P0232_251203_11813_10386/12_filtlong/02_hybracter/hybracter_out/processing/assemblies/EXE_32_2024_G/30-contigger --config /data/djs217/miniconda3/envs/hybracter_env/lib/python3.11/site-packages/hybracter/workflow/conda/867e79b85cea33b7804e36b625a69929_/lib/python3.12/site-packages/flye/config/bin_cfg/asm_nano_hq.cfg --repeat-graph /data/djs217/PROJECTS/vibrio/P0232_251203_11813_10386/12_filtlong/02_hybracter/hybracter_out/processing/assemblies/EXE_32_2024_G/20-repeat/repeat_graph_dump --graph-aln /data/djs217/PROJECTS/vibrio/P0232_251203_11813_10386/12_filtlong/02_hybracter/hybracter_out/processing/assemblies/EXE_32_2024_G/20-repeat/read_alignment_dump --log /data/djs217/PROJECTS/vibrio/P0232_251203_11813_10386/12_filtlong/02_hybracter/hybracter_out/processing/assemblies/EXE_32_2024_G/flye.log --threads 1 --min-ovlp 2000
[2026-03-26 21:01:26] DEBUG: Build date: May  4 2025 23:18:25
[2026-03-26 21:01:26] DEBUG: Total RAM: 31 Gb
[2026-03-26 21:01:26] DEBUG: Available RAM: 24 Gb
[2026-03-26 21:01:26] DEBUG: Total CPUs: 16
[2026-03-26 21:01:26] DEBUG: Loading /data/djs217/miniconda3/envs/hybracter_env/lib/python3.11/site-packages/hybracter/workflow/conda/867e79b85cea33b7804e36b625a69929_/lib/python3.12/site-packages/flye/config/bin_cfg/asm_nano_hq.cfg
[2026-03-26 21:01:26] DEBUG: Loading /data/djs217/miniconda3/envs/hybracter_env/lib/python3.11/site-packages/hybracter/workflow/conda/867e79b85cea33b7804e36b625a69929_/lib/python3.12/site-packages/flye/config/bin_cfg/asm_defaults.cfg
[2026-03-26 21:01:26] DEBUG: 	big_genome_threshold=29000000
[2026-03-26 21:01:26] DEBUG: 	meta_read_filter_kmer_freq=100
[2026-03-26 21:01:26] DEBUG: 	chain_large_gap_penalty=2
[2026-03-26 21:01:26] DEBUG: 	chain_small_gap_penalty=0.5
[2026-03-26 21:01:26] DEBUG: 	chain_gap_jump_threshold=100
[2026-03-26 21:01:26] DEBUG: 	max_jump_gap=500
[2026-03-26 21:01:26] DEBUG: 	max_coverage_drop_rate=5
[2026-03-26 21:01:26] DEBUG: 	max_extensions_drop_rate=5
[2026-03-26 21:01:26] DEBUG: 	chimera_window=100
[2026-03-26 21:01:26] DEBUG: 	chimera_overhang=1000
[2026-03-26 21:01:26] DEBUG: 	min_reads_in_disjointig=4
[2026-03-26 21:01:26] DEBUG: 	max_inner_reads=10
[2026-03-26 21:01:26] DEBUG: 	max_inner_fraction=0.25
[2026-03-26 21:01:26] DEBUG: 	aggressive_dup_filter=1
[2026-03-26 21:01:26] DEBUG: 	max_separation=500
[2026-03-26 21:01:26] DEBUG: 	unique_edge_length=50000
[2026-03-26 21:01:26] DEBUG: 	min_repeat_res_support=0.51
[2026-03-26 21:01:26] DEBUG: 	out_paths_ratio=5
[2026-03-26 21:01:26] DEBUG: 	graph_cov_drop_rate=5
[2026-03-26 21:01:26] DEBUG: 	coverage_estimate_window=100
[2026-03-26 21:01:26] DEBUG: 	max_bubble_length=50000
[2026-03-26 21:01:26] DEBUG: 	loop_coverage_rate=1.5
[2026-03-26 21:01:26] DEBUG: 	repeat_edge_cov_mult=1.75
[2026-03-26 21:01:26] DEBUG: 	weak_detach_rate=5
[2026-03-26 21:01:26] DEBUG: 	tip_coverage_rate=2
[2026-03-26 21:01:26] DEBUG: 	tip_length_rate=2
[2026-03-26 21:01:26] DEBUG: 	output_gfa_before_rr=1
[2026-03-26 21:01:26] DEBUG: 	remove_alt_edges=0
[2026-03-26 21:01:26] DEBUG: 	low_cutoff_warning=0
[2026-03-26 21:01:26] DEBUG: 	kmer_size=17
[2026-03-26 21:01:26] DEBUG: 	use_minimizers=1
[2026-03-26 21:01:26] DEBUG: 	minimizer_window=10
[2026-03-26 21:01:26] DEBUG: 	reads_base_alignment=1
[2026-03-26 21:01:26] DEBUG: 	meta_read_top_kmer_rate=0.75
[2026-03-26 21:01:26] DEBUG: 	maximum_jump=1500
[2026-03-26 21:01:26] DEBUG: 	maximum_overhang=1500
[2026-03-26 21:01:26] DEBUG: 	repeat_kmer_rate=100
[2026-03-26 21:01:26] DEBUG: 	assemble_ovlp_divergence=0.03
[2026-03-26 21:01:26] DEBUG: 	assemble_divergence_relative=1
[2026-03-26 21:01:26] DEBUG: 	repeat_graph_ovlp_divergence=0.03
[2026-03-26 21:01:26] DEBUG: 	read_align_ovlp_divergence=0.10
[2026-03-26 21:01:26] DEBUG: 	hpc_scoring_on=1
[2026-03-26 21:01:26] DEBUG: 	add_unassembled_reads=0
[2026-03-26 21:01:26] DEBUG: 	extend_contigs_with_repeats=0
[2026-03-26 21:01:26] DEBUG: 	min_read_cov_cutoff=3
[2026-03-26 21:01:26] DEBUG: 	short_tip_length=20000
[2026-03-26 21:01:26] DEBUG: 	long_tip_length=100000
[2026-03-26 21:01:26] DEBUG: Running with k-mer size: 17
[2026-03-26 21:01:26] DEBUG: Selected minimum overlap 2000
[2026-03-26 21:01:26] INFO: Reading sequences
[2026-03-26 21:01:28] DEBUG: Building positional index
[2026-03-26 21:01:28] DEBUG: Total sequence: 180783443 bp
[2026-03-26 21:01:28] DEBUG: Flipped 0
[2026-03-26 21:01:28] DEBUG: UPath 1: -34 -> 6 -> -30 -> 7 -> -28 -> 8 -> -26 -> 9 -> 29 -> -10 -> -33 -> -21 -> -20 -> -25 -> 15 -> -35 -> -14 -> -27 -> 5
[2026-03-26 21:01:28] DEBUG: UPath 2: 32 -> -24 -> -23 -> 31 -> 16
[2026-03-26 21:01:28] DEBUG: Final graph contains 2 egdes
[2026-03-26 21:01:28] DEBUG: Extending contigs into repeats
[2026-03-26 21:01:28] DEBUG: Covered 0 repetitive contigs
[2026-03-26 21:01:28] INFO: Generated 2 contigs
[2026-03-26 21:01:28] DEBUG: Writing FASTA
[2026-03-26 21:01:28] DEBUG: Generating scaffold connections
[2026-03-26 21:01:28] INFO: Added 0 scaffold connections
[2026-03-26 21:01:28] DEBUG: Writing Dot
[2026-03-26 21:01:28] DEBUG: Writing FASTA
[2026-03-26 21:01:28] DEBUG: Writing Gfa
[2026-03-26 21:01:28] DEBUG: Peak RAM usage: 0 Gb
-----------End assembly log------------
[2026-03-26 21:01:28] root: INFO: >>>STAGE: polishing
[2026-03-26 21:01:28] root: INFO: Polishing genome (1/1)
[2026-03-26 21:01:28] root: INFO: Running minimap2
[2026-03-26 21:02:59] root: INFO: Separating alignment into bubbles
[2026-03-26 21:04:33] root: DEBUG: Generated 361531 bubbles
[2026-03-26 21:04:33] root: DEBUG: Split 0 long bubbles
[2026-03-26 21:04:33] root: DEBUG: Skipped 0 empty bubbles
[2026-03-26 21:04:33] root: DEBUG: Skipped 0 bubbles with long branches
[2026-03-26 21:04:33] root: INFO: Alignment error rate: 0.016559
[2026-03-26 21:04:33] root: INFO: Correcting bubbles
[2026-03-26 21:06:33] root: DEBUG: Mean contig coverage: 35, selected threshold: 7
[2026-03-26 21:06:33] root: DEBUG: Filtered 0 contigs of total length 0
[2026-03-26 21:06:33] root: DEBUG: Generating polished GFA
[2026-03-26 21:06:38] root: DEBUG: 0 sequences remained unpolished
[2026-03-26 21:06:39] root: INFO: >>>STAGE: finalize
[2026-03-26 21:06:39] root: DEBUG: ---Output dir contents:----
[2026-03-26 21:06:39] root: DEBUG: EXE_32_2024_G/
[2026-03-26 21:06:39] root: DEBUG:     310.0 B     assembly_graph.gv
[2026-03-26 21:06:39] root: DEBUG:     5.0 M       assembly.fasta
[2026-03-26 21:06:39] root: DEBUG:     36.0 K      flye.log
[2026-03-26 21:06:39] root: DEBUG:     92.0 B      params.json
[2026-03-26 21:06:39] root: DEBUG:     4.0 M       assembly_graph.gfa
[2026-03-26 21:06:39] root: DEBUG:     40-polishing/
[2026-03-26 21:06:39] root: DEBUG:         57.0 B      filtered_contigs.fasta.fai
[2026-03-26 21:06:39] root: DEBUG:         5.0 M       filtered_contigs.fasta
[2026-03-26 21:06:39] root: DEBUG:         66.0 B      contigs_stats.txt
[2026-03-26 21:06:39] root: DEBUG:         1.0 M       base_coverage.bed.gz
[2026-03-26 21:06:39] root: DEBUG:         4.0 M       polished_edges.gfa
[2026-03-26 21:06:39] root: DEBUG:         38.0 K      minimap_1.bam.csi
[2026-03-26 21:06:39] root: DEBUG:         66.0 B      filtered_stats.txt
[2026-03-26 21:06:39] root: DEBUG:         113.0 B     edges_aln.bam.csi
[2026-03-26 21:06:39] root: DEBUG:         1.0 K       minimap.stderr
[2026-03-26 21:06:39] root: DEBUG:     30-contigger/
[2026-03-26 21:06:39] root: DEBUG:         0.0 B       scaffolds_links.txt
[2026-03-26 21:06:39] root: DEBUG:         5.0 M       contigs.fasta
[2026-03-26 21:06:39] root: DEBUG:         4.0 M       graph_final.gfa
[2026-03-26 21:06:39] root: DEBUG:         147.0 B     contigs_stats.txt
[2026-03-26 21:06:39] root: DEBUG:         57.0 B      contigs.fasta.fai
[2026-03-26 21:06:39] root: DEBUG:         310.0 B     graph_final.gv
[2026-03-26 21:06:39] root: DEBUG:         5.0 M       graph_final.fasta
[2026-03-26 21:06:39] root: DEBUG:     00-assembly/
[2026-03-26 21:06:39] root: DEBUG:         5.0 M       draft_assembly.fasta
[2026-03-26 21:06:39] root: DEBUG:         65.0 B      draft_assembly.fasta.fai
[2026-03-26 21:06:39] root: DEBUG:     10-consensus/
[2026-03-26 21:06:39] root: DEBUG:         5.0 M       consensus.fasta
[2026-03-26 21:06:39] root: DEBUG:         39.0 K      minimap.bam.csi
[2026-03-26 21:06:39] root: DEBUG:         1.0 K       minimap.stderr
[2026-03-26 21:06:39] root: DEBUG:     20-repeat/
[2026-03-26 21:06:39] root: DEBUG:         2.0 K       graph_after_rr.gv
[2026-03-26 21:06:39] root: DEBUG:         1.0 K       graph_before_rr.gv
[2026-03-26 21:06:39] root: DEBUG:         4.0 M       graph_before_rr.fasta
[2026-03-26 21:06:39] root: DEBUG:         5.0 K       repeat_graph_dump
[2026-03-26 21:06:39] root: DEBUG:         4.0 M       graph_before_rr.gfa
[2026-03-26 21:06:39] root: DEBUG:         3.0 M       read_alignment_dump
[2026-03-26 21:06:39] root: DEBUG:         5.0 M       repeat_graph_edges.fasta
[2026-03-26 21:06:39] root: DEBUG: --------------------------
[2026-03-26 21:06:39] root: INFO: Assembly statistics:

	Total length:	5193333
	Fragments:	2
	Fragments N50:	3389646
	Largest frg:	3389646
	Scaffolds:	0
	Mean coverage:	35

[2026-03-26 21:06:39] root: INFO: Final assembly: /data/djs217/PROJECTS/vibrio/P0232_251203_11813_10386/12_filtlong/02_hybracter/hybracter_out/processing/assemblies/EXE_32_2024_G/assembly.fasta
