
Starting Unicycler (2026-03-26 09:11:00)
----------------------------------------
    Welcome to Unicycler, an assembly pipeline for bacterial genomes. Since you provided only long reads, Unicycler will assemble the reads with miniasm and then run repeated polishing rounds using Racon.
    For more information, please see https://github.com/rrwick/Unicycler

Command: /data/djs217/miniconda3/envs/hybracter_env/lib/python3.11/site-packages/hybracter/workflow/conda/78019da34467f1ccbd2a1e2321558605_/bin/unicycler -s hybracter_out/processing/plassembler/EXE_03_2025_A/plasmid_long_entropy_filtered.fastq -l hybracter_out/processing/plassembler/EXE_03_2025_A/plasmid_long_entropy_filtered.fastq -t 1 -o hybracter_out/processing/plassembler/EXE_03_2025_A/unicycler_output

Unicycler version: v0.5.1
Using 1 thread

Making output directory:
  /data/djs217/PROJECTS/vibrio/P0232_251203_11813_10386/12_filtlong/02_hybracter/hybracter_out/processing/plassembler/EXE_03_2025_A/unicycler_output

Dependencies:
  Program       Version   Status
  spades.py     4.2.0     good  
  racon         1.5.0     good  
  makeblastdb   2.17.0+   good  
  tblastn       2.17.0+   good  


Choosing k-mer range for assembly (2026-03-26 09:11:00)
-------------------------------------------------------
    Unicycler chooses a k-mer range for SPAdes based on the length of the input reads. It uses a wide range of many k-mer sizes to maximise the chance of finding an ideal assembly.

SPAdes maximum k-mer: 127
Median read length: 14773
K-mer range: 27, 53, 71, 87, 99, 111, 119, 127


SPAdes assemblies (2026-03-26 09:11:01)
---------------------------------------
    Unicycler now uses SPAdes to assemble the short reads. It scores the assembly graph for each k-mer using the number of contigs (fewer is better) and the number of dead ends (fewer is better). The score function is 1/(c*(d+2)), where c is the contig count and d is the dead end count.

spades.py -o /data/djs217/PROJECTS/vibrio/P0232_251203_11813_10386/12_filtlong/02_hybracter/hybracter_out/processing/plassembler/EXE_03_2025_A/unicycler_output/spades_assembly -k 27 --threads 1 --gfa11 --isolate -s /data/djs217/PROJECTS/vibrio/P0232_251203_11813_10386/12_filtlong/02_hybracter/hybracter_out/processing/plassembler/EXE_03_2025_A/plasmid_long_entropy_filtered.fastq -m 1024

spades.py -o /data/djs217/PROJECTS/vibrio/P0232_251203_11813_10386/12_filtlong/02_hybracter/hybracter_out/processing/plassembler/EXE_03_2025_A/unicycler_output/spades_assembly -k 27,53 --threads 1 --gfa11 --restart-from k27 -m 1024

spades.py -o /data/djs217/PROJECTS/vibrio/P0232_251203_11813_10386/12_filtlong/02_hybracter/hybracter_out/processing/plassembler/EXE_03_2025_A/unicycler_output/spades_assembly -k 27,53,71 --threads 1 --gfa11 --restart-from k53 -m 1024

spades.py -o /data/djs217/PROJECTS/vibrio/P0232_251203_11813_10386/12_filtlong/02_hybracter/hybracter_out/processing/plassembler/EXE_03_2025_A/unicycler_output/spades_assembly -k 27,53,71,87 --threads 1 --gfa11 --restart-from k71 -m 1024

spades.py -o /data/djs217/PROJECTS/vibrio/P0232_251203_11813_10386/12_filtlong/02_hybracter/hybracter_out/processing/plassembler/EXE_03_2025_A/unicycler_output/spades_assembly -k 27,53,71,87,99 --threads 1 --gfa11 --restart-from k87 -m 1024

spades.py -o /data/djs217/PROJECTS/vibrio/P0232_251203_11813_10386/12_filtlong/02_hybracter/hybracter_out/processing/plassembler/EXE_03_2025_A/unicycler_output/spades_assembly -k 27,53,71,87,99,111 --threads 1 --gfa11 --restart-from k99 -m 1024

spades.py -o /data/djs217/PROJECTS/vibrio/P0232_251203_11813_10386/12_filtlong/02_hybracter/hybracter_out/processing/plassembler/EXE_03_2025_A/unicycler_output/spades_assembly -k 27,53,71,87,99,111,119 --threads 1 --gfa11 --restart-from k111 -m 1024

spades.py -o /data/djs217/PROJECTS/vibrio/P0232_251203_11813_10386/12_filtlong/02_hybracter/hybracter_out/processing/plassembler/EXE_03_2025_A/unicycler_output/spades_assembly -k 27,53,71,87,99,111,119,127 --threads 1 --gfa11 --restart-from k119 -m 1024

K-mer   Contigs   Dead ends   Score      
   27                         too complex
   53       308           0      1.62e-03
   71       247           0      2.02e-03
   87       181           0      2.76e-03
   99       156           0      3.21e-03
  111       162           0      3.09e-03
  119       143           0      3.50e-03
  127       133           0      3.76e-03 <-best

Read depth filter: removed 2 contigs totalling 457 bp
Deleting /data/djs217/PROJECTS/vibrio/P0232_251203_11813_10386/12_filtlong/02_hybracter/hybracter_out/processing/plassembler/EXE_03_2025_A/unicycler_output/spades_assembly/


Determining graph multiplicity (2026-03-26 10:04:43)
----------------------------------------------------
    Multiplicity is the number of times a sequence occurs in the underlying sequence. Single-copy contigs (those with a multiplicity of one, occurring only once in the underlying sequence) are particularly useful.

Saving /data/djs217/PROJECTS/vibrio/P0232_251203_11813_10386/12_filtlong/02_hybracter/hybracter_out/processing/plassembler/EXE_03_2025_A/unicycler_output/002_depth_filter.gfa


Cleaning graph (2026-03-26 10:04:43)
------------------------------------
    Unicycler now performs various cleaning procedures on the graph to remove overlaps and simplify the graph structure. The end result is a graph ready for bridging.

Graph overlaps removed

Removed zero-length segments:
    74, 76, 77, 80, 81, 85, 88, 92, 93, 95, 120

Merged small segments:
    104, 106, 107, 108, 111, 112, 114, 116, 118, 121, 122, 124, 125, 126, 128, 131, 132, 133

Saving /data/djs217/PROJECTS/vibrio/P0232_251203_11813_10386/12_filtlong/02_hybracter/hybracter_out/processing/plassembler/EXE_03_2025_A/unicycler_output/003_overlaps_removed.gfa

    Unicycler now selects a set of anchor contigs from the single-copy contigs. These are the contigs which will be connected via bridges to form the final assembly.

30 anchor segments (2,004,667 bp) out of 104 total segments (2,358,985 bp)


Creating SPAdes contig bridges (2026-03-26 10:04:43)
----------------------------------------------------
    SPAdes uses paired-end information to perform repeat resolution (RR) and produce contigs from the assembly graph. SPAdes saves the graph paths corresponding to these contigs in the contigs.paths file. When one of these paths contains two or more anchor contigs, Unicycler can create a bridge from the path.

                                                                                                                         Bridge
Start                                                    Path                                                   End     quality
  -21                                              -71 -> 39 -> -70                                             27         63.2
  -12        68 -> 67 -> 95 -> 54 -> 81 -> 101 -> -77 -> -75 -> -56 -> 66 -> 55 -> 62 -> 90 -> -50 -> -60       28         61.4
  -11     60 -> 50 -> -102 -> -62 -> -55 -> -66 -> 56 -> 75 -> 77 -> -99 -> -81 -> -54 -> -95 -> -67 -> -69     13         63.2
   -6                                              73 -> 39 -> -74                                              15         57.5
   -5                                                     40                                                    14         53.4
   -4                                              74 -> -39 -> -73                                             16         62.4
   -3                                                    -41                                                    20         62.2
   -2             -51 -> 58 -> 85 -> 57 -> -78 -> -48 -> -48 -> -49 -> 58 -> 87 -> 57 -> -46 -> -51             34          8.8
    2                                                     41                                                    -14        53.4
    3                                              70 -> -39 -> 71                                              31         63.2
    5                                              -45 -> 86 -> 53                                              -21        61.4
    7   50 -> -102 -> -62 -> -55 -> -66 -> 56 -> -64 -> -100 -> -80 -> -99 -> -81 -> -54 -> -95 -> -67 -> -68   -20        63.2
   10                                                    -44                                                    30         61.9
   11                                                     41                                                    -26        62.4
   12                                                     40                                                    10         63.2
   13           69 -> 67 -> 95 -> 54 -> 81 -> 76 -> -75 -> -56 -> 66 -> 55 -> 62 -> 102 -> -50 -> -59           8          61.9
   15                                           -72 -> 44 -> 42 -> 39                                           17         62.7
   16                                                 -47 -> -47                                                32         35.9
   17                                              73 -> 39 -> -74                                              -30        63.0
   28         59 -> 50 -> -90 -> -61 -> -55 -> 65 -> 56 -> -64 -> -98 -> -79 -> -54 -> -93 -> -67 -> -69        25         62.2
   31                                                 -72 -> 44                                                 26         61.5
   34                                              70 -> -39 -> -73                                             7          52.8


Creating loop unrolling bridges (2026-03-26 10:04:43)
-----------------------------------------------------
    When a SPAdes contig path connects an anchor contig with the middle contig of a simple loop, Unicycler concludes that the sequences are contiguous (i.e. the loop is not a separate piece of DNA). It then uses the read depth of the middle and repeat contigs to guess the number of times to traverse the loop and makes a bridge.

No loop unrolling bridges made


Loading reads (2026-03-26 10:04:43)
-----------------------------------
5,205 / 5,205 (100.0%) - 97,432,970 bp


Assembling contigs and long reads with miniasm (2026-03-26 10:04:43)
--------------------------------------------------------------------
    Unicycler uses miniasm to construct a string graph assembly using both the short read contigs and the long reads. It will then use the resulting string graph to produce bridges between contigs. This method requires decent coverage of long reads and therefore may not be fruitful if long reads are sparse. However, it does not rely on the short read assembly graph having good connectivity and is able to bridge an assembly graph even when it contains many dead ends.
    Unicycler uses two types of "reads" as assembly input: anchor contigs from the short-read assembly and actual long reads which overlap two or more of these contigs. It then assembles them with miniasm.

Aligning long reads to graph using minimap

Saving to /data/djs217/PROJECTS/vibrio/P0232_251203_11813_10386/12_filtlong/02_hybracter/hybracter_out/processing/plassembler/EXE_03_2025_A/unicycler_output/miniasm_assembly/01_assembly_reads.fastq:
  27 short-read contigs
  1,362 long reads

Finding overlaps with minimap... 
success
  103,976 overlaps

Assembling reads with miniasm... 
success
  120 segments, 119 links

Saving /data/djs217/PROJECTS/vibrio/P0232_251203_11813_10386/12_filtlong/02_hybracter/hybracter_out/processing/plassembler/EXE_03_2025_A/unicycler_output/miniasm_assembly/11_branching_paths_removed.gfa
Merging segments into unitigs:
  1 circular unitig
  1 linear unitig
  total size = 2,325,242 bp
Saving /data/djs217/PROJECTS/vibrio/P0232_251203_11813_10386/12_filtlong/02_hybracter/hybracter_out/processing/plassembler/EXE_03_2025_A/unicycler_output/miniasm_assembly/12_unitig_graph.gfa


Polishing miniasm assembly with Racon (2026-03-26 10:05:15)
-----------------------------------------------------------
    Unicycler now uses Racon to polish the miniasm assembly. It does multiple rounds of polishing to get the best consensus. Circular unitigs are rotated between rounds such that all parts (including the ends) are polished well.

Saving to /data/djs217/PROJECTS/vibrio/P0232_251203_11813_10386/12_filtlong/02_hybracter/hybracter_out/processing/plassembler/EXE_03_2025_A/unicycler_output/miniasm_assembly/racon_polish/polishing_reads.fastq:
  27 short-read contigs
  5,205 long reads

Polish       Assembly          Mapping
round            size          quality
begin       2,325,242         5,060.78
1           2,327,054         5,124.46

Best polish: /data/djs217/PROJECTS/vibrio/P0232_251203_11813_10386/12_filtlong/02_hybracter/hybracter_out/processing/plassembler/EXE_03_2025_A/unicycler_output/miniasm_assembly/racon_polish/006_rotated.fasta
Saving /data/djs217/PROJECTS/vibrio/P0232_251203_11813_10386/12_filtlong/02_hybracter/hybracter_out/processing/plassembler/EXE_03_2025_A/unicycler_output/miniasm_assembly/13_racon_polished.gfa
Saving /data/djs217/PROJECTS/vibrio/P0232_251203_11813_10386/12_filtlong/02_hybracter/hybracter_out/processing/plassembler/EXE_03_2025_A/unicycler_output/004_long_read_assembly.gfa

    Contigs in the short-read assembly graph which end in dead ends may contain bogus sequence near the dead end. Unicycler therefore uses the read clipping values from the miniasm assembly to trim these dead ends to only the parts which aligned well to long reads.

No dead ends required trimming.

    Unicycler now places the single copy contigs back into the unitig graph. This serves two purposes: a) it replaces long read assembly sequences (which may be error prone) with Illumina assembly sequence (which is probably quite accurate), improving the assembly quality, and b) it defines inter-contig sequences for use in building bridges.

Searching for contigs using 5,000 bp of contig ends.

Contig   Result              Start pos   End pos   Strand
     1   found in unitig 1       24651    237245        -
     2   found in unitig 1     1769457   1938966        +
     3   found in unitig 1     1426010   1592002        -
     4   found in unitig 1      335603    486016        +
     5   found in unitig 1     2000457   2138528        +
     6   found in unitig 1      882744   1017643        +
     7   found in unitig 1     1637431   1755618        -
     8   found in unitig 1     1097004   1214587        -
    10   found in unitig 1      643224    748405        +
    11   found in unitig 1     1289713   1386730        +
    12   found in unitig 1      560065    641792        +
    13   found in unitig 1     1215915   1288388        -
    14   found in unitig 1     1940392   1999025        -
    15   found in unitig 1      823047    881148        -
    16   found in unitig 1      278212    334007        -
    17   found in unitig 1      764645    819185        -
    20   found in unitig 1     1593428   1636206        +
    21   found in unitig 1     2139458   2168627        -
    25   found in unitig 1      510311    538124        -
    26   found in unitig 1     1388156   1412334        -
    27   found in unitig 1     2170223   2192989        +
    28   found in unitig 1      539452    558740        -
    30   found in unitig 1      749341    763049        +
    31   found in unitig 1     1413332   1424414        -
    32   found in unitig 1      266703    276944        -
    34   found in unitig 1     1757214   1766208        -
    35   found in unitig 2       55485     59404        -

Saving /data/djs217/PROJECTS/vibrio/P0232_251203_11813_10386/12_filtlong/02_hybracter/hybracter_out/processing/plassembler/EXE_03_2025_A/unicycler_output/miniasm_assembly/14_contigs_placed.gfa


Creating miniasm/Racon bridges (2026-03-26 10:08:48)
----------------------------------------------------
    Now that the miniasm/Racon string graph is complete, Unicycler will use it to build bridges between anchor segments.

       Start -> end    Best path                                 Quality
 1/26    30 -> -17     74, -39, -73                               86.659
 2/26   -17 -> -15     -39, -42, -44, 72                          74.481
 3/26   -15 -> 6       74, -39, -73                               79.215
 4/26     6 -> -8      74, -39, -73, -22, 19, 73, 39, -74         23.854
 5/26    -8 -> -13     59, 50, -102, -62, -55, -66, 56, 75,       86.993
                       -76, -81, -54, -95, -67, -69                     
 6/26   -13 -> 11      69, 67, 95, 54, 81, 99, -77, -75, -56,     88.813
                       66, 55, 62, 102, -50, -60                        
 7/26    11 -> -26     41                                         87.069
 8/26   -26 -> -31     -44, 72                                    88.822
 9/26   -31 -> -3      -71, 39, -70                               87.058
10/26    -3 -> 20      -41                                        86.694
11/26    -1 -> -32     104, 24, 41                                22.447
12/26    20 -> -7      68, 67, 95, 54, 81, 99, 80, 100, 64,       89.532
                       -56, 66, 55, 62, 102, -50                        
13/26    -7 -> -34     73, 39, -70                                72.698
14/26   -34 -> 2       51, 46, -57, -87, -58, 49, 48, 48, 78,     43.669
                       -57, -85, -58, 51                                
15/26     2 -> -14     41                                         74.454
16/26   -14 -> 5       -40                                        74.388
17/26     5 -> -21     -45, 86, 53                                89.098
18/26   -21 -> 27      -71, 39, -70                               87.062
19/26   -35 -> -35     52, 38, 63, 52, 18, -45, 91, 53, 23,       22.335
                       -103, 33, 63                                     
20/26   -32 -> -16     47, 47                                     62.087
21/26   -16 -> 4       73, 39, -74                                85.876
22/26     4 -> -25     97, 29, 59, 50, -90, -61, -55, 65, 56,     41.304
                       75, -76, -81, -54, -95, -67, 37, 60, 50,         
                       -102, -62, -55, 65, 56, -64, -100, -79,          
                       -54, -93, -67, -69                               
23/26   -25 -> -28     69, 67, 93, 54, 79, 98, 64, -56, -65,      87.454
                       55, 61, 90, -50, -59                             
24/26   -28 -> 12      60, 50, -90, -62, -55, -66, 56, 75, 77,    86.315
                       -101, -81, -54, -95, -67, -68                    
25/26    12 -> 10      40                                         88.056
26/26    10 -> 30      -44                                        89.771


Creating simple long read bridges (2026-03-26 10:10:47)
-------------------------------------------------------
    Unicycler uses long read alignments (from minimap) to resolve simple repeat structures in the graph. This takes care of some "low-hanging fruit" of the graph simplification.

Aligning long reads to graph using minimap

    Two-way junctions are defined as cases where two graph contigs (A and B) join together (C) and then split apart again (D and E). This usually represents a simple 2-copy repeat, and there are two possible options for its resolution: (A->C->D and B->C->E) or (A->C->E and B->C->D). Each read which spans such a junction gets to "vote" for option 1, option 2 or neither. Unicycler creates a bridge at each junction for the most voted for option.

                                               Op. 1   Op. 2   Neither   Final    Bridge
Junction       Option 1          Option 2      votes   votes     votes     op.   quality
      40   -5 -> 40 -> 10,   -5 -> 40 -> 14,       0      59         1       2      98.2
            12 -> 40 -> 14    12 -> 40 -> 10                                            

    Simple loops are parts of the graph where two contigs (A and B) are connected via a repeat (C) which loops back to itself (via D). It is possible to traverse the loop zero times (A->C->B), one time (A->C->D->C->B), two times (A->C->D->C->D->C->B), etc. Long reads which span the loop inform which is the correct number of times through. In this step, such reads are found and each is aligned against alternative loop counts. A reads casts its "vote" for the loop count it agrees best with, and Unicycler creates a bridge using the most voted for count.

                                   Read                         Loop    Bridge
Start   Repeat   Middle     End   count   Read votes           count   quality
  -32       47              -16      24   1 loop: 24 votes         1      69.5


Determining low score threshold (2026-03-26 10:11:02)
-----------------------------------------------------
    Before conducting semi-global alignment of the long reads to the assembly graph, Unicycler must determine a minimum alignment score threshold such that nonsense alignments are excluded. To choose a threshold automatically, it examines alignments between random sequences and selects a score a few standard deviations above the mean.

Automatically choosing a threshold using random alignment scores.

Random alignment mean score: 61.66
         standard deviation:  1.31
        Low score threshold: 61.66 + (7 x 1.31) = 70.86


Aligning reads (2026-03-26 10:11:06)
------------------------------------
5,205 / 5,205 (100.0%)


Read alignment summary (2026-03-26 11:06:51)
--------------------------------------------
Total read count:             5,205
Fully aligned reads:          4,455
Partially aligned reads:        728
Unaligned reads:                 22
Total bases aligned:     95,881,559 bp
Mean alignment identity:         98.8%

Deleting /data/djs217/PROJECTS/vibrio/P0232_251203_11813_10386/12_filtlong/02_hybracter/hybracter_out/processing/plassembler/EXE_03_2025_A/unicycler_output/read_alignment/


Building long read bridges (2026-03-26 11:06:51)
------------------------------------------------
    Unicycler uses the long read alignments to produce bridges between anchor segments. These bridges can be formed using as few as one long read, giving Unicycler the ability to bridge the graph even when long-read depth is low.

       Start -> end    Best path                                 Quality
 1/25   -21 -> 27      -71, 39, -70                               82.038
 2/25   -12 -> 28      68, 67, 95, 54, 81, 101, -77, -75, -56,    80.549
                       66, 55, 62, 90, -50, -60                         
 3/25   -11 -> 13      60, 50, -102, -62, -55, -66, 56, 75, 77,   82.035
                       -99, -81, -54, -95, -67, -69                     
 4/25    -6 -> 15      73, 39, -74                                63.076
 5/25    -5 -> 14      40                                         70.673
 6/25    -4 -> 16      74, -39, -73                               82.653
 7/25    -3 -> 20      -41                                        82.229
 8/25    -2 -> 34      -51, 58, 85, 57, -78, -48, -48, -49, 58,   45.814
                       87, 57, -46, -51                                 
 9/25     3 -> 31      70, -39, 71                                78.830
10/25    10 -> 30      -44                                        80.653
11/25    12 -> 10      40                                         83.764
12/25    13 -> 8       69, 67, 95, 54, 81, 76, -75, -56, 66,      75.951
                       55, 62, 102, -50, -59                            
13/25    14 -> -2      -41                                        70.794
14/25    15 -> 17      -72, 44, 42, 39                            82.891
15/25    16 -> 1       -47, -47, 32, -41, -24, -104               63.751
16/25    16 -> 32      -47, -47                                   54.050
17/25    20 -> -7      68, 67, 95, 54, 81, 99, 80, 100, 64,       74.903
                       -56, 66, 55, 62, 102, -50                        
18/25    21 -> -5      -53, -86, 45                               78.902
19/25    25 -> -4      69, 67, 93, 54, 79, 100, 64, -56, -65,     83.677
                       55, 62, 102, -50, -60, -37, 67, 95, 54,          
                       81, 76, -75, -56, -65, 55, 61, 90, -50,          
                       -59, -29, -97                                    
20/25    26 -> -11     -41                                        82.193
21/25    28 -> 25      59, 50, -90, -61, -55, 65, 56, -64, -98,   81.394
                       -79, -54, -93, -67, -69                          
22/25    30 -> -17     74, -39, -73                               82.060
23/25    31 -> 26      -72, 44                                    78.224
24/25    32 -> 1       -41, -24, -104                             48.594
25/25    34 -> 7       70, -39, -73                               54.909


Applying bridges (2026-03-26 11:07:32)
--------------------------------------
    Unicycler now applies to the graph in decreasing order of quality. This ensures that when multiple, contradictory bridges exist, the most supported option is used.

Bridge type        Start -> end   Path                                       Quality
simple long read     12 -> 10     40                                          98.194
miniasm              10 -> 30     -44                                         89.771
miniasm              20 -> -7     68, 67, 95, 54, 81, 99, 80, 100, 64,        89.532
                                  -56, 66, 55, 62, 102, -50                         
miniasm               5 -> -21    -45, 86, 53                                 89.098
miniasm             -26 -> -31    -44, 72                                     88.822
miniasm             -13 -> 11     69, 67, 95, 54, 81, 99, -77, -75, -56,      88.813
                                  66, 55, 62, 102, -50, -60                         
miniasm             -25 -> -28    69, 67, 93, 54, 79, 98, 64, -56, -65,       87.454
                                  55, 61, 90, -50, -59                              
miniasm              11 -> -26    41                                          87.069
miniasm             -21 -> 27     -71, 39, -70                                87.062
miniasm             -31 -> -3     -71, 39, -70                                87.058
miniasm              -8 -> -13    59, 50, -102, -62, -55, -66, 56, 75,        86.993
                                  -76, -81, -54, -95, -67, -69                      
miniasm              -3 -> 20     -41                                         86.694
miniasm              30 -> -17    74, -39, -73                                86.659
miniasm             -28 -> 12     60, 50, -90, -62, -55, -66, 56, 75, 77,     86.315
                                  -101, -81, -54, -95, -67, -68                     
miniasm             -16 -> 4      73, 39, -74                                 85.876
long read            25 -> -4     69, 67, 93, 54, 79, 100, 64, -56, -65,      83.677
                                  55, 62, 102, -50, -60, -37, 67, 95, 54,           
                                  81, 76, -75, -56, -65, 55, 61, 90, -50,           
                                  -59, -29, -97                                     
simple long read     -5 -> 14     40                                          82.953
long read            15 -> 17     -72, 44, 42, 39                             82.891
miniasm             -15 -> 6      74, -39, -73                                79.215
miniasm               2 -> -14    41                                          74.454
miniasm              -7 -> -34    73, 39, -70                                 72.698
simple long read    -32 -> -16    47, 47                                      69.515
long read            32 -> 1      -41, -24, -104                              63.751
long read            -2 -> 34     -51, 58, 85, 57, -78, -48, -48, -49, 58,    45.814
                                  87, 57, -46, -51                                  
miniasm               6 -> -8     74, -39, -73, -22, 19, 73, 39, -74          23.854
miniasm             -35 -> -35    52, 38, 63, 52, 18, -45, 91, 53, 23,        22.335
                                  -103, 33, 63                                      

Saving /data/djs217/PROJECTS/vibrio/P0232_251203_11813_10386/12_filtlong/02_hybracter/hybracter_out/processing/plassembler/EXE_03_2025_A/unicycler_output/005_bridges_applied.gfa


Bridged assembly graph (2026-03-26 11:07:32)
--------------------------------------------
    The assembly is now mostly finished and no more structural changes will be made. Ideally the assembly graph should now have one contig per replicon and no erroneous contigs (i.e. a complete assembly). If there are more contigs, then the assembly is not complete.

Saving /data/djs217/PROJECTS/vibrio/P0232_251203_11813_10386/12_filtlong/02_hybracter/hybracter_out/processing/plassembler/EXE_03_2025_A/unicycler_output/006_final_clean.gfa

Component   Segments   Links   Length      N50         Longest segment   Status    
    total         28      31   2,469,598   2,168,410         2,168,410             
        1         27      30   2,370,451   2,168,410         2,168,410   incomplete
        2          1       1      99,147      99,147            99,147     complete


Rotating completed replicons (2026-03-26 11:07:32)
--------------------------------------------------
    Any completed circular contigs (i.e. single contigs which have one link connecting end to start) can have their start position changed without altering the sequence. For consistency, Unicycler now searches for a starting gene (dnaA or repA) in each such contig, and if one is found, the contig is rotated to start with that gene on the forward strand.

Segment   Length   Depth   Starting gene   Position   Strand   Identity   Coverage
      3   99,147   1.56x   none found                                             


Assembly complete (2026-03-26 11:07:48)
---------------------------------------
Saving /data/djs217/PROJECTS/vibrio/P0232_251203_11813_10386/12_filtlong/02_hybracter/hybracter_out/processing/plassembler/EXE_03_2025_A/unicycler_output/assembly.gfa
Saving /data/djs217/PROJECTS/vibrio/P0232_251203_11813_10386/12_filtlong/02_hybracter/hybracter_out/processing/plassembler/EXE_03_2025_A/unicycler_output/assembly.fasta

