/data/djs217/miniconda3/envs/hybracter_env/lib/python3.11/site-packages/hybracter/workflow/conda/7aafc1085ca44eee01942c03ca74ecad_/lib/python3.11/site-packages/medaka/common.py:16: UserWarning: pkg_resources is deprecated as an API. See https://setuptools.pypa.io/en/latest/pkg_resources.html. The pkg_resources package is slated for removal as early as 2025-11-30. Refrain from using this package or pin to Setuptools<81.
  from pkg_resources import resource_filename
/data/djs217/miniconda3/envs/hybracter_env/lib/python3.11/site-packages/hybracter/workflow/conda/7aafc1085ca44eee01942c03ca74ecad_/lib/python3.11/site-packages/medaka/common.py:16: UserWarning: pkg_resources is deprecated as an API. See https://setuptools.pypa.io/en/latest/pkg_resources.html. The pkg_resources package is slated for removal as early as 2025-11-30. Refrain from using this package or pin to Setuptools<81.
  from pkg_resources import resource_filename
/data/djs217/miniconda3/envs/hybracter_env/lib/python3.11/site-packages/hybracter/workflow/conda/7aafc1085ca44eee01942c03ca74ecad_/lib/python3.11/site-packages/medaka/common.py:16: UserWarning: pkg_resources is deprecated as an API. See https://setuptools.pypa.io/en/latest/pkg_resources.html. The pkg_resources package is slated for removal as early as 2025-11-30. Refrain from using this package or pin to Setuptools<81.
  from pkg_resources import resource_filename
[00:06:40 - MdlStrTGZ] Successfully removed temporary files from /tmp/tmp4qk6mdcn.
/data/djs217/miniconda3/envs/hybracter_env/lib/python3.11/site-packages/hybracter/workflow/conda/7aafc1085ca44eee01942c03ca74ecad_/lib/python3.11/site-packages/medaka/common.py:16: UserWarning: pkg_resources is deprecated as an API. See https://setuptools.pypa.io/en/latest/pkg_resources.html. The pkg_resources package is slated for removal as early as 2025-11-30. Refrain from using this package or pin to Setuptools<81.
  from pkg_resources import resource_filename
[00:06:42 - MdlStrTGZ] Successfully removed temporary files from /tmp/tmpka0wy4sw.
Creating fai index file /data/djs217/PROJECTS/vibrio/P0232_251203_11813_10386/12_filtlong/02_hybracter/hybracter_out/processing/pre_polish/EXE_23_2025_L_chromosome_plus_plasmids.fasta.fai
Creating mmi index file /data/djs217/PROJECTS/vibrio/P0232_251203_11813_10386/12_filtlong/02_hybracter/hybracter_out/processing/pre_polish/EXE_23_2025_L_chromosome_plus_plasmids.fasta.map-ont.mmi
[M::mm_idx_gen::0.175*1.00] collected minimizers
[M::mm_idx_gen::0.231*1.42] sorted minimizers
[M::main::0.286*1.34] loaded/built the index for 3 target sequence(s)
[M::mm_idx_stat] kmer size: 15; skip: 10; is_hpc: 0; #seq: 3
[M::mm_idx_stat::0.296*1.33] distinct minimizers: 782386 (98.81% are singletons); average occurrences: 1.027; average spacing: 5.351; total length: 4301131
[M::main] Version: 2.30-r1287
[M::main] CMD: minimap2 -I 16G -x map-ont -d /data/djs217/PROJECTS/vibrio/P0232_251203_11813_10386/12_filtlong/02_hybracter/hybracter_out/processing/pre_polish/EXE_23_2025_L_chromosome_plus_plasmids.fasta.map-ont.mmi /data/djs217/PROJECTS/vibrio/P0232_251203_11813_10386/12_filtlong/02_hybracter/hybracter_out/processing/pre_polish/EXE_23_2025_L_chromosome_plus_plasmids.fasta
[M::main] Real time: 0.300 sec; CPU: 0.397 sec; Peak RSS: 0.044 GB
[M::main::0.049*1.02] loaded/built the index for 3 target sequence(s)
[M::mm_mapopt_update::0.063*1.01] mid_occ = 12
[M::mm_idx_stat] kmer size: 15; skip: 10; is_hpc: 0; #seq: 3
[M::mm_idx_stat::0.072*1.01] distinct minimizers: 782386 (98.81% are singletons); average occurrences: 1.027; average spacing: 5.351; total length: 4301131
[M::worker_pipeline::76.937*0.79] mapped 27462 sequences
[M::main] Version: 2.30-r1287
[M::main] CMD: minimap2 -x map-ont --secondary=no -L --MD -A 2 -B 4 -O 4,24 -E 2,1 -t 1 -a /data/djs217/PROJECTS/vibrio/P0232_251203_11813_10386/12_filtlong/02_hybracter/hybracter_out/processing/pre_polish/EXE_23_2025_L_chromosome_plus_plasmids.fasta.map-ont.mmi /data/djs217/PROJECTS/vibrio/P0232_251203_11813_10386/12_filtlong/02_hybracter/hybracter_out/processing/qc/EXE_23_2025_L_filt_trim.fastq.gz
[M::main] Real time: 76.945 sec; CPU: 60.416 sec; Peak RSS: 0.472 GB
/data/djs217/miniconda3/envs/hybracter_env/lib/python3.11/site-packages/hybracter/workflow/conda/7aafc1085ca44eee01942c03ca74ecad_/lib/python3.11/site-packages/medaka/common.py:16: UserWarning: pkg_resources is deprecated as an API. See https://setuptools.pypa.io/en/latest/pkg_resources.html. The pkg_resources package is slated for removal as early as 2025-11-30. Refrain from using this package or pin to Setuptools<81.
  from pkg_resources import resource_filename
[00:08:08 - Predict] Processing region(s): contig_1:0-2934587 1:0-1324714 2:0-41830
[00:08:08 - Predict] Using model: /data/djs217/miniconda3/envs/hybracter_env/lib/python3.11/site-packages/hybracter/workflow/conda/7aafc1085ca44eee01942c03ca74ecad_/lib/python3.11/site-packages/medaka/data/r1041_e82_400bps_sup_v5.0.0_model_pt.tar.gz.
[00:08:08 - Predict] Using minimum mapQ threshold of 1 for read filtering.
[00:08:08 - MdlStrTGZ] Model GRUModel(
  (gru): GRU(10, 128, num_layers=2, batch_first=True, bidirectional=True)
  (linear): Linear(in_features=256, out_features=5, bias=True)
)
[00:08:08 - MdlStrTGZ] loading weights from /tmp/tmp_04n313t/model/weights.pt
[00:08:08 - MdlStrTGZ] Successfully removed temporary files from /tmp/tmp_04n313t.
[00:08:08 - Predict] Model device: cpu
[00:08:08 - Predict] Running prediction at full precision
[00:08:08 - BAMFile] Creating pool of 16 BAM file sets.
[00:08:08 - Predict] Processing 6 long region(s) with batching.
[00:08:08 - Sampler] Initializing sampler for consensus of region contig_1:0-1000000.
[00:08:08 - Sampler] Initializing sampler for consensus of region contig_1:999000-1999000.
[00:08:08 - PWorker] Running inference for 4.3M draft bases.
[00:08:09 - Feature] Processed contig_1:0.0-999999.0 (median depth 41.0)
[00:08:09 - Sampler] Took 1.47s to make features.
[00:08:09 - Feature] Processed contig_1:999000.0-1998999.0 (median depth 42.0)
[00:08:09 - Sampler] Initializing sampler for consensus of region contig_1:1998000-2934587.
[00:08:09 - Sampler] Took 1.48s to make features.
[00:08:09 - Sampler] Initializing sampler for consensus of region 1:0-1000000.
[00:08:10 - Feature] Processed contig_1:1998000.0-2934586.0 (median depth 42.0)
[00:08:10 - Sampler] Took 1.02s to make features.
[00:08:10 - Sampler] Initializing sampler for consensus of region 1:999000-1324714.
[00:08:10 - Feature] Processed 1:0.0-999999.0 (median depth 39.0)
[00:08:10 - Sampler] Took 1.02s to make features.
[00:08:10 - Sampler] Initializing sampler for consensus of region 2:0-41830.
[00:08:11 - Feature] Processed 2:0.0-41829.0 (median depth 130.0)
[00:08:11 - Sampler] Took 0.32s to make features.
[00:08:11 - Feature] Processed 1:999000.0-1324713.0 (median depth 36.0)
[00:08:11 - Sampler] Took 0.45s to make features.
[00:08:25 - PWorker] Batches in cache: 7.
[00:08:25 - PWorker] 15.6% Done (0.7/4.3 Mbases) in 16.9s
[00:08:39 - PWorker] Batches in cache: 6.
[00:08:39 - PWorker] 31.4% Done (1.3/4.3 Mbases) in 30.9s
[00:08:53 - PWorker] Batches in cache: 5.
[00:08:53 - PWorker] 47.0% Done (2.0/4.3 Mbases) in 44.9s
[00:09:06 - PWorker] Batches in cache: 4.
[00:09:06 - PWorker] 62.7% Done (2.7/4.3 Mbases) in 58.6s
[00:09:20 - PWorker] Batches in cache: 3.
[00:09:20 - PWorker] 78.6% Done (3.4/4.3 Mbases) in 72.1s
[00:09:33 - PWorker] Batches in cache: 2.
[00:09:33 - PWorker] 94.2% Done (4.1/4.3 Mbases) in 85.5s
[00:09:40 - PWorker] Batches in cache: 1.
[00:09:40 - PWorker] Processed 7 batches
[00:09:40 - PWorker] All done, 0 remainder regions.
[00:09:40 - Predict] Finished processing all regions.
/data/djs217/miniconda3/envs/hybracter_env/lib/python3.11/site-packages/hybracter/workflow/conda/7aafc1085ca44eee01942c03ca74ecad_/lib/python3.11/site-packages/medaka/common.py:16: UserWarning: pkg_resources is deprecated as an API. See https://setuptools.pypa.io/en/latest/pkg_resources.html. The pkg_resources package is slated for removal as early as 2025-11-30. Refrain from using this package or pin to Setuptools<81.
  from pkg_resources import resource_filename
[00:09:42 - DataIndx] Loaded 1/1 (100.00%) sample files.
[00:09:42 - Stitcher] Stitching 1:0-1000000
[00:09:43 - Stitcher] Stitching 1:1000000-1324714
[00:09:43 - Stitcher] Stitching contig_1:0-1000000
[00:09:43 - Stitcher] Stitching contig_1:1000000-2000000
[00:09:43 - Stitcher] Stitching contig_1:2000000-2934587
[00:09:44 - Stitcher] Stitching 2:0-41830
