/data/djs217/miniconda3/envs/hybracter_env/lib/python3.11/site-packages/hybracter/workflow/conda/7aafc1085ca44eee01942c03ca74ecad_/lib/python3.11/site-packages/medaka/common.py:16: UserWarning: pkg_resources is deprecated as an API. See https://setuptools.pypa.io/en/latest/pkg_resources.html. The pkg_resources package is slated for removal as early as 2025-11-30. Refrain from using this package or pin to Setuptools<81.
  from pkg_resources import resource_filename
/data/djs217/miniconda3/envs/hybracter_env/lib/python3.11/site-packages/hybracter/workflow/conda/7aafc1085ca44eee01942c03ca74ecad_/lib/python3.11/site-packages/medaka/common.py:16: UserWarning: pkg_resources is deprecated as an API. See https://setuptools.pypa.io/en/latest/pkg_resources.html. The pkg_resources package is slated for removal as early as 2025-11-30. Refrain from using this package or pin to Setuptools<81.
  from pkg_resources import resource_filename
/data/djs217/miniconda3/envs/hybracter_env/lib/python3.11/site-packages/hybracter/workflow/conda/7aafc1085ca44eee01942c03ca74ecad_/lib/python3.11/site-packages/medaka/common.py:16: UserWarning: pkg_resources is deprecated as an API. See https://setuptools.pypa.io/en/latest/pkg_resources.html. The pkg_resources package is slated for removal as early as 2025-11-30. Refrain from using this package or pin to Setuptools<81.
  from pkg_resources import resource_filename
[14:52:55 - MdlStrTGZ] Successfully removed temporary files from /tmp/tmpdb6l6jqj.
/data/djs217/miniconda3/envs/hybracter_env/lib/python3.11/site-packages/hybracter/workflow/conda/7aafc1085ca44eee01942c03ca74ecad_/lib/python3.11/site-packages/medaka/common.py:16: UserWarning: pkg_resources is deprecated as an API. See https://setuptools.pypa.io/en/latest/pkg_resources.html. The pkg_resources package is slated for removal as early as 2025-11-30. Refrain from using this package or pin to Setuptools<81.
  from pkg_resources import resource_filename
[14:52:57 - MdlStrTGZ] Successfully removed temporary files from /tmp/tmpj6ecut7i.
Creating fai index file /data/djs217/PROJECTS/vibrio/P0232_251203_11813_10386/12_filtlong/02_hybracter/hybracter_out/processing/pre_polish/EXE_30_2025_R_chromosome_plus_plasmids.fasta.fai
Creating mmi index file /data/djs217/PROJECTS/vibrio/P0232_251203_11813_10386/12_filtlong/02_hybracter/hybracter_out/processing/pre_polish/EXE_30_2025_R_chromosome_plus_plasmids.fasta.map-ont.mmi
[M::mm_idx_gen::0.196*1.01] collected minimizers
[M::mm_idx_gen::0.253*1.40] sorted minimizers
[M::main::0.323*1.31] loaded/built the index for 2 target sequence(s)
[M::mm_idx_stat] kmer size: 15; skip: 10; is_hpc: 0; #seq: 2
[M::mm_idx_stat::0.339*1.30] distinct minimizers: 903872 (98.59% are singletons); average occurrences: 1.030; average spacing: 5.350; total length: 4981340
[M::main] Version: 2.30-r1287
[M::main] CMD: minimap2 -I 16G -x map-ont -d /data/djs217/PROJECTS/vibrio/P0232_251203_11813_10386/12_filtlong/02_hybracter/hybracter_out/processing/pre_polish/EXE_30_2025_R_chromosome_plus_plasmids.fasta.map-ont.mmi /data/djs217/PROJECTS/vibrio/P0232_251203_11813_10386/12_filtlong/02_hybracter/hybracter_out/processing/pre_polish/EXE_30_2025_R_chromosome_plus_plasmids.fasta
[M::main] Real time: 0.346 sec; CPU: 0.447 sec; Peak RSS: 0.050 GB
[M::main::0.068*1.02] loaded/built the index for 2 target sequence(s)
[M::mm_mapopt_update::0.087*1.01] mid_occ = 13
[M::mm_idx_stat] kmer size: 15; skip: 10; is_hpc: 0; #seq: 2
[M::mm_idx_stat::0.102*1.01] distinct minimizers: 903872 (98.59% are singletons); average occurrences: 1.030; average spacing: 5.350; total length: 4981340
[M::worker_pipeline::59.091*0.94] mapped 15892 sequences
[M::main] Version: 2.30-r1287
[M::main] CMD: minimap2 -x map-ont --secondary=no -L --MD -A 2 -B 4 -O 4,24 -E 2,1 -t 1 -a /data/djs217/PROJECTS/vibrio/P0232_251203_11813_10386/12_filtlong/02_hybracter/hybracter_out/processing/pre_polish/EXE_30_2025_R_chromosome_plus_plasmids.fasta.map-ont.mmi /data/djs217/PROJECTS/vibrio/P0232_251203_11813_10386/12_filtlong/02_hybracter/hybracter_out/processing/qc/EXE_30_2025_R_filt_trim.fastq.gz
[M::main] Real time: 59.103 sec; CPU: 55.794 sec; Peak RSS: 0.465 GB
/data/djs217/miniconda3/envs/hybracter_env/lib/python3.11/site-packages/hybracter/workflow/conda/7aafc1085ca44eee01942c03ca74ecad_/lib/python3.11/site-packages/medaka/common.py:16: UserWarning: pkg_resources is deprecated as an API. See https://setuptools.pypa.io/en/latest/pkg_resources.html. The pkg_resources package is slated for removal as early as 2025-11-30. Refrain from using this package or pin to Setuptools<81.
  from pkg_resources import resource_filename
[14:54:07 - Predict] Processing region(s): contig_1:0-3201230 1:0-1780110
[14:54:07 - Predict] Using model: /data/djs217/miniconda3/envs/hybracter_env/lib/python3.11/site-packages/hybracter/workflow/conda/7aafc1085ca44eee01942c03ca74ecad_/lib/python3.11/site-packages/medaka/data/r1041_e82_400bps_sup_v5.0.0_model_pt.tar.gz.
[14:54:07 - Predict] Using minimum mapQ threshold of 1 for read filtering.
[14:54:07 - MdlStrTGZ] Model GRUModel(
  (gru): GRU(10, 128, num_layers=2, batch_first=True, bidirectional=True)
  (linear): Linear(in_features=256, out_features=5, bias=True)
)
[14:54:07 - MdlStrTGZ] loading weights from /tmp/tmpeylj5b6s/model/weights.pt
[14:54:07 - MdlStrTGZ] Successfully removed temporary files from /tmp/tmpeylj5b6s.
[14:54:07 - Predict] Model device: cpu
[14:54:07 - Predict] Running prediction at full precision
[14:54:07 - BAMFile] Creating pool of 16 BAM file sets.
[14:54:07 - Predict] Processing 6 long region(s) with batching.
[14:54:07 - Sampler] Initializing sampler for consensus of region contig_1:0-1000000.
[14:54:07 - Sampler] Initializing sampler for consensus of region contig_1:999000-1999000.
[14:54:07 - PWorker] Running inference for 5.0M draft bases.
[14:54:09 - Feature] Processed contig_1:999000.0-1998999.0 (median depth 29.0)
[14:54:09 - Sampler] Took 1.87s to make features.
[14:54:09 - Feature] Processed contig_1:0.0-999999.0 (median depth 35.0)
[14:54:09 - Sampler] Initializing sampler for consensus of region contig_1:1998000-2998000.
[14:54:09 - Sampler] Took 1.91s to make features.
[14:54:09 - Sampler] Initializing sampler for consensus of region contig_1:2997000-3201230.
[14:54:10 - Feature] Processed contig_1:2997000.0-3201229.0 (median depth 37.0)
[14:54:10 - Sampler] Took 0.58s to make features.
[14:54:10 - Sampler] Initializing sampler for consensus of region 1:0-1000000.
[14:54:11 - Feature] Processed contig_1:1998000.0-2997999.0 (median depth 35.0)
[14:54:11 - Sampler] Took 1.36s to make features.
[14:54:11 - Sampler] Initializing sampler for consensus of region 1:999000-1780110.
[14:54:11 - Feature] Processed 1:0.0-999999.0 (median depth 29.0)
[14:54:11 - Sampler] Took 1.26s to make features.
[14:54:12 - Feature] Processed 1:999000.0-1780109.0 (median depth 28.0)
[14:54:12 - Sampler] Took 0.95s to make features.
[14:54:28 - PWorker] Batches in cache: 7.
[14:54:28 - PWorker] 16.5% Done (0.8/5.0 Mbases) in 20.3s
[14:54:41 - PWorker] Batches in cache: 6.
[14:54:41 - PWorker] 32.9% Done (1.6/5.0 Mbases) in 33.6s
[14:54:55 - PWorker] Batches in cache: 5.
[14:54:55 - PWorker] 49.3% Done (2.5/5.0 Mbases) in 47.4s
[14:55:08 - PWorker] Batches in cache: 4.
[14:55:08 - PWorker] 65.6% Done (3.3/5.0 Mbases) in 60.6s
[14:55:21 - PWorker] Batches in cache: 3.
[14:55:21 - PWorker] 82.3% Done (4.1/5.0 Mbases) in 74.0s
[14:55:34 - PWorker] Batches in cache: 2.
[14:55:34 - PWorker] 99.1% Done (4.9/5.0 Mbases) in 87.1s
[14:55:36 - PWorker] Processed 7 batches
[14:55:36 - PWorker] All done, 0 remainder regions.
[14:55:36 - Predict] Finished processing all regions.
/data/djs217/miniconda3/envs/hybracter_env/lib/python3.11/site-packages/hybracter/workflow/conda/7aafc1085ca44eee01942c03ca74ecad_/lib/python3.11/site-packages/medaka/common.py:16: UserWarning: pkg_resources is deprecated as an API. See https://setuptools.pypa.io/en/latest/pkg_resources.html. The pkg_resources package is slated for removal as early as 2025-11-30. Refrain from using this package or pin to Setuptools<81.
  from pkg_resources import resource_filename
[14:55:38 - DataIndx] Loaded 1/1 (100.00%) sample files.
[14:55:38 - Stitcher] Stitching contig_1:0-1000000
[14:55:39 - Stitcher] Stitching contig_1:1000000-2000000
[14:55:39 - Stitcher] Stitching contig_1:2000000-3000000
[14:55:39 - Stitcher] Stitching contig_1:3000000-3201230
[14:55:39 - Stitcher] Stitching 1:0-1000000
[14:55:40 - Stitcher] Stitching 1:1000000-1780110
