/data/djs217/miniconda3/envs/hybracter_env/lib/python3.11/site-packages/hybracter/workflow/conda/7aafc1085ca44eee01942c03ca74ecad_/lib/python3.11/site-packages/medaka/common.py:16: UserWarning: pkg_resources is deprecated as an API. See https://setuptools.pypa.io/en/latest/pkg_resources.html. The pkg_resources package is slated for removal as early as 2025-11-30. Refrain from using this package or pin to Setuptools<81.
  from pkg_resources import resource_filename
/data/djs217/miniconda3/envs/hybracter_env/lib/python3.11/site-packages/hybracter/workflow/conda/7aafc1085ca44eee01942c03ca74ecad_/lib/python3.11/site-packages/medaka/common.py:16: UserWarning: pkg_resources is deprecated as an API. See https://setuptools.pypa.io/en/latest/pkg_resources.html. The pkg_resources package is slated for removal as early as 2025-11-30. Refrain from using this package or pin to Setuptools<81.
  from pkg_resources import resource_filename
/data/djs217/miniconda3/envs/hybracter_env/lib/python3.11/site-packages/hybracter/workflow/conda/7aafc1085ca44eee01942c03ca74ecad_/lib/python3.11/site-packages/medaka/common.py:16: UserWarning: pkg_resources is deprecated as an API. See https://setuptools.pypa.io/en/latest/pkg_resources.html. The pkg_resources package is slated for removal as early as 2025-11-30. Refrain from using this package or pin to Setuptools<81.
  from pkg_resources import resource_filename
[01:53:56 - MdlStrTGZ] Successfully removed temporary files from /tmp/tmp_uibcasf.
/data/djs217/miniconda3/envs/hybracter_env/lib/python3.11/site-packages/hybracter/workflow/conda/7aafc1085ca44eee01942c03ca74ecad_/lib/python3.11/site-packages/medaka/common.py:16: UserWarning: pkg_resources is deprecated as an API. See https://setuptools.pypa.io/en/latest/pkg_resources.html. The pkg_resources package is slated for removal as early as 2025-11-30. Refrain from using this package or pin to Setuptools<81.
  from pkg_resources import resource_filename
[01:53:58 - MdlStrTGZ] Successfully removed temporary files from /tmp/tmpcaesoqeg.
Creating fai index file /data/djs217/PROJECTS/vibrio/P0232_251203_11813_10386/12_filtlong/02_hybracter/hybracter_out/processing/pre_polish/EXE_20_2025_B_chromosome_plus_plasmids.fasta.fai
Creating mmi index file /data/djs217/PROJECTS/vibrio/P0232_251203_11813_10386/12_filtlong/02_hybracter/hybracter_out/processing/pre_polish/EXE_20_2025_B_chromosome_plus_plasmids.fasta.map-ont.mmi
[M::mm_idx_gen::0.176*1.01] collected minimizers
[M::mm_idx_gen::0.229*1.46] sorted minimizers
[M::main::0.279*1.37] loaded/built the index for 15 target sequence(s)
[M::mm_idx_stat] kmer size: 15; skip: 10; is_hpc: 0; #seq: 15
[M::mm_idx_stat::0.294*1.35] distinct minimizers: 965588 (98.39% are singletons); average occurrences: 1.034; average spacing: 5.345; total length: 5336333
[M::main] Version: 2.30-r1287
[M::main] CMD: minimap2 -I 16G -x map-ont -d /data/djs217/PROJECTS/vibrio/P0232_251203_11813_10386/12_filtlong/02_hybracter/hybracter_out/processing/pre_polish/EXE_20_2025_B_chromosome_plus_plasmids.fasta.map-ont.mmi /data/djs217/PROJECTS/vibrio/P0232_251203_11813_10386/12_filtlong/02_hybracter/hybracter_out/processing/pre_polish/EXE_20_2025_B_chromosome_plus_plasmids.fasta
[M::main] Real time: 0.300 sec; CPU: 0.403 sec; Peak RSS: 0.050 GB
[M::main::0.064*1.02] loaded/built the index for 15 target sequence(s)
[M::mm_mapopt_update::0.082*1.01] mid_occ = 13
[M::mm_idx_stat] kmer size: 15; skip: 10; is_hpc: 0; #seq: 15
[M::mm_idx_stat::0.096*1.01] distinct minimizers: 965588 (98.39% are singletons); average occurrences: 1.034; average spacing: 5.345; total length: 5336333
[M::worker_pipeline::86.036*0.91] mapped 64133 sequences
[M::main] Version: 2.30-r1287
[M::main] CMD: minimap2 -x map-ont --secondary=no -L --MD -A 2 -B 4 -O 4,24 -E 2,1 -t 1 -a /data/djs217/PROJECTS/vibrio/P0232_251203_11813_10386/12_filtlong/02_hybracter/hybracter_out/processing/pre_polish/EXE_20_2025_B_chromosome_plus_plasmids.fasta.map-ont.mmi /data/djs217/PROJECTS/vibrio/P0232_251203_11813_10386/12_filtlong/02_hybracter/hybracter_out/processing/qc/EXE_20_2025_B_filt_trim.fastq.gz
[M::main] Real time: 86.051 sec; CPU: 78.192 sec; Peak RSS: 0.529 GB
/data/djs217/miniconda3/envs/hybracter_env/lib/python3.11/site-packages/hybracter/workflow/conda/7aafc1085ca44eee01942c03ca74ecad_/lib/python3.11/site-packages/medaka/common.py:16: UserWarning: pkg_resources is deprecated as an API. See https://setuptools.pypa.io/en/latest/pkg_resources.html. The pkg_resources package is slated for removal as early as 2025-11-30. Refrain from using this package or pin to Setuptools<81.
  from pkg_resources import resource_filename
[01:55:36 - Predict] Processing region(s): contig_3:0-3351842 1:0-856326 2:0-307597 3:0-199162 4:0-170706 5:0-138121 6:0-133675 7:0-127601 8:0-30228 9:0-11172 10:0-4430 11:0-2753 12:0-2374 13:0-200 14:0-146
[01:55:36 - Predict] Using model: /data/djs217/miniconda3/envs/hybracter_env/lib/python3.11/site-packages/hybracter/workflow/conda/7aafc1085ca44eee01942c03ca74ecad_/lib/python3.11/site-packages/medaka/data/r1041_e82_400bps_sup_v5.0.0_model_pt.tar.gz.
[01:55:36 - Predict] Using minimum mapQ threshold of 1 for read filtering.
[01:55:36 - MdlStrTGZ] Model GRUModel(
  (gru): GRU(10, 128, num_layers=2, batch_first=True, bidirectional=True)
  (linear): Linear(in_features=256, out_features=5, bias=True)
)
[01:55:36 - MdlStrTGZ] loading weights from /tmp/tmplr2ywvfr/model/weights.pt
[01:55:36 - MdlStrTGZ] Successfully removed temporary files from /tmp/tmplr2ywvfr.
[01:55:36 - Predict] Model device: cpu
[01:55:36 - Predict] Running prediction at full precision
[01:55:36 - BAMFile] Creating pool of 16 BAM file sets.
[01:55:36 - Predict] Processing 13 long region(s) with batching.
[01:55:36 - Sampler] Initializing sampler for consensus of region contig_3:0-1000000.
[01:55:36 - Sampler] Initializing sampler for consensus of region contig_3:999000-1999000.
[01:55:36 - PWorker] Running inference for 5.3M draft bases.
[01:55:38 - Feature] Processed contig_3:0.0-999999.0 (median depth 42.0)
[01:55:38 - Sampler] Took 1.27s to make features.
[01:55:38 - Sampler] Initializing sampler for consensus of region contig_3:1998000-2998000.
[01:55:38 - Feature] Processed contig_3:999000.0-1998999.2 (median depth 41.0)
[01:55:38 - Sampler] Took 1.43s to make features.
[01:55:38 - Sampler] Initializing sampler for consensus of region contig_3:2997000-3351842.
[01:55:38 - Feature] Processed contig_3:2997000.0-3351841.0 (median depth 43.0)
[01:55:38 - Sampler] Took 0.40s to make features.
[01:55:38 - Sampler] Initializing sampler for consensus of region 1:0-856326.
[01:55:39 - Feature] Processed contig_3:1998000.0-2997999.0 (median depth 43.0)
[01:55:39 - Sampler] Took 0.88s to make features.
[01:55:39 - Sampler] Initializing sampler for consensus of region 2:0-307597.
[01:55:39 - Feature] Processed 2:0.0-307596.0 (median depth 40.0)
[01:55:39 - Sampler] Took 0.58s to make features.
[01:55:39 - Sampler] Initializing sampler for consensus of region 3:0-199162.
[01:55:39 - Feature] Processed 1:0.0-856325.0 (median depth 41.0)
[01:55:39 - Sampler] Took 0.97s to make features.
[01:55:39 - Sampler] Initializing sampler for consensus of region 4:0-170706.
[01:55:40 - Feature] Processed 4:0.0-170705.0 (median depth 38.0)
[01:55:40 - Sampler] Took 0.29s to make features.
[01:55:40 - Sampler] Initializing sampler for consensus of region 5:0-138121.
[01:55:40 - Feature] Processed 3:0.0-199161.0 (median depth 42.0)
[01:55:40 - Sampler] Took 0.35s to make features.
[01:55:40 - Sampler] Initializing sampler for consensus of region 6:0-133675.
[01:55:40 - Feature] Processed 5:0.0-138120.0 (median depth 32.0)
[01:55:40 - Sampler] Took 0.24s to make features.
[01:55:40 - Sampler] Initializing sampler for consensus of region 7:0-127601.
[01:55:40 - Feature] Processed 6:0.0-133674.0 (median depth 39.0)
[01:55:40 - Sampler] Took 0.27s to make features.
[01:55:40 - Sampler] Initializing sampler for consensus of region 8:0-30228.
[01:55:40 - Feature] Processed 7:0.0-127600.0 (median depth 41.0)
[01:55:40 - Sampler] Took 0.20s to make features.
[01:55:40 - Sampler] Initializing sampler for consensus of region 9:0-11172.
[01:55:40 - Feature] Processed 8:0.0-30227.0 (median depth 40.0)
[01:55:40 - Sampler] Took 0.12s to make features.
[01:55:40 - Feature] Processed 9:0.0-11171.0 (median depth 24.0)
[01:55:40 - Sampler] Took 0.17s to make features.
[01:55:52 - PWorker] Batches in cache: 7.
[01:55:52 - PWorker] 14.9% Done (0.8/5.3 Mbases) in 15.9s
[01:56:06 - PWorker] Batches in cache: 6.
[01:56:06 - PWorker] 30.0% Done (1.6/5.3 Mbases) in 29.7s
[01:56:20 - PWorker] Batches in cache: 5.
[01:56:20 - PWorker] 45.0% Done (2.4/5.3 Mbases) in 43.3s
[01:56:33 - PWorker] Batches in cache: 4.
[01:56:33 - PWorker] 60.0% Done (3.2/5.3 Mbases) in 56.6s
[01:56:46 - PWorker] Batches in cache: 3.
[01:56:46 - PWorker] 75.1% Done (4.0/5.3 Mbases) in 70.0s
[01:57:00 - PWorker] Batches in cache: 2.
[01:57:00 - PWorker] 90.1% Done (4.8/5.3 Mbases) in 83.2s
[01:57:08 - PWorker] Batches in cache: 1.
[01:57:09 - PWorker] Processed 7 batches
[01:57:09 - PWorker] All done, 0 remainder regions.
[01:57:09 - Predict] Processing 5 short region(s).
[01:57:09 - Sampler] Initializing sampler for consensus of region 10:0-4430.
[01:57:09 - Sampler] Initializing sampler for consensus of region 11:0-2753.
[01:57:09 - PWorker] Running inference for 0.0M draft bases.
[01:57:09 - Feature] Processed 10:0.0-4429.0 (median depth 31.0)
[01:57:09 - Sampler] Took 0.20s to make features.
[01:57:09 - Sampler] Initializing sampler for consensus of region 12:0-2374.
[01:57:09 - Feature] Processed 11:0.0-2752.0 (median depth 20.0)
[01:57:09 - Sampler] Took 0.21s to make features.
[01:57:09 - Sampler] Initializing sampler for consensus of region 13:0-200.
[01:57:09 - Feature] Processed 12:0.0-2373.0 (median depth 12.0)
[01:57:09 - Sampler] Took 0.06s to make features.
[01:57:09 - Sampler] Took 0.02s to make features.
[01:57:09 - Sampler] Initializing sampler for consensus of region 14:0-146.
[01:57:09 - Sampler] Took 0.03s to make features.
[01:57:10 - PWorker] Processed 3 batches
[01:57:10 - PWorker] All done, 0 remainder regions.
[01:57:10 - Predict] Finished processing all regions.
/data/djs217/miniconda3/envs/hybracter_env/lib/python3.11/site-packages/hybracter/workflow/conda/7aafc1085ca44eee01942c03ca74ecad_/lib/python3.11/site-packages/medaka/common.py:16: UserWarning: pkg_resources is deprecated as an API. See https://setuptools.pypa.io/en/latest/pkg_resources.html. The pkg_resources package is slated for removal as early as 2025-11-30. Refrain from using this package or pin to Setuptools<81.
  from pkg_resources import resource_filename
[01:57:12 - DataIndx] Loaded 1/1 (100.00%) sample files.
[01:57:12 - Stitcher] Stitching 5:0-138121
[01:57:12 - Stitcher] Stitching 9:0-11172
[01:57:12 - Stitcher] Stitching contig_3:0-1000000
[01:57:13 - Stitcher] Stitching contig_3:1000000-2000000
[01:57:13 - Stitcher] Stitching contig_3:2000000-3000000
[01:57:13 - Stitcher] Stitching contig_3:3000000-3351842
[01:57:13 - Stitcher] Stitching 11:0-2753
[01:57:13 - Stitcher] Stitching 8:0-30228
[01:57:13 - Stitcher] Stitching 7:0-127601
[01:57:13 - Stitcher] Stitching 2:0-307597
[01:57:13 - Stitcher] Stitching 4:0-170706
[01:57:13 - Stitcher] Stitching 12:0-2374
[01:57:13 - Stitcher] Stitching 1:0-856326
[01:57:14 - Stitcher] Stitching 10:0-4430
[01:57:14 - Stitcher] Stitching 3:0-199162
[01:57:14 - Stitcher] Stitching 6:0-133675
[01:57:14 - Stitcher] Copying contig '13' verbatim from input.
[01:57:14 - Stitcher] Copying contig '14' verbatim from input.
