/data/djs217/miniconda3/envs/hybracter_env/lib/python3.11/site-packages/hybracter/workflow/conda/7aafc1085ca44eee01942c03ca74ecad_/lib/python3.11/site-packages/medaka/common.py:16: UserWarning: pkg_resources is deprecated as an API. See https://setuptools.pypa.io/en/latest/pkg_resources.html. The pkg_resources package is slated for removal as early as 2025-11-30. Refrain from using this package or pin to Setuptools<81.
  from pkg_resources import resource_filename
/data/djs217/miniconda3/envs/hybracter_env/lib/python3.11/site-packages/hybracter/workflow/conda/7aafc1085ca44eee01942c03ca74ecad_/lib/python3.11/site-packages/medaka/common.py:16: UserWarning: pkg_resources is deprecated as an API. See https://setuptools.pypa.io/en/latest/pkg_resources.html. The pkg_resources package is slated for removal as early as 2025-11-30. Refrain from using this package or pin to Setuptools<81.
  from pkg_resources import resource_filename
/data/djs217/miniconda3/envs/hybracter_env/lib/python3.11/site-packages/hybracter/workflow/conda/7aafc1085ca44eee01942c03ca74ecad_/lib/python3.11/site-packages/medaka/common.py:16: UserWarning: pkg_resources is deprecated as an API. See https://setuptools.pypa.io/en/latest/pkg_resources.html. The pkg_resources package is slated for removal as early as 2025-11-30. Refrain from using this package or pin to Setuptools<81.
  from pkg_resources import resource_filename
[16:53:19 - MdlStrTGZ] Successfully removed temporary files from /tmp/tmp74fhpo3e.
/data/djs217/miniconda3/envs/hybracter_env/lib/python3.11/site-packages/hybracter/workflow/conda/7aafc1085ca44eee01942c03ca74ecad_/lib/python3.11/site-packages/medaka/common.py:16: UserWarning: pkg_resources is deprecated as an API. See https://setuptools.pypa.io/en/latest/pkg_resources.html. The pkg_resources package is slated for removal as early as 2025-11-30. Refrain from using this package or pin to Setuptools<81.
  from pkg_resources import resource_filename
[16:53:21 - MdlStrTGZ] Successfully removed temporary files from /tmp/tmpggn_31yb.
Creating fai index file /data/djs217/PROJECTS/vibrio/P0232_251203_11813_10386/12_filtlong/02_hybracter/hybracter_out/processing/pre_polish/EXE_01_2025_M_chromosome_plus_plasmids.fasta.fai
Creating mmi index file /data/djs217/PROJECTS/vibrio/P0232_251203_11813_10386/12_filtlong/02_hybracter/hybracter_out/processing/pre_polish/EXE_01_2025_M_chromosome_plus_plasmids.fasta.map-ont.mmi
[M::mm_idx_gen::0.160*1.01] collected minimizers
[M::mm_idx_gen::0.232*1.44] sorted minimizers
[M::main::0.283*1.36] loaded/built the index for 2 target sequence(s)
[M::mm_idx_stat] kmer size: 15; skip: 10; is_hpc: 0; #seq: 2
[M::mm_idx_stat::0.293*1.35] distinct minimizers: 714348 (98.36% are singletons); average occurrences: 1.037; average spacing: 5.341; total length: 3956415
[M::main] Version: 2.30-r1287
[M::main] CMD: minimap2 -I 16G -x map-ont -d /data/djs217/PROJECTS/vibrio/P0232_251203_11813_10386/12_filtlong/02_hybracter/hybracter_out/processing/pre_polish/EXE_01_2025_M_chromosome_plus_plasmids.fasta.map-ont.mmi /data/djs217/PROJECTS/vibrio/P0232_251203_11813_10386/12_filtlong/02_hybracter/hybracter_out/processing/pre_polish/EXE_01_2025_M_chromosome_plus_plasmids.fasta
[M::main] Real time: 0.299 sec; CPU: 0.402 sec; Peak RSS: 0.041 GB
[M::main::0.064*1.05] loaded/built the index for 2 target sequence(s)
[M::mm_mapopt_update::0.077*1.04] mid_occ = 11
[M::mm_idx_stat] kmer size: 15; skip: 10; is_hpc: 0; #seq: 2
[M::mm_idx_stat::0.086*1.04] distinct minimizers: 714348 (98.36% are singletons); average occurrences: 1.037; average spacing: 5.341; total length: 3956415
[M::worker_pipeline::87.481*0.95] mapped 24308 sequences
[M::main] Version: 2.30-r1287
[M::main] CMD: minimap2 -x map-ont --secondary=no -L --MD -A 2 -B 4 -O 4,24 -E 2,1 -t 1 -a /data/djs217/PROJECTS/vibrio/P0232_251203_11813_10386/12_filtlong/02_hybracter/hybracter_out/processing/pre_polish/EXE_01_2025_M_chromosome_plus_plasmids.fasta.map-ont.mmi /data/djs217/PROJECTS/vibrio/P0232_251203_11813_10386/12_filtlong/02_hybracter/hybracter_out/processing/qc/EXE_01_2025_M_filt_trim.fastq.gz
[M::main] Real time: 87.495 sec; CPU: 82.694 sec; Peak RSS: 0.617 GB
/data/djs217/miniconda3/envs/hybracter_env/lib/python3.11/site-packages/hybracter/workflow/conda/7aafc1085ca44eee01942c03ca74ecad_/lib/python3.11/site-packages/medaka/common.py:16: UserWarning: pkg_resources is deprecated as an API. See https://setuptools.pypa.io/en/latest/pkg_resources.html. The pkg_resources package is slated for removal as early as 2025-11-30. Refrain from using this package or pin to Setuptools<81.
  from pkg_resources import resource_filename
[16:55:02 - Predict] Processing region(s): contig_2:0-2939626 1:0-1016789
[16:55:02 - Predict] Using model: /data/djs217/miniconda3/envs/hybracter_env/lib/python3.11/site-packages/hybracter/workflow/conda/7aafc1085ca44eee01942c03ca74ecad_/lib/python3.11/site-packages/medaka/data/r1041_e82_400bps_sup_v5.0.0_model_pt.tar.gz.
[16:55:02 - Predict] Using minimum mapQ threshold of 1 for read filtering.
[16:55:02 - MdlStrTGZ] Model GRUModel(
  (gru): GRU(10, 128, num_layers=2, batch_first=True, bidirectional=True)
  (linear): Linear(in_features=256, out_features=5, bias=True)
)
[16:55:02 - MdlStrTGZ] loading weights from /tmp/tmptqxpft36/model/weights.pt
[16:55:02 - MdlStrTGZ] Successfully removed temporary files from /tmp/tmptqxpft36.
[16:55:02 - Predict] Model device: cpu
[16:55:02 - Predict] Running prediction at full precision
[16:55:02 - BAMFile] Creating pool of 16 BAM file sets.
[16:55:02 - Predict] Processing 5 long region(s) with batching.
[16:55:02 - Sampler] Initializing sampler for consensus of region contig_2:0-1000000.
[16:55:02 - Sampler] Initializing sampler for consensus of region contig_2:999000-1999000.
[16:55:02 - PWorker] Running inference for 4.0M draft bases.
[16:55:04 - Feature] Processed contig_2:0.0-999999.0 (median depth 68.0)
[16:55:04 - Sampler] Took 1.64s to make features.
[16:55:04 - Feature] Processed contig_2:999000.0-1998999.0 (median depth 59.0)
[16:55:04 - Sampler] Took 1.66s to make features.
[16:55:04 - Sampler] Initializing sampler for consensus of region contig_2:1998000-2939626.
[16:55:04 - Sampler] Initializing sampler for consensus of region 1:0-1000000.
[16:55:05 - Feature] Processed 1:0.0-999999.0 (median depth 57.0)
[16:55:05 - Sampler] Took 1.09s to make features.
[16:55:05 - Sampler] Initializing sampler for consensus of region 1:999000-1016789.
[16:55:05 - Feature] Processed contig_2:1998000.0-2939625.0 (median depth 52.0)
[16:55:05 - Sampler] Took 1.12s to make features.
[16:55:05 - Feature] Processed 1:999000.0-1016788.0 (median depth 49.0)
[16:55:05 - Sampler] Took 0.09s to make features.
[16:55:21 - PWorker] Batches in cache: 6.
[16:55:21 - PWorker] 19.4% Done (0.8/4.0 Mbases) in 18.6s
[16:55:35 - PWorker] Batches in cache: 5.
[16:55:35 - PWorker] 38.7% Done (1.5/4.0 Mbases) in 32.5s
[16:55:49 - PWorker] Batches in cache: 4.
[16:55:49 - PWorker] 58.4% Done (2.3/4.0 Mbases) in 46.6s
[16:56:03 - PWorker] Batches in cache: 3.
[16:56:03 - PWorker] 77.9% Done (3.1/4.0 Mbases) in 60.5s
[16:56:17 - PWorker] Batches in cache: 2.
[16:56:17 - PWorker] 97.9% Done (3.9/4.0 Mbases) in 74.4s
[16:56:19 - PWorker] Processed 6 batches
[16:56:19 - PWorker] All done, 0 remainder regions.
[16:56:19 - Predict] Finished processing all regions.
/data/djs217/miniconda3/envs/hybracter_env/lib/python3.11/site-packages/hybracter/workflow/conda/7aafc1085ca44eee01942c03ca74ecad_/lib/python3.11/site-packages/medaka/common.py:16: UserWarning: pkg_resources is deprecated as an API. See https://setuptools.pypa.io/en/latest/pkg_resources.html. The pkg_resources package is slated for removal as early as 2025-11-30. Refrain from using this package or pin to Setuptools<81.
  from pkg_resources import resource_filename
[16:56:21 - DataIndx] Loaded 1/1 (100.00%) sample files.
[16:56:21 - Stitcher] Stitching 1:0-1000000
[16:56:21 - Stitcher] Stitching 1:1000000-1016789
[16:56:21 - Stitcher] Stitching contig_2:0-1000000
[16:56:21 - Stitcher] Stitching contig_2:1000000-2000000
[16:56:22 - Stitcher] Stitching contig_2:2000000-2939626
