2025-10-17 17:51:44.843 | INFO     | plassembler:begin_plassembler:101 - You are using Plassembler version 1.8.1

2025-10-17 17:51:44.844 | INFO     | plassembler:begin_plassembler:102 - Repository homepage is https://github.com/gbouras13/plassembler
2025-10-17 17:51:44.844 | INFO     | plassembler:begin_plassembler:103 - Written by George Bouras: george.bouras@adelaide.edu.au
2025-10-17 17:51:44.844 | INFO     | plassembler:long:1371 - Database directory is /data/djs217/miniconda3/lib/python3.12/site-packages/hybracter/workflow/../databases
2025-10-17 17:51:44.844 | INFO     | plassembler:long:1372 - Longreads file is hybracter_out/processing/qc/11813_EXE_19_2024_M_PBC74148_filt_trim.fastq.gz
2025-10-17 17:51:44.844 | INFO     | plassembler:long:1373 - Chromosome length threshold is 2800000
2025-10-17 17:51:44.844 | INFO     | plassembler:long:1374 - Output directory is hybracter_out/processing/plassembler/11813_EXE_19_2024_M_PBC74148
2025-10-17 17:51:44.844 | INFO     | plassembler:long:1375 - Min long read length is 500
2025-10-17 17:51:44.844 | INFO     | plassembler:long:1376 - Min long read quality is 9
2025-10-17 17:51:44.844 | INFO     | plassembler:long:1377 - Thread count is 1
2025-10-17 17:51:44.844 | INFO     | plassembler:long:1378 - --force is True
2025-10-17 17:51:44.844 | INFO     | plassembler:long:1379 - --skip_qc is True
2025-10-17 17:51:44.844 | INFO     | plassembler:long:1380 - --raw_flag is False
2025-10-17 17:51:44.844 | INFO     | plassembler:long:1381 - --keep_fastqs is False
2025-10-17 17:51:44.844 | INFO     | plassembler:long:1382 - --pacbio_model is nothing
2025-10-17 17:51:44.844 | INFO     | plassembler:long:1383 - --keep_chromosome is False
2025-10-17 17:51:44.844 | INFO     | plassembler:long:1384 - --flye_directory is hybracter_out/processing/assemblies/11813_EXE_19_2024_M_PBC74148
2025-10-17 17:51:44.844 | INFO     | plassembler:long:1385 - --flye_assembly is nothing
2025-10-17 17:51:44.844 | INFO     | plassembler:long:1386 - --flye_info is nothing
2025-10-17 17:51:44.844 | INFO     | plassembler:long:1387 - --corrected_error_rate is 0.12
2025-10-17 17:51:44.844 | INFO     | plassembler:long:1388 - --no_chromosome is False
2025-10-17 17:51:44.844 | INFO     | plassembler:long:1389 - --depth_filter is 0.25
2025-10-17 17:51:44.844 | INFO     | plassembler:long:1390 - --unicycler_options is None
2025-10-17 17:51:44.844 | INFO     | plassembler:long:1391 - --spades_options is None
2025-10-17 17:51:44.844 | INFO     | plassembler:long:1392 - --skip_mash is False
2025-10-17 17:51:44.844 | INFO     | plassembler:long:1396 - Checking dependencies
2025-10-17 17:51:44.937 | INFO     | plassembler.utils.input_commands:check_dependencies:199 - Flye version found is v2.9.6-b1802.
2025-10-17 17:51:44.937 | INFO     | plassembler.utils.input_commands:check_dependencies:209 - Flye version is ok.
2025-10-17 17:51:44.943 | INFO     | plassembler.utils.input_commands:check_dependencies:218 - Raven v1.8.3 found.
2025-10-17 17:51:44.944 | INFO     | plassembler.utils.input_commands:check_dependencies:220 - Raven version is ok.
2025-10-17 17:51:45.040 | INFO     | plassembler.utils.input_commands:check_dependencies:242 - Unicycler version found is v0.5.1.
2025-10-17 17:51:45.041 | INFO     | plassembler.utils.input_commands:check_dependencies:255 - Unicycler version is ok.
2025-10-17 17:51:45.147 | INFO     | plassembler.utils.input_commands:check_dependencies:265 - SPAdes v4.2.0 found.
2025-10-17 17:51:45.163 | INFO     | plassembler.utils.input_commands:check_dependencies:278 - Samtools v1.22.1 found.
2025-10-17 17:51:45.165 | INFO     | plassembler.utils.input_commands:check_dependencies:289 - minimap2 v2.30-r1287 found.
2025-10-17 17:51:45.171 | INFO     | plassembler.utils.input_commands:check_dependencies:300 - fastp v1.0.1 found.
2025-10-17 17:51:45.176 | INFO     | plassembler.utils.input_commands:check_dependencies:311 - chopper v0.11.0 found.
2025-10-17 17:51:45.193 | INFO     | plassembler.utils.input_commands:check_dependencies:326 - mash v2.3 found.
2025-10-17 17:51:45.323 | INFO     | plassembler.utils.input_commands:check_dependencies:337 - canu v2.2 found.
2025-10-17 17:51:45.955 | INFO     | plassembler.utils.input_commands:check_dependencies:348 - dnaapler v0.8.1 found.
2025-10-17 17:51:46.063 | INFO     | plassembler.utils.input_commands:check_dependencies:365 - BLAST version found is v2.17.0.
2025-10-17 17:51:46.064 | INFO     | plassembler.utils.input_commands:check_dependencies:371 - All dependencies found.
2025-10-17 17:51:46.064 | INFO     | plassembler:long:1405 - Checking database installation.
2025-10-17 17:51:46.064 | INFO     | plassembler.utils.db:check_db_installation:52 - PLSDB Database mash sketch at /data/djs217/miniconda3/lib/python3.12/site-packages/hybracter/workflow/../databases/plsdb_2023_11_03_v2.msh exists.
2025-10-17 17:51:46.064 | INFO     | plassembler.utils.db:check_db_installation:53 - PLSDB Database tsv metadata file at /data/djs217/miniconda3/lib/python3.12/site-packages/hybracter/workflow/../databases/plsdb_2023_11_03_v2.tsv exists.
2025-10-17 17:51:46.064 | INFO     | plassembler.utils.db:check_db_installation:54 - PLSDB Database at /data/djs217/miniconda3/lib/python3.12/site-packages/hybracter/workflow/../databases has already been downloaded
2025-10-17 17:51:46.065 | INFO     | plassembler:long:1413 - Database successfully checked.
2025-10-17 17:51:46.065 | INFO     | plassembler:long:1416 - Checking input fastqs.
2025-10-17 17:51:46.087 | INFO     | plassembler.utils.input_commands:validate_fastq:24 - FASTQ hybracter_out/processing/qc/11813_EXE_19_2024_M_PBC74148_filt_trim.fastq.gz checked
2025-10-17 17:51:46.269 | INFO     | plassembler:long:1474 - You have specified a hybracter_out/processing/assemblies/11813_EXE_19_2024_M_PBC74148 with an existing flye assembly.
2025-10-17 17:51:46.269 | INFO     | plassembler:long:1477 - Copying files.
2025-10-17 17:51:46.274 | INFO     | plassembler:long:1518 - Counting Contigs.
2025-10-17 17:51:46.305 | INFO     | plassembler.utils.plass_class:get_contig_count:87 - Assembled 2 contigs.
2025-10-17 17:51:46.408 | INFO     | plassembler:long:1563 - Mapping long reads.
2025-10-17 17:51:46.409 | INFO     | plassembler.utils.external_tools:run_to_stdout:67 - Started running minimap2 -ax map-ont -t 1 hybracter_out/processing/plassembler/11813_EXE_19_2024_M_PBC74148/flye_renamed.fasta hybracter_out/processing/plassembler/11813_EXE_19_2024_M_PBC74148/chopper_long_reads.fastq.gz ...
2025-10-17 17:53:04.364 | INFO     | plassembler.utils.external_tools:run_to_stdout:69 - Done running minimap2 -ax map-ont -t 1 hybracter_out/processing/plassembler/11813_EXE_19_2024_M_PBC74148/flye_renamed.fasta hybracter_out/processing/plassembler/11813_EXE_19_2024_M_PBC74148/chopper_long_reads.fastq.gz
2025-10-17 17:53:04.364 | INFO     | plassembler:long:1572 - Processing Sam/Bam Files and extracting Fastqs.
2025-10-17 17:53:05.159 | INFO     | plassembler:long:1635 - Removing junk low entropy repeat reads.
2025-10-17 17:54:08.593 | INFO     | plassembler:long:1643 - Correcting reads with canu prior to running Unicycler.
2025-10-17 17:54:08.594 | INFO     | plassembler.utils.external_tools:run:58 - Started running canu -correct -p canu -d hybracter_out/processing/plassembler/11813_EXE_19_2024_M_PBC74148/canu genomeSize=1.83648m maxInputCoverage=50 stopOnLowCoverage=1 maxThreads=1 -nanopore correctedErrorRate=0.12 hybracter_out/processing/plassembler/11813_EXE_19_2024_M_PBC74148/plasmid_long_entropy_filtered.fastq ...
2025-10-17 17:54:08.959 | WARNING  | plassembler.utils.external_tools:run_tool:129 - Canu failed to correct any reads.
2025-10-17 17:54:08.959 | WARNING  | plassembler.utils.external_tools:run_tool:130 - This probably means there is low depth, don't be too concerned.
2025-10-17 17:54:08.960 | WARNING  | plassembler.utils.external_tools:run_tool:133 - If you are concerned, check stdout log file: hybracter_out/processing/plassembler/11813_EXE_19_2024_M_PBC74148/logs/canu__correct_316f9f04219c138926c6132b8157e0582004c2a7481697755ac29d31f0b493f5.out and stderr log file: hybracter_out/processing/plassembler/11813_EXE_19_2024_M_PBC74148/logs/canu__correct_316f9f04219c138926c6132b8157e0582004c2a7481697755ac29d31f0b493f5.err.
2025-10-17 17:54:08.960 | WARNING  | plassembler:long:1663 - Advancing with uncorrected reads
2025-10-17 17:54:08.961 | INFO     | plassembler.utils.external_tools:run:58 - Started running unicycler -s hybracter_out/processing/plassembler/11813_EXE_19_2024_M_PBC74148/plasmid_long_entropy_filtered.fastq -l hybracter_out/processing/plassembler/11813_EXE_19_2024_M_PBC74148/plasmid_long_entropy_filtered.fastq -t 1 -o hybracter_out/processing/plassembler/11813_EXE_19_2024_M_PBC74148/unicycler_output ...
2025-10-17 19:23:50.435 | INFO     | plassembler.utils.external_tools:run:60 - Done running unicycler -s hybracter_out/processing/plassembler/11813_EXE_19_2024_M_PBC74148/plasmid_long_entropy_filtered.fastq -l hybracter_out/processing/plassembler/11813_EXE_19_2024_M_PBC74148/plasmid_long_entropy_filtered.fastq -t 1 -o hybracter_out/processing/plassembler/11813_EXE_19_2024_M_PBC74148/unicycler_output
2025-10-17 19:23:50.484 | INFO     | plassembler:long:1701 - unicycler assembled 71 contigs.
2025-10-17 19:23:50.525 | INFO     | plassembler.utils.external_tools:run_to_stdout:67 - Started running minimap2 -ax map-ont -t 1 hybracter_out/processing/plassembler/11813_EXE_19_2024_M_PBC74148/long_combined.fasta hybracter_out/processing/plassembler/11813_EXE_19_2024_M_PBC74148/chopper_long_reads.fastq.gz ...
2025-10-17 19:25:09.912 | INFO     | plassembler.utils.external_tools:run_to_stdout:69 - Done running minimap2 -ax map-ont -t 1 hybracter_out/processing/plassembler/11813_EXE_19_2024_M_PBC74148/long_combined.fasta hybracter_out/processing/plassembler/11813_EXE_19_2024_M_PBC74148/chopper_long_reads.fastq.gz
2025-10-17 19:25:09.913 | INFO     | plassembler.utils.external_tools:run:58 - Started running samtools sort -@ 1 hybracter_out/processing/plassembler/11813_EXE_19_2024_M_PBC74148/combined_long.sam -o hybracter_out/processing/plassembler/11813_EXE_19_2024_M_PBC74148/combined_sorted_long.bam ...
2025-10-17 19:25:20.563 | INFO     | plassembler.utils.external_tools:run:60 - Done running samtools sort -@ 1 hybracter_out/processing/plassembler/11813_EXE_19_2024_M_PBC74148/combined_long.sam -o hybracter_out/processing/plassembler/11813_EXE_19_2024_M_PBC74148/combined_sorted_long.bam
2025-10-17 19:25:27.657 | INFO     | plassembler:long:1720 - Calculating mash distances to PLSDB.
2025-10-17 19:25:27.658 | INFO     | plassembler.utils.external_tools:run:58 - Started running mash sketch hybracter_out/processing/plassembler/11813_EXE_19_2024_M_PBC74148/plasmids.fasta -i ...
2025-10-17 19:25:27.769 | INFO     | plassembler.utils.external_tools:run:60 - Done running mash sketch hybracter_out/processing/plassembler/11813_EXE_19_2024_M_PBC74148/plasmids.fasta -i
2025-10-17 19:25:27.770 | INFO     | plassembler.utils.external_tools:run_to_stdout:67 - Started running mash dist hybracter_out/processing/plassembler/11813_EXE_19_2024_M_PBC74148/plasmids.fasta.msh /data/djs217/miniconda3/lib/python3.12/site-packages/hybracter/workflow/../databases/plsdb_2023_11_03_v2.msh -v 0.1 -d 0.1 -i ...
2025-10-17 19:26:00.387 | INFO     | plassembler.utils.external_tools:run_to_stdout:69 - Done running mash dist hybracter_out/processing/plassembler/11813_EXE_19_2024_M_PBC74148/plasmids.fasta.msh /data/djs217/miniconda3/lib/python3.12/site-packages/hybracter/workflow/../databases/plsdb_2023_11_03_v2.msh -v 0.1 -d 0.1 -i
2025-10-17 19:26:01.195 | INFO     | plassembler.utils.plass_class:combine_depth_mash_tsvs:754 - Filtering contigs below depth filter: 0.25.
2025-10-17 19:26:01.195 | INFO     | plassembler.utils.plass_class:combine_depth_mash_tsvs:760 - All plasmids whose long read copy numbers are below 0.25 will be removed.
2025-10-17 19:26:01.195 | INFO     | plassembler.utils.plass_class:combine_depth_mash_tsvs:768 - 1 plasmids were filtered as they were below the depth filter.
2025-10-17 19:26:01.551 | INFO     | plassembler:end_plassembler:118 - Plassembler has finished
2025-10-17 19:26:01.551 | INFO     | plassembler:end_plassembler:119 - Elapsed time: 5656.72 seconds
