2025-10-16 10:05:09.598 | INFO     | plassembler:begin_plassembler:101 - You are using Plassembler version 1.8.1

2025-10-16 10:05:09.598 | INFO     | plassembler:begin_plassembler:102 - Repository homepage is https://github.com/gbouras13/plassembler
2025-10-16 10:05:09.598 | INFO     | plassembler:begin_plassembler:103 - Written by George Bouras: george.bouras@adelaide.edu.au
2025-10-16 10:05:09.598 | INFO     | plassembler:long:1371 - Database directory is /data/djs217/miniconda3/lib/python3.12/site-packages/hybracter/workflow/../databases
2025-10-16 10:05:09.598 | INFO     | plassembler:long:1372 - Longreads file is hybracter_out/processing/qc/11813_EXE_06_2024_E_PBC74148_filt_trim.fastq.gz
2025-10-16 10:05:09.598 | INFO     | plassembler:long:1373 - Chromosome length threshold is 2800000
2025-10-16 10:05:09.598 | INFO     | plassembler:long:1374 - Output directory is hybracter_out/processing/plassembler/11813_EXE_06_2024_E_PBC74148
2025-10-16 10:05:09.598 | INFO     | plassembler:long:1375 - Min long read length is 500
2025-10-16 10:05:09.598 | INFO     | plassembler:long:1376 - Min long read quality is 9
2025-10-16 10:05:09.598 | INFO     | plassembler:long:1377 - Thread count is 1
2025-10-16 10:05:09.598 | INFO     | plassembler:long:1378 - --force is True
2025-10-16 10:05:09.599 | INFO     | plassembler:long:1379 - --skip_qc is True
2025-10-16 10:05:09.599 | INFO     | plassembler:long:1380 - --raw_flag is False
2025-10-16 10:05:09.599 | INFO     | plassembler:long:1381 - --keep_fastqs is False
2025-10-16 10:05:09.599 | INFO     | plassembler:long:1382 - --pacbio_model is nothing
2025-10-16 10:05:09.599 | INFO     | plassembler:long:1383 - --keep_chromosome is False
2025-10-16 10:05:09.599 | INFO     | plassembler:long:1384 - --flye_directory is hybracter_out/processing/assemblies/11813_EXE_06_2024_E_PBC74148
2025-10-16 10:05:09.599 | INFO     | plassembler:long:1385 - --flye_assembly is nothing
2025-10-16 10:05:09.599 | INFO     | plassembler:long:1386 - --flye_info is nothing
2025-10-16 10:05:09.599 | INFO     | plassembler:long:1387 - --corrected_error_rate is 0.12
2025-10-16 10:05:09.599 | INFO     | plassembler:long:1388 - --no_chromosome is False
2025-10-16 10:05:09.599 | INFO     | plassembler:long:1389 - --depth_filter is 0.25
2025-10-16 10:05:09.599 | INFO     | plassembler:long:1390 - --unicycler_options is None
2025-10-16 10:05:09.599 | INFO     | plassembler:long:1391 - --spades_options is None
2025-10-16 10:05:09.599 | INFO     | plassembler:long:1392 - --skip_mash is False
2025-10-16 10:05:09.599 | INFO     | plassembler:long:1396 - Checking dependencies
2025-10-16 10:05:09.707 | INFO     | plassembler.utils.input_commands:check_dependencies:199 - Flye version found is v2.9.6-b1802.
2025-10-16 10:05:09.707 | INFO     | plassembler.utils.input_commands:check_dependencies:209 - Flye version is ok.
2025-10-16 10:05:09.713 | INFO     | plassembler.utils.input_commands:check_dependencies:218 - Raven v1.8.3 found.
2025-10-16 10:05:09.713 | INFO     | plassembler.utils.input_commands:check_dependencies:220 - Raven version is ok.
2025-10-16 10:05:09.807 | INFO     | plassembler.utils.input_commands:check_dependencies:242 - Unicycler version found is v0.5.1.
2025-10-16 10:05:09.808 | INFO     | plassembler.utils.input_commands:check_dependencies:255 - Unicycler version is ok.
2025-10-16 10:05:09.918 | INFO     | plassembler.utils.input_commands:check_dependencies:265 - SPAdes v4.2.0 found.
2025-10-16 10:05:09.926 | INFO     | plassembler.utils.input_commands:check_dependencies:278 - Samtools v1.22.1 found.
2025-10-16 10:05:09.929 | INFO     | plassembler.utils.input_commands:check_dependencies:289 - minimap2 v2.30-r1287 found.
2025-10-16 10:05:09.935 | INFO     | plassembler.utils.input_commands:check_dependencies:300 - fastp v1.0.1 found.
2025-10-16 10:05:09.940 | INFO     | plassembler.utils.input_commands:check_dependencies:311 - chopper v0.11.0 found.
2025-10-16 10:05:09.958 | INFO     | plassembler.utils.input_commands:check_dependencies:326 - mash v2.3 found.
2025-10-16 10:05:10.088 | INFO     | plassembler.utils.input_commands:check_dependencies:337 - canu v2.2 found.
2025-10-16 10:05:10.689 | INFO     | plassembler.utils.input_commands:check_dependencies:348 - dnaapler v0.8.1 found.
2025-10-16 10:05:10.833 | INFO     | plassembler.utils.input_commands:check_dependencies:365 - BLAST version found is v2.17.0.
2025-10-16 10:05:10.833 | INFO     | plassembler.utils.input_commands:check_dependencies:371 - All dependencies found.
2025-10-16 10:05:10.834 | INFO     | plassembler:long:1405 - Checking database installation.
2025-10-16 10:05:10.834 | INFO     | plassembler.utils.db:check_db_installation:52 - PLSDB Database mash sketch at /data/djs217/miniconda3/lib/python3.12/site-packages/hybracter/workflow/../databases/plsdb_2023_11_03_v2.msh exists.
2025-10-16 10:05:10.834 | INFO     | plassembler.utils.db:check_db_installation:53 - PLSDB Database tsv metadata file at /data/djs217/miniconda3/lib/python3.12/site-packages/hybracter/workflow/../databases/plsdb_2023_11_03_v2.tsv exists.
2025-10-16 10:05:10.834 | INFO     | plassembler.utils.db:check_db_installation:54 - PLSDB Database at /data/djs217/miniconda3/lib/python3.12/site-packages/hybracter/workflow/../databases has already been downloaded
2025-10-16 10:05:10.835 | INFO     | plassembler:long:1413 - Database successfully checked.
2025-10-16 10:05:10.835 | INFO     | plassembler:long:1416 - Checking input fastqs.
2025-10-16 10:05:10.855 | INFO     | plassembler.utils.input_commands:validate_fastq:24 - FASTQ hybracter_out/processing/qc/11813_EXE_06_2024_E_PBC74148_filt_trim.fastq.gz checked
2025-10-16 10:05:11.028 | INFO     | plassembler:long:1474 - You have specified a hybracter_out/processing/assemblies/11813_EXE_06_2024_E_PBC74148 with an existing flye assembly.
2025-10-16 10:05:11.028 | INFO     | plassembler:long:1477 - Copying files.
2025-10-16 10:05:11.033 | INFO     | plassembler:long:1518 - Counting Contigs.
2025-10-16 10:05:11.065 | INFO     | plassembler.utils.plass_class:get_contig_count:87 - Assembled 2 contigs.
2025-10-16 10:05:11.171 | INFO     | plassembler:long:1563 - Mapping long reads.
2025-10-16 10:05:11.172 | INFO     | plassembler.utils.external_tools:run_to_stdout:67 - Started running minimap2 -ax map-ont -t 1 hybracter_out/processing/plassembler/11813_EXE_06_2024_E_PBC74148/flye_renamed.fasta hybracter_out/processing/plassembler/11813_EXE_06_2024_E_PBC74148/chopper_long_reads.fastq.gz ...
2025-10-16 10:06:31.202 | INFO     | plassembler.utils.external_tools:run_to_stdout:69 - Done running minimap2 -ax map-ont -t 1 hybracter_out/processing/plassembler/11813_EXE_06_2024_E_PBC74148/flye_renamed.fasta hybracter_out/processing/plassembler/11813_EXE_06_2024_E_PBC74148/chopper_long_reads.fastq.gz
2025-10-16 10:06:31.203 | INFO     | plassembler:long:1572 - Processing Sam/Bam Files and extracting Fastqs.
2025-10-16 10:06:32.004 | INFO     | plassembler:long:1635 - Removing junk low entropy repeat reads.
2025-10-16 10:07:35.914 | INFO     | plassembler:long:1643 - Correcting reads with canu prior to running Unicycler.
2025-10-16 10:07:35.915 | INFO     | plassembler.utils.external_tools:run:58 - Started running canu -correct -p canu -d hybracter_out/processing/plassembler/11813_EXE_06_2024_E_PBC74148/canu genomeSize=1.86592m maxInputCoverage=50 stopOnLowCoverage=1 maxThreads=1 -nanopore correctedErrorRate=0.12 hybracter_out/processing/plassembler/11813_EXE_06_2024_E_PBC74148/plasmid_long_entropy_filtered.fastq ...
2025-10-16 10:07:36.288 | WARNING  | plassembler.utils.external_tools:run_tool:129 - Canu failed to correct any reads.
2025-10-16 10:07:36.288 | WARNING  | plassembler.utils.external_tools:run_tool:130 - This probably means there is low depth, don't be too concerned.
2025-10-16 10:07:36.288 | WARNING  | plassembler.utils.external_tools:run_tool:133 - If you are concerned, check stdout log file: hybracter_out/processing/plassembler/11813_EXE_06_2024_E_PBC74148/logs/canu__correct_f15c48fdfa426c89c70fc7e901aa6c743212d129d6bf3eb1cb70d55e805f709d.out and stderr log file: hybracter_out/processing/plassembler/11813_EXE_06_2024_E_PBC74148/logs/canu__correct_f15c48fdfa426c89c70fc7e901aa6c743212d129d6bf3eb1cb70d55e805f709d.err.
2025-10-16 10:07:36.289 | WARNING  | plassembler:long:1663 - Advancing with uncorrected reads
2025-10-16 10:07:36.290 | INFO     | plassembler.utils.external_tools:run:58 - Started running unicycler -s hybracter_out/processing/plassembler/11813_EXE_06_2024_E_PBC74148/plasmid_long_entropy_filtered.fastq -l hybracter_out/processing/plassembler/11813_EXE_06_2024_E_PBC74148/plasmid_long_entropy_filtered.fastq -t 1 -o hybracter_out/processing/plassembler/11813_EXE_06_2024_E_PBC74148/unicycler_output ...
2025-10-16 11:34:58.971 | INFO     | plassembler.utils.external_tools:run:60 - Done running unicycler -s hybracter_out/processing/plassembler/11813_EXE_06_2024_E_PBC74148/plasmid_long_entropy_filtered.fastq -l hybracter_out/processing/plassembler/11813_EXE_06_2024_E_PBC74148/plasmid_long_entropy_filtered.fastq -t 1 -o hybracter_out/processing/plassembler/11813_EXE_06_2024_E_PBC74148/unicycler_output
2025-10-16 11:34:59.024 | INFO     | plassembler:long:1701 - unicycler assembled 1 contigs.
2025-10-16 11:34:59.073 | INFO     | plassembler.utils.external_tools:run_to_stdout:67 - Started running minimap2 -ax map-ont -t 1 hybracter_out/processing/plassembler/11813_EXE_06_2024_E_PBC74148/long_combined.fasta hybracter_out/processing/plassembler/11813_EXE_06_2024_E_PBC74148/chopper_long_reads.fastq.gz ...
2025-10-16 11:36:18.805 | INFO     | plassembler.utils.external_tools:run_to_stdout:69 - Done running minimap2 -ax map-ont -t 1 hybracter_out/processing/plassembler/11813_EXE_06_2024_E_PBC74148/long_combined.fasta hybracter_out/processing/plassembler/11813_EXE_06_2024_E_PBC74148/chopper_long_reads.fastq.gz
2025-10-16 11:36:18.807 | INFO     | plassembler.utils.external_tools:run:58 - Started running samtools sort -@ 1 hybracter_out/processing/plassembler/11813_EXE_06_2024_E_PBC74148/combined_long.sam -o hybracter_out/processing/plassembler/11813_EXE_06_2024_E_PBC74148/combined_sorted_long.bam ...
2025-10-16 11:36:29.504 | INFO     | plassembler.utils.external_tools:run:60 - Done running samtools sort -@ 1 hybracter_out/processing/plassembler/11813_EXE_06_2024_E_PBC74148/combined_long.sam -o hybracter_out/processing/plassembler/11813_EXE_06_2024_E_PBC74148/combined_sorted_long.bam
2025-10-16 11:36:36.896 | INFO     | plassembler:long:1720 - Calculating mash distances to PLSDB.
2025-10-16 11:36:36.897 | INFO     | plassembler.utils.external_tools:run:58 - Started running mash sketch hybracter_out/processing/plassembler/11813_EXE_06_2024_E_PBC74148/plasmids.fasta -i ...
2025-10-16 11:36:37.000 | INFO     | plassembler.utils.external_tools:run:60 - Done running mash sketch hybracter_out/processing/plassembler/11813_EXE_06_2024_E_PBC74148/plasmids.fasta -i
2025-10-16 11:36:37.001 | INFO     | plassembler.utils.external_tools:run_to_stdout:67 - Started running mash dist hybracter_out/processing/plassembler/11813_EXE_06_2024_E_PBC74148/plasmids.fasta.msh /data/djs217/miniconda3/lib/python3.12/site-packages/hybracter/workflow/../databases/plsdb_2023_11_03_v2.msh -v 0.1 -d 0.1 -i ...
2025-10-16 11:36:38.227 | INFO     | plassembler.utils.external_tools:run_to_stdout:69 - Done running mash dist hybracter_out/processing/plassembler/11813_EXE_06_2024_E_PBC74148/plasmids.fasta.msh /data/djs217/miniconda3/lib/python3.12/site-packages/hybracter/workflow/../databases/plsdb_2023_11_03_v2.msh -v 0.1 -d 0.1 -i
2025-10-16 11:36:38.770 | INFO     | plassembler.utils.plass_class:combine_depth_mash_tsvs:754 - Filtering contigs below depth filter: 0.25.
2025-10-16 11:36:38.771 | INFO     | plassembler.utils.plass_class:combine_depth_mash_tsvs:760 - All plasmids whose long read copy numbers are below 0.25 will be removed.
2025-10-16 11:36:38.771 | INFO     | plassembler.utils.plass_class:combine_depth_mash_tsvs:772 - No plasmids were filtered due to low depth.
2025-10-16 11:36:38.994 | INFO     | plassembler:end_plassembler:118 - Plassembler has finished
2025-10-16 11:36:38.994 | INFO     | plassembler:end_plassembler:119 - Elapsed time: 5489.4 seconds
