2025-10-16 19:04:43.316 | INFO     | plassembler:begin_plassembler:101 - You are using Plassembler version 1.8.1

2025-10-16 19:04:43.316 | INFO     | plassembler:begin_plassembler:102 - Repository homepage is https://github.com/gbouras13/plassembler
2025-10-16 19:04:43.316 | INFO     | plassembler:begin_plassembler:103 - Written by George Bouras: george.bouras@adelaide.edu.au
2025-10-16 19:04:43.317 | INFO     | plassembler:long:1371 - Database directory is /data/djs217/miniconda3/lib/python3.12/site-packages/hybracter/workflow/../databases
2025-10-16 19:04:43.317 | INFO     | plassembler:long:1372 - Longreads file is hybracter_out/processing/qc/11813_EXE_29_2025_V_PBC74148_filt_trim.fastq.gz
2025-10-16 19:04:43.317 | INFO     | plassembler:long:1373 - Chromosome length threshold is 2800000
2025-10-16 19:04:43.317 | INFO     | plassembler:long:1374 - Output directory is hybracter_out/processing/plassembler/11813_EXE_29_2025_V_PBC74148
2025-10-16 19:04:43.317 | INFO     | plassembler:long:1375 - Min long read length is 500
2025-10-16 19:04:43.317 | INFO     | plassembler:long:1376 - Min long read quality is 9
2025-10-16 19:04:43.317 | INFO     | plassembler:long:1377 - Thread count is 1
2025-10-16 19:04:43.317 | INFO     | plassembler:long:1378 - --force is True
2025-10-16 19:04:43.317 | INFO     | plassembler:long:1379 - --skip_qc is True
2025-10-16 19:04:43.317 | INFO     | plassembler:long:1380 - --raw_flag is False
2025-10-16 19:04:43.317 | INFO     | plassembler:long:1381 - --keep_fastqs is False
2025-10-16 19:04:43.317 | INFO     | plassembler:long:1382 - --pacbio_model is nothing
2025-10-16 19:04:43.317 | INFO     | plassembler:long:1383 - --keep_chromosome is False
2025-10-16 19:04:43.317 | INFO     | plassembler:long:1384 - --flye_directory is hybracter_out/processing/assemblies/11813_EXE_29_2025_V_PBC74148
2025-10-16 19:04:43.317 | INFO     | plassembler:long:1385 - --flye_assembly is nothing
2025-10-16 19:04:43.317 | INFO     | plassembler:long:1386 - --flye_info is nothing
2025-10-16 19:04:43.317 | INFO     | plassembler:long:1387 - --corrected_error_rate is 0.12
2025-10-16 19:04:43.317 | INFO     | plassembler:long:1388 - --no_chromosome is False
2025-10-16 19:04:43.317 | INFO     | plassembler:long:1389 - --depth_filter is 0.25
2025-10-16 19:04:43.317 | INFO     | plassembler:long:1390 - --unicycler_options is None
2025-10-16 19:04:43.317 | INFO     | plassembler:long:1391 - --spades_options is None
2025-10-16 19:04:43.317 | INFO     | plassembler:long:1392 - --skip_mash is False
2025-10-16 19:04:43.317 | INFO     | plassembler:long:1396 - Checking dependencies
2025-10-16 19:04:43.413 | INFO     | plassembler.utils.input_commands:check_dependencies:199 - Flye version found is v2.9.6-b1802.
2025-10-16 19:04:43.413 | INFO     | plassembler.utils.input_commands:check_dependencies:209 - Flye version is ok.
2025-10-16 19:04:43.419 | INFO     | plassembler.utils.input_commands:check_dependencies:218 - Raven v1.8.3 found.
2025-10-16 19:04:43.419 | INFO     | plassembler.utils.input_commands:check_dependencies:220 - Raven version is ok.
2025-10-16 19:04:43.514 | INFO     | plassembler.utils.input_commands:check_dependencies:242 - Unicycler version found is v0.5.1.
2025-10-16 19:04:43.515 | INFO     | plassembler.utils.input_commands:check_dependencies:255 - Unicycler version is ok.
2025-10-16 19:04:43.625 | INFO     | plassembler.utils.input_commands:check_dependencies:265 - SPAdes v4.2.0 found.
2025-10-16 19:04:43.634 | INFO     | plassembler.utils.input_commands:check_dependencies:278 - Samtools v1.22.1 found.
2025-10-16 19:04:43.638 | INFO     | plassembler.utils.input_commands:check_dependencies:289 - minimap2 v2.30-r1287 found.
2025-10-16 19:04:43.644 | INFO     | plassembler.utils.input_commands:check_dependencies:300 - fastp v1.0.1 found.
2025-10-16 19:04:43.649 | INFO     | plassembler.utils.input_commands:check_dependencies:311 - chopper v0.11.0 found.
2025-10-16 19:04:43.665 | INFO     | plassembler.utils.input_commands:check_dependencies:326 - mash v2.3 found.
2025-10-16 19:04:43.783 | INFO     | plassembler.utils.input_commands:check_dependencies:337 - canu v2.2 found.
2025-10-16 19:04:44.472 | INFO     | plassembler.utils.input_commands:check_dependencies:348 - dnaapler v0.8.1 found.
2025-10-16 19:04:44.603 | INFO     | plassembler.utils.input_commands:check_dependencies:365 - BLAST version found is v2.17.0.
2025-10-16 19:04:44.603 | INFO     | plassembler.utils.input_commands:check_dependencies:371 - All dependencies found.
2025-10-16 19:04:44.603 | INFO     | plassembler:long:1405 - Checking database installation.
2025-10-16 19:04:44.604 | INFO     | plassembler.utils.db:check_db_installation:52 - PLSDB Database mash sketch at /data/djs217/miniconda3/lib/python3.12/site-packages/hybracter/workflow/../databases/plsdb_2023_11_03_v2.msh exists.
2025-10-16 19:04:44.604 | INFO     | plassembler.utils.db:check_db_installation:53 - PLSDB Database tsv metadata file at /data/djs217/miniconda3/lib/python3.12/site-packages/hybracter/workflow/../databases/plsdb_2023_11_03_v2.tsv exists.
2025-10-16 19:04:44.604 | INFO     | plassembler.utils.db:check_db_installation:54 - PLSDB Database at /data/djs217/miniconda3/lib/python3.12/site-packages/hybracter/workflow/../databases has already been downloaded
2025-10-16 19:04:44.604 | INFO     | plassembler:long:1413 - Database successfully checked.
2025-10-16 19:04:44.604 | INFO     | plassembler:long:1416 - Checking input fastqs.
2025-10-16 19:04:44.626 | INFO     | plassembler.utils.input_commands:validate_fastq:24 - FASTQ hybracter_out/processing/qc/11813_EXE_29_2025_V_PBC74148_filt_trim.fastq.gz checked
2025-10-16 19:04:44.801 | INFO     | plassembler:long:1474 - You have specified a hybracter_out/processing/assemblies/11813_EXE_29_2025_V_PBC74148 with an existing flye assembly.
2025-10-16 19:04:44.801 | INFO     | plassembler:long:1477 - Copying files.
2025-10-16 19:04:44.805 | INFO     | plassembler:long:1518 - Counting Contigs.
2025-10-16 19:04:44.837 | INFO     | plassembler.utils.plass_class:get_contig_count:87 - Assembled 4 contigs.
2025-10-16 19:04:44.942 | INFO     | plassembler:long:1563 - Mapping long reads.
2025-10-16 19:04:44.942 | INFO     | plassembler.utils.external_tools:run_to_stdout:67 - Started running minimap2 -ax map-ont -t 1 hybracter_out/processing/plassembler/11813_EXE_29_2025_V_PBC74148/flye_renamed.fasta hybracter_out/processing/plassembler/11813_EXE_29_2025_V_PBC74148/chopper_long_reads.fastq.gz ...
2025-10-16 19:06:03.516 | INFO     | plassembler.utils.external_tools:run_to_stdout:69 - Done running minimap2 -ax map-ont -t 1 hybracter_out/processing/plassembler/11813_EXE_29_2025_V_PBC74148/flye_renamed.fasta hybracter_out/processing/plassembler/11813_EXE_29_2025_V_PBC74148/chopper_long_reads.fastq.gz
2025-10-16 19:06:03.517 | INFO     | plassembler:long:1572 - Processing Sam/Bam Files and extracting Fastqs.
2025-10-16 19:06:04.152 | INFO     | plassembler:long:1635 - Removing junk low entropy repeat reads.
2025-10-16 19:07:19.818 | INFO     | plassembler:long:1643 - Correcting reads with canu prior to running Unicycler.
2025-10-16 19:07:19.818 | INFO     | plassembler.utils.external_tools:run:58 - Started running canu -correct -p canu -d hybracter_out/processing/plassembler/11813_EXE_29_2025_V_PBC74148/canu genomeSize=1.99455m maxInputCoverage=50 stopOnLowCoverage=1 maxThreads=1 -nanopore correctedErrorRate=0.12 hybracter_out/processing/plassembler/11813_EXE_29_2025_V_PBC74148/plasmid_long_entropy_filtered.fastq ...
2025-10-16 19:07:20.171 | WARNING  | plassembler.utils.external_tools:run_tool:129 - Canu failed to correct any reads.
2025-10-16 19:07:20.172 | WARNING  | plassembler.utils.external_tools:run_tool:130 - This probably means there is low depth, don't be too concerned.
2025-10-16 19:07:20.172 | WARNING  | plassembler.utils.external_tools:run_tool:133 - If you are concerned, check stdout log file: hybracter_out/processing/plassembler/11813_EXE_29_2025_V_PBC74148/logs/canu__correct_295e35d9f94c8f22e640bf554819b4588b146a2856f093d3f8dd55931485c1d3.out and stderr log file: hybracter_out/processing/plassembler/11813_EXE_29_2025_V_PBC74148/logs/canu__correct_295e35d9f94c8f22e640bf554819b4588b146a2856f093d3f8dd55931485c1d3.err.
2025-10-16 19:07:20.172 | WARNING  | plassembler:long:1663 - Advancing with uncorrected reads
2025-10-16 19:07:20.174 | INFO     | plassembler.utils.external_tools:run:58 - Started running unicycler -s hybracter_out/processing/plassembler/11813_EXE_29_2025_V_PBC74148/plasmid_long_entropy_filtered.fastq -l hybracter_out/processing/plassembler/11813_EXE_29_2025_V_PBC74148/plasmid_long_entropy_filtered.fastq -t 1 -o hybracter_out/processing/plassembler/11813_EXE_29_2025_V_PBC74148/unicycler_output ...
2025-10-16 20:50:15.071 | INFO     | plassembler.utils.external_tools:run:60 - Done running unicycler -s hybracter_out/processing/plassembler/11813_EXE_29_2025_V_PBC74148/plasmid_long_entropy_filtered.fastq -l hybracter_out/processing/plassembler/11813_EXE_29_2025_V_PBC74148/plasmid_long_entropy_filtered.fastq -t 1 -o hybracter_out/processing/plassembler/11813_EXE_29_2025_V_PBC74148/unicycler_output
2025-10-16 20:50:15.131 | INFO     | plassembler:long:1701 - unicycler assembled 2 contigs.
2025-10-16 20:50:15.177 | INFO     | plassembler.utils.external_tools:run_to_stdout:67 - Started running minimap2 -ax map-ont -t 1 hybracter_out/processing/plassembler/11813_EXE_29_2025_V_PBC74148/long_combined.fasta hybracter_out/processing/plassembler/11813_EXE_29_2025_V_PBC74148/chopper_long_reads.fastq.gz ...
2025-10-16 20:51:29.336 | INFO     | plassembler.utils.external_tools:run_to_stdout:69 - Done running minimap2 -ax map-ont -t 1 hybracter_out/processing/plassembler/11813_EXE_29_2025_V_PBC74148/long_combined.fasta hybracter_out/processing/plassembler/11813_EXE_29_2025_V_PBC74148/chopper_long_reads.fastq.gz
2025-10-16 20:51:29.338 | INFO     | plassembler.utils.external_tools:run:58 - Started running samtools sort -@ 1 hybracter_out/processing/plassembler/11813_EXE_29_2025_V_PBC74148/combined_long.sam -o hybracter_out/processing/plassembler/11813_EXE_29_2025_V_PBC74148/combined_sorted_long.bam ...
2025-10-16 20:51:41.067 | INFO     | plassembler.utils.external_tools:run:60 - Done running samtools sort -@ 1 hybracter_out/processing/plassembler/11813_EXE_29_2025_V_PBC74148/combined_long.sam -o hybracter_out/processing/plassembler/11813_EXE_29_2025_V_PBC74148/combined_sorted_long.bam
2025-10-16 20:51:48.605 | INFO     | plassembler:long:1720 - Calculating mash distances to PLSDB.
2025-10-16 20:51:48.606 | INFO     | plassembler.utils.external_tools:run:58 - Started running mash sketch hybracter_out/processing/plassembler/11813_EXE_29_2025_V_PBC74148/plasmids.fasta -i ...
2025-10-16 20:51:48.709 | INFO     | plassembler.utils.external_tools:run:60 - Done running mash sketch hybracter_out/processing/plassembler/11813_EXE_29_2025_V_PBC74148/plasmids.fasta -i
2025-10-16 20:51:48.710 | INFO     | plassembler.utils.external_tools:run_to_stdout:67 - Started running mash dist hybracter_out/processing/plassembler/11813_EXE_29_2025_V_PBC74148/plasmids.fasta.msh /data/djs217/miniconda3/lib/python3.12/site-packages/hybracter/workflow/../databases/plsdb_2023_11_03_v2.msh -v 0.1 -d 0.1 -i ...
2025-10-16 20:51:50.561 | INFO     | plassembler.utils.external_tools:run_to_stdout:69 - Done running mash dist hybracter_out/processing/plassembler/11813_EXE_29_2025_V_PBC74148/plasmids.fasta.msh /data/djs217/miniconda3/lib/python3.12/site-packages/hybracter/workflow/../databases/plsdb_2023_11_03_v2.msh -v 0.1 -d 0.1 -i
2025-10-16 20:51:51.450 | INFO     | plassembler.utils.plass_class:combine_depth_mash_tsvs:754 - Filtering contigs below depth filter: 0.25.
2025-10-16 20:51:51.450 | INFO     | plassembler.utils.plass_class:combine_depth_mash_tsvs:760 - All plasmids whose long read copy numbers are below 0.25 will be removed.
2025-10-16 20:51:51.450 | INFO     | plassembler.utils.plass_class:combine_depth_mash_tsvs:772 - No plasmids were filtered due to low depth.
2025-10-16 20:51:51.779 | INFO     | plassembler:end_plassembler:118 - Plassembler has finished
2025-10-16 20:51:51.780 | INFO     | plassembler:end_plassembler:119 - Elapsed time: 6428.47 seconds
