/data/djs217/miniconda3/lib/python3.12/site-packages/hybracter/workflow/conda/f3634b33ec8fb5711a0153c480705631_/lib/python3.11/site-packages/medaka/common.py:16: UserWarning: pkg_resources is deprecated as an API. See https://setuptools.pypa.io/en/latest/pkg_resources.html. The pkg_resources package is slated for removal as early as 2025-11-30. Refrain from using this package or pin to Setuptools<81.
  from pkg_resources import resource_filename
/data/djs217/miniconda3/lib/python3.12/site-packages/hybracter/workflow/conda/f3634b33ec8fb5711a0153c480705631_/lib/python3.11/site-packages/medaka/common.py:16: UserWarning: pkg_resources is deprecated as an API. See https://setuptools.pypa.io/en/latest/pkg_resources.html. The pkg_resources package is slated for removal as early as 2025-11-30. Refrain from using this package or pin to Setuptools<81.
  from pkg_resources import resource_filename
/data/djs217/miniconda3/lib/python3.12/site-packages/hybracter/workflow/conda/f3634b33ec8fb5711a0153c480705631_/lib/python3.11/site-packages/medaka/common.py:16: UserWarning: pkg_resources is deprecated as an API. See https://setuptools.pypa.io/en/latest/pkg_resources.html. The pkg_resources package is slated for removal as early as 2025-11-30. Refrain from using this package or pin to Setuptools<81.
  from pkg_resources import resource_filename
[05:09:22 - MdlStrTGZ] Successfully removed temporary files from /tmp/tmpfilu1v1e.
/data/djs217/miniconda3/lib/python3.12/site-packages/hybracter/workflow/conda/f3634b33ec8fb5711a0153c480705631_/lib/python3.11/site-packages/medaka/common.py:16: UserWarning: pkg_resources is deprecated as an API. See https://setuptools.pypa.io/en/latest/pkg_resources.html. The pkg_resources package is slated for removal as early as 2025-11-30. Refrain from using this package or pin to Setuptools<81.
  from pkg_resources import resource_filename
[05:09:24 - MdlStrTGZ] Successfully removed temporary files from /tmp/tmpltku9g0s.
Creating fai index file /data/djs217/vibrio/P0213_250813_11813/01_raw_reads/hybracter_out/processing/incomp_pre_polish/11813_EXE_32_2024_G_PBC74148.fasta.fai
Creating mmi index file /data/djs217/vibrio/P0213_250813_11813/01_raw_reads/hybracter_out/processing/incomp_pre_polish/11813_EXE_32_2024_G_PBC74148.fasta.map-ont.mmi
[M::mm_idx_gen::0.178*1.01] collected minimizers
[M::mm_idx_gen::0.244*1.47] sorted minimizers
[M::main::0.303*1.38] loaded/built the index for 7 target sequence(s)
[M::mm_idx_stat] kmer size: 15; skip: 10; is_hpc: 0; #seq: 7
[M::mm_idx_stat::0.316*1.36] distinct minimizers: 900115 (98.33% are singletons); average occurrences: 1.032; average spacing: 5.351; total length: 4968343
[M::main] Version: 2.30-r1287
[M::main] CMD: minimap2 -I 16G -x map-ont -d /data/djs217/vibrio/P0213_250813_11813/01_raw_reads/hybracter_out/processing/incomp_pre_polish/11813_EXE_32_2024_G_PBC74148.fasta.map-ont.mmi /data/djs217/vibrio/P0213_250813_11813/01_raw_reads/hybracter_out/processing/incomp_pre_polish/11813_EXE_32_2024_G_PBC74148.fasta
[M::main] Real time: 0.322 sec; CPU: 0.436 sec; Peak RSS: 0.050 GB
[M::main::0.061*1.02] loaded/built the index for 7 target sequence(s)
[M::mm_mapopt_update::0.078*1.02] mid_occ = 13
[M::mm_idx_stat] kmer size: 15; skip: 10; is_hpc: 0; #seq: 7
[M::mm_idx_stat::0.090*1.01] distinct minimizers: 900115 (98.33% are singletons); average occurrences: 1.032; average spacing: 5.351; total length: 4968343
[M::worker_pipeline::86.554*0.93] mapped 28303 sequences
[M::main] Version: 2.30-r1287
[M::main] CMD: minimap2 -x map-ont --secondary=no -L --MD -A 2 -B 4 -O 4,24 -E 2,1 -t 1 -a /data/djs217/vibrio/P0213_250813_11813/01_raw_reads/hybracter_out/processing/incomp_pre_polish/11813_EXE_32_2024_G_PBC74148.fasta.map-ont.mmi /data/djs217/vibrio/P0213_250813_11813/01_raw_reads/hybracter_out/processing/qc/11813_EXE_32_2024_G_PBC74148_filt_trim.fastq.gz
[M::main] Real time: 86.573 sec; CPU: 80.631 sec; Peak RSS: 0.679 GB
/data/djs217/miniconda3/lib/python3.12/site-packages/hybracter/workflow/conda/f3634b33ec8fb5711a0153c480705631_/lib/python3.11/site-packages/medaka/common.py:16: UserWarning: pkg_resources is deprecated as an API. See https://setuptools.pypa.io/en/latest/pkg_resources.html. The pkg_resources package is slated for removal as early as 2025-11-30. Refrain from using this package or pin to Setuptools<81.
  from pkg_resources import resource_filename
[05:11:05 - Predict] Processing region(s): contig_1:0-2031945 contig_2:0-435307 contig_3:0-560195 contig_4:0-16520 contig_5:0-1123607 contig_6:0-734574 contig_7:0-66195
[05:11:05 - Predict] Using model: /data/djs217/miniconda3/lib/python3.12/site-packages/hybracter/workflow/conda/f3634b33ec8fb5711a0153c480705631_/lib/python3.11/site-packages/medaka/data/r1041_e82_400bps_sup_v5.0.0_model_pt.tar.gz.
[05:11:05 - Predict] Using minimum mapQ threshold of 1 for read filtering.
[05:11:05 - MdlStrTGZ] Model GRUModel(
  (gru): GRU(10, 128, num_layers=2, batch_first=True, bidirectional=True)
  (linear): Linear(in_features=256, out_features=5, bias=True)
)
[05:11:05 - MdlStrTGZ] loading weights from /tmp/tmpxd4h3xbs/model/weights.pt
[05:11:05 - MdlStrTGZ] Successfully removed temporary files from /tmp/tmpxd4h3xbs.
[05:11:05 - Predict] Model device: cpu
[05:11:05 - Predict] Running prediction at full precision
[05:11:05 - BAMFile] Creating pool of 16 BAM file sets.
[05:11:05 - Predict] Processing 10 long region(s) with batching.
[05:11:05 - Sampler] Initializing sampler for consensus of region contig_1:0-1000000.
[05:11:05 - Sampler] Initializing sampler for consensus of region contig_1:999000-1999000.
[05:11:05 - PWorker] Running inference for 5.0M draft bases.
[05:11:08 - Feature] Processed contig_1:0.0-999999.0 (median depth 67.0)
[05:11:08 - Sampler] Took 2.59s to make features.
[05:11:08 - Sampler] Initializing sampler for consensus of region contig_1:1998000-2031945.
[05:11:08 - Feature] Processed contig_1:999000.0-1998999.0 (median depth 42.0)
[05:11:08 - Sampler] Took 2.70s to make features.
[05:11:08 - Sampler] Initializing sampler for consensus of region contig_2:0-435307.
[05:11:08 - Feature] Processed contig_1:1998000.0-2031944.0 (median depth 99.0)
[05:11:08 - Sampler] Took 0.30s to make features.
[05:11:08 - Sampler] Initializing sampler for consensus of region contig_3:0-560195.
[05:11:08 - Feature] Processed contig_2:0.0-435306.0 (median depth 50.0)
[05:11:08 - Sampler] Took 0.57s to make features.
[05:11:08 - Sampler] Initializing sampler for consensus of region contig_4:0-16520.
[05:11:08 - Feature] Processed contig_4:0.0-16519.0 (median depth 6.0)
[05:11:08 - Sampler] Took 0.04s to make features.
[05:11:08 - Sampler] Initializing sampler for consensus of region contig_5:0-1000000.
[05:11:09 - Feature] Processed contig_3:0.0-560194.0 (median depth 36.0)
[05:11:09 - Sampler] Took 0.72s to make features.
[05:11:09 - Sampler] Initializing sampler for consensus of region contig_5:999000-1123607.
[05:11:09 - Feature] Processed contig_5:999000.0-1123606.0 (median depth 29.0)
[05:11:09 - Sampler] Took 0.33s to make features.
[05:11:09 - Sampler] Initializing sampler for consensus of region contig_6:0-734574.
[05:11:09 - Feature] Processed contig_5:0.0-999999.0 (median depth 56.0)
[05:11:09 - Sampler] Took 0.92s to make features.
[05:11:09 - Sampler] Initializing sampler for consensus of region contig_7:0-66195.
[05:11:10 - Feature] Processed contig_7:0.0-66194.0 (median depth 35.0)
[05:11:10 - Sampler] Took 0.31s to make features.
[05:11:10 - Feature] Processed contig_6:0.0-734573.0 (median depth 48.0)
[05:11:10 - Sampler] Took 0.70s to make features.
[05:11:22 - PWorker] Batches in cache: 7.
[05:11:22 - PWorker] 14.4% Done (0.7/5.0 Mbases) in 17.4s
[05:11:35 - PWorker] Batches in cache: 6.
[05:11:35 - PWorker] 29.6% Done (1.5/5.0 Mbases) in 29.9s
[05:11:47 - PWorker] Batches in cache: 5.
[05:11:47 - PWorker] 45.1% Done (2.2/5.0 Mbases) in 42.2s
[05:11:59 - PWorker] Batches in cache: 4.
[05:11:59 - PWorker] 60.4% Done (3.0/5.0 Mbases) in 54.4s
[05:12:12 - PWorker] Batches in cache: 3.
[05:12:12 - PWorker] 75.4% Done (3.8/5.0 Mbases) in 66.7s
[05:12:24 - PWorker] Batches in cache: 2.
[05:12:24 - PWorker] 91.0% Done (4.5/5.0 Mbases) in 78.9s
[05:12:32 - PWorker] Batches in cache: 1.
[05:12:32 - PWorker] Processed 7 batches
[05:12:32 - PWorker] All done, 0 remainder regions.
[05:12:32 - Predict] Finished processing all regions.
/data/djs217/miniconda3/lib/python3.12/site-packages/hybracter/workflow/conda/f3634b33ec8fb5711a0153c480705631_/lib/python3.11/site-packages/medaka/common.py:16: UserWarning: pkg_resources is deprecated as an API. See https://setuptools.pypa.io/en/latest/pkg_resources.html. The pkg_resources package is slated for removal as early as 2025-11-30. Refrain from using this package or pin to Setuptools<81.
  from pkg_resources import resource_filename
[05:12:34 - DataIndx] Loaded 1/1 (100.00%) sample files.
[05:12:34 - Stitcher] Stitching contig_2:0-435307
[05:12:34 - Stitcher] Stitching contig_7:0-66195
[05:12:34 - Stitcher] Stitching contig_5:0-1000000
[05:12:35 - Stitcher] Stitching contig_5:1000000-1123607
[05:12:35 - Stitcher] Stitching contig_4:0-16520
[05:12:35 - Stitcher] Stitching contig_3:0-560195
[05:12:35 - Stitcher] Stitching contig_6:0-734574
[05:12:35 - Stitcher] Stitching contig_1:0-1000000
[05:12:35 - Stitcher] Stitching contig_1:1000000-2000000
[05:12:36 - Stitcher] Stitching contig_1:2000000-2031945
