/data/djs217/miniconda3/lib/python3.12/site-packages/hybracter/workflow/conda/f3634b33ec8fb5711a0153c480705631_/lib/python3.11/site-packages/medaka/common.py:16: UserWarning: pkg_resources is deprecated as an API. See https://setuptools.pypa.io/en/latest/pkg_resources.html. The pkg_resources package is slated for removal as early as 2025-11-30. Refrain from using this package or pin to Setuptools<81.
  from pkg_resources import resource_filename
/data/djs217/miniconda3/lib/python3.12/site-packages/hybracter/workflow/conda/f3634b33ec8fb5711a0153c480705631_/lib/python3.11/site-packages/medaka/common.py:16: UserWarning: pkg_resources is deprecated as an API. See https://setuptools.pypa.io/en/latest/pkg_resources.html. The pkg_resources package is slated for removal as early as 2025-11-30. Refrain from using this package or pin to Setuptools<81.
  from pkg_resources import resource_filename
/data/djs217/miniconda3/lib/python3.12/site-packages/hybracter/workflow/conda/f3634b33ec8fb5711a0153c480705631_/lib/python3.11/site-packages/medaka/common.py:16: UserWarning: pkg_resources is deprecated as an API. See https://setuptools.pypa.io/en/latest/pkg_resources.html. The pkg_resources package is slated for removal as early as 2025-11-30. Refrain from using this package or pin to Setuptools<81.
  from pkg_resources import resource_filename
[09:30:42 - MdlStrTGZ] Successfully removed temporary files from /tmp/tmp247qmpqc.
/data/djs217/miniconda3/lib/python3.12/site-packages/hybracter/workflow/conda/f3634b33ec8fb5711a0153c480705631_/lib/python3.11/site-packages/medaka/common.py:16: UserWarning: pkg_resources is deprecated as an API. See https://setuptools.pypa.io/en/latest/pkg_resources.html. The pkg_resources package is slated for removal as early as 2025-11-30. Refrain from using this package or pin to Setuptools<81.
  from pkg_resources import resource_filename
[09:30:44 - MdlStrTGZ] Successfully removed temporary files from /tmp/tmpx_m01tee.
Creating fai index file /data/djs217/vibrio/P0213_250813_11813/01_raw_reads/hybracter_out/processing/incomp_pre_polish/11813_EX_23_2024_K_PBC74148.fasta.fai
Creating mmi index file /data/djs217/vibrio/P0213_250813_11813/01_raw_reads/hybracter_out/processing/incomp_pre_polish/11813_EX_23_2024_K_PBC74148.fasta.map-ont.mmi
[M::mm_idx_gen::0.187*1.02] collected minimizers
[M::mm_idx_gen::0.248*1.48] sorted minimizers
[M::main::0.316*1.38] loaded/built the index for 3 target sequence(s)
[M::mm_idx_stat] kmer size: 15; skip: 10; is_hpc: 0; #seq: 3
[M::mm_idx_stat::0.331*1.36] distinct minimizers: 968795 (98.33% are singletons); average occurrences: 1.030; average spacing: 5.344; total length: 5334151
[M::main] Version: 2.30-r1287
[M::main] CMD: minimap2 -I 16G -x map-ont -d /data/djs217/vibrio/P0213_250813_11813/01_raw_reads/hybracter_out/processing/incomp_pre_polish/11813_EX_23_2024_K_PBC74148.fasta.map-ont.mmi /data/djs217/vibrio/P0213_250813_11813/01_raw_reads/hybracter_out/processing/incomp_pre_polish/11813_EX_23_2024_K_PBC74148.fasta
[M::main] Real time: 0.338 sec; CPU: 0.458 sec; Peak RSS: 0.051 GB
[M::main::0.091*1.04] loaded/built the index for 3 target sequence(s)
[M::mm_mapopt_update::0.114*1.03] mid_occ = 13
[M::mm_idx_stat] kmer size: 15; skip: 10; is_hpc: 0; #seq: 3
[M::mm_idx_stat::0.132*1.02] distinct minimizers: 968795 (98.33% are singletons); average occurrences: 1.030; average spacing: 5.344; total length: 5334151
[M::worker_pipeline::82.802*0.94] mapped 25604 sequences
[M::main] Version: 2.30-r1287
[M::main] CMD: minimap2 -x map-ont --secondary=no -L --MD -A 2 -B 4 -O 4,24 -E 2,1 -t 1 -a /data/djs217/vibrio/P0213_250813_11813/01_raw_reads/hybracter_out/processing/incomp_pre_polish/11813_EX_23_2024_K_PBC74148.fasta.map-ont.mmi /data/djs217/vibrio/P0213_250813_11813/01_raw_reads/hybracter_out/processing/qc/11813_EX_23_2024_K_PBC74148_filt_trim.fastq.gz
[M::main] Real time: 82.817 sec; CPU: 77.605 sec; Peak RSS: 0.737 GB
/data/djs217/miniconda3/lib/python3.12/site-packages/hybracter/workflow/conda/f3634b33ec8fb5711a0153c480705631_/lib/python3.11/site-packages/medaka/common.py:16: UserWarning: pkg_resources is deprecated as an API. See https://setuptools.pypa.io/en/latest/pkg_resources.html. The pkg_resources package is slated for removal as early as 2025-11-30. Refrain from using this package or pin to Setuptools<81.
  from pkg_resources import resource_filename
[09:32:22 - Predict] Processing region(s): contig_1:0-1966451 contig_2:0-2304110 contig_4:0-1063590
[09:32:22 - Predict] Using model: /data/djs217/miniconda3/lib/python3.12/site-packages/hybracter/workflow/conda/f3634b33ec8fb5711a0153c480705631_/lib/python3.11/site-packages/medaka/data/r1041_e82_400bps_sup_v5.0.0_model_pt.tar.gz.
[09:32:22 - Predict] Using minimum mapQ threshold of 1 for read filtering.
[09:32:22 - MdlStrTGZ] Model GRUModel(
  (gru): GRU(10, 128, num_layers=2, batch_first=True, bidirectional=True)
  (linear): Linear(in_features=256, out_features=5, bias=True)
)
[09:32:22 - MdlStrTGZ] loading weights from /tmp/tmpd445u2e1/model/weights.pt
[09:32:22 - MdlStrTGZ] Successfully removed temporary files from /tmp/tmpd445u2e1.
[09:32:22 - Predict] Model device: cpu
[09:32:22 - Predict] Running prediction at full precision
[09:32:22 - BAMFile] Creating pool of 16 BAM file sets.
[09:32:22 - Predict] Processing 7 long region(s) with batching.
[09:32:22 - Sampler] Initializing sampler for consensus of region contig_1:0-1000000.
[09:32:22 - Sampler] Initializing sampler for consensus of region contig_1:999000-1966451.
[09:32:22 - PWorker] Running inference for 5.3M draft bases.
[09:32:23 - Feature] Processed contig_1:0.0-999999.0 (median depth 47.0)
[09:32:23 - Sampler] Took 1.24s to make features.
[09:32:23 - Sampler] Initializing sampler for consensus of region contig_2:0-1000000.
[09:32:23 - Feature] Processed contig_1:999000.0-1966450.0 (median depth 48.0)
[09:32:23 - Sampler] Took 1.52s to make features.
[09:32:23 - Sampler] Initializing sampler for consensus of region contig_2:999000-1999000.
[09:32:24 - Feature] Processed contig_2:0.0-999999.1 (median depth 58.0)
[09:32:24 - Sampler] Took 1.06s to make features.
[09:32:24 - Sampler] Initializing sampler for consensus of region contig_2:1998000-2304110.
[09:32:25 - Feature] Processed contig_2:999000.0-1998999.1 (median depth 49.0)
[09:32:25 - Sampler] Took 1.05s to make features.
[09:32:25 - Sampler] Initializing sampler for consensus of region contig_4:0-1000000.
[09:32:25 - Feature] Processed contig_2:1998000.0-2304109.0 (median depth 47.0)
[09:32:25 - Sampler] Took 0.39s to make features.
[09:32:25 - Sampler] Initializing sampler for consensus of region contig_4:999000-1063590.
[09:32:25 - Feature] Processed contig_4:999000.0-1063589.0 (median depth 51.0)
[09:32:25 - Sampler] Took 0.28s to make features.
[09:32:26 - Feature] Processed contig_4:0.0-999999.0 (median depth 54.0)
[09:32:26 - Sampler] Took 1.03s to make features.
[09:32:38 - PWorker] Batches in cache: 7.
[09:32:38 - PWorker] 14.6% Done (0.8/5.3 Mbases) in 16.2s
[09:32:50 - PWorker] Batches in cache: 6.
[09:32:50 - PWorker] 29.1% Done (1.6/5.3 Mbases) in 28.1s
[09:33:02 - PWorker] Batches in cache: 5.
[09:33:02 - PWorker] 43.6% Done (2.3/5.3 Mbases) in 40.1s
[09:33:14 - PWorker] Batches in cache: 4.
[09:33:14 - PWorker] 58.0% Done (3.1/5.3 Mbases) in 52.0s
[09:33:26 - PWorker] Batches in cache: 3.
[09:33:26 - PWorker] 72.6% Done (3.9/5.3 Mbases) in 64.0s
[09:33:38 - PWorker] Batches in cache: 2.
[09:33:38 - PWorker] 87.1% Done (4.7/5.3 Mbases) in 75.9s
[09:33:49 - PWorker] Batches in cache: 1.
[09:33:49 - PWorker] 100.0% Done (5.3/5.3 Mbases) in 86.7s
[09:33:49 - PWorker] Processed 7 batches
[09:33:49 - PWorker] All done, 0 remainder regions.
[09:33:49 - Predict] Finished processing all regions.
/data/djs217/miniconda3/lib/python3.12/site-packages/hybracter/workflow/conda/f3634b33ec8fb5711a0153c480705631_/lib/python3.11/site-packages/medaka/common.py:16: UserWarning: pkg_resources is deprecated as an API. See https://setuptools.pypa.io/en/latest/pkg_resources.html. The pkg_resources package is slated for removal as early as 2025-11-30. Refrain from using this package or pin to Setuptools<81.
  from pkg_resources import resource_filename
[09:33:51 - DataIndx] Loaded 1/1 (100.00%) sample files.
[09:33:51 - Stitcher] Stitching contig_1:0-1000000
[09:33:51 - Stitcher] Stitching contig_1:1000000-1966451
[09:33:52 - Stitcher] Stitching contig_4:0-1000000
[09:33:52 - Stitcher] Stitching contig_4:1000000-1063590
[09:33:52 - Stitcher] Stitching contig_2:0-1000000
[09:33:52 - Stitcher] Stitching contig_2:1000000-2000000
[09:33:52 - Stitcher] Stitching contig_2:2000000-2304110
