/data/djs217/miniconda3/envs/hybracter_env/lib/python3.11/site-packages/hybracter/workflow/conda/7aafc1085ca44eee01942c03ca74ecad_/lib/python3.11/site-packages/medaka/common.py:16: UserWarning: pkg_resources is deprecated as an API. See https://setuptools.pypa.io/en/latest/pkg_resources.html. The pkg_resources package is slated for removal as early as 2025-11-30. Refrain from using this package or pin to Setuptools<81.
  from pkg_resources import resource_filename
/data/djs217/miniconda3/envs/hybracter_env/lib/python3.11/site-packages/hybracter/workflow/conda/7aafc1085ca44eee01942c03ca74ecad_/lib/python3.11/site-packages/medaka/common.py:16: UserWarning: pkg_resources is deprecated as an API. See https://setuptools.pypa.io/en/latest/pkg_resources.html. The pkg_resources package is slated for removal as early as 2025-11-30. Refrain from using this package or pin to Setuptools<81.
  from pkg_resources import resource_filename
/data/djs217/miniconda3/envs/hybracter_env/lib/python3.11/site-packages/hybracter/workflow/conda/7aafc1085ca44eee01942c03ca74ecad_/lib/python3.11/site-packages/medaka/common.py:16: UserWarning: pkg_resources is deprecated as an API. See https://setuptools.pypa.io/en/latest/pkg_resources.html. The pkg_resources package is slated for removal as early as 2025-11-30. Refrain from using this package or pin to Setuptools<81.
  from pkg_resources import resource_filename
[18:57:29 - MdlStrTGZ] Successfully removed temporary files from /tmp/tmp42dwa31p.
/data/djs217/miniconda3/envs/hybracter_env/lib/python3.11/site-packages/hybracter/workflow/conda/7aafc1085ca44eee01942c03ca74ecad_/lib/python3.11/site-packages/medaka/common.py:16: UserWarning: pkg_resources is deprecated as an API. See https://setuptools.pypa.io/en/latest/pkg_resources.html. The pkg_resources package is slated for removal as early as 2025-11-30. Refrain from using this package or pin to Setuptools<81.
  from pkg_resources import resource_filename
[18:57:32 - MdlStrTGZ] Successfully removed temporary files from /tmp/tmp8wrgoa8u.
Creating fai index file /data/djs217/PROJECTS/vibrio/P0232_251203_11813_10386/12_filtlong/02_hybracter/hybracter_out/processing/complete/dnaapler/EXE_33_2024_E/EXE_33_2024_E_reoriented_chrom_and_plasmids.fasta.fai
Creating mmi index file /data/djs217/PROJECTS/vibrio/P0232_251203_11813_10386/12_filtlong/02_hybracter/hybracter_out/processing/complete/dnaapler/EXE_33_2024_E/EXE_33_2024_E_reoriented_chrom_and_plasmids.fasta.map-ont.mmi
[M::mm_idx_gen::0.170*1.02] collected minimizers
[M::mm_idx_gen::0.229*1.49] sorted minimizers
[M::main::0.291*1.38] loaded/built the index for 5 target sequence(s)
[M::mm_idx_stat] kmer size: 15; skip: 10; is_hpc: 0; #seq: 5
[M::mm_idx_stat::0.304*1.37] distinct minimizers: 909347 (98.53% are singletons); average occurrences: 1.032; average spacing: 5.351; total length: 5019674
[M::main] Version: 2.30-r1287
[M::main] CMD: minimap2 -I 16G -x map-ont -d /data/djs217/PROJECTS/vibrio/P0232_251203_11813_10386/12_filtlong/02_hybracter/hybracter_out/processing/complete/dnaapler/EXE_33_2024_E/EXE_33_2024_E_reoriented_chrom_and_plasmids.fasta.map-ont.mmi /data/djs217/PROJECTS/vibrio/P0232_251203_11813_10386/12_filtlong/02_hybracter/hybracter_out/processing/complete/dnaapler/EXE_33_2024_E/EXE_33_2024_E_reoriented_chrom_and_plasmids.fasta
[M::main] Real time: 0.309 sec; CPU: 0.421 sec; Peak RSS: 0.050 GB
[M::main::0.076*1.05] loaded/built the index for 5 target sequence(s)
[M::mm_mapopt_update::0.093*1.04] mid_occ = 13
[M::mm_idx_stat] kmer size: 15; skip: 10; is_hpc: 0; #seq: 5
[M::mm_idx_stat::0.106*1.04] distinct minimizers: 909347 (98.53% are singletons); average occurrences: 1.032; average spacing: 5.351; total length: 5019674
[M::worker_pipeline::93.734*0.94] mapped 28726 sequences
[M::main] Version: 2.30-r1287
[M::main] CMD: minimap2 -x map-ont --secondary=no -L --MD -A 2 -B 4 -O 4,24 -E 2,1 -t 1 -a /data/djs217/PROJECTS/vibrio/P0232_251203_11813_10386/12_filtlong/02_hybracter/hybracter_out/processing/complete/dnaapler/EXE_33_2024_E/EXE_33_2024_E_reoriented_chrom_and_plasmids.fasta.map-ont.mmi /data/djs217/PROJECTS/vibrio/P0232_251203_11813_10386/12_filtlong/02_hybracter/hybracter_out/processing/qc/EXE_33_2024_E_filt_trim.fastq.gz
[M::main] Real time: 93.749 sec; CPU: 88.112 sec; Peak RSS: 0.712 GB
/data/djs217/miniconda3/envs/hybracter_env/lib/python3.11/site-packages/hybracter/workflow/conda/7aafc1085ca44eee01942c03ca74ecad_/lib/python3.11/site-packages/medaka/common.py:16: UserWarning: pkg_resources is deprecated as an API. See https://setuptools.pypa.io/en/latest/pkg_resources.html. The pkg_resources package is slated for removal as early as 2025-11-30. Refrain from using this package or pin to Setuptools<81.
  from pkg_resources import resource_filename
[18:59:21 - Predict] Processing region(s): contig_1:0-3267359 1:0-1539000 2:0-105576 3:0-63134 4:0-44605
[18:59:21 - Predict] Using model: /data/djs217/miniconda3/envs/hybracter_env/lib/python3.11/site-packages/hybracter/workflow/conda/7aafc1085ca44eee01942c03ca74ecad_/lib/python3.11/site-packages/medaka/data/r1041_e82_400bps_sup_v5.0.0_model_pt.tar.gz.
[18:59:21 - Predict] Using minimum mapQ threshold of 1 for read filtering.
[18:59:21 - MdlStrTGZ] Model GRUModel(
  (gru): GRU(10, 128, num_layers=2, batch_first=True, bidirectional=True)
  (linear): Linear(in_features=256, out_features=5, bias=True)
)
[18:59:21 - MdlStrTGZ] loading weights from /tmp/tmpjhhlw_7i/model/weights.pt
[18:59:21 - MdlStrTGZ] Successfully removed temporary files from /tmp/tmpjhhlw_7i.
[18:59:21 - Predict] Model device: cpu
[18:59:21 - Predict] Running prediction at full precision
[18:59:21 - BAMFile] Creating pool of 16 BAM file sets.
[18:59:21 - Predict] Processing 9 long region(s) with batching.
[18:59:21 - Sampler] Initializing sampler for consensus of region contig_1:0-1000000.
[18:59:21 - Sampler] Initializing sampler for consensus of region contig_1:999000-1999000.
[18:59:21 - PWorker] Running inference for 5.0M draft bases.
[18:59:22 - Feature] Processed contig_1:0.0-999999.0 (median depth 64.0)
[18:59:22 - Sampler] Took 1.82s to make features.
[18:59:22 - Sampler] Initializing sampler for consensus of region contig_1:1998000-2998000.
[18:59:22 - Feature] Processed contig_1:999000.0-1998999.0 (median depth 45.0)
[18:59:22 - Sampler] Took 1.84s to make features.
[18:59:22 - Sampler] Initializing sampler for consensus of region contig_1:2997000-3267359.
[18:59:23 - Feature] Processed contig_1:2997000.0-3267358.0 (median depth 76.0)
[18:59:23 - Sampler] Took 0.54s to make features.
[18:59:23 - Sampler] Initializing sampler for consensus of region 1:0-1000000.
[18:59:23 - Feature] Processed contig_1:1998000.0-2997999.0 (median depth 54.0)
[18:59:23 - Sampler] Took 0.90s to make features.
[18:59:23 - Sampler] Initializing sampler for consensus of region 1:999000-1539000.
[18:59:24 - Feature] Processed 1:0.0-999999.0 (median depth 49.0)
[18:59:24 - Sampler] Took 0.88s to make features.
[18:59:24 - Sampler] Initializing sampler for consensus of region 2:0-105576.
[18:59:24 - Feature] Processed 1:999000.0-1538999.0 (median depth 44.0)
[18:59:24 - Sampler] Took 0.62s to make features.
[18:59:24 - Sampler] Initializing sampler for consensus of region 3:0-63134.
[18:59:24 - Feature] Processed 2:0.0-105575.0 (median depth 54.0)
[18:59:24 - Sampler] Took 0.34s to make features.
[18:59:24 - Sampler] Initializing sampler for consensus of region 4:0-44605.
[18:59:24 - Feature] Processed 3:0.0-63133.0 (median depth 50.0)
[18:59:24 - Sampler] Took 0.32s to make features.
[18:59:24 - Feature] Processed 4:0.0-44604.0 (median depth 56.0)
[18:59:24 - Sampler] Took 0.25s to make features.
[18:59:40 - PWorker] Batches in cache: 7.
[18:59:40 - PWorker] 15.6% Done (0.8/5.0 Mbases) in 19.3s
[18:59:54 - PWorker] Batches in cache: 6.
[18:59:54 - PWorker] 31.7% Done (1.6/5.0 Mbases) in 33.8s
[19:00:08 - PWorker] Batches in cache: 5.
[19:00:08 - PWorker] 47.6% Done (2.4/5.0 Mbases) in 47.4s
[19:00:21 - PWorker] Batches in cache: 4.
[19:00:21 - PWorker] 63.7% Done (3.2/5.0 Mbases) in 60.7s
[19:00:35 - PWorker] Batches in cache: 3.
[19:00:35 - PWorker] 79.6% Done (4.0/5.0 Mbases) in 74.6s
[19:00:49 - PWorker] Batches in cache: 2.
[19:00:49 - PWorker] 95.8% Done (4.8/5.0 Mbases) in 88.4s
[19:00:53 - PWorker] Processed 7 batches
[19:00:53 - PWorker] All done, 0 remainder regions.
[19:00:53 - Predict] Finished processing all regions.
/data/djs217/miniconda3/envs/hybracter_env/lib/python3.11/site-packages/hybracter/workflow/conda/7aafc1085ca44eee01942c03ca74ecad_/lib/python3.11/site-packages/medaka/common.py:16: UserWarning: pkg_resources is deprecated as an API. See https://setuptools.pypa.io/en/latest/pkg_resources.html. The pkg_resources package is slated for removal as early as 2025-11-30. Refrain from using this package or pin to Setuptools<81.
  from pkg_resources import resource_filename
[19:00:55 - DataIndx] Loaded 1/1 (100.00%) sample files.
[19:00:55 - Stitcher] Stitching 2:0-105576
[19:00:55 - Stitcher] Stitching 4:0-44605
[19:00:55 - Stitcher] Stitching contig_1:0-1000000
[19:00:56 - Stitcher] Stitching contig_1:1000000-2000000
[19:00:56 - Stitcher] Stitching contig_1:2000000-3000000
[19:00:56 - Stitcher] Stitching contig_1:3000000-3267359
[19:00:56 - Stitcher] Stitching 1:0-1000000
[19:00:57 - Stitcher] Stitching 1:1000000-1539000
[19:00:57 - Stitcher] Stitching 3:0-63134
