/data/djs217/miniconda3/envs/hybracter_env/lib/python3.11/site-packages/hybracter/workflow/conda/7aafc1085ca44eee01942c03ca74ecad_/lib/python3.11/site-packages/medaka/common.py:16: UserWarning: pkg_resources is deprecated as an API. See https://setuptools.pypa.io/en/latest/pkg_resources.html. The pkg_resources package is slated for removal as early as 2025-11-30. Refrain from using this package or pin to Setuptools<81.
  from pkg_resources import resource_filename
/data/djs217/miniconda3/envs/hybracter_env/lib/python3.11/site-packages/hybracter/workflow/conda/7aafc1085ca44eee01942c03ca74ecad_/lib/python3.11/site-packages/medaka/common.py:16: UserWarning: pkg_resources is deprecated as an API. See https://setuptools.pypa.io/en/latest/pkg_resources.html. The pkg_resources package is slated for removal as early as 2025-11-30. Refrain from using this package or pin to Setuptools<81.
  from pkg_resources import resource_filename
/data/djs217/miniconda3/envs/hybracter_env/lib/python3.11/site-packages/hybracter/workflow/conda/7aafc1085ca44eee01942c03ca74ecad_/lib/python3.11/site-packages/medaka/common.py:16: UserWarning: pkg_resources is deprecated as an API. See https://setuptools.pypa.io/en/latest/pkg_resources.html. The pkg_resources package is slated for removal as early as 2025-11-30. Refrain from using this package or pin to Setuptools<81.
  from pkg_resources import resource_filename
[02:00:17 - MdlStrTGZ] Successfully removed temporary files from /tmp/tmpmq6_zt6r.
/data/djs217/miniconda3/envs/hybracter_env/lib/python3.11/site-packages/hybracter/workflow/conda/7aafc1085ca44eee01942c03ca74ecad_/lib/python3.11/site-packages/medaka/common.py:16: UserWarning: pkg_resources is deprecated as an API. See https://setuptools.pypa.io/en/latest/pkg_resources.html. The pkg_resources package is slated for removal as early as 2025-11-30. Refrain from using this package or pin to Setuptools<81.
  from pkg_resources import resource_filename
[02:00:19 - MdlStrTGZ] Successfully removed temporary files from /tmp/tmp4vvaoxu7.
Creating fai index file /data/djs217/PROJECTS/vibrio/P0232_251203_11813_10386/12_filtlong/02_hybracter/hybracter_out/processing/complete/dnaapler/EXE_20_2025_B/EXE_20_2025_B_reoriented_chrom_and_plasmids.fasta.fai
Creating mmi index file /data/djs217/PROJECTS/vibrio/P0232_251203_11813_10386/12_filtlong/02_hybracter/hybracter_out/processing/complete/dnaapler/EXE_20_2025_B/EXE_20_2025_B_reoriented_chrom_and_plasmids.fasta.map-ont.mmi
[M::mm_idx_gen::0.181*1.02] collected minimizers
[M::mm_idx_gen::0.236*1.47] sorted minimizers
[M::main::0.300*1.37] loaded/built the index for 15 target sequence(s)
[M::mm_idx_stat] kmer size: 15; skip: 10; is_hpc: 0; #seq: 15
[M::mm_idx_stat::0.314*1.35] distinct minimizers: 965586 (98.39% are singletons); average occurrences: 1.034; average spacing: 5.345; total length: 5336330
[M::main] Version: 2.30-r1287
[M::main] CMD: minimap2 -I 16G -x map-ont -d /data/djs217/PROJECTS/vibrio/P0232_251203_11813_10386/12_filtlong/02_hybracter/hybracter_out/processing/complete/dnaapler/EXE_20_2025_B/EXE_20_2025_B_reoriented_chrom_and_plasmids.fasta.map-ont.mmi /data/djs217/PROJECTS/vibrio/P0232_251203_11813_10386/12_filtlong/02_hybracter/hybracter_out/processing/complete/dnaapler/EXE_20_2025_B/EXE_20_2025_B_reoriented_chrom_and_plasmids.fasta
[M::main] Real time: 0.319 sec; CPU: 0.429 sec; Peak RSS: 0.052 GB
[M::main::0.078*1.03] loaded/built the index for 15 target sequence(s)
[M::mm_mapopt_update::0.096*1.03] mid_occ = 13
[M::mm_idx_stat] kmer size: 15; skip: 10; is_hpc: 0; #seq: 15
[M::mm_idx_stat::0.110*1.02] distinct minimizers: 965586 (98.39% are singletons); average occurrences: 1.034; average spacing: 5.345; total length: 5336330
[M::worker_pipeline::82.365*0.94] mapped 64133 sequences
[M::main] Version: 2.30-r1287
[M::main] CMD: minimap2 -x map-ont --secondary=no -L --MD -A 2 -B 4 -O 4,24 -E 2,1 -t 1 -a /data/djs217/PROJECTS/vibrio/P0232_251203_11813_10386/12_filtlong/02_hybracter/hybracter_out/processing/complete/dnaapler/EXE_20_2025_B/EXE_20_2025_B_reoriented_chrom_and_plasmids.fasta.map-ont.mmi /data/djs217/PROJECTS/vibrio/P0232_251203_11813_10386/12_filtlong/02_hybracter/hybracter_out/processing/qc/EXE_20_2025_B_filt_trim.fastq.gz
[M::main] Real time: 82.382 sec; CPU: 77.643 sec; Peak RSS: 0.559 GB
/data/djs217/miniconda3/envs/hybracter_env/lib/python3.11/site-packages/hybracter/workflow/conda/7aafc1085ca44eee01942c03ca74ecad_/lib/python3.11/site-packages/medaka/common.py:16: UserWarning: pkg_resources is deprecated as an API. See https://setuptools.pypa.io/en/latest/pkg_resources.html. The pkg_resources package is slated for removal as early as 2025-11-30. Refrain from using this package or pin to Setuptools<81.
  from pkg_resources import resource_filename
[02:01:55 - Predict] Processing region(s): contig_3:0-3351839 1:0-856326 2:0-307597 3:0-199162 4:0-170706 5:0-138121 6:0-133675 7:0-127601 8:0-30228 9:0-11172 10:0-4430 11:0-2753 12:0-2374 13:0-200 14:0-146
[02:01:55 - Predict] Using model: /data/djs217/miniconda3/envs/hybracter_env/lib/python3.11/site-packages/hybracter/workflow/conda/7aafc1085ca44eee01942c03ca74ecad_/lib/python3.11/site-packages/medaka/data/r1041_e82_400bps_sup_v5.0.0_model_pt.tar.gz.
[02:01:55 - Predict] Using minimum mapQ threshold of 1 for read filtering.
[02:01:55 - MdlStrTGZ] Model GRUModel(
  (gru): GRU(10, 128, num_layers=2, batch_first=True, bidirectional=True)
  (linear): Linear(in_features=256, out_features=5, bias=True)
)
[02:01:55 - MdlStrTGZ] loading weights from /tmp/tmp7exgfegw/model/weights.pt
[02:01:55 - MdlStrTGZ] Successfully removed temporary files from /tmp/tmp7exgfegw.
[02:01:55 - Predict] Model device: cpu
[02:01:55 - Predict] Running prediction at full precision
[02:01:55 - BAMFile] Creating pool of 16 BAM file sets.
[02:01:55 - Predict] Processing 13 long region(s) with batching.
[02:01:55 - Sampler] Initializing sampler for consensus of region contig_3:0-1000000.
[02:01:55 - Sampler] Initializing sampler for consensus of region contig_3:999000-1999000.
[02:01:55 - PWorker] Running inference for 5.3M draft bases.
[02:01:57 - Feature] Processed contig_3:0.0-999999.0 (median depth 43.0)
[02:01:57 - Sampler] Took 1.76s to make features.
[02:01:57 - Feature] Processed contig_3:999000.0-1998999.0 (median depth 41.0)
[02:01:57 - Sampler] Took 1.78s to make features.
[02:01:57 - Sampler] Initializing sampler for consensus of region contig_3:1998000-2998000.
[02:01:57 - Sampler] Initializing sampler for consensus of region contig_3:2997000-3351839.
[02:01:58 - Feature] Processed contig_3:2997000.0-3351838.0 (median depth 43.0)
[02:01:58 - Sampler] Took 0.59s to make features.
[02:01:58 - Sampler] Initializing sampler for consensus of region 1:0-856326.
[02:01:58 - Feature] Processed contig_3:1998000.0-2997999.1 (median depth 42.0)
[02:01:58 - Sampler] Took 1.14s to make features.
[02:01:58 - Sampler] Initializing sampler for consensus of region 2:0-307597.
[02:01:58 - Feature] Processed 1:0.0-856325.0 (median depth 41.0)
[02:01:58 - Sampler] Took 0.81s to make features.
[02:01:58 - Sampler] Initializing sampler for consensus of region 3:0-199162.
[02:01:58 - Feature] Processed 2:0.0-307596.0 (median depth 40.0)
[02:01:58 - Sampler] Took 0.41s to make features.
[02:01:58 - Sampler] Initializing sampler for consensus of region 4:0-170706.
[02:01:59 - Feature] Processed 3:0.0-199161.0 (median depth 42.0)
[02:01:59 - Sampler] Took 0.40s to make features.
[02:01:59 - Sampler] Initializing sampler for consensus of region 5:0-138121.
[02:01:59 - Feature] Processed 4:0.0-170705.0 (median depth 38.0)
[02:01:59 - Sampler] Took 0.34s to make features.
[02:01:59 - Sampler] Initializing sampler for consensus of region 6:0-133675.
[02:01:59 - Feature] Processed 5:0.0-138120.0 (median depth 32.0)
[02:01:59 - Sampler] Took 0.13s to make features.
[02:01:59 - Sampler] Initializing sampler for consensus of region 7:0-127601.
[02:01:59 - Feature] Processed 6:0.0-133674.0 (median depth 39.0)
[02:01:59 - Sampler] Took 0.33s to make features.
[02:01:59 - Sampler] Initializing sampler for consensus of region 8:0-30228.
[02:01:59 - Feature] Processed 7:0.0-127600.0 (median depth 41.0)
[02:01:59 - Sampler] Took 0.32s to make features.
[02:01:59 - Sampler] Initializing sampler for consensus of region 9:0-11172.
[02:01:59 - Feature] Processed 8:0.0-30227.0 (median depth 40.0)
[02:01:59 - Sampler] Took 0.13s to make features.
[02:01:59 - Feature] Processed 9:0.0-11171.0 (median depth 24.0)
[02:01:59 - Sampler] Took 0.10s to make features.
[02:02:11 - PWorker] Batches in cache: 7.
[02:02:11 - PWorker] 15.0% Done (0.8/5.3 Mbases) in 16.3s
[02:02:24 - PWorker] Batches in cache: 6.
[02:02:24 - PWorker] 30.0% Done (1.6/5.3 Mbases) in 29.3s
[02:02:37 - PWorker] Batches in cache: 5.
[02:02:37 - PWorker] 45.0% Done (2.4/5.3 Mbases) in 42.2s
[02:02:50 - PWorker] Batches in cache: 4.
[02:02:50 - PWorker] 60.0% Done (3.2/5.3 Mbases) in 54.9s
[02:03:03 - PWorker] Batches in cache: 3.
[02:03:03 - PWorker] 75.0% Done (4.0/5.3 Mbases) in 67.9s
[02:03:16 - PWorker] Batches in cache: 2.
[02:03:16 - PWorker] 90.1% Done (4.8/5.3 Mbases) in 81.1s
[02:03:25 - PWorker] Batches in cache: 1.
[02:03:25 - PWorker] Processed 7 batches
[02:03:25 - PWorker] All done, 0 remainder regions.
[02:03:25 - Predict] Processing 5 short region(s).
[02:03:25 - Sampler] Initializing sampler for consensus of region 10:0-4430.
[02:03:25 - Sampler] Initializing sampler for consensus of region 11:0-2753.
[02:03:25 - PWorker] Running inference for 0.0M draft bases.
[02:03:25 - Feature] Processed 11:0.0-2752.0 (median depth 20.0)
[02:03:25 - Sampler] Took 0.24s to make features.
[02:03:25 - Sampler] Initializing sampler for consensus of region 12:0-2374.
[02:03:26 - Feature] Processed 10:0.0-4429.0 (median depth 31.0)
[02:03:26 - Sampler] Took 0.29s to make features.
[02:03:26 - Sampler] Initializing sampler for consensus of region 13:0-200.
[02:03:26 - Sampler] Took 0.02s to make features.
[02:03:26 - Sampler] Initializing sampler for consensus of region 14:0-146.
[02:03:26 - Feature] Processed 12:0.0-2373.0 (median depth 12.0)
[02:03:26 - Sampler] Took 0.10s to make features.
[02:03:26 - Sampler] Took 0.05s to make features.
[02:03:27 - PWorker] Processed 3 batches
[02:03:27 - PWorker] All done, 0 remainder regions.
[02:03:27 - Predict] Finished processing all regions.
/data/djs217/miniconda3/envs/hybracter_env/lib/python3.11/site-packages/hybracter/workflow/conda/7aafc1085ca44eee01942c03ca74ecad_/lib/python3.11/site-packages/medaka/common.py:16: UserWarning: pkg_resources is deprecated as an API. See https://setuptools.pypa.io/en/latest/pkg_resources.html. The pkg_resources package is slated for removal as early as 2025-11-30. Refrain from using this package or pin to Setuptools<81.
  from pkg_resources import resource_filename
[02:03:29 - DataIndx] Loaded 1/1 (100.00%) sample files.
[02:03:29 - Stitcher] Stitching 9:0-11172
[02:03:29 - Stitcher] Stitching 11:0-2753
[02:03:29 - Stitcher] Stitching 4:0-170706
[02:03:29 - Stitcher] Stitching 3:0-199162
[02:03:29 - Stitcher] Stitching 2:0-307597
[02:03:29 - Stitcher] Stitching 8:0-30228
[02:03:29 - Stitcher] Stitching 10:0-4430
[02:03:29 - Stitcher] Stitching 5:0-138121
[02:03:29 - Stitcher] Stitching 7:0-127601
[02:03:29 - Stitcher] Stitching contig_3:0-1000000
[02:03:29 - Stitcher] Stitching contig_3:1000000-2000000
[02:03:30 - Stitcher] Stitching contig_3:2000000-3000000
[02:03:30 - Stitcher] Stitching contig_3:3000000-3351839
[02:03:30 - Stitcher] Stitching 12:0-2374
[02:03:30 - Stitcher] Stitching 1:0-856326
[02:03:30 - Stitcher] Stitching 6:0-133675
[02:03:30 - Stitcher] Copying contig '13' verbatim from input.
[02:03:30 - Stitcher] Copying contig '14' verbatim from input.
