/data/djs217/miniconda3/envs/hybracter_env/lib/python3.11/site-packages/hybracter/workflow/conda/7aafc1085ca44eee01942c03ca74ecad_/lib/python3.11/site-packages/medaka/common.py:16: UserWarning: pkg_resources is deprecated as an API. See https://setuptools.pypa.io/en/latest/pkg_resources.html. The pkg_resources package is slated for removal as early as 2025-11-30. Refrain from using this package or pin to Setuptools<81.
  from pkg_resources import resource_filename
/data/djs217/miniconda3/envs/hybracter_env/lib/python3.11/site-packages/hybracter/workflow/conda/7aafc1085ca44eee01942c03ca74ecad_/lib/python3.11/site-packages/medaka/common.py:16: UserWarning: pkg_resources is deprecated as an API. See https://setuptools.pypa.io/en/latest/pkg_resources.html. The pkg_resources package is slated for removal as early as 2025-11-30. Refrain from using this package or pin to Setuptools<81.
  from pkg_resources import resource_filename
/data/djs217/miniconda3/envs/hybracter_env/lib/python3.11/site-packages/hybracter/workflow/conda/7aafc1085ca44eee01942c03ca74ecad_/lib/python3.11/site-packages/medaka/common.py:16: UserWarning: pkg_resources is deprecated as an API. See https://setuptools.pypa.io/en/latest/pkg_resources.html. The pkg_resources package is slated for removal as early as 2025-11-30. Refrain from using this package or pin to Setuptools<81.
  from pkg_resources import resource_filename
[14:58:45 - MdlStrTGZ] Successfully removed temporary files from /tmp/tmp32qds082.
/data/djs217/miniconda3/envs/hybracter_env/lib/python3.11/site-packages/hybracter/workflow/conda/7aafc1085ca44eee01942c03ca74ecad_/lib/python3.11/site-packages/medaka/common.py:16: UserWarning: pkg_resources is deprecated as an API. See https://setuptools.pypa.io/en/latest/pkg_resources.html. The pkg_resources package is slated for removal as early as 2025-11-30. Refrain from using this package or pin to Setuptools<81.
  from pkg_resources import resource_filename
[14:58:47 - MdlStrTGZ] Successfully removed temporary files from /tmp/tmpeqd6olb4.
Creating fai index file /data/djs217/PROJECTS/vibrio/P0232_251203_11813_10386/12_filtlong/02_hybracter/hybracter_out/processing/complete/dnaapler/EXE_30_2025_R/EXE_30_2025_R_reoriented_chrom_and_plasmids.fasta.fai
Creating mmi index file /data/djs217/PROJECTS/vibrio/P0232_251203_11813_10386/12_filtlong/02_hybracter/hybracter_out/processing/complete/dnaapler/EXE_30_2025_R/EXE_30_2025_R_reoriented_chrom_and_plasmids.fasta.map-ont.mmi
[M::mm_idx_gen::0.174*1.02] collected minimizers
[M::mm_idx_gen::0.231*1.48] sorted minimizers
[M::main::0.293*1.38] loaded/built the index for 2 target sequence(s)
[M::mm_idx_stat] kmer size: 15; skip: 10; is_hpc: 0; #seq: 2
[M::mm_idx_stat::0.306*1.36] distinct minimizers: 903871 (98.59% are singletons); average occurrences: 1.030; average spacing: 5.350; total length: 4981339
[M::main] Version: 2.30-r1287
[M::main] CMD: minimap2 -I 16G -x map-ont -d /data/djs217/PROJECTS/vibrio/P0232_251203_11813_10386/12_filtlong/02_hybracter/hybracter_out/processing/complete/dnaapler/EXE_30_2025_R/EXE_30_2025_R_reoriented_chrom_and_plasmids.fasta.map-ont.mmi /data/djs217/PROJECTS/vibrio/P0232_251203_11813_10386/12_filtlong/02_hybracter/hybracter_out/processing/complete/dnaapler/EXE_30_2025_R/EXE_30_2025_R_reoriented_chrom_and_plasmids.fasta
[M::main] Real time: 0.311 sec; CPU: 0.422 sec; Peak RSS: 0.048 GB
[M::main::0.079*1.04] loaded/built the index for 2 target sequence(s)
[M::mm_mapopt_update::0.096*1.03] mid_occ = 13
[M::mm_idx_stat] kmer size: 15; skip: 10; is_hpc: 0; #seq: 2
[M::mm_idx_stat::0.109*1.03] distinct minimizers: 903871 (98.59% are singletons); average occurrences: 1.030; average spacing: 5.350; total length: 4981339
[M::worker_pipeline::55.957*0.94] mapped 15892 sequences
[M::main] Version: 2.30-r1287
[M::main] CMD: minimap2 -x map-ont --secondary=no -L --MD -A 2 -B 4 -O 4,24 -E 2,1 -t 1 -a /data/djs217/PROJECTS/vibrio/P0232_251203_11813_10386/12_filtlong/02_hybracter/hybracter_out/processing/complete/dnaapler/EXE_30_2025_R/EXE_30_2025_R_reoriented_chrom_and_plasmids.fasta.map-ont.mmi /data/djs217/PROJECTS/vibrio/P0232_251203_11813_10386/12_filtlong/02_hybracter/hybracter_out/processing/qc/EXE_30_2025_R_filt_trim.fastq.gz
[M::main] Real time: 55.969 sec; CPU: 52.666 sec; Peak RSS: 0.465 GB
/data/djs217/miniconda3/envs/hybracter_env/lib/python3.11/site-packages/hybracter/workflow/conda/7aafc1085ca44eee01942c03ca74ecad_/lib/python3.11/site-packages/medaka/common.py:16: UserWarning: pkg_resources is deprecated as an API. See https://setuptools.pypa.io/en/latest/pkg_resources.html. The pkg_resources package is slated for removal as early as 2025-11-30. Refrain from using this package or pin to Setuptools<81.
  from pkg_resources import resource_filename
[14:59:53 - Predict] Processing region(s): contig_1:0-3201229 1:0-1780110
[14:59:53 - Predict] Using model: /data/djs217/miniconda3/envs/hybracter_env/lib/python3.11/site-packages/hybracter/workflow/conda/7aafc1085ca44eee01942c03ca74ecad_/lib/python3.11/site-packages/medaka/data/r1041_e82_400bps_sup_v5.0.0_model_pt.tar.gz.
[14:59:53 - Predict] Using minimum mapQ threshold of 1 for read filtering.
[14:59:53 - MdlStrTGZ] Model GRUModel(
  (gru): GRU(10, 128, num_layers=2, batch_first=True, bidirectional=True)
  (linear): Linear(in_features=256, out_features=5, bias=True)
)
[14:59:53 - MdlStrTGZ] loading weights from /tmp/tmp8i2nod8i/model/weights.pt
[14:59:53 - MdlStrTGZ] Successfully removed temporary files from /tmp/tmp8i2nod8i.
[14:59:53 - Predict] Model device: cpu
[14:59:53 - Predict] Running prediction at full precision
[14:59:53 - BAMFile] Creating pool of 16 BAM file sets.
[14:59:53 - Predict] Processing 6 long region(s) with batching.
[14:59:53 - Sampler] Initializing sampler for consensus of region contig_1:0-1000000.
[14:59:53 - Sampler] Initializing sampler for consensus of region contig_1:999000-1999000.
[14:59:53 - PWorker] Running inference for 5.0M draft bases.
[14:59:55 - Feature] Processed contig_1:999000.0-1998999.0 (median depth 29.0)
[14:59:55 - Sampler] Took 1.80s to make features.
[14:59:55 - Feature] Processed contig_1:0.0-999999.0 (median depth 34.0)
[14:59:55 - Sampler] Took 1.83s to make features.
[14:59:55 - Sampler] Initializing sampler for consensus of region contig_1:1998000-2998000.
[14:59:55 - Sampler] Initializing sampler for consensus of region contig_1:2997000-3201229.
[14:59:56 - Feature] Processed contig_1:2997000.0-3201228.0 (median depth 35.0)
[14:59:56 - Sampler] Took 0.57s to make features.
[14:59:56 - Sampler] Initializing sampler for consensus of region 1:0-1000000.
[14:59:56 - Feature] Processed contig_1:1998000.0-2997999.0 (median depth 36.0)
[14:59:56 - Sampler] Took 0.93s to make features.
[14:59:56 - Sampler] Initializing sampler for consensus of region 1:999000-1780110.
[14:59:57 - Feature] Processed 1:0.0-999999.0 (median depth 29.0)
[14:59:57 - Sampler] Took 0.74s to make features.
[14:59:57 - Feature] Processed 1:999000.0-1780109.0 (median depth 28.0)
[14:59:57 - Sampler] Took 0.59s to make features.
[15:00:13 - PWorker] Batches in cache: 7.
[15:00:13 - PWorker] 16.3% Done (0.8/5.0 Mbases) in 19.8s
[15:00:27 - PWorker] Batches in cache: 6.
[15:00:27 - PWorker] 32.9% Done (1.6/5.0 Mbases) in 33.6s
[15:00:41 - PWorker] Batches in cache: 5.
[15:00:41 - PWorker] 49.4% Done (2.5/5.0 Mbases) in 47.6s
[15:00:55 - PWorker] Batches in cache: 4.
[15:00:55 - PWorker] 65.7% Done (3.3/5.0 Mbases) in 61.4s
[15:01:08 - PWorker] Batches in cache: 3.
[15:01:08 - PWorker] 82.3% Done (4.1/5.0 Mbases) in 75.0s
[15:01:22 - PWorker] Batches in cache: 2.
[15:01:22 - PWorker] 99.1% Done (4.9/5.0 Mbases) in 88.8s
[15:01:24 - PWorker] Processed 7 batches
[15:01:24 - PWorker] All done, 0 remainder regions.
[15:01:24 - Predict] Finished processing all regions.
/data/djs217/miniconda3/envs/hybracter_env/lib/python3.11/site-packages/hybracter/workflow/conda/7aafc1085ca44eee01942c03ca74ecad_/lib/python3.11/site-packages/medaka/common.py:16: UserWarning: pkg_resources is deprecated as an API. See https://setuptools.pypa.io/en/latest/pkg_resources.html. The pkg_resources package is slated for removal as early as 2025-11-30. Refrain from using this package or pin to Setuptools<81.
  from pkg_resources import resource_filename
[15:01:26 - DataIndx] Loaded 1/1 (100.00%) sample files.
[15:01:26 - Stitcher] Stitching 1:0-1000000
[15:01:26 - Stitcher] Stitching 1:1000000-1780110
[15:01:26 - Stitcher] Stitching contig_1:0-1000000
[15:01:27 - Stitcher] Stitching contig_1:1000000-2000000
[15:01:27 - Stitcher] Stitching contig_1:2000000-3000000
[15:01:27 - Stitcher] Stitching contig_1:3000000-3201229
