
Starting Unicycler (2026-03-26 22:32:28)
----------------------------------------
    Welcome to Unicycler, an assembly pipeline for bacterial genomes. Since you provided only long reads, Unicycler will assemble the reads with miniasm and then run repeated polishing rounds using Racon.
    For more information, please see https://github.com/rrwick/Unicycler

Command: /data/djs217/miniconda3/envs/hybracter_env/lib/python3.11/site-packages/hybracter/workflow/conda/78019da34467f1ccbd2a1e2321558605_/bin/unicycler -s hybracter_out/processing/plassembler/EXE_23_2025_L/plasmid_long_entropy_filtered.fastq -l hybracter_out/processing/plassembler/EXE_23_2025_L/plasmid_long_entropy_filtered.fastq -t 1 -o hybracter_out/processing/plassembler/EXE_23_2025_L/unicycler_output

Unicycler version: v0.5.1
Using 1 thread

Making output directory:
  /data/djs217/PROJECTS/vibrio/P0232_251203_11813_10386/12_filtlong/02_hybracter/hybracter_out/processing/plassembler/EXE_23_2025_L/unicycler_output

Dependencies:
  Program       Version   Status
  spades.py     4.2.0     good  
  racon         1.5.0     good  
  makeblastdb   2.17.0+   good  
  tblastn       2.17.0+   good  


Choosing k-mer range for assembly (2026-03-26 22:32:28)
-------------------------------------------------------
    Unicycler chooses a k-mer range for SPAdes based on the length of the input reads. It uses a wide range of many k-mer sizes to maximise the chance of finding an ideal assembly.

SPAdes maximum k-mer: 127
Median read length: 4161
K-mer range: 27, 53, 71, 87, 99, 111, 119, 127


SPAdes assemblies (2026-03-26 22:32:28)
---------------------------------------
    Unicycler now uses SPAdes to assemble the short reads. It scores the assembly graph for each k-mer using the number of contigs (fewer is better) and the number of dead ends (fewer is better). The score function is 1/(c*(d+2)), where c is the contig count and d is the dead end count.

spades.py -o /data/djs217/PROJECTS/vibrio/P0232_251203_11813_10386/12_filtlong/02_hybracter/hybracter_out/processing/plassembler/EXE_23_2025_L/unicycler_output/spades_assembly -k 27 --threads 1 --gfa11 --isolate -s /data/djs217/PROJECTS/vibrio/P0232_251203_11813_10386/12_filtlong/02_hybracter/hybracter_out/processing/plassembler/EXE_23_2025_L/plasmid_long_entropy_filtered.fastq -m 1024

spades.py -o /data/djs217/PROJECTS/vibrio/P0232_251203_11813_10386/12_filtlong/02_hybracter/hybracter_out/processing/plassembler/EXE_23_2025_L/unicycler_output/spades_assembly -k 27,53 --threads 1 --gfa11 --restart-from k27 -m 1024

spades.py -o /data/djs217/PROJECTS/vibrio/P0232_251203_11813_10386/12_filtlong/02_hybracter/hybracter_out/processing/plassembler/EXE_23_2025_L/unicycler_output/spades_assembly -k 27,53,71 --threads 1 --gfa11 --restart-from k53 -m 1024

spades.py -o /data/djs217/PROJECTS/vibrio/P0232_251203_11813_10386/12_filtlong/02_hybracter/hybracter_out/processing/plassembler/EXE_23_2025_L/unicycler_output/spades_assembly -k 27,53,71,87 --threads 1 --gfa11 --restart-from k71 -m 1024

spades.py -o /data/djs217/PROJECTS/vibrio/P0232_251203_11813_10386/12_filtlong/02_hybracter/hybracter_out/processing/plassembler/EXE_23_2025_L/unicycler_output/spades_assembly -k 27,53,71,87,99 --threads 1 --gfa11 --restart-from k87 -m 1024

spades.py -o /data/djs217/PROJECTS/vibrio/P0232_251203_11813_10386/12_filtlong/02_hybracter/hybracter_out/processing/plassembler/EXE_23_2025_L/unicycler_output/spades_assembly -k 27,53,71,87,99,111 --threads 1 --gfa11 --restart-from k99 -m 1024

spades.py -o /data/djs217/PROJECTS/vibrio/P0232_251203_11813_10386/12_filtlong/02_hybracter/hybracter_out/processing/plassembler/EXE_23_2025_L/unicycler_output/spades_assembly -k 27,53,71,87,99,111,119 --threads 1 --gfa11 --restart-from k111 -m 1024

spades.py -o /data/djs217/PROJECTS/vibrio/P0232_251203_11813_10386/12_filtlong/02_hybracter/hybracter_out/processing/plassembler/EXE_23_2025_L/unicycler_output/spades_assembly -k 27,53,71,87,99,111,119,127 --threads 1 --gfa11 --restart-from k119 -m 1024

K-mer   Contigs   Dead ends   Score      
   27                         too complex
   53       404           4      4.13e-04
   71       225           4      7.41e-04
   87       136           4      1.23e-03
   99        97           4      1.72e-03
  111        67           3      2.99e-03
  119        61           3      3.28e-03
  127        55           3      3.64e-03 <-best

Read depth filter: removed 1 contigs totalling 130 bp
Deleting /data/djs217/PROJECTS/vibrio/P0232_251203_11813_10386/12_filtlong/02_hybracter/hybracter_out/processing/plassembler/EXE_23_2025_L/unicycler_output/spades_assembly/


Determining graph multiplicity (2026-03-26 23:07:03)
----------------------------------------------------
    Multiplicity is the number of times a sequence occurs in the underlying sequence. Single-copy contigs (those with a multiplicity of one, occurring only once in the underlying sequence) are particularly useful.

Saving /data/djs217/PROJECTS/vibrio/P0232_251203_11813_10386/12_filtlong/02_hybracter/hybracter_out/processing/plassembler/EXE_23_2025_L/unicycler_output/002_depth_filter.gfa


Cleaning graph (2026-03-26 23:07:03)
------------------------------------
    Unicycler now performs various cleaning procedures on the graph to remove overlaps and simplify the graph structure. The end result is a graph ready for bridging.

Graph overlaps removed

Removed zero-length segments:
    28, 31, 32, 41, 42, 46, 47, 50, 52

Merged small segments:
    44

Saving /data/djs217/PROJECTS/vibrio/P0232_251203_11813_10386/12_filtlong/02_hybracter/hybracter_out/processing/plassembler/EXE_23_2025_L/unicycler_output/003_overlaps_removed.gfa

    Unicycler now selects a set of anchor contigs from the single-copy contigs. These are the contigs which will be connected via bridges to form the final assembly.

16 anchor segments (1,351,054 bp) out of 45 total segments (1,364,216 bp)


Creating SPAdes contig bridges (2026-03-26 23:07:03)
----------------------------------------------------
    SPAdes uses paired-end information to perform repeat resolution (RR) and produce contigs from the assembly graph. SPAdes saves the graph paths corresponding to these contigs in the contigs.paths file. When one of these paths contains two or more anchor contigs, Unicycler can create a bridge from the path.

                                                                   Bridge
Start                         Path                        End     quality
  -10   22 -> 43 -> -19 -> 35 -> 18 -> 12 -> -17 -> -16   11         42.2
   -7                          23                         8          63.1
    5                         -18                         9          60.1
    6                          24                         -11        48.2
    7            22 -> -44 -> -19 -> -15 -> -24           2          53.3
    8                         -20                         5          62.9
    9             -20 -> 13 -> 17 -> -14 -> 16            6          51.6
   10                          23                         3          60.3


Creating loop unrolling bridges (2026-03-26 23:07:03)
-----------------------------------------------------
    When a SPAdes contig path connects an anchor contig with the middle contig of a simple loop, Unicycler concludes that the sequences are contiguous (i.e. the loop is not a separate piece of DNA). It then uses the read depth of the middle and repeat contigs to guess the number of times to traverse the loop and makes a bridge.

No loop unrolling bridges made


Loading reads (2026-03-26 23:07:03)
-----------------------------------
8,851 / 8,851 (100.0%) - 58,911,706 bp


Assembling contigs and long reads with miniasm (2026-03-26 23:07:03)
--------------------------------------------------------------------
    Unicycler uses miniasm to construct a string graph assembly using both the short read contigs and the long reads. It will then use the resulting string graph to produce bridges between contigs. This method requires decent coverage of long reads and therefore may not be fruitful if long reads are sparse. However, it does not rely on the short read assembly graph having good connectivity and is able to bridge an assembly graph even when it contains many dead ends.
    Unicycler uses two types of "reads" as assembly input: anchor contigs from the short-read assembly and actual long reads which overlap two or more of these contigs. It then assembles them with miniasm.

Aligning long reads to graph using minimap

Saving to /data/djs217/PROJECTS/vibrio/P0232_251203_11813_10386/12_filtlong/02_hybracter/hybracter_out/processing/plassembler/EXE_23_2025_L/unicycler_output/miniasm_assembly/01_assembly_reads.fastq:
  11 short-read contigs
  595 long reads

Finding overlaps with minimap... 
success
  60,508 overlaps

Assembling reads with miniasm... 
success
  40 segments, 40 links

Saving /data/djs217/PROJECTS/vibrio/P0232_251203_11813_10386/12_filtlong/02_hybracter/hybracter_out/processing/plassembler/EXE_23_2025_L/unicycler_output/miniasm_assembly/11_branching_paths_removed.gfa
Merging segments into unitigs:
  2 circular unitigs
  total size = 1,366,555 bp
Saving /data/djs217/PROJECTS/vibrio/P0232_251203_11813_10386/12_filtlong/02_hybracter/hybracter_out/processing/plassembler/EXE_23_2025_L/unicycler_output/miniasm_assembly/12_unitig_graph.gfa


Polishing miniasm assembly with Racon (2026-03-26 23:07:15)
-----------------------------------------------------------
    Unicycler now uses Racon to polish the miniasm assembly. It does multiple rounds of polishing to get the best consensus. Circular unitigs are rotated between rounds such that all parts (including the ends) are polished well.

Saving to /data/djs217/PROJECTS/vibrio/P0232_251203_11813_10386/12_filtlong/02_hybracter/hybracter_out/processing/plassembler/EXE_23_2025_L/unicycler_output/miniasm_assembly/racon_polish/polishing_reads.fastq:
  11 short-read contigs
  8,851 long reads

Polish       Assembly          Mapping
round            size          quality
begin       1,366,555         8,770.20
1           1,366,521         8,847.33

Best polish: /data/djs217/PROJECTS/vibrio/P0232_251203_11813_10386/12_filtlong/02_hybracter/hybracter_out/processing/plassembler/EXE_23_2025_L/unicycler_output/miniasm_assembly/racon_polish/006_rotated.fasta
Saving /data/djs217/PROJECTS/vibrio/P0232_251203_11813_10386/12_filtlong/02_hybracter/hybracter_out/processing/plassembler/EXE_23_2025_L/unicycler_output/miniasm_assembly/13_racon_polished.gfa
Saving /data/djs217/PROJECTS/vibrio/P0232_251203_11813_10386/12_filtlong/02_hybracter/hybracter_out/processing/plassembler/EXE_23_2025_L/unicycler_output/004_long_read_assembly.gfa

    Contigs in the short-read assembly graph which end in dead ends may contain bogus sequence near the dead end. Unicycler therefore uses the read clipping values from the miniasm assembly to trim these dead ends to only the parts which aligned well to long reads.

No dead ends required trimming.

    Unicycler now places the single copy contigs back into the unitig graph. This serves two purposes: a) it replaces long read assembly sequences (which may be error prone) with Illumina assembly sequence (which is probably quite accurate), improving the assembly quality, and b) it defines inter-contig sequences for use in building bridges.

Searching for contigs using 5,000 bp of contig ends.

Contig   Result              Start pos   End pos   Strand
     1   found in unitig 1     -158865    393509        -
     2   found in unitig 1      393662    782756        -
     3   found in unitig 1      865127   1165676        +
     5   found in unitig 1      805994    822401        +
     6   found in unitig 1      835260    851276        +
     7   found in unitig 1      785220    799522        -
     8   found in unitig 1      799655    805714        +
     9   found in unitig 1      822952    828695        +
    10   found in unitig 1      860354    864994        +
    11   found in unitig 1      851405    855286        -
    25   not found                                       

Searching for contigs using 2,500 bp of contig ends.

Contig   Result      Start pos   End pos   Strand
    25   not found                               

Searching for contigs using 1,000 bp of contig ends.

Contig   Result      Start pos   End pos   Strand
    25   not found                               

Searching for contigs using 500 bp of contig ends.

Contig   Result      Start pos   End pos   Strand
    25   not found                               

Saving /data/djs217/PROJECTS/vibrio/P0232_251203_11813_10386/12_filtlong/02_hybracter/hybracter_out/processing/plassembler/EXE_23_2025_L/unicycler_output/miniasm_assembly/14_contigs_placed.gfa


Creating miniasm/Racon bridges (2026-03-26 23:09:38)
----------------------------------------------------
    Now that the miniasm/Racon string graph is complete, Unicycler will use it to build bridges between anchor segments.

       Start -> end   Best path                                 Quality
 1/10    -1 -> -2     -21                                        98.456
 2/10     3 -> -1     21                                         97.378
 3/10    -2 -> -7     24, 15, 19, 44, -22                        69.008
 4/10    -7 -> 8      23                                         98.401
 5/10     8 -> 5      -20                                        96.815
 6/10     5 -> 9      -18                                        90.191
 7/10     9 -> 6      -20, 13, 17, -14, 16                       53.639
 8/10     6 -> -11    24                                         75.204
 9/10   -11 -> 10     16, 17, -12, -18, -35, 19, -43, -22        47.002
10/10    10 -> 3      23                                         94.064


Creating simple long read bridges (2026-03-26 23:09:38)
-------------------------------------------------------
    Unicycler uses long read alignments (from minimap) to resolve simple repeat structures in the graph. This takes care of some "low-hanging fruit" of the graph simplification.

Aligning long reads to graph using minimap

    Two-way junctions are defined as cases where two graph contigs (A and B) join together (C) and then split apart again (D and E). This usually represents a simple 2-copy repeat, and there are two possible options for its resolution: (A->C->D and B->C->E) or (A->C->E and B->C->D). Each read which spans such a junction gets to "vote" for option 1, option 2 or neither. Unicycler creates a bridge at each junction for the most voted for option.

                                             Op. 1   Op. 2   Neither   Final    Bridge
Junction      Option 1         Option 2      votes   votes     votes     op.   quality
      23   -7 -> 23 -> 3,   -7 -> 23 -> 8,       0      58         2       2      92.1
           10 -> 23 -> 8    10 -> 23 -> 3                                             
      21   2 -> 21 -> -1,   2 -> 21 -> 1,        0      66         6       2      90.2
            3 -> 21 -> 1    3 -> 21 -> -1                                             

    Simple loops are parts of the graph where two contigs (A and B) are connected via a repeat (C) which loops back to itself (via D). It is possible to traverse the loop zero times (A->C->B), one time (A->C->D->C->B), two times (A->C->D->C->D->C->B), etc. Long reads which span the loop inform which is the correct number of times through. In this step, such reads are found and each is aligned against alternative loop counts. A reads casts its "vote" for the loop count it agrees best with, and Unicycler creates a bridge using the most voted for count.

No suitable simple loops present


Determining low score threshold (2026-03-26 23:09:41)
-----------------------------------------------------
    Before conducting semi-global alignment of the long reads to the assembly graph, Unicycler must determine a minimum alignment score threshold such that nonsense alignments are excluded. To choose a threshold automatically, it examines alignments between random sequences and selects a score a few standard deviations above the mean.

Automatically choosing a threshold using random alignment scores.

Random alignment mean score: 61.66
         standard deviation:  1.31
        Low score threshold: 61.66 + (7 x 1.31) = 70.86


Aligning reads (2026-03-26 23:09:44)
------------------------------------
8,851 / 8,851 (100.0%)


Read alignment summary (2026-03-27 00:04:12)
--------------------------------------------
Total read count:             8,851
Fully aligned reads:          8,604
Partially aligned reads:        194
Unaligned reads:                 53
Total bases aligned:     57,080,402 bp
Mean alignment identity:         97.3%

Deleting /data/djs217/PROJECTS/vibrio/P0232_251203_11813_10386/12_filtlong/02_hybracter/hybracter_out/processing/plassembler/EXE_23_2025_L/unicycler_output/read_alignment/


Building long read bridges (2026-03-27 00:04:12)
------------------------------------------------
    Unicycler uses the long read alignments to produce bridges between anchor segments. These bridges can be formed using as few as one long read, giving Unicycler the ability to bridge the graph even when long-read depth is low.

       Start -> end   Best path                                 Quality
 1/14   -10 -> 11     22, 43, -19, 35, 18, 12, -17, -16          51.140
 2/14    -7 -> 8      23                                         79.307
 3/14    -5 -> 7      20, -8, -23                                31.695
 4/14    -3 -> 11     -23, -10, 22, 43, -19, 35, 18, 12, -17,    19.112
                      -16                                              
 5/14     2 -> 1      21                                         84.014
 6/14     3 -> -1     21                                         83.136
 7/14     5 -> 9      -18                                        75.453
 8/14     6 -> 3      24, -11, 16, 17, -12, -18, -35, 19, -43,   37.535
                      -22, 10, 23                                      
 9/14     6 -> 10     24, -11, 16, 17, -12, -18, -35, 19, -43,   47.042
                      -22                                              
10/14     7 -> 2      22, -44, -19, -15, -24                     69.891
11/14     8 -> 5      -20                                        79.581
12/14     9 -> 6      -20, 13, 17, -14, 16                       64.729
13/14    10 -> 3      23                                         75.675
14/14    11 -> -6     -24                                        59.360


Applying bridges (2026-03-27 00:04:19)
--------------------------------------
    Unicycler now applies to the graph in decreasing order of quality. This ensures that when multiple, contradictory bridges exist, the most supported option is used.

Bridge type   Start -> end   Path                                Quality
miniasm         -1 -> -2     -21                                  98.456
miniasm         -7 -> 8      23                                   98.401
miniasm          3 -> -1     21                                   97.378
miniasm          8 -> 5      -20                                  96.815
miniasm         10 -> 3      23                                   94.064
miniasm          5 -> 9      -18                                  90.191
miniasm          6 -> -11    24                                   75.204
long read        7 -> 2      22, -44, -19, -15, -24               69.891
long read        9 -> 6      -20, 13, 17, -14, 16                 64.729
long read      -10 -> 11     22, 43, -19, 35, 18, 12, -17, -16    51.140

Saving /data/djs217/PROJECTS/vibrio/P0232_251203_11813_10386/12_filtlong/02_hybracter/hybracter_out/processing/plassembler/EXE_23_2025_L/unicycler_output/005_bridges_applied.gfa


Bridged assembly graph (2026-03-27 00:04:19)
--------------------------------------------
    The assembly is now mostly finished and no more structural changes will be made. Ideally the assembly graph should now have one contig per replicon and no erroneous contigs (i.e. a complete assembly). If there are more contigs, then the assembly is not complete.

Saving /data/djs217/PROJECTS/vibrio/P0232_251203_11813_10386/12_filtlong/02_hybracter/hybracter_out/processing/plassembler/EXE_23_2025_L/unicycler_output/006_final_clean.gfa

Component   Segments   Links   Length      N50         Longest segment   Status  
    total          2       2   1,366,544   1,324,714         1,324,714           
        1          1       1   1,324,714   1,324,714         1,324,714   complete
        2          1       1      41,830      41,830            41,830   complete


Rotating completed replicons (2026-03-27 00:04:19)
--------------------------------------------------
    Any completed circular contigs (i.e. single contigs which have one link connecting end to start) can have their start position changed without altering the sequence. For consistency, Unicycler now searches for a starting gene (dnaA or repA) in each such contig, and if one is found, the contig is rotated to start with that gene on the forward strand.

Segment   Length      Depth   Starting gene   Position   Strand   Identity   Coverage
      1   1,324,714   1.00x   none found                                             
      2      41,830   3.49x   none found                                             


Assembly complete (2026-03-27 00:05:08)
---------------------------------------
Saving /data/djs217/PROJECTS/vibrio/P0232_251203_11813_10386/12_filtlong/02_hybracter/hybracter_out/processing/plassembler/EXE_23_2025_L/unicycler_output/assembly.gfa
Saving /data/djs217/PROJECTS/vibrio/P0232_251203_11813_10386/12_filtlong/02_hybracter/hybracter_out/processing/plassembler/EXE_23_2025_L/unicycler_output/assembly.fasta

