-- canu 2.2
--
-- CITATIONS
--
-- For 'standard' assemblies of PacBio or Nanopore reads:
--   Koren S, Walenz BP, Berlin K, Miller JR, Phillippy AM.
--   Canu: scalable and accurate long-read assembly via adaptive k-mer weighting and repeat separation.
--   Genome Res. 2017 May;27(5):722-736.
--   http://doi.org/10.1101/gr.215087.116
-- 
-- Read and contig alignments during correction and consensus use:
--   Šošic M, Šikic M.
--   Edlib: a C/C ++ library for fast, exact sequence alignment using edit distance.
--   Bioinformatics. 2017 May 1;33(9):1394-1395.
--   http://doi.org/10.1093/bioinformatics/btw753
-- 
-- Overlaps are generated using:
--   Berlin K, et al.
--   Assembling large genomes with single-molecule sequencing and locality-sensitive hashing.
--   Nat Biotechnol. 2015 Jun;33(6):623-30.
--   http://doi.org/10.1038/nbt.3238
-- 
--   Myers EW, et al.
--   A Whole-Genome Assembly of Drosophila.
--   Science. 2000 Mar 24;287(5461):2196-204.
--   http://doi.org/10.1126/science.287.5461.2196
-- 
-- Corrected read consensus sequences are generated using an algorithm derived from FALCON-sense:
--   Chin CS, et al.
--   Phased diploid genome assembly with single-molecule real-time sequencing.
--   Nat Methods. 2016 Dec;13(12):1050-1054.
--   http://doi.org/10.1038/nmeth.4035
-- 
-- Contig consensus sequences are generated using an algorithm derived from pbdagcon:
--   Chin CS, et al.
--   Nonhybrid, finished microbial genome assemblies from long-read SMRT sequencing data.
--   Nat Methods. 2013 Jun;10(6):563-9
--   http://doi.org/10.1038/nmeth.2474
-- 
-- CONFIGURE CANU
--
-- Detected Java(TM) Runtime Environment '25.0.1-internal' (from '/data/djs217/miniconda3/envs/hybracter_env/lib/python3.11/site-packages/hybracter/workflow/conda/78019da34467f1ccbd2a1e2321558605_/lib/jvm/bin/java') without -d64 support.
-- Detected gnuplot version '5.4 patchlevel 10   ' (from 'gnuplot') and image format 'png'.
--
-- Detected 1 CPUs and 31 gigabytes of memory on the local machine.
--
-- Local machine mode enabled; grid support not detected or not allowed.
--
-- Job limits:
--      1 CPUs              (maxThreads option).
--
-- ERROR  maxThreads=1
-- ERROR
-- ERROR  Found 1 machine configuration:
-- ERROR    class0 - 1 machines with 1 cores with 31 GB memory each.
-- ERROR
-- ERROR  Task obtovl can't run on any available machines.
-- ERROR  It is requesting:
-- ERROR    obtovlMemory=4 gigabytes
-- ERROR    obtovlThreads=2-8 threads
-- ERROR
-- ERROR  No available machine configuration can run this task.
-- ERROR
-- ERROR  Possible solutions:
-- ERROR    Change maxMemory or maxThreads
-- ERROR    Change obtovlMemory and/or obtovlThreads
-- ERROR

ABORT:
ABORT: canu 2.2
ABORT: Don't panic, but a mostly harmless error occurred and Canu stopped.
ABORT: Try restarting.  If that doesn't work, ask for help.
ABORT:
ABORT:   task obtovl failed to find a configuration to run on.
ABORT:
Command line: canu -correct -p canu -d hybracter_out/processing/plassembler/EXE_32_2024_G/canu genomeSize=1.80369m maxInputCoverage=50 stopOnLowCoverage=1 maxThreads=1 -nanopore correctedErrorRate=0.12 hybracter_out/processing/plassembler/EXE_32_2024_G/plasmid_long_entropy_filtered.fastq
