
Starting Unicycler (2026-03-26 21:08:37)
----------------------------------------
    Welcome to Unicycler, an assembly pipeline for bacterial genomes. Since you provided only long reads, Unicycler will assemble the reads with miniasm and then run repeated polishing rounds using Racon.
    For more information, please see https://github.com/rrwick/Unicycler

Command: /data/djs217/miniconda3/envs/hybracter_env/lib/python3.11/site-packages/hybracter/workflow/conda/78019da34467f1ccbd2a1e2321558605_/bin/unicycler -s hybracter_out/processing/plassembler/EXE_32_2024_G/plasmid_long_entropy_filtered.fastq -l hybracter_out/processing/plassembler/EXE_32_2024_G/plasmid_long_entropy_filtered.fastq -t 1 -o hybracter_out/processing/plassembler/EXE_32_2024_G/unicycler_output

Unicycler version: v0.5.1
Using 1 thread

Making output directory:
  /data/djs217/PROJECTS/vibrio/P0232_251203_11813_10386/12_filtlong/02_hybracter/hybracter_out/processing/plassembler/EXE_32_2024_G/unicycler_output

Dependencies:
  Program       Version   Status
  spades.py     4.2.0     good  
  racon         1.5.0     good  
  makeblastdb   2.17.0+   good  
  tblastn       2.17.0+   good  


Choosing k-mer range for assembly (2026-03-26 21:08:37)
-------------------------------------------------------
    Unicycler chooses a k-mer range for SPAdes based on the length of the input reads. It uses a wide range of many k-mer sizes to maximise the chance of finding an ideal assembly.

SPAdes maximum k-mer: 127
Median read length: 1751
K-mer range: 27, 53, 71, 87, 99, 111, 119, 127


SPAdes assemblies (2026-03-26 21:08:38)
---------------------------------------
    Unicycler now uses SPAdes to assemble the short reads. It scores the assembly graph for each k-mer using the number of contigs (fewer is better) and the number of dead ends (fewer is better). The score function is 1/(c*(d+2)), where c is the contig count and d is the dead end count.

spades.py -o /data/djs217/PROJECTS/vibrio/P0232_251203_11813_10386/12_filtlong/02_hybracter/hybracter_out/processing/plassembler/EXE_32_2024_G/unicycler_output/spades_assembly -k 27 --threads 1 --gfa11 --isolate -s /data/djs217/PROJECTS/vibrio/P0232_251203_11813_10386/12_filtlong/02_hybracter/hybracter_out/processing/plassembler/EXE_32_2024_G/plasmid_long_entropy_filtered.fastq -m 1024

spades.py -o /data/djs217/PROJECTS/vibrio/P0232_251203_11813_10386/12_filtlong/02_hybracter/hybracter_out/processing/plassembler/EXE_32_2024_G/unicycler_output/spades_assembly -k 27,53 --threads 1 --gfa11 --restart-from k27 -m 1024

spades.py -o /data/djs217/PROJECTS/vibrio/P0232_251203_11813_10386/12_filtlong/02_hybracter/hybracter_out/processing/plassembler/EXE_32_2024_G/unicycler_output/spades_assembly -k 27,53,71 --threads 1 --gfa11 --restart-from k53 -m 1024

spades.py -o /data/djs217/PROJECTS/vibrio/P0232_251203_11813_10386/12_filtlong/02_hybracter/hybracter_out/processing/plassembler/EXE_32_2024_G/unicycler_output/spades_assembly -k 27,53,71,87 --threads 1 --gfa11 --restart-from k71 -m 1024

spades.py -o /data/djs217/PROJECTS/vibrio/P0232_251203_11813_10386/12_filtlong/02_hybracter/hybracter_out/processing/plassembler/EXE_32_2024_G/unicycler_output/spades_assembly -k 27,53,71,87,99 --threads 1 --gfa11 --restart-from k87 -m 1024

spades.py -o /data/djs217/PROJECTS/vibrio/P0232_251203_11813_10386/12_filtlong/02_hybracter/hybracter_out/processing/plassembler/EXE_32_2024_G/unicycler_output/spades_assembly -k 27,53,71,87,99,111 --threads 1 --gfa11 --restart-from k99 -m 1024

spades.py -o /data/djs217/PROJECTS/vibrio/P0232_251203_11813_10386/12_filtlong/02_hybracter/hybracter_out/processing/plassembler/EXE_32_2024_G/unicycler_output/spades_assembly -k 27,53,71,87,99,111,119 --threads 1 --gfa11 --restart-from k111 -m 1024

spades.py -o /data/djs217/PROJECTS/vibrio/P0232_251203_11813_10386/12_filtlong/02_hybracter/hybracter_out/processing/plassembler/EXE_32_2024_G/unicycler_output/spades_assembly -k 27,53,71,87,99,111,119,127 --threads 1 --gfa11 --restart-from k119 -m 1024

K-mer   Contigs   Dead ends   Score      
   27                         too complex
   53       180           3      1.11e-03
   71       108           3      1.85e-03
   87        75           3      2.67e-03
   99        56           2      4.46e-03
  111        44           2      5.68e-03
  119        41           2      6.10e-03
  127        35           2      7.14e-03 <-best

Read depth filter: removed 1 contigs totalling 412 bp
Deleting /data/djs217/PROJECTS/vibrio/P0232_251203_11813_10386/12_filtlong/02_hybracter/hybracter_out/processing/plassembler/EXE_32_2024_G/unicycler_output/spades_assembly/


Determining graph multiplicity (2026-03-26 21:43:46)
----------------------------------------------------
    Multiplicity is the number of times a sequence occurs in the underlying sequence. Single-copy contigs (those with a multiplicity of one, occurring only once in the underlying sequence) are particularly useful.

Saving /data/djs217/PROJECTS/vibrio/P0232_251203_11813_10386/12_filtlong/02_hybracter/hybracter_out/processing/plassembler/EXE_32_2024_G/unicycler_output/002_depth_filter.gfa


Cleaning graph (2026-03-26 21:43:46)
------------------------------------
    Unicycler now performs various cleaning procedures on the graph to remove overlaps and simplify the graph structure. The end result is a graph ready for bridging.

Graph overlaps removed

Removed zero-length segments:
    15, 18, 26, 27, 30

Saving /data/djs217/PROJECTS/vibrio/P0232_251203_11813_10386/12_filtlong/02_hybracter/hybracter_out/processing/plassembler/EXE_32_2024_G/unicycler_output/003_overlaps_removed.gfa

    Unicycler now selects a set of anchor contigs from the single-copy contigs. These are the contigs which will be connected via bridges to form the final assembly.

12 anchor segments (936,441 bp) out of 30 total segments (1,803,745 bp)


Creating SPAdes contig bridges (2026-03-26 21:43:46)
----------------------------------------------------
    SPAdes uses paired-end information to perform repeat resolution (RR) and produce contigs from the assembly graph. SPAdes saves the graph paths corresponding to these contigs in the contigs.paths file. When one of these paths contains two or more anchor contigs, Unicycler can create a bridge from the path.

No SPAdes contig bridges


Creating loop unrolling bridges (2026-03-26 21:43:46)
-----------------------------------------------------
    When a SPAdes contig path connects an anchor contig with the middle contig of a simple loop, Unicycler concludes that the sequences are contiguous (i.e. the loop is not a separate piece of DNA). It then uses the read depth of the middle and repeat contigs to guess the number of times to traverse the loop and makes a bridge.

No loop unrolling bridges made
none found


Loading reads (2026-03-26 21:43:46)
-----------------------------------
10,353 / 10,353 (100.0%) - 61,495,053 bp


Assembling contigs and long reads with miniasm (2026-03-26 21:43:46)
--------------------------------------------------------------------
    Unicycler uses miniasm to construct a string graph assembly using both the short read contigs and the long reads. It will then use the resulting string graph to produce bridges between contigs. This method requires decent coverage of long reads and therefore may not be fruitful if long reads are sparse. However, it does not rely on the short read assembly graph having good connectivity and is able to bridge an assembly graph even when it contains many dead ends.
    Unicycler uses two types of "reads" as assembly input: anchor contigs from the short-read assembly and actual long reads which overlap two or more of these contigs. It then assembles them with miniasm.

Aligning long reads to graph using minimap

Saving to /data/djs217/PROJECTS/vibrio/P0232_251203_11813_10386/12_filtlong/02_hybracter/hybracter_out/processing/plassembler/EXE_32_2024_G/unicycler_output/miniasm_assembly/01_assembly_reads.fastq:
  5 short-read contigs
  203 long reads

Finding overlaps with minimap... 
success
  5,076 overlaps

Assembling reads with miniasm... 
success
  13 segments, 12 links

Saving /data/djs217/PROJECTS/vibrio/P0232_251203_11813_10386/12_filtlong/02_hybracter/hybracter_out/processing/plassembler/EXE_32_2024_G/unicycler_output/miniasm_assembly/11_branching_paths_removed.gfa
Merging segments into unitigs:
  1 linear unitig
  total size = 993,335 bp
Saving /data/djs217/PROJECTS/vibrio/P0232_251203_11813_10386/12_filtlong/02_hybracter/hybracter_out/processing/plassembler/EXE_32_2024_G/unicycler_output/miniasm_assembly/12_unitig_graph.gfa


Polishing miniasm assembly with Racon (2026-03-26 21:43:53)
-----------------------------------------------------------
    Unicycler now uses Racon to polish the miniasm assembly. It does multiple rounds of polishing to get the best consensus. Circular unitigs are rotated between rounds such that all parts (including the ends) are polished well.

Saving to /data/djs217/PROJECTS/vibrio/P0232_251203_11813_10386/12_filtlong/02_hybracter/hybracter_out/processing/plassembler/EXE_32_2024_G/unicycler_output/miniasm_assembly/racon_polish/polishing_reads.fastq:
  5 short-read contigs
  10,353 long reads

Polish       Assembly          Mapping
round            size          quality
begin         993,335         6,531.88
1             993,299         6,540.81

Best polish: /data/djs217/PROJECTS/vibrio/P0232_251203_11813_10386/12_filtlong/02_hybracter/hybracter_out/processing/plassembler/EXE_32_2024_G/unicycler_output/miniasm_assembly/racon_polish/006_rotated.fasta
Saving /data/djs217/PROJECTS/vibrio/P0232_251203_11813_10386/12_filtlong/02_hybracter/hybracter_out/processing/plassembler/EXE_32_2024_G/unicycler_output/miniasm_assembly/13_racon_polished.gfa
Saving /data/djs217/PROJECTS/vibrio/P0232_251203_11813_10386/12_filtlong/02_hybracter/hybracter_out/processing/plassembler/EXE_32_2024_G/unicycler_output/004_long_read_assembly.gfa

    Contigs in the short-read assembly graph which end in dead ends may contain bogus sequence near the dead end. Unicycler therefore uses the read clipping values from the miniasm assembly to trim these dead ends to only the parts which aligned well to long reads.

No dead ends required trimming.

    Unicycler now places the single copy contigs back into the unitig graph. This serves two purposes: a) it replaces long read assembly sequences (which may be error prone) with Illumina assembly sequence (which is probably quite accurate), improving the assembly quality, and b) it defines inter-contig sequences for use in building bridges.

Searching for contigs using 5,000 bp of contig ends.

Contig   Result              Start pos   End pos   Strand
     1   found in unitig 1       28177    496321        +
     2   found in unitig 1      496387    964422        +
    10   not found                                       
    11   not found                                       
    14   not found                                       

Searching for contigs using 2,500 bp of contig ends.

Contig   Result      Start pos   End pos   Strand
    10   not found                               
    11   not found                               
    14   not found                               

Searching for contigs using 1,000 bp of contig ends.

Contig   Result      Start pos   End pos   Strand
    10   not found                               
    11   not found                               
    14   not found                               

Searching for contigs using 500 bp of contig ends.

Contig   Result      Start pos   End pos   Strand
    10   not found                               
    11   not found                               
    14   not found                               

Saving /data/djs217/PROJECTS/vibrio/P0232_251203_11813_10386/12_filtlong/02_hybracter/hybracter_out/processing/plassembler/EXE_32_2024_G/unicycler_output/miniasm_assembly/14_contigs_placed.gfa


Creating miniasm/Racon bridges (2026-03-26 21:45:10)
----------------------------------------------------
    Now that the miniasm/Racon string graph is complete, Unicycler will use it to build bridges between anchor segments.

     Start -> end   Best path                                 Quality
1/1     1 -> 2      -15, -15, -15, -15, -15, -15, -15, -15,    99.177
                    -15, -15, -15                                    


Creating simple long read bridges (2026-03-26 21:45:10)
-------------------------------------------------------
    Unicycler uses long read alignments (from minimap) to resolve simple repeat structures in the graph. This takes care of some "low-hanging fruit" of the graph simplification.

Aligning long reads to graph using minimap

    Two-way junctions are defined as cases where two graph contigs (A and B) join together (C) and then split apart again (D and E). This usually represents a simple 2-copy repeat, and there are two possible options for its resolution: (A->C->D and B->C->E) or (A->C->E and B->C->D). Each read which spans such a junction gets to "vote" for option 1, option 2 or neither. Unicycler creates a bridge at each junction for the most voted for option.

No suitable two-way junctions present

    Simple loops are parts of the graph where two contigs (A and B) are connected via a repeat (C) which loops back to itself (via D). It is possible to traverse the loop zero times (A->C->B), one time (A->C->D->C->B), two times (A->C->D->C->D->C->B), etc. Long reads which span the loop inform which is the correct number of times through. In this step, such reads are found and each is aligned against alternative loop counts. A reads casts its "vote" for the loop count it agrees best with, and Unicycler creates a bridge using the most voted for count.

                                   Read                         Loop    Bridge
Start   Repeat   Middle     End   count   Read votes           count   quality
   -2       15               -1      30   7 loops: 1 vote         10      89.3
                                          9 loops: 1 vote                     
                                          10 loops: 27 votes                  
                                          11 loops: 1 vote                    
   14       30              -11       0                           no          
                                                               reads          


Determining low score threshold (2026-03-26 21:45:20)
-----------------------------------------------------
    Before conducting semi-global alignment of the long reads to the assembly graph, Unicycler must determine a minimum alignment score threshold such that nonsense alignments are excluded. To choose a threshold automatically, it examines alignments between random sequences and selects a score a few standard deviations above the mean.

Automatically choosing a threshold using random alignment scores.

Random alignment mean score: 61.66
         standard deviation:  1.31
        Low score threshold: 61.66 + (7 x 1.31) = 70.86


Aligning reads (2026-03-26 21:45:24)
------------------------------------
10,353 / 10,353 (100.0%)


Read alignment summary (2026-03-26 22:06:53)
--------------------------------------------
Total read count:            10,353
Fully aligned reads:         10,123
Partially aligned reads:        132
Unaligned reads:                 98
Total bases aligned:     59,747,137 bp
Mean alignment identity:         97.2%

Deleting /data/djs217/PROJECTS/vibrio/P0232_251203_11813_10386/12_filtlong/02_hybracter/hybracter_out/processing/plassembler/EXE_32_2024_G/unicycler_output/read_alignment/


Building long read bridges (2026-03-26 22:06:53)
------------------------------------------------
    Unicycler uses the long read alignments to produce bridges between anchor segments. These bridges can be formed using as few as one long read, giving Unicycler the ability to bridge the graph even when long-read depth is low.

     Start -> end   Best path                                 Quality
1/1     1 -> 2      -15, -15, -15, -15, -15, -15, -15, -15,    83.762
                    -15, -15, -15                                    


Applying bridges (2026-03-26 22:06:53)
--------------------------------------
    Unicycler now applies to the graph in decreasing order of quality. This ensures that when multiple, contradictory bridges exist, the most supported option is used.

Bridge type   Start -> end   Path                                       Quality
miniasm          1 -> 2      -15, -15, -15, -15, -15, -15, -15, -15,     99.177
                             -15, -15, -15                                     

Saving /data/djs217/PROJECTS/vibrio/P0232_251203_11813_10386/12_filtlong/02_hybracter/hybracter_out/processing/plassembler/EXE_32_2024_G/unicycler_output/005_bridges_applied.gfa


Bridged assembly graph (2026-03-26 22:06:54)
--------------------------------------------
    The assembly is now mostly finished and no more structural changes will be made. Ideally the assembly graph should now have one contig per replicon and no erroneous contigs (i.e. a complete assembly). If there are more contigs, then the assembly is not complete.

Saving /data/djs217/PROJECTS/vibrio/P0232_251203_11813_10386/12_filtlong/02_hybracter/hybracter_out/processing/plassembler/EXE_32_2024_G/unicycler_output/006_final_clean.gfa

Component   Segments   Links   Length      N50       Longest segment   Status    
        1         12      16   1,803,397   936,232           936,232   incomplete


Assembly complete (2026-03-26 22:06:54)
---------------------------------------
Saving /data/djs217/PROJECTS/vibrio/P0232_251203_11813_10386/12_filtlong/02_hybracter/hybracter_out/processing/plassembler/EXE_32_2024_G/unicycler_output/assembly.gfa
Saving /data/djs217/PROJECTS/vibrio/P0232_251203_11813_10386/12_filtlong/02_hybracter/hybracter_out/processing/plassembler/EXE_32_2024_G/unicycler_output/assembly.fasta

