[2026-03-26 15:01:42] root: INFO: Starting Flye 2.9.6-b1802
[2026-03-26 15:01:42] root: DEBUG: Cmd: /data/djs217/miniconda3/envs/hybracter_env/lib/python3.11/site-packages/hybracter/workflow/conda/867e79b85cea33b7804e36b625a69929_/bin/flye --nano-hq hybracter_out/processing/qc/EXE_01_2025_M_filt_trim.fastq.gz -t 1 --out-dir hybracter_out/processing/assemblies/EXE_01_2025_M
[2026-03-26 15:01:42] root: DEBUG: Python version: 3.12.12 | packaged by conda-forge | (main, Oct 22 2025, 23:25:55) [GCC 14.3.0]
[2026-03-26 15:01:42] root: INFO: >>>STAGE: configure
[2026-03-26 15:01:42] root: INFO: Configuring run
[2026-03-26 15:01:46] root: INFO: Total read length: 244785777
[2026-03-26 15:01:46] root: INFO: Reads N50/N90: 21540 / 4327
[2026-03-26 15:01:46] root: INFO: Minimum overlap set to 4000
[2026-03-26 15:01:46] root: INFO: >>>STAGE: assembly
[2026-03-26 15:01:46] root: INFO: Assembling disjointigs
[2026-03-26 15:01:46] root: DEBUG: -----Begin assembly log------
[2026-03-26 15:01:46] root: DEBUG: Running: flye-modules assemble --reads /data/djs217/PROJECTS/vibrio/P0232_251203_11813_10386/12_filtlong/02_hybracter/hybracter_out/processing/qc/EXE_01_2025_M_filt_trim.fastq.gz --out-asm /data/djs217/PROJECTS/vibrio/P0232_251203_11813_10386/12_filtlong/02_hybracter/hybracter_out/processing/assemblies/EXE_01_2025_M/00-assembly/draft_assembly.fasta --config /data/djs217/miniconda3/envs/hybracter_env/lib/python3.11/site-packages/hybracter/workflow/conda/867e79b85cea33b7804e36b625a69929_/lib/python3.12/site-packages/flye/config/bin_cfg/asm_nano_hq.cfg --log /data/djs217/PROJECTS/vibrio/P0232_251203_11813_10386/12_filtlong/02_hybracter/hybracter_out/processing/assemblies/EXE_01_2025_M/flye.log --threads 1 --min-ovlp 4000
[2026-03-26 15:01:46] DEBUG: Build date: May  4 2025 23:17:52
[2026-03-26 15:01:46] DEBUG: Total RAM: 31 Gb
[2026-03-26 15:01:46] DEBUG: Available RAM: 29 Gb
[2026-03-26 15:01:46] DEBUG: Total CPUs: 16
[2026-03-26 15:01:46] DEBUG: Loading /data/djs217/miniconda3/envs/hybracter_env/lib/python3.11/site-packages/hybracter/workflow/conda/867e79b85cea33b7804e36b625a69929_/lib/python3.12/site-packages/flye/config/bin_cfg/asm_nano_hq.cfg
[2026-03-26 15:01:46] DEBUG: Loading /data/djs217/miniconda3/envs/hybracter_env/lib/python3.11/site-packages/hybracter/workflow/conda/867e79b85cea33b7804e36b625a69929_/lib/python3.12/site-packages/flye/config/bin_cfg/asm_defaults.cfg
[2026-03-26 15:01:46] DEBUG: 	big_genome_threshold=29000000
[2026-03-26 15:01:46] DEBUG: 	meta_read_filter_kmer_freq=100
[2026-03-26 15:01:46] DEBUG: 	chain_large_gap_penalty=2
[2026-03-26 15:01:46] DEBUG: 	chain_small_gap_penalty=0.5
[2026-03-26 15:01:46] DEBUG: 	chain_gap_jump_threshold=100
[2026-03-26 15:01:46] DEBUG: 	max_jump_gap=500
[2026-03-26 15:01:46] DEBUG: 	max_coverage_drop_rate=5
[2026-03-26 15:01:46] DEBUG: 	max_extensions_drop_rate=5
[2026-03-26 15:01:46] DEBUG: 	chimera_window=100
[2026-03-26 15:01:46] DEBUG: 	chimera_overhang=1000
[2026-03-26 15:01:46] DEBUG: 	min_reads_in_disjointig=4
[2026-03-26 15:01:46] DEBUG: 	max_inner_reads=10
[2026-03-26 15:01:46] DEBUG: 	max_inner_fraction=0.25
[2026-03-26 15:01:46] DEBUG: 	aggressive_dup_filter=1
[2026-03-26 15:01:46] DEBUG: 	max_separation=500
[2026-03-26 15:01:46] DEBUG: 	unique_edge_length=50000
[2026-03-26 15:01:46] DEBUG: 	min_repeat_res_support=0.51
[2026-03-26 15:01:46] DEBUG: 	out_paths_ratio=5
[2026-03-26 15:01:46] DEBUG: 	graph_cov_drop_rate=5
[2026-03-26 15:01:46] DEBUG: 	coverage_estimate_window=100
[2026-03-26 15:01:46] DEBUG: 	max_bubble_length=50000
[2026-03-26 15:01:46] DEBUG: 	loop_coverage_rate=1.5
[2026-03-26 15:01:46] DEBUG: 	repeat_edge_cov_mult=1.75
[2026-03-26 15:01:46] DEBUG: 	weak_detach_rate=5
[2026-03-26 15:01:46] DEBUG: 	tip_coverage_rate=2
[2026-03-26 15:01:46] DEBUG: 	tip_length_rate=2
[2026-03-26 15:01:46] DEBUG: 	output_gfa_before_rr=1
[2026-03-26 15:01:46] DEBUG: 	remove_alt_edges=0
[2026-03-26 15:01:46] DEBUG: 	low_cutoff_warning=0
[2026-03-26 15:01:46] DEBUG: 	kmer_size=17
[2026-03-26 15:01:46] DEBUG: 	use_minimizers=1
[2026-03-26 15:01:46] DEBUG: 	minimizer_window=10
[2026-03-26 15:01:46] DEBUG: 	reads_base_alignment=1
[2026-03-26 15:01:46] DEBUG: 	meta_read_top_kmer_rate=0.75
[2026-03-26 15:01:46] DEBUG: 	maximum_jump=1500
[2026-03-26 15:01:46] DEBUG: 	maximum_overhang=1500
[2026-03-26 15:01:46] DEBUG: 	repeat_kmer_rate=100
[2026-03-26 15:01:46] DEBUG: 	assemble_ovlp_divergence=0.03
[2026-03-26 15:01:46] DEBUG: 	assemble_divergence_relative=1
[2026-03-26 15:01:46] DEBUG: 	repeat_graph_ovlp_divergence=0.03
[2026-03-26 15:01:46] DEBUG: 	read_align_ovlp_divergence=0.10
[2026-03-26 15:01:46] DEBUG: 	hpc_scoring_on=1
[2026-03-26 15:01:46] DEBUG: 	add_unassembled_reads=0
[2026-03-26 15:01:46] DEBUG: 	extend_contigs_with_repeats=0
[2026-03-26 15:01:46] DEBUG: 	min_read_cov_cutoff=3
[2026-03-26 15:01:46] DEBUG: 	short_tip_length=20000
[2026-03-26 15:01:46] DEBUG: 	long_tip_length=100000
[2026-03-26 15:01:46] DEBUG: Running with k-mer size: 17
[2026-03-26 15:01:46] DEBUG: Running with minimum overlap 4000
[2026-03-26 15:01:46] DEBUG: Metagenome mode: N
[2026-03-26 15:01:46] DEBUG: Short mode: N
[2026-03-26 15:01:46] INFO: Reading sequences
[2026-03-26 15:01:50] DEBUG: Building positional index
[2026-03-26 15:01:50] DEBUG: Total sequence: 222240014 bp
[2026-03-26 15:01:50] INFO: Building minimizer index
[2026-03-26 15:01:50] INFO: Pre-calculating index storage
[2026-03-26 15:02:04] DEBUG: Mean k-mer frequency: 10.7155
[2026-03-26 15:02:04] DEBUG: Repetitive k-mer frequency: 1071
[2026-03-26 15:02:04] DEBUG: Filtered 88689 repetitive k-mers (0.00219732)
[2026-03-26 15:02:04] INFO: Filling index
[2026-03-26 15:02:24] DEBUG: Sorting k-mer index
[2026-03-26 15:02:24] DEBUG: Selected k-mers: 3766710
[2026-03-26 15:02:24] DEBUG: K-mer index size: 40273659
[2026-03-26 15:02:24] DEBUG: Mean k-mer frequency: 10.692
[2026-03-26 15:02:24] DEBUG: Minimizer rate: 5.51825
[2026-03-26 15:02:24] DEBUG: Peak RAM usage: 0 Gb
[2026-03-26 15:02:24] DEBUG: Estimating k-mer identity bias
[2026-03-26 15:03:36] DEBUG: Initial divergence estimate : 0.0100533
[2026-03-26 15:03:36] DEBUG: Relative threshold: Y
[2026-03-26 15:03:36] DEBUG: Max divergence threshold set to 0.0400533
[2026-03-26 15:03:36] INFO: Extending reads
[2026-03-26 15:03:36] DEBUG: Estimating overlap coverage
[2026-03-26 15:05:01] INFO: Overlap-based coverage: 47
[2026-03-26 15:05:01] INFO: Median overlap divergence: 0.0104869
[2026-03-26 15:05:01] DEBUG: Sequence divergence distribution: 

    | *      |                                                                                           
    | *      |                                                                                           
    | *      |                                                                                           
    | *      |                                                                                           
    | *      |                                                                                           
    | *      |                                                                                           
    | *      |                                                                                           
    | *      |                                                                                           
    | *      |                                                                                           
    | **     |                                                                                           
    |***     |                                                                                           
    |***     |                                                                                           
    |***     |                                                                                           
    |***     |                                                                                           
    |***     |                                                                                           
    |****    |                                                                                           
    |*****   |                                                                                           
    |******  |                                                                                           
    |*********                                                                                           
    |******************************** * *   **    **  *                                                  
    ----------------------------------------------------------------------------------------------------
    0%        5%        10%       15%       20%       25%       30%       35%       40%       45%       

    Q25 = 0.0061, Q50 = 0.01, Q75 = 0.022

[2026-03-26 15:06:19] DEBUG: Assembled disjointig 1
	With 245 reads
	Start read: +0ab10880-d569-42f1-8be6-cfaea39a7c7f
	At position: 242
	leftTip: 1 rightTip: 0
	Suspicious: 0
	Short ext: 0
	Mean extensions: 42
	Avg overlap len: 45613
	Min overlap len: 24639
	Inner reads: 0
	Length: 2981751
[2026-03-26 15:06:19] DEBUG: Inner: 17208 covered: 17772 total: 26550
[2026-03-26 15:06:39] DEBUG: Assembled disjointig 2
	With 79 reads
	Start read: +6f47ed2c-4719-49c9-b07b-f664fdce6d79
	At position: 75
	leftTip: 0 rightTip: 0
	Suspicious: 1
	Short ext: 1
	Mean extensions: 39
	Avg overlap len: 39090
	Min overlap len: 2070
	Inner reads: 0
	Length: 1121895
[2026-03-26 15:06:39] DEBUG: Inner: 22788 covered: 23554 total: 26550
[2026-03-26 15:09:03] INFO: Assembled 2 disjointigs
[2026-03-26 15:09:03] INFO: Generating sequence
[2026-03-26 15:09:04] DEBUG: Building positional index
[2026-03-26 15:09:04] DEBUG: Total sequence: 4103548 bp
[2026-03-26 15:09:04] DEBUG: Mean k-mer frequency: 1.06223
[2026-03-26 15:09:04] DEBUG: Repetitive k-mer frequency: 106
[2026-03-26 15:09:04] DEBUG: Filtered 0 repetitive k-mers (0)
[2026-03-26 15:09:05] DEBUG: Sorting k-mer index
[2026-03-26 15:09:05] DEBUG: Selected k-mers: 702767
[2026-03-26 15:09:05] DEBUG: K-mer index size: 746498
[2026-03-26 15:09:05] DEBUG: Mean k-mer frequency: 1.06223
[2026-03-26 15:09:05] DEBUG: Minimizer rate: 5.49707
[2026-03-26 15:09:05] INFO: Filtering contained disjointigs
[2026-03-26 15:09:06] DEBUG: Computing transitive closure for overlaps
[2026-03-26 15:09:06] DEBUG: Found 8 overlaps
[2026-03-26 15:09:06] DEBUG: Left 8 overlaps after filtering
[2026-03-26 15:09:06] INFO: Contained seqs: 0
[2026-03-26 15:09:06] DEBUG: Writing FASTA
[2026-03-26 15:09:06] DEBUG: Peak RAM usage: 0 Gb
-----------End assembly log------------
[2026-03-26 15:09:06] root: DEBUG: Disjointigs length: 4103548, N50: 2981702
[2026-03-26 15:09:06] root: INFO: >>>STAGE: consensus
[2026-03-26 15:09:06] root: INFO: Running Minimap2
[2026-03-26 15:10:43] root: INFO: Computing consensus
[2026-03-26 15:12:11] root: INFO: Alignment error rate: 0.021746
[2026-03-26 15:12:11] root: INFO: >>>STAGE: repeat
[2026-03-26 15:12:11] root: INFO: Building and resolving repeat graph
[2026-03-26 15:12:11] root: DEBUG: -----Begin repeat analyser log------
[2026-03-26 15:12:11] root: DEBUG: Running: flye-modules repeat --disjointigs /data/djs217/PROJECTS/vibrio/P0232_251203_11813_10386/12_filtlong/02_hybracter/hybracter_out/processing/assemblies/EXE_01_2025_M/10-consensus/consensus.fasta --reads /data/djs217/PROJECTS/vibrio/P0232_251203_11813_10386/12_filtlong/02_hybracter/hybracter_out/processing/qc/EXE_01_2025_M_filt_trim.fastq.gz --out-dir /data/djs217/PROJECTS/vibrio/P0232_251203_11813_10386/12_filtlong/02_hybracter/hybracter_out/processing/assemblies/EXE_01_2025_M/20-repeat --config /data/djs217/miniconda3/envs/hybracter_env/lib/python3.11/site-packages/hybracter/workflow/conda/867e79b85cea33b7804e36b625a69929_/lib/python3.12/site-packages/flye/config/bin_cfg/asm_nano_hq.cfg --log /data/djs217/PROJECTS/vibrio/P0232_251203_11813_10386/12_filtlong/02_hybracter/hybracter_out/processing/assemblies/EXE_01_2025_M/flye.log --threads 1 --min-ovlp 4000
[2026-03-26 15:12:11] DEBUG: Build date: May  4 2025 23:18:08
[2026-03-26 15:12:11] DEBUG: Total RAM: 31 Gb
[2026-03-26 15:12:11] DEBUG: Available RAM: 29 Gb
[2026-03-26 15:12:11] DEBUG: Total CPUs: 16
[2026-03-26 15:12:11] DEBUG: Loading /data/djs217/miniconda3/envs/hybracter_env/lib/python3.11/site-packages/hybracter/workflow/conda/867e79b85cea33b7804e36b625a69929_/lib/python3.12/site-packages/flye/config/bin_cfg/asm_nano_hq.cfg
[2026-03-26 15:12:11] DEBUG: Loading /data/djs217/miniconda3/envs/hybracter_env/lib/python3.11/site-packages/hybracter/workflow/conda/867e79b85cea33b7804e36b625a69929_/lib/python3.12/site-packages/flye/config/bin_cfg/asm_defaults.cfg
[2026-03-26 15:12:11] DEBUG: 	big_genome_threshold=29000000
[2026-03-26 15:12:11] DEBUG: 	meta_read_filter_kmer_freq=100
[2026-03-26 15:12:11] DEBUG: 	chain_large_gap_penalty=2
[2026-03-26 15:12:11] DEBUG: 	chain_small_gap_penalty=0.5
[2026-03-26 15:12:11] DEBUG: 	chain_gap_jump_threshold=100
[2026-03-26 15:12:11] DEBUG: 	max_jump_gap=500
[2026-03-26 15:12:11] DEBUG: 	max_coverage_drop_rate=5
[2026-03-26 15:12:11] DEBUG: 	max_extensions_drop_rate=5
[2026-03-26 15:12:11] DEBUG: 	chimera_window=100
[2026-03-26 15:12:11] DEBUG: 	chimera_overhang=1000
[2026-03-26 15:12:11] DEBUG: 	min_reads_in_disjointig=4
[2026-03-26 15:12:11] DEBUG: 	max_inner_reads=10
[2026-03-26 15:12:11] DEBUG: 	max_inner_fraction=0.25
[2026-03-26 15:12:11] DEBUG: 	aggressive_dup_filter=1
[2026-03-26 15:12:11] DEBUG: 	max_separation=500
[2026-03-26 15:12:11] DEBUG: 	unique_edge_length=50000
[2026-03-26 15:12:11] DEBUG: 	min_repeat_res_support=0.51
[2026-03-26 15:12:11] DEBUG: 	out_paths_ratio=5
[2026-03-26 15:12:11] DEBUG: 	graph_cov_drop_rate=5
[2026-03-26 15:12:11] DEBUG: 	coverage_estimate_window=100
[2026-03-26 15:12:11] DEBUG: 	max_bubble_length=50000
[2026-03-26 15:12:11] DEBUG: 	loop_coverage_rate=1.5
[2026-03-26 15:12:11] DEBUG: 	repeat_edge_cov_mult=1.75
[2026-03-26 15:12:11] DEBUG: 	weak_detach_rate=5
[2026-03-26 15:12:11] DEBUG: 	tip_coverage_rate=2
[2026-03-26 15:12:11] DEBUG: 	tip_length_rate=2
[2026-03-26 15:12:11] DEBUG: 	output_gfa_before_rr=1
[2026-03-26 15:12:11] DEBUG: 	remove_alt_edges=0
[2026-03-26 15:12:11] DEBUG: 	low_cutoff_warning=0
[2026-03-26 15:12:11] DEBUG: 	kmer_size=17
[2026-03-26 15:12:11] DEBUG: 	use_minimizers=1
[2026-03-26 15:12:11] DEBUG: 	minimizer_window=10
[2026-03-26 15:12:11] DEBUG: 	reads_base_alignment=1
[2026-03-26 15:12:11] DEBUG: 	meta_read_top_kmer_rate=0.75
[2026-03-26 15:12:11] DEBUG: 	maximum_jump=1500
[2026-03-26 15:12:11] DEBUG: 	maximum_overhang=1500
[2026-03-26 15:12:11] DEBUG: 	repeat_kmer_rate=100
[2026-03-26 15:12:11] DEBUG: 	assemble_ovlp_divergence=0.03
[2026-03-26 15:12:11] DEBUG: 	assemble_divergence_relative=1
[2026-03-26 15:12:11] DEBUG: 	repeat_graph_ovlp_divergence=0.03
[2026-03-26 15:12:11] DEBUG: 	read_align_ovlp_divergence=0.10
[2026-03-26 15:12:11] DEBUG: 	hpc_scoring_on=1
[2026-03-26 15:12:11] DEBUG: 	add_unassembled_reads=0
[2026-03-26 15:12:11] DEBUG: 	extend_contigs_with_repeats=0
[2026-03-26 15:12:11] DEBUG: 	min_read_cov_cutoff=3
[2026-03-26 15:12:11] DEBUG: 	short_tip_length=20000
[2026-03-26 15:12:11] DEBUG: 	long_tip_length=100000
[2026-03-26 15:12:11] DEBUG: Running with k-mer size: 17
[2026-03-26 15:12:11] DEBUG: Selected minimum overlap 4000
[2026-03-26 15:12:11] DEBUG: Metagenome mode: N
[2026-03-26 15:12:11] INFO: Parsing disjointigs
[2026-03-26 15:12:11] DEBUG: Building positional index
[2026-03-26 15:12:11] DEBUG: Total sequence: 4105940 bp
[2026-03-26 15:12:11] INFO: Building repeat graph
[2026-03-26 15:12:12] DEBUG: Mean k-mer frequency: 1.06808
[2026-03-26 15:12:12] DEBUG: Repetitive k-mer frequency: 106
[2026-03-26 15:12:12] DEBUG: Filtered 0 repetitive k-mers (0)
[2026-03-26 15:12:12] DEBUG: Sorting k-mer index
[2026-03-26 15:12:12] DEBUG: Selected k-mers: 699370
[2026-03-26 15:12:12] DEBUG: K-mer index size: 746982
[2026-03-26 15:12:12] DEBUG: Mean k-mer frequency: 1.06808
[2026-03-26 15:12:12] DEBUG: Minimizer rate: 5.49671
[2026-03-26 15:12:13] DEBUG: Computing transitive closure for overlaps
[2026-03-26 15:12:13] DEBUG: Found 226 overlaps
[2026-03-26 15:12:13] DEBUG: Left 96 overlaps after filtering
[2026-03-26 15:12:13] INFO: Median overlap divergence: 0.00219233
[2026-03-26 15:12:13] DEBUG: Sequence divergence distribution: 

    |*     |                                                                                             
    |*     |                                                                                             
    |*     |                                                                                             
    |*     |                                                                                             
    |*     |                                                                                             
    |*     |                                                                                             
    |*     |                                                                                             
    |*     |                                                                                             
    |*     |                                                                                             
    |*     |                                                                                             
    |*     |                                                                                             
    |*     |                                                                                             
    |*     | *                                                                                           
    |*     | *                                                                                           
    |*     | *                                                                                           
    |*    *| *                                                                                           
    |*    *| *                                                                                           
    |*  * *| *  *                                                                                        
    |*  * *| *  *                                                                                        
    |*  * *| *  *                                                                                        
    ----------------------------------------------------------------------------------------------------
    0%        5%        10%       15%       20%       25%       30%       35%       40%       45%       

    Q25 = 0.0011, Q50 = 0.0022, Q75 = 0.041

[2026-03-26 15:12:13] DEBUG: Computing gluepoints
[2026-03-26 15:12:13] DEBUG: Added 2 gluepoint projections
[2026-03-26 15:12:13] DEBUG: Added 1 gluepoint projections
[2026-03-26 15:12:13] DEBUG: Added 0 gluepoint projections
[2026-03-26 15:12:13] DEBUG: Created 82 gluepoints
[2026-03-26 15:12:13] DEBUG: Artificial loops removed: 0 left, 0 right, 0 both
[2026-03-26 15:12:13] DEBUG: Initializing edges
[2026-03-26 15:12:13] DEBUG: Edges length checksum: 18446744071756887229
[2026-03-26 15:12:13] DEBUG: Filtered 0 singleton segments
[2026-03-26 15:12:13] DEBUG: Removed 0 simple and 0 double chimeric junctions
[2026-03-26 15:12:13] DEBUG: Collapsed 2 edges
[2026-03-26 15:12:13] DEBUG: *	19	+disjointig_1	43582	259741	216159	
[2026-03-26 15:12:13] DEBUG:  	4	+disjointig_1	259741	261593	1852	
[2026-03-26 15:12:13] DEBUG:  	-5	+disjointig_1	261593	262117	524	
[2026-03-26 15:12:13] DEBUG:  	4	+disjointig_1	262117	263969	1852	
[2026-03-26 15:12:13] DEBUG:  	-5	+disjointig_1	263969	264493	524	
[2026-03-26 15:12:13] DEBUG:  	4	+disjointig_1	264493	266345	1852	
[2026-03-26 15:12:13] DEBUG: *	6	+disjointig_1	266345	985982	719637	
[2026-03-26 15:12:13] DEBUG:  	11	+disjointig_1	985982	989324	3342	
[2026-03-26 15:12:13] DEBUG:  	-13	+disjointig_1	989324	991420	2096	
[2026-03-26 15:12:13] DEBUG: *	7	+disjointig_1	991420	1393089	401669	
[2026-03-26 15:12:13] DEBUG:  	11	+disjointig_1	1393089	1396540	3451	
[2026-03-26 15:12:13] DEBUG:  	-13	+disjointig_1	1396540	1398925	2385	
[2026-03-26 15:12:13] DEBUG:  	11	+disjointig_1	1398925	1402258	3333	
[2026-03-26 15:12:13] DEBUG:  	-13	+disjointig_1	1402258	1404411	2153	
[2026-03-26 15:12:13] DEBUG: *	8	+disjointig_1	1404411	1476206	71795	
[2026-03-26 15:12:13] DEBUG:  	11	+disjointig_1	1476206	1479540	3334	
[2026-03-26 15:12:13] DEBUG:  	-13	+disjointig_1	1479540	1481793	2253	
[2026-03-26 15:12:13] DEBUG: *	9	+disjointig_1	1481793	1545199	63406	
[2026-03-26 15:12:13] DEBUG:  	11	+disjointig_1	1545199	1548637	3438	
[2026-03-26 15:12:13] DEBUG:  	-13	+disjointig_1	1548637	1550730	2093	
[2026-03-26 15:12:13] DEBUG:  	11	+disjointig_1	1550730	1554203	3473	
[2026-03-26 15:12:13] DEBUG:  	15	+disjointig_1	1554203	1556727	2524	
[2026-03-26 15:12:13] DEBUG: *	-14	+disjointig_1	1556727	1606939	50212	
[2026-03-26 15:12:13] DEBUG:  	11	+disjointig_1	1606939	1610283	3344	
[2026-03-26 15:12:13] DEBUG:  	-13	+disjointig_1	1610283	1612455	2172	
[2026-03-26 15:12:13] DEBUG: *	12	+disjointig_1	1612455	1687798	75343	
[2026-03-26 15:12:13] DEBUG:  	-15	+disjointig_1	1687798	1690230	2432	
[2026-03-26 15:12:13] DEBUG:  	-11	+disjointig_1	1690230	1693704	3474	
[2026-03-26 15:12:13] DEBUG:  	13	+disjointig_1	1693704	1695792	2088	
[2026-03-26 15:12:13] DEBUG:  	-11	+disjointig_1	1695792	1699235	3443	
[2026-03-26 15:12:13] DEBUG: *	-10	+disjointig_1	1699235	2127799	428564	
[2026-03-26 15:12:13] DEBUG:  	13	+disjointig_1	2127799	2129806	2007	
[2026-03-26 15:12:13] DEBUG:  	-11	+disjointig_1	2129806	2133148	3342	
[2026-03-26 15:12:13] DEBUG: *	18	+disjointig_1	2133148	2983182	850034	
[2026-03-26 15:12:13] DEBUG: *	20	+disjointig_2	105966	1122743	1016777	
[2026-03-26 15:12:13] DEBUG: Total edges: 20
[2026-03-26 15:12:13] INFO: Parsing reads
[2026-03-26 15:12:17] DEBUG: Building positional index
[2026-03-26 15:12:17] DEBUG: Total sequence: 244785777 bp
[2026-03-26 15:12:17] DEBUG: Building positional index
[2026-03-26 15:12:17] DEBUG: Total sequence: 3956377 bp
[2026-03-26 15:12:17] INFO: Aligning reads to the graph
[2026-03-26 15:12:17] DEBUG: Mean k-mer frequency: 1.02975
[2026-03-26 15:12:17] DEBUG: Repetitive k-mer frequency: 102
[2026-03-26 15:12:17] DEBUG: Filtered 0 repetitive k-mers (0)
[2026-03-26 15:12:17] DEBUG: Sorting k-mer index
[2026-03-26 15:12:17] DEBUG: Selected k-mers: 699043
[2026-03-26 15:12:17] DEBUG: K-mer index size: 719844
[2026-03-26 15:12:17] DEBUG: Mean k-mer frequency: 1.02976
[2026-03-26 15:12:17] DEBUG: Minimizer rate: 5.49616
[2026-03-26 15:13:19] DEBUG: Total reads : 13275
[2026-03-26 15:13:19] DEBUG: Read with aligned parts : 12739
[2026-03-26 15:13:19] DEBUG: Aligned in one piece : 12465
[2026-03-26 15:13:19] INFO: Aligned read sequence: 215473211 / 222240014 (0.969552)
[2026-03-26 15:13:19] INFO: Median overlap divergence: 0.00445271
[2026-03-26 15:13:19] DEBUG: Sequence divergence distribution: 

    |*                   |                                                                               
    |*                   |                                                                               
    |*                   |                                                                               
    |*                   |                                                                               
    |*                   |                                                                               
    |*                   |                                                                               
    |*                   |                                                                               
    |*                   |                                                                               
    |*                   |                                                                               
    |*                   |                                                                               
    |*                   |                                                                               
    |*                   |                                                                               
    |**                  |                                                                               
    |**                  |                                                                               
    |**                  |                                                                               
    |**                  |                                                                               
    |**                  |                                                                               
    |***                 |                                                                               
    |****                |                                                                               
    |******************************* ****    *  **         *                                             
    ----------------------------------------------------------------------------------------------------
    0%        5%        10%       15%       20%       25%       30%       35%       40%       45%       

    Q25 = 0.0025, Q50 = 0.0045, Q75 = 0.01

[2026-03-26 15:13:19] INFO: Mean edge coverage: 54
[2026-03-26 15:13:19] DEBUG: 4	len:1852	cov:114	mult:2.11111
[2026-03-26 15:13:19] DEBUG: -4	len:1852	cov:114	mult:2.11111
[2026-03-26 15:13:19] DEBUG: 5	len:524	cov:78	mult:1.44444
[2026-03-26 15:13:19] DEBUG: -5	len:524	cov:78	mult:1.44444
[2026-03-26 15:13:19] DEBUG: 6	len:719637	cov:50	mult:0.925926
[2026-03-26 15:13:19] DEBUG: -6	len:719637	cov:50	mult:0.925926
[2026-03-26 15:13:19] DEBUG: 7	len:401669	cov:61	mult:1.12963
[2026-03-26 15:13:19] DEBUG: -7	len:401669	cov:61	mult:1.12963
[2026-03-26 15:13:19] DEBUG: 8	len:71795	cov:61	mult:1.12963
[2026-03-26 15:13:19] DEBUG: -8	len:71795	cov:61	mult:1.12963
[2026-03-26 15:13:19] DEBUG: 9	len:63406	cov:58	mult:1.07407
[2026-03-26 15:13:19] DEBUG: -9	len:63406	cov:58	mult:1.07407
[2026-03-26 15:13:19] DEBUG: 10	len:428564	cov:58	mult:1.07407
[2026-03-26 15:13:19] DEBUG: -10	len:428564	cov:58	mult:1.07407
[2026-03-26 15:13:19] DEBUG: 11	len:3397	cov:621	mult:11.5
[2026-03-26 15:13:19] DEBUG: -11	len:3397	cov:621	mult:11.5
[2026-03-26 15:13:19] DEBUG: 12	len:75343	cov:67	mult:1.24074
[2026-03-26 15:13:19] DEBUG: -12	len:75343	cov:67	mult:1.24074
[2026-03-26 15:13:19] DEBUG: 13	len:2155	cov:511	mult:9.46296
[2026-03-26 15:13:19] DEBUG: -13	len:2155	cov:511	mult:9.46296
[2026-03-26 15:13:19] DEBUG: 14	len:50212	cov:66	mult:1.22222
[2026-03-26 15:13:19] DEBUG: -14	len:50212	cov:66	mult:1.22222
[2026-03-26 15:13:19] DEBUG: 15	len:2478	cov:128	mult:2.37037
[2026-03-26 15:13:19] DEBUG: -15	len:2478	cov:128	mult:2.37037
[2026-03-26 15:13:19] DEBUG: 18	len:850034	cov:53	mult:0.981481
[2026-03-26 15:13:19] DEBUG: -18	len:850034	cov:53	mult:0.981481
[2026-03-26 15:13:19] DEBUG: 19	len:216159	cov:43	mult:0.796296
[2026-03-26 15:13:19] DEBUG: -19	len:216159	cov:43	mult:0.796296
[2026-03-26 15:13:19] DEBUG: 20	len:1016777	cov:52	mult:0.962963
[2026-03-26 15:13:19] DEBUG: -20	len:1016777	cov:52	mult:0.962963
[2026-03-26 15:13:19] DEBUG: Unique coverage threshold 115
[2026-03-26 15:13:19] INFO: Simplifying the graph
[2026-03-26 15:13:19] DEBUG: Read coverage cutoff: 11
[2026-03-26 15:13:19] DEBUG: [SIMPL] Removed 0 paths with low coverage
[2026-03-26 15:13:19] DEBUG: [SIMPL] Masked 0 heterozygous loops
[2026-03-26 15:13:19] DEBUG: [SIMPL] Masked 0 simple bubbles
[2026-03-26 15:13:19] DEBUG: Finding repeats
[2026-03-26 15:13:19] DEBUG: Read coverage cutoff: 11
[2026-03-26 15:13:19] DEBUG: Tandem: 4
[2026-03-26 15:13:19] DEBUG: Tandem: 5
[2026-03-26 15:13:19] DEBUG: High-cov: 11	3397	621
[2026-03-26 15:13:19] DEBUG: High-cov: 13	2155	511
[2026-03-26 15:13:19] DEBUG: High-cov: 15	2478	128
[2026-03-26 15:13:19] DEBUG: Repeat detection iteration 1
[2026-03-26 15:13:19] DEBUG: Writing Dot
[2026-03-26 15:13:19] DEBUG: Writing FASTA
[2026-03-26 15:13:19] DEBUG: Writing Gfa
[2026-03-26 15:13:19] DEBUG: [SIMPL] == Iteration 1 ==
[2026-03-26 15:13:19] DEBUG: Splitting nodes
[2026-03-26 15:13:19] DEBUG: [SIMPL] Split 0 nodes
[2026-03-26 15:13:19] DEBUG: [SIMPL] Clipped 0 short and 0 long tips
[2026-03-26 15:13:19] DEBUG: [SIMPL] Masked 0 heterozygous loops
[2026-03-26 15:13:19] DEBUG: [SIMPL] Masked 0 simple bubbles
[2026-03-26 15:13:19] DEBUG: Finding repeats
[2026-03-26 15:13:19] DEBUG: Read coverage cutoff: 11
[2026-03-26 15:13:19] DEBUG: Tandem: 4
[2026-03-26 15:13:19] DEBUG: Tandem: 5
[2026-03-26 15:13:19] DEBUG: High-cov: 11	3397	621
[2026-03-26 15:13:19] DEBUG: High-cov: 13	2155	511
[2026-03-26 15:13:19] DEBUG: High-cov: 15	2478	128
[2026-03-26 15:13:19] DEBUG: Repeat detection iteration 1
[2026-03-26 15:13:19] DEBUG: Total unique edges: 10
[2026-03-26 15:13:19] DEBUG: 	Connection -9	-8	48	1
[2026-03-26 15:13:19] DEBUG: 	Connection -12	14	46	1
[2026-03-26 15:13:19] DEBUG: 	Connection -18	10	39	1
[2026-03-26 15:13:19] DEBUG: 	Connection 19	6	25	1
[2026-03-26 15:13:19] DEBUG: 	Connection -8	-7	29	1
[2026-03-26 15:13:19] DEBUG: 	Connection 12	-10	25	1
[2026-03-26 15:13:19] DEBUG: 	Connection 9	-14	29	1
[2026-03-26 15:13:19] DEBUG: 	Connection -7	-6	38	1
[2026-03-26 15:13:19] DEBUG: [SIMPL] Resolved repeats: 8
[2026-03-26 15:13:19] DEBUG: RR links: 558
[2026-03-26 15:13:19] DEBUG: Unresolved: 0
[2026-03-26 15:13:19] DEBUG: Removed 0 simple and 0 double chimeric junctions
[2026-03-26 15:13:19] DEBUG: [SIMPL] == Iteration 2 ==
[2026-03-26 15:13:19] DEBUG: Splitting nodes
[2026-03-26 15:13:19] DEBUG: [SIMPL] Split 0 nodes
[2026-03-26 15:13:19] DEBUG: [SIMPL] Clipped 0 short and 0 long tips
[2026-03-26 15:13:19] DEBUG: [SIMPL] Masked 0 heterozygous loops
[2026-03-26 15:13:19] DEBUG: [SIMPL] Masked 0 simple bubbles
[2026-03-26 15:13:19] DEBUG: Finding repeats
[2026-03-26 15:13:19] DEBUG: Read coverage cutoff: 11
[2026-03-26 15:13:19] DEBUG: Short-loop: -5 -> 4
[2026-03-26 15:13:19] DEBUG: High-cov: -13 -> 11	5552	578
[2026-03-26 15:13:19] DEBUG: Repeat detection iteration 1
[2026-03-26 15:13:19] DEBUG: Total unique edges: 18
[2026-03-26 15:13:19] DEBUG: [SIMPL] Resolved repeats: 0
[2026-03-26 15:13:19] DEBUG: RR links: 0
[2026-03-26 15:13:19] DEBUG: Unresolved: 0
[2026-03-26 15:13:19] DEBUG: Removed 0 simple and 0 double chimeric junctions
[2026-03-26 15:13:19] DEBUG: [SIMPL] Collapsed 0 haplotypes
[2026-03-26 15:13:19] DEBUG: [SIMPL] Resolved 0 simple repeats
[2026-03-26 15:13:19] DEBUG: Read coverage cutoff: 11
[2026-03-26 15:13:19] DEBUG: [SIMPL] Removed 0 paths with low coverage
[2026-03-26 15:13:19] DEBUG: Finding repeats
[2026-03-26 15:13:19] DEBUG: Read coverage cutoff: 11
[2026-03-26 15:13:19] DEBUG: Short-loop: -5 -> 4
[2026-03-26 15:13:19] DEBUG: High-cov: -13 -> 11	5552	578
[2026-03-26 15:13:19] DEBUG: Repeat detection iteration 1
[2026-03-26 15:13:19] DEBUG: Writing Dot
[2026-03-26 15:13:19] DEBUG: Writing FASTA
[2026-03-26 15:13:19] DEBUG: Peak RAM usage: 0 Gb
-----------End assembly log------------
[2026-03-26 15:13:19] root: INFO: >>>STAGE: contigger
[2026-03-26 15:13:19] root: INFO: Generating contigs
[2026-03-26 15:13:19] root: DEBUG: -----Begin contigger analyser log------
[2026-03-26 15:13:19] root: DEBUG: Running: flye-modules contigger --graph-edges /data/djs217/PROJECTS/vibrio/P0232_251203_11813_10386/12_filtlong/02_hybracter/hybracter_out/processing/assemblies/EXE_01_2025_M/20-repeat/repeat_graph_edges.fasta --reads /data/djs217/PROJECTS/vibrio/P0232_251203_11813_10386/12_filtlong/02_hybracter/hybracter_out/processing/qc/EXE_01_2025_M_filt_trim.fastq.gz --out-dir /data/djs217/PROJECTS/vibrio/P0232_251203_11813_10386/12_filtlong/02_hybracter/hybracter_out/processing/assemblies/EXE_01_2025_M/30-contigger --config /data/djs217/miniconda3/envs/hybracter_env/lib/python3.11/site-packages/hybracter/workflow/conda/867e79b85cea33b7804e36b625a69929_/lib/python3.12/site-packages/flye/config/bin_cfg/asm_nano_hq.cfg --repeat-graph /data/djs217/PROJECTS/vibrio/P0232_251203_11813_10386/12_filtlong/02_hybracter/hybracter_out/processing/assemblies/EXE_01_2025_M/20-repeat/repeat_graph_dump --graph-aln /data/djs217/PROJECTS/vibrio/P0232_251203_11813_10386/12_filtlong/02_hybracter/hybracter_out/processing/assemblies/EXE_01_2025_M/20-repeat/read_alignment_dump --log /data/djs217/PROJECTS/vibrio/P0232_251203_11813_10386/12_filtlong/02_hybracter/hybracter_out/processing/assemblies/EXE_01_2025_M/flye.log --threads 1 --min-ovlp 4000
[2026-03-26 15:13:19] DEBUG: Build date: May  4 2025 23:18:25
[2026-03-26 15:13:19] DEBUG: Total RAM: 31 Gb
[2026-03-26 15:13:19] DEBUG: Available RAM: 29 Gb
[2026-03-26 15:13:19] DEBUG: Total CPUs: 16
[2026-03-26 15:13:19] DEBUG: Loading /data/djs217/miniconda3/envs/hybracter_env/lib/python3.11/site-packages/hybracter/workflow/conda/867e79b85cea33b7804e36b625a69929_/lib/python3.12/site-packages/flye/config/bin_cfg/asm_nano_hq.cfg
[2026-03-26 15:13:19] DEBUG: Loading /data/djs217/miniconda3/envs/hybracter_env/lib/python3.11/site-packages/hybracter/workflow/conda/867e79b85cea33b7804e36b625a69929_/lib/python3.12/site-packages/flye/config/bin_cfg/asm_defaults.cfg
[2026-03-26 15:13:19] DEBUG: 	big_genome_threshold=29000000
[2026-03-26 15:13:19] DEBUG: 	meta_read_filter_kmer_freq=100
[2026-03-26 15:13:19] DEBUG: 	chain_large_gap_penalty=2
[2026-03-26 15:13:19] DEBUG: 	chain_small_gap_penalty=0.5
[2026-03-26 15:13:19] DEBUG: 	chain_gap_jump_threshold=100
[2026-03-26 15:13:19] DEBUG: 	max_jump_gap=500
[2026-03-26 15:13:19] DEBUG: 	max_coverage_drop_rate=5
[2026-03-26 15:13:19] DEBUG: 	max_extensions_drop_rate=5
[2026-03-26 15:13:19] DEBUG: 	chimera_window=100
[2026-03-26 15:13:19] DEBUG: 	chimera_overhang=1000
[2026-03-26 15:13:19] DEBUG: 	min_reads_in_disjointig=4
[2026-03-26 15:13:19] DEBUG: 	max_inner_reads=10
[2026-03-26 15:13:19] DEBUG: 	max_inner_fraction=0.25
[2026-03-26 15:13:19] DEBUG: 	aggressive_dup_filter=1
[2026-03-26 15:13:19] DEBUG: 	max_separation=500
[2026-03-26 15:13:19] DEBUG: 	unique_edge_length=50000
[2026-03-26 15:13:19] DEBUG: 	min_repeat_res_support=0.51
[2026-03-26 15:13:19] DEBUG: 	out_paths_ratio=5
[2026-03-26 15:13:19] DEBUG: 	graph_cov_drop_rate=5
[2026-03-26 15:13:19] DEBUG: 	coverage_estimate_window=100
[2026-03-26 15:13:19] DEBUG: 	max_bubble_length=50000
[2026-03-26 15:13:19] DEBUG: 	loop_coverage_rate=1.5
[2026-03-26 15:13:19] DEBUG: 	repeat_edge_cov_mult=1.75
[2026-03-26 15:13:19] DEBUG: 	weak_detach_rate=5
[2026-03-26 15:13:19] DEBUG: 	tip_coverage_rate=2
[2026-03-26 15:13:19] DEBUG: 	tip_length_rate=2
[2026-03-26 15:13:19] DEBUG: 	output_gfa_before_rr=1
[2026-03-26 15:13:19] DEBUG: 	remove_alt_edges=0
[2026-03-26 15:13:19] DEBUG: 	low_cutoff_warning=0
[2026-03-26 15:13:19] DEBUG: 	kmer_size=17
[2026-03-26 15:13:19] DEBUG: 	use_minimizers=1
[2026-03-26 15:13:19] DEBUG: 	minimizer_window=10
[2026-03-26 15:13:19] DEBUG: 	reads_base_alignment=1
[2026-03-26 15:13:19] DEBUG: 	meta_read_top_kmer_rate=0.75
[2026-03-26 15:13:19] DEBUG: 	maximum_jump=1500
[2026-03-26 15:13:19] DEBUG: 	maximum_overhang=1500
[2026-03-26 15:13:19] DEBUG: 	repeat_kmer_rate=100
[2026-03-26 15:13:19] DEBUG: 	assemble_ovlp_divergence=0.03
[2026-03-26 15:13:19] DEBUG: 	assemble_divergence_relative=1
[2026-03-26 15:13:19] DEBUG: 	repeat_graph_ovlp_divergence=0.03
[2026-03-26 15:13:19] DEBUG: 	read_align_ovlp_divergence=0.10
[2026-03-26 15:13:19] DEBUG: 	hpc_scoring_on=1
[2026-03-26 15:13:19] DEBUG: 	add_unassembled_reads=0
[2026-03-26 15:13:19] DEBUG: 	extend_contigs_with_repeats=0
[2026-03-26 15:13:19] DEBUG: 	min_read_cov_cutoff=3
[2026-03-26 15:13:19] DEBUG: 	short_tip_length=20000
[2026-03-26 15:13:19] DEBUG: 	long_tip_length=100000
[2026-03-26 15:13:19] DEBUG: Running with k-mer size: 17
[2026-03-26 15:13:19] DEBUG: Selected minimum overlap 4000
[2026-03-26 15:13:19] INFO: Reading sequences
[2026-03-26 15:13:22] DEBUG: Building positional index
[2026-03-26 15:13:22] DEBUG: Total sequence: 244785777 bp
[2026-03-26 15:13:22] DEBUG: Flipped 0
[2026-03-26 15:13:22] DEBUG: UPath 1: -5 -> 4
[2026-03-26 15:13:22] DEBUG: UPath 2: 28 -> 7 -> -25 -> 8 -> 21 -> 9 -> 27 -> -14 -> -22 -> 12 -> 26 -> -10 -> 23 -> 18 -> 19 -> -24 -> 6
[2026-03-26 15:13:22] DEBUG: UPath 3: -13 -> 11
[2026-03-26 15:13:22] DEBUG: UPath 4: 20
[2026-03-26 15:13:22] DEBUG: Final graph contains 4 egdes
[2026-03-26 15:13:22] DEBUG: Extending contigs into repeats
[2026-03-26 15:13:22] DEBUG: Covered 0 repetitive contigs
[2026-03-26 15:13:22] INFO: Generated 4 contigs
[2026-03-26 15:13:22] DEBUG: Writing FASTA
[2026-03-26 15:13:22] DEBUG: Generating scaffold connections
[2026-03-26 15:13:22] INFO: Added 0 scaffold connections
[2026-03-26 15:13:22] DEBUG: Writing Dot
[2026-03-26 15:13:22] DEBUG: Writing FASTA
[2026-03-26 15:13:22] DEBUG: Writing Gfa
[2026-03-26 15:13:22] DEBUG: Peak RAM usage: 0 Gb
-----------End assembly log------------
[2026-03-26 15:13:22] root: INFO: >>>STAGE: polishing
[2026-03-26 15:13:22] root: INFO: Polishing genome (1/1)
[2026-03-26 15:13:22] root: INFO: Running minimap2
[2026-03-26 15:15:00] root: INFO: Separating alignment into bubbles
[2026-03-26 15:16:59] root: DEBUG: Generated 271926 bubbles
[2026-03-26 15:16:59] root: DEBUG: Split 0 long bubbles
[2026-03-26 15:16:59] root: DEBUG: Skipped 4 empty bubbles
[2026-03-26 15:16:59] root: DEBUG: Skipped 0 bubbles with long branches
[2026-03-26 15:16:59] root: INFO: Alignment error rate: 0.015762
[2026-03-26 15:16:59] root: INFO: Correcting bubbles
[2026-03-26 15:19:06] root: DEBUG: Mean contig coverage: 62, selected threshold: 12
[2026-03-26 15:19:06] root: DEBUG: Filtered 2 contigs of total length 6945
[2026-03-26 15:19:06] root: DEBUG: Generating polished GFA
[2026-03-26 15:19:09] root: DEBUG: 0 sequences remained unpolished
[2026-03-26 15:19:09] root: INFO: >>>STAGE: finalize
[2026-03-26 15:19:09] root: DEBUG: ---Output dir contents:----
[2026-03-26 15:19:09] root: DEBUG: EXE_01_2025_M/
[2026-03-26 15:19:09] root: DEBUG:     610.0 B     assembly_graph.gv
[2026-03-26 15:19:09] root: DEBUG:     3.0 M       assembly.fasta
[2026-03-26 15:19:09] root: DEBUG:     37.0 K      flye.log
[2026-03-26 15:19:09] root: DEBUG:     92.0 B      params.json
[2026-03-26 15:19:09] root: DEBUG:     3.0 M       assembly_graph.gfa
[2026-03-26 15:19:09] root: DEBUG:     40-polishing/
[2026-03-26 15:19:09] root: DEBUG:         57.0 B      filtered_contigs.fasta.fai
[2026-03-26 15:19:09] root: DEBUG:         3.0 M       filtered_contigs.fasta
[2026-03-26 15:19:09] root: DEBUG:         98.0 B      contigs_stats.txt
[2026-03-26 15:19:09] root: DEBUG:         1.0 M       base_coverage.bed.gz
[2026-03-26 15:19:09] root: DEBUG:         3.0 M       polished_edges.gfa
[2026-03-26 15:19:09] root: DEBUG:         49.0 K      minimap_1.bam.csi
[2026-03-26 15:19:09] root: DEBUG:         66.0 B      filtered_stats.txt
[2026-03-26 15:19:09] root: DEBUG:         177.0 B     edges_aln.bam.csi
[2026-03-26 15:19:09] root: DEBUG:         1.0 K       minimap.stderr
[2026-03-26 15:19:09] root: DEBUG:     30-contigger/
[2026-03-26 15:19:09] root: DEBUG:         0.0 B       scaffolds_links.txt
[2026-03-26 15:19:09] root: DEBUG:         3.0 M       contigs.fasta
[2026-03-26 15:19:09] root: DEBUG:         3.0 M       graph_final.gfa
[2026-03-26 15:19:09] root: DEBUG:         214.0 B     contigs_stats.txt
[2026-03-26 15:19:09] root: DEBUG:         113.0 B     contigs.fasta.fai
[2026-03-26 15:19:09] root: DEBUG:         610.0 B     graph_final.gv
[2026-03-26 15:19:09] root: DEBUG:         3.0 M       graph_final.fasta
[2026-03-26 15:19:09] root: DEBUG:     00-assembly/
[2026-03-26 15:19:09] root: DEBUG:         3.0 M       draft_assembly.fasta
[2026-03-26 15:19:09] root: DEBUG:         65.0 B      draft_assembly.fasta.fai
[2026-03-26 15:19:09] root: DEBUG:     10-consensus/
[2026-03-26 15:19:09] root: DEBUG:         3.0 M       consensus.fasta
[2026-03-26 15:19:09] root: DEBUG:         50.0 K      minimap.bam.csi
[2026-03-26 15:19:09] root: DEBUG:         1.0 K       minimap.stderr
[2026-03-26 15:19:09] root: DEBUG:     20-repeat/
[2026-03-26 15:19:09] root: DEBUG:         2.0 K       graph_after_rr.gv
[2026-03-26 15:19:09] root: DEBUG:         1.0 K       graph_before_rr.gv
[2026-03-26 15:19:09] root: DEBUG:         3.0 M       graph_before_rr.fasta
[2026-03-26 15:19:09] root: DEBUG:         7.0 K       repeat_graph_dump
[2026-03-26 15:19:09] root: DEBUG:         3.0 M       graph_before_rr.gfa
[2026-03-26 15:19:09] root: DEBUG:         4.0 M       read_alignment_dump
[2026-03-26 15:19:09] root: DEBUG:         3.0 M       repeat_graph_edges.fasta
[2026-03-26 15:19:09] root: DEBUG: --------------------------
[2026-03-26 15:19:09] root: INFO: Assembly statistics:

	Total length:	3956415
	Fragments:	2
	Fragments N50:	2939626
	Largest frg:	2939626
	Scaffolds:	0
	Mean coverage:	62

[2026-03-26 15:19:09] root: INFO: Final assembly: /data/djs217/PROJECTS/vibrio/P0232_251203_11813_10386/12_filtlong/02_hybracter/hybracter_out/processing/assemblies/EXE_01_2025_M/assembly.fasta
