
Starting Unicycler (2026-03-26 11:41:37)
----------------------------------------
    Welcome to Unicycler, an assembly pipeline for bacterial genomes. Since you provided only long reads, Unicycler will assemble the reads with miniasm and then run repeated polishing rounds using Racon.
    For more information, please see https://github.com/rrwick/Unicycler

Command: /data/djs217/miniconda3/envs/hybracter_env/lib/python3.11/site-packages/hybracter/workflow/conda/78019da34467f1ccbd2a1e2321558605_/bin/unicycler -s hybracter_out/processing/plassembler/EXE_13_2025_A/plasmid_long_entropy_filtered.fastq -l hybracter_out/processing/plassembler/EXE_13_2025_A/plasmid_long_entropy_filtered.fastq -t 1 -o hybracter_out/processing/plassembler/EXE_13_2025_A/unicycler_output

Unicycler version: v0.5.1
Using 1 thread

Making output directory:
  /data/djs217/PROJECTS/vibrio/P0232_251203_11813_10386/12_filtlong/02_hybracter/hybracter_out/processing/plassembler/EXE_13_2025_A/unicycler_output

Dependencies:
  Program       Version   Status
  spades.py     4.2.0     good  
  racon         1.5.0     good  
  makeblastdb   2.17.0+   good  
  tblastn       2.17.0+   good  


Choosing k-mer range for assembly (2026-03-26 11:41:38)
-------------------------------------------------------
    Unicycler chooses a k-mer range for SPAdes based on the length of the input reads. It uses a wide range of many k-mer sizes to maximise the chance of finding an ideal assembly.

SPAdes maximum k-mer: 127
Median read length: 9829
K-mer range: 27, 53, 71, 87, 99, 111, 119, 127


SPAdes assemblies (2026-03-26 11:41:38)
---------------------------------------
    Unicycler now uses SPAdes to assemble the short reads. It scores the assembly graph for each k-mer using the number of contigs (fewer is better) and the number of dead ends (fewer is better). The score function is 1/(c*(d+2)), where c is the contig count and d is the dead end count.

spades.py -o /data/djs217/PROJECTS/vibrio/P0232_251203_11813_10386/12_filtlong/02_hybracter/hybracter_out/processing/plassembler/EXE_13_2025_A/unicycler_output/spades_assembly -k 27 --threads 1 --gfa11 --isolate -s /data/djs217/PROJECTS/vibrio/P0232_251203_11813_10386/12_filtlong/02_hybracter/hybracter_out/processing/plassembler/EXE_13_2025_A/plasmid_long_entropy_filtered.fastq -m 1024

spades.py -o /data/djs217/PROJECTS/vibrio/P0232_251203_11813_10386/12_filtlong/02_hybracter/hybracter_out/processing/plassembler/EXE_13_2025_A/unicycler_output/spades_assembly -k 27,53 --threads 1 --gfa11 --restart-from k27 -m 1024

spades.py -o /data/djs217/PROJECTS/vibrio/P0232_251203_11813_10386/12_filtlong/02_hybracter/hybracter_out/processing/plassembler/EXE_13_2025_A/unicycler_output/spades_assembly -k 27,53,71 --threads 1 --gfa11 --restart-from k53 -m 1024

spades.py -o /data/djs217/PROJECTS/vibrio/P0232_251203_11813_10386/12_filtlong/02_hybracter/hybracter_out/processing/plassembler/EXE_13_2025_A/unicycler_output/spades_assembly -k 27,53,71,87 --threads 1 --gfa11 --restart-from k71 -m 1024

spades.py -o /data/djs217/PROJECTS/vibrio/P0232_251203_11813_10386/12_filtlong/02_hybracter/hybracter_out/processing/plassembler/EXE_13_2025_A/unicycler_output/spades_assembly -k 27,53,71,87,99 --threads 1 --gfa11 --restart-from k87 -m 1024

spades.py -o /data/djs217/PROJECTS/vibrio/P0232_251203_11813_10386/12_filtlong/02_hybracter/hybracter_out/processing/plassembler/EXE_13_2025_A/unicycler_output/spades_assembly -k 27,53,71,87,99,111 --threads 1 --gfa11 --restart-from k99 -m 1024

spades.py -o /data/djs217/PROJECTS/vibrio/P0232_251203_11813_10386/12_filtlong/02_hybracter/hybracter_out/processing/plassembler/EXE_13_2025_A/unicycler_output/spades_assembly -k 27,53,71,87,99,111,119 --threads 1 --gfa11 --restart-from k111 -m 1024

spades.py -o /data/djs217/PROJECTS/vibrio/P0232_251203_11813_10386/12_filtlong/02_hybracter/hybracter_out/processing/plassembler/EXE_13_2025_A/unicycler_output/spades_assembly -k 27,53,71,87,99,111,119,127 --threads 1 --gfa11 --restart-from k119 -m 1024

K-mer   Contigs   Dead ends   Score      
   27                         too complex
   53       301           2      8.31e-04
   71       193           2      1.30e-03
   87       139           2      1.80e-03
   99       133           2      1.88e-03
  111       137           2      1.82e-03
  119       131           2      1.91e-03
  127       128           2      1.95e-03 <-best

Read depth filter: removed 1 contigs totalling 128 bp
Deleting /data/djs217/PROJECTS/vibrio/P0232_251203_11813_10386/12_filtlong/02_hybracter/hybracter_out/processing/plassembler/EXE_13_2025_A/unicycler_output/spades_assembly/


Determining graph multiplicity (2026-03-26 12:38:04)
----------------------------------------------------
    Multiplicity is the number of times a sequence occurs in the underlying sequence. Single-copy contigs (those with a multiplicity of one, occurring only once in the underlying sequence) are particularly useful.

Saving /data/djs217/PROJECTS/vibrio/P0232_251203_11813_10386/12_filtlong/02_hybracter/hybracter_out/processing/plassembler/EXE_13_2025_A/unicycler_output/002_depth_filter.gfa


Cleaning graph (2026-03-26 12:38:04)
------------------------------------
    Unicycler now performs various cleaning procedures on the graph to remove overlaps and simplify the graph structure. The end result is a graph ready for bridging.

Graph overlaps removed

Removed zero-length segments:
    74, 75, 78, 87, 90, 96, 115, 122, 127

Removed zero-length segments:
    69, 72

Merged small segments:
    91, 94, 99, 100, 101, 103, 106, 107, 108, 112, 113, 116, 118, 119, 120, 121, 123, 124, 125, 126, 128

Saving /data/djs217/PROJECTS/vibrio/P0232_251203_11813_10386/12_filtlong/02_hybracter/hybracter_out/processing/plassembler/EXE_13_2025_A/unicycler_output/003_overlaps_removed.gfa

    Unicycler now selects a set of anchor contigs from the single-copy contigs. These are the contigs which will be connected via bridges to form the final assembly.

42 anchor segments (2,328,117 bp) out of 96 total segments (2,347,628 bp)


Creating SPAdes contig bridges (2026-03-26 12:38:04)
----------------------------------------------------
    SPAdes uses paired-end information to perform repeat resolution (RR) and produce contigs from the assembly graph. SPAdes saves the graph paths corresponding to these contigs in the contigs.paths file. When one of these paths contains two or more anchor contigs, Unicycler can create a bridge from the path.

                                                                                                                                                                                                       Bridge
Start                                                                                           Path                                                                                          End     quality
  -30                                                                                     -69 -> 70 -> -69                                                                                    33         46.6
  -29                                                                 -72 -> 85 -> -67 -> -60 -> 79 -> 74 -> -55 -> -63 -> -80                                                                36         61.5
  -25                                                                                            40                                                                                           32         54.1
  -22                                                             -86 -> -67 -> -60 -> 79 -> 75 -> -55 -> -63 -> -81 -> -77 -> 82                                                             24         54.1
  -14                                                                                           -37                                                                                           23         60.5
  -12                                                                                           -39                                                                                           15         62.4
  -11                                                            64 -> 48 -> 61 -> 50 -> -66 -> 45 -> 64 -> -47 -> 61 -> -51 -> -66                                                           27         19.2
   -6                                                                                  -73 -> -44 -> 89 -> 41                                                                                 13         63.1
    1                                                                                     -41 -> 84 -> 76                                                                                     -6         61.9
    2                                                                                           -39                                                                                           3          59.7
    3                                                            -82 -> 77 -> 81 -> 63 -> 55 -> -75 -> -79 -> 59 -> 67 -> 86 -> 72                                                            -17        61.3
    4                     56 -> 93 -> 57 -> 49 -> 56 -> 95 -> 57 -> -65 -> -68 -> 83 -> -52 -> -68 -> 83 -> -52 -> -68 -> 83 -> 58 -> -65 -> -68 -> 83 -> 58 -> -65 -> -68                    -11         5.0
    5                                                                                     -73 -> -44 -> 89                                                                                    17         58.9
    7                                                                                           -40                                                                                           -19        55.2
    8                                                                                         44 -> 73                                                                                        26         62.0
    9                                                                77 -> 80 -> 63 -> 55 -> -74 -> 78 -> 60 -> 67 -> -85 -> 72                                                               18         62.0
   10                                                          -72 -> -86 -> -67 -> -59 -> 79 -> 75 -> -55 -> -63 -> -81 -> -77 -> 82                                                         4          62.6
   12                                                                                            40                                                                                           -32        43.9
   13                                                                                            42                                                                                           -27        60.8
   14                                                                                            44                                                                                           21         62.9
   15                                                                                           -39                                                                                           10         63.0
   16                                                                                         44 -> 73                                                                                        19         61.5
   18                                                                                            39                                                                                           -30        51.3
   20                                                          -72 -> 85 -> -67 -> -60 -> -78 -> 74 -> -55 -> -63 -> -81 -> -77 -> 82                                                         8          63.2
   21                                                                                            37                                                                                           -29        43.4
   22                                                                                            37                                                                                           28         61.4
   23                                                                                     62 -> -71 -> 62                                                                                     5          42.3
   24                                                                                     54 -> -53 -> 54                                                                                     34         46.6
   25                                                                                        -73 -> -44                                                                                       9          61.2
   26   -72 -> -86 -> -67 -> -59 -> 79 -> 75 -> -55 -> -73 -> -44 -> 87 -> -63 -> -81 -> -77 -> 43 -> -76 -> -84 -> 41 -> -38 -> 77 -> 81 -> 63 -> 55 -> -75 -> -79 -> 59 -> 67 -> 86 -> 72   -28        62.8
   33                                                             -82 -> 77 -> 81 -> 63 -> 55 -> -74 -> 78 -> 60 -> 67 -> 86 -> 72                                                            2          47.4
   34                                                                                        -41 -> 84                                                                                        7          57.2
   36                                                                                            42                                                                                           20         62.5


Creating loop unrolling bridges (2026-03-26 12:38:04)
-----------------------------------------------------
    When a SPAdes contig path connects an anchor contig with the middle contig of a simple loop, Unicycler concludes that the sequences are contiguous (i.e. the loop is not a separate piece of DNA). It then uses the read depth of the middle and repeat contigs to guess the number of times to traverse the loop and makes a bridge.

                                  Loop count   Loop count    Loop    Bridge
Start   Repeat   Middle     End    by repeat    by middle   count   quality
   -5      -62       71     -23         1.08         1.01       1      41.0
  -34      -54       53     -24         0.66         0.94       1      39.4
  -30      -69       70      33         0.00         0.63       1      25.0


Loading reads (2026-03-26 12:38:04)
-----------------------------------
7,525 / 7,525 (100.0%) - 102,130,912 bp


Assembling contigs and long reads with miniasm (2026-03-26 12:38:04)
--------------------------------------------------------------------
    Unicycler uses miniasm to construct a string graph assembly using both the short read contigs and the long reads. It will then use the resulting string graph to produce bridges between contigs. This method requires decent coverage of long reads and therefore may not be fruitful if long reads are sparse. However, it does not rely on the short read assembly graph having good connectivity and is able to bridge an assembly graph even when it contains many dead ends.
    Unicycler uses two types of "reads" as assembly input: anchor contigs from the short-read assembly and actual long reads which overlap two or more of these contigs. It then assembles them with miniasm.

Aligning long reads to graph using minimap

Saving to /data/djs217/PROJECTS/vibrio/P0232_251203_11813_10386/12_filtlong/02_hybracter/hybracter_out/processing/plassembler/EXE_13_2025_A/unicycler_output/miniasm_assembly/01_assembly_reads.fastq:
  34 short-read contigs
  1,684 long reads

Finding overlaps with minimap... 
success
  140,631 overlaps

Assembling reads with miniasm... 
success
  144 segments, 144 links

Saving /data/djs217/PROJECTS/vibrio/P0232_251203_11813_10386/12_filtlong/02_hybracter/hybracter_out/processing/plassembler/EXE_13_2025_A/unicycler_output/miniasm_assembly/11_branching_paths_removed.gfa
Merging segments into unitigs:
  2 circular unitigs
  total size = 2,374,213 bp
Saving /data/djs217/PROJECTS/vibrio/P0232_251203_11813_10386/12_filtlong/02_hybracter/hybracter_out/processing/plassembler/EXE_13_2025_A/unicycler_output/miniasm_assembly/12_unitig_graph.gfa


Polishing miniasm assembly with Racon (2026-03-26 12:38:39)
-----------------------------------------------------------
    Unicycler now uses Racon to polish the miniasm assembly. It does multiple rounds of polishing to get the best consensus. Circular unitigs are rotated between rounds such that all parts (including the ends) are polished well.

Saving to /data/djs217/PROJECTS/vibrio/P0232_251203_11813_10386/12_filtlong/02_hybracter/hybracter_out/processing/plassembler/EXE_13_2025_A/unicycler_output/miniasm_assembly/racon_polish/polishing_reads.fastq:
  34 short-read contigs
  7,525 long reads

Polish       Assembly          Mapping
round            size          quality
begin       2,374,213         7,519.42
1           2,375,872         7,600.68

Best polish: /data/djs217/PROJECTS/vibrio/P0232_251203_11813_10386/12_filtlong/02_hybracter/hybracter_out/processing/plassembler/EXE_13_2025_A/unicycler_output/miniasm_assembly/racon_polish/006_rotated.fasta
Saving /data/djs217/PROJECTS/vibrio/P0232_251203_11813_10386/12_filtlong/02_hybracter/hybracter_out/processing/plassembler/EXE_13_2025_A/unicycler_output/miniasm_assembly/13_racon_polished.gfa
Saving /data/djs217/PROJECTS/vibrio/P0232_251203_11813_10386/12_filtlong/02_hybracter/hybracter_out/processing/plassembler/EXE_13_2025_A/unicycler_output/004_long_read_assembly.gfa

    Contigs in the short-read assembly graph which end in dead ends may contain bogus sequence near the dead end. Unicycler therefore uses the read clipping values from the miniasm assembly to trim these dead ends to only the parts which aligned well to long reads.

No dead ends required trimming.

    Unicycler now places the single copy contigs back into the unitig graph. This serves two purposes: a) it replaces long read assembly sequences (which may be error prone) with Illumina assembly sequence (which is probably quite accurate), improving the assembly quality, and b) it defines inter-contig sequences for use in building bridges.

Searching for contigs using 5,000 bp of contig ends.

Contig   Result              Start pos   End pos   Strand
     1   found in unitig 1     1292859   1580493        -
     2   found in unitig 1      205136    421031        -
     3   found in unitig 1       44696    203704        -
     4   found in unitig 1      859523    989312        +
     5   found in unitig 1     2232692   2352152        +
     6   found in unitig 1     1172823   1291432        +
     7   found in unitig 1     1687002   1804902        -
     8   found in unitig 1     1933475   2037609        -
     9   found in unitig 1      496746    589717        -
    10   found in unitig 1      768125    858199        +
    11   found in unitig 1      992989   1079668        -
    12   found in unitig 1      630751    708627        -
    13   found in unitig 1     1109893   1170518        -
    14   found in unitig 1     2137962   2195421        -
    15   found in unitig 1      710059    766693        +
    16   found in unitig 1     1581919   1636842        +
    17   found in unitig 1      -11530     43372        +
    18   found in unitig 1      442948    495485        -
    19   found in unitig 1     1637837   1685576        +
    20   found in unitig 1     2038933   2081689        -
    21   found in unitig 1     2101447   2137076        -
    22   found in unitig 1     1843100   1878669        +
    23   found in unitig 1     2196926   2232211        +
    24   found in unitig 1     1813651   1841882        -
    25   found in unitig 1      590712    617815        -
    26   found in unitig 1     1906208   1932480        -
    27   found in unitig 1     1084003   1108593        +
    28   found in unitig 1     1880174   1898748        +
    29   found in unitig 1     2088048   2099942        +
    30   found in unitig 1      430254    441516        +
    32   found in unitig 1      619241    629325        +
    33   found in unitig 1      422355    429868        -
    34   found in unitig 1     1806242   1812764        -
    36   found in unitig 1     2082989   2086872        -

Saving /data/djs217/PROJECTS/vibrio/P0232_251203_11813_10386/12_filtlong/02_hybracter/hybracter_out/processing/plassembler/EXE_13_2025_A/unicycler_output/miniasm_assembly/14_contigs_placed.gfa


Creating miniasm/Racon bridges (2026-03-26 12:42:17)
----------------------------------------------------
    Now that the miniasm/Racon string graph is complete, Unicycler will use it to build bridges between anchor segments.

       Start -> end   Best path                                 Quality
 1/34    17 -> -3     -72, -86, -67, -59, 79, 75, -55, -63,      86.137
                      -81, -77, 82                                     
 2/34   -12 -> 15     -39                                        87.057
 3/34    15 -> 10     -39                                        87.893
 4/34    10 -> 4      -72, -86, -67, -59, 79, 75, -55, -63,      87.974
                      -81, -77, 82                                     
 5/34     4 -> -11    56, 93, 57, 49, 56, 95, 57, -65, -68,      67.771
                      83, -52, -68, 83, 58, -65, -68, 83, 58,          
                      -65, -68                                         
 6/34   -11 -> 27     64, 48, 61, 50, -66, 45, 64, -47, 61,      70.215
                      -51, -66                                         
 7/34    27 -> -13    -42                                        85.677
 8/34   -13 -> 6      -41, -89, 44, 73                           82.601
 9/34     6 -> -1     -76, -84, 41                               86.316
10/34    -1 -> 16     40                                         81.691
11/34    16 -> 19     44, 73                                     88.773
12/34    -3 -> -2     39                                         83.159
13/34    19 -> -7     40                                         76.929
14/34    -7 -> -34    -84, 41                                    80.324
15/34   -34 -> -24    -54, 53, -54                               90.301
16/34   -24 -> 22     -82, 77, 81, 63, 55, -75, -79, 60, 67,     76.660
                      86                                               
17/34    22 -> 28     37                                         85.162
18/34    28 -> -26    -72, -86, -67, -59, 79, 75, -55, -63,      62.899
                      -81, -77, 38, -41, 84, 76, -43, 77, 81,          
                      63, -87, 44, 73, 55, -75, -79, 59, 67,           
                      86, 72                                           
19/34   -26 -> -8     -73, -44                                   89.513
20/34    -8 -> -20    -82, 77, 81, 63, 55, -74, 78, 60, 67,      88.786
                      -85, 72                                          
21/34   -20 -> -36    -42                                        88.072
22/34   -36 -> 29     80, 63, 55, -74, -79, 60, 67, -85, 72      87.468
23/34    -2 -> -33    -72, -86, -67, -60, -78, 74, -55, -63,     66.612
                      -81, -77, 82                                     
24/34    29 -> -21    -37                                        60.176
25/34   -21 -> -14    -44                                        91.691
26/34   -14 -> 23     -37                                        83.934
27/34    23 -> 5      62, -71, 62                                92.764
28/34     5 -> 17     -73, -44, 89                               85.044
29/34   -33 -> 30     69, -70, 69                                96.110
30/34    30 -> -18    -39                                        71.459
31/34   -18 -> -9     -72, 85, -67, -60, -78, 74, -55, -63,      87.606
                      -80, -77                                         
32/34    -9 -> -25    44, 73                                     88.317
33/34   -25 -> 32     40                                         75.523
34/34    32 -> -12    -40                                        61.173


Creating simple long read bridges (2026-03-26 12:42:22)
-------------------------------------------------------
    Unicycler uses long read alignments (from minimap) to resolve simple repeat structures in the graph. This takes care of some "low-hanging fruit" of the graph simplification.

Aligning long reads to graph using minimap

    Two-way junctions are defined as cases where two graph contigs (A and B) join together (C) and then split apart again (D and E). This usually represents a simple 2-copy repeat, and there are two possible options for its resolution: (A->C->D and B->C->E) or (A->C->E and B->C->D). Each read which spans such a junction gets to "vote" for option 1, option 2 or neither. Unicycler creates a bridge at each junction for the most voted for option.

                                                 Op. 1   Op. 2   Neither   Final    Bridge
Junction       Option 1           Option 2       votes   votes     votes     op.   quality
      42   13 -> 42 -> -27,   13 -> 42 -> 20,       70       0         3       1      94.7
            36 -> 42 -> 20    36 -> 42 -> -27                                             

    Simple loops are parts of the graph where two contigs (A and B) are connected via a repeat (C) which loops back to itself (via D). It is possible to traverse the loop zero times (A->C->B), one time (A->C->D->C->B), two times (A->C->D->C->D->C->B), etc. Long reads which span the loop inform which is the correct number of times through. In this step, such reads are found and each is aligned against alternative loop counts. A reads casts its "vote" for the loop count it agrees best with, and Unicycler creates a bridge using the most voted for count.

                                   Read                         Loop    Bridge
Start   Repeat   Middle     End   count   Read votes           count   quality
  -34      -54       53     -24      37   1 loop: 37 votes         1      98.0
  -30      -69       70      33      45   1 loop: 44 votes         1      97.5
                                          3 loops: 1 vote                     
   -5      -62       71     -23      35   1 loop: 35 votes         1      97.1


Determining low score threshold (2026-03-26 12:42:50)
-----------------------------------------------------
    Before conducting semi-global alignment of the long reads to the assembly graph, Unicycler must determine a minimum alignment score threshold such that nonsense alignments are excluded. To choose a threshold automatically, it examines alignments between random sequences and selects a score a few standard deviations above the mean.

Automatically choosing a threshold using random alignment scores.

Random alignment mean score: 61.66
         standard deviation:  1.31
        Low score threshold: 61.66 + (7 x 1.31) = 70.86


Aligning reads (2026-03-26 12:42:55)
------------------------------------
7,525 / 7,525 (100.0%)


Read alignment summary (2026-03-26 13:35:55)
--------------------------------------------
Total read count:             7,525
Fully aligned reads:          6,677
Partially aligned reads:        776
Unaligned reads:                 72
Total bases aligned:     99,587,108 bp
Mean alignment identity:         98.5%

Deleting /data/djs217/PROJECTS/vibrio/P0232_251203_11813_10386/12_filtlong/02_hybracter/hybracter_out/processing/plassembler/EXE_13_2025_A/unicycler_output/read_alignment/


Building long read bridges (2026-03-26 13:35:55)
------------------------------------------------
    Unicycler uses the long read alignments to produce bridges between anchor segments. These bridges can be formed using as few as one long read, giving Unicycler the ability to bridge the graph even when long-read depth is low.

       Start -> end   Best path                                 Quality
 1/42   -35 -> 46                                                 4.228
 2/42   -30 -> 33     -69, 70, -69                               80.173
 3/42   -29 -> 36     -72, 85, -67, -60, 79, 74, -55, -63, -80   74.258
 4/42   -25 -> 32     40                                         63.885
 5/42   -22 -> 24     -86, -67, -60, 79, 75, -55, -63, -81,      71.131
                      -77, 82                                          
 6/42   -20 -> 29     -42, -36, 80, 63, 55, -74, -79, 60, 67,    56.918
                      -85, 72                                          
 7/42   -14 -> 23     -37                                        80.051
 8/42   -12 -> 15     -39                                        73.632
 9/42   -11 -> 27     64, 48, 61, 50, -66, 45, 64, -47, 61,      80.041
                      -51, -66                                         
10/42    -6 -> 13     -73, -44, 89, 41                           83.518
11/42    -2 -> 8      -72, -86, -67, -60, -78, 74, -55, -63,      9.989
                      -81, -77, 82                                     
12/42    -2 -> 30     -72, -86, -67, -60, -78, 74, -55, -63,     35.917
                      -81, -77, 82, -33, 69, -70, 69                   
13/42    -1 -> 16     40                                         77.715
14/42     2 -> 3      -39                                        79.260
15/42     5 -> 17     -73, -44, 89                               77.401
16/42     6 -> -1     -76, -84, 41                               81.183
17/42     8 -> 6      44, 73                                     11.521
18/42     8 -> 26     44, 73                                     80.963
19/42     9 -> 18     77, 80, 63, 55, -74, 78, 60, 67, -85, 72   77.910
20/42    10 -> 4      -72, -86, -67, -59, 79, 75, -55, -63,      83.010
                      -81, -77, 82                                     
21/42    11 -> -4     68, 65, -58, -83, 68, 65, -58, -83, 68,    74.636
                      52, -83, 68, 65, -57, -95, -56, -49,             
                      -57, -93, -56                                    
22/42    14 -> 21     44                                         82.917
23/42    15 -> 10     -39                                        82.784
24/42    16 -> 19     44, 73                                     81.289
25/42    17 -> -3     -72, -86, -67, -59, 79, 75, -55, -63,      81.271
                      -81, -77, 82                                     
26/42    19 -> -7     40                                         73.033
27/42    20 -> 8      -72, 85, -67, -60, -78, 74, -55, -63,      81.252
                      -81, -77, 82                                     
28/42    21 -> 20     37, -29, -72, 85, -67, -60, 79, 74, -55,   39.793
                      -63, -80, 36, 42                                 
29/42    22 -> 28     37                                         80.437
30/42    23 -> 5      62, -71, 62                                81.169
31/42    24 -> 7      54, -53, 54, 34, -41, 84                   35.124
32/42    24 -> 34     54, -53, 54                                78.684
33/42    25 -> 9      -73, -44                                   74.223
34/42    27 -> -13    -42                                        80.027
35/42    28 -> -26    -72, -86, -67, -59, 79, 75, -55, -63,      82.343
                      -81, -77, 38, -41, 84, 76, -43, 77, 81,          
                      63, -87, 44, 73, 55, -75, -79, 59, 67,           
                      86, 72                                           
36/42    29 -> -21    -37                                        56.319
37/42    30 -> -18    -39                                        66.457
38/42    32 -> -12    -40                                        54.178
39/42    33 -> 2      -82, 77, 81, 63, 55, -74, 78, 60, 67,      60.691
                      86, 72                                           
40/42    34 -> 7      -41, 84                                    72.784
41/42    36 -> -27    42                                          6.163
42/42    36 -> 20     42                                         77.122


Applying bridges (2026-03-26 13:36:50)
--------------------------------------
    Unicycler now applies to the graph in decreasing order of quality. This ensures that when multiple, contradictory bridges exist, the most supported option is used.

Bridge type        Start -> end   Path                                       Quality
simple long read    -34 -> -24    -54, 53, -54                                97.983
simple long read    -30 -> 33     -69, 70, -69                                97.509
simple long read     -5 -> -23    -62, 71, -62                                97.124
simple long read     36 -> 20     42                                          94.711
simple long read     13 -> -27    42                                          92.135
miniasm             -21 -> -14    -44                                         91.691
miniasm             -26 -> -8     -73, -44                                    89.513
miniasm              -8 -> -20    -82, 77, 81, 63, 55, -74, 78, 60, 67,       88.786
                                  -85, 72                                           
miniasm              16 -> 19     44, 73                                      88.773
miniasm              -9 -> -25    44, 73                                      88.317
miniasm              10 -> 4      -72, -86, -67, -59, 79, 75, -55, -63,       87.974
                                  -81, -77, 82                                      
miniasm              15 -> 10     -39                                         87.893
miniasm             -18 -> -9     -72, 85, -67, -60, -78, 74, -55, -63,       87.606
                                  -80, -77                                          
miniasm             -36 -> 29     80, 63, 55, -74, -79, 60, 67, -85, 72       87.468
miniasm             -12 -> 15     -39                                         87.057
miniasm               6 -> -1     -76, -84, 41                                86.316
miniasm              17 -> -3     -72, -86, -67, -59, 79, 75, -55, -63,       86.137
                                  -81, -77, 82                                      
miniasm              22 -> 28     37                                          85.162
miniasm               5 -> 17     -73, -44, 89                                85.044
miniasm             -14 -> 23     -37                                         83.934
long read            -6 -> 13     -73, -44, 89, 41                            83.518
miniasm              -3 -> -2     39                                          83.159
long read            28 -> -26    -72, -86, -67, -59, 79, 75, -55, -63,       82.343
                                  -81, -77, 38, -41, 84, 76, -43, 77, 81,           
                                  63, -87, 44, 73, 55, -75, -79, 59, 67,            
                                  86, 72                                            
miniasm              -1 -> 16     40                                          81.691
miniasm              -7 -> -34    -84, 41                                     80.324
long read           -11 -> 27     64, 48, 61, 50, -66, 45, 64, -47, 61,       80.041
                                  -51, -66                                          
miniasm              19 -> -7     40                                          76.929
miniasm             -24 -> 22     -82, 77, 81, 63, 55, -75, -79, 60, 67,      76.660
                                  86                                                
miniasm             -25 -> 32     40                                          75.523
long read            11 -> -4     68, 65, -58, -83, 68, 65, -58, -83, 68,     74.636
                                  52, -83, 68, 65, -57, -95, -56, -49,              
                                  -57, -93, -56                                     
miniasm              30 -> -18    -39                                         71.459
miniasm              -2 -> -33    -72, -86, -67, -60, -78, 74, -55, -63,      66.612
                                  -81, -77, 82                                      
miniasm              32 -> -12    -40                                         61.173
miniasm              29 -> -21    -37                                         60.176

Saving /data/djs217/PROJECTS/vibrio/P0232_251203_11813_10386/12_filtlong/02_hybracter/hybracter_out/processing/plassembler/EXE_13_2025_A/unicycler_output/005_bridges_applied.gfa


Bridged assembly graph (2026-03-26 13:36:50)
--------------------------------------------
    The assembly is now mostly finished and no more structural changes will be made. Ideally the assembly graph should now have one contig per replicon and no erroneous contigs (i.e. a complete assembly). If there are more contigs, then the assembly is not complete.

Saving /data/djs217/PROJECTS/vibrio/P0232_251203_11813_10386/12_filtlong/02_hybracter/hybracter_out/processing/plassembler/EXE_13_2025_A/unicycler_output/006_final_clean.gfa

Component   Segments   Links   Length      N50         Longest segment   Status  
    total          3       3   2,381,972   2,364,699         2,364,699           
        1          1       1   2,364,699   2,364,699         2,364,699   complete
        2          1       1      11,190      11,190            11,190   complete
        3          1       1       6,083       6,083             6,083   complete


Rotating completed replicons (2026-03-26 13:36:50)
--------------------------------------------------
    Any completed circular contigs (i.e. single contigs which have one link connecting end to start) can have their start position changed without altering the sequence. For consistency, Unicycler now searches for a starting gene (dnaA or repA) in each such contig, and if one is found, the contig is rotated to start with that gene on the forward strand.

Segment   Length      Depth   Starting gene   Position   Strand   Identity   Coverage
      1   2,364,699   1.00x   none found                                             
      2      11,190   3.87x   none found                                             
      3       6,083   0.33x   none found                                             


Assembly complete (2026-03-26 13:37:46)
---------------------------------------
Saving /data/djs217/PROJECTS/vibrio/P0232_251203_11813_10386/12_filtlong/02_hybracter/hybracter_out/processing/plassembler/EXE_13_2025_A/unicycler_output/assembly.gfa
Saving /data/djs217/PROJECTS/vibrio/P0232_251203_11813_10386/12_filtlong/02_hybracter/hybracter_out/processing/plassembler/EXE_13_2025_A/unicycler_output/assembly.fasta

