[2026-03-26 11:21:42] root: INFO: Starting Flye 2.9.6-b1802
[2026-03-26 11:21:42] root: DEBUG: Cmd: /data/djs217/miniconda3/envs/hybracter_env/lib/python3.11/site-packages/hybracter/workflow/conda/867e79b85cea33b7804e36b625a69929_/bin/flye --nano-hq hybracter_out/processing/qc/EXE_13_2025_A_filt_trim.fastq.gz -t 1 --out-dir hybracter_out/processing/assemblies/EXE_13_2025_A
[2026-03-26 11:21:42] root: DEBUG: Python version: 3.12.12 | packaged by conda-forge | (main, Oct 22 2025, 23:25:55) [GCC 14.3.0]
[2026-03-26 11:21:42] root: INFO: >>>STAGE: configure
[2026-03-26 11:21:42] root: INFO: Configuring run
[2026-03-26 11:21:45] root: INFO: Total read length: 275749365
[2026-03-26 11:21:45] root: INFO: Reads N50/N90: 15904 / 6834
[2026-03-26 11:21:45] root: INFO: Minimum overlap set to 7000
[2026-03-26 11:21:45] root: INFO: >>>STAGE: assembly
[2026-03-26 11:21:45] root: INFO: Assembling disjointigs
[2026-03-26 11:21:45] root: DEBUG: -----Begin assembly log------
[2026-03-26 11:21:45] root: DEBUG: Running: flye-modules assemble --reads /data/djs217/PROJECTS/vibrio/P0232_251203_11813_10386/12_filtlong/02_hybracter/hybracter_out/processing/qc/EXE_13_2025_A_filt_trim.fastq.gz --out-asm /data/djs217/PROJECTS/vibrio/P0232_251203_11813_10386/12_filtlong/02_hybracter/hybracter_out/processing/assemblies/EXE_13_2025_A/00-assembly/draft_assembly.fasta --config /data/djs217/miniconda3/envs/hybracter_env/lib/python3.11/site-packages/hybracter/workflow/conda/867e79b85cea33b7804e36b625a69929_/lib/python3.12/site-packages/flye/config/bin_cfg/asm_nano_hq.cfg --log /data/djs217/PROJECTS/vibrio/P0232_251203_11813_10386/12_filtlong/02_hybracter/hybracter_out/processing/assemblies/EXE_13_2025_A/flye.log --threads 1 --min-ovlp 7000
[2026-03-26 11:21:45] DEBUG: Build date: May  4 2025 23:17:52
[2026-03-26 11:21:45] DEBUG: Total RAM: 31 Gb
[2026-03-26 11:21:45] DEBUG: Available RAM: 29 Gb
[2026-03-26 11:21:45] DEBUG: Total CPUs: 16
[2026-03-26 11:21:45] DEBUG: Loading /data/djs217/miniconda3/envs/hybracter_env/lib/python3.11/site-packages/hybracter/workflow/conda/867e79b85cea33b7804e36b625a69929_/lib/python3.12/site-packages/flye/config/bin_cfg/asm_nano_hq.cfg
[2026-03-26 11:21:45] DEBUG: Loading /data/djs217/miniconda3/envs/hybracter_env/lib/python3.11/site-packages/hybracter/workflow/conda/867e79b85cea33b7804e36b625a69929_/lib/python3.12/site-packages/flye/config/bin_cfg/asm_defaults.cfg
[2026-03-26 11:21:45] DEBUG: 	big_genome_threshold=29000000
[2026-03-26 11:21:45] DEBUG: 	meta_read_filter_kmer_freq=100
[2026-03-26 11:21:45] DEBUG: 	chain_large_gap_penalty=2
[2026-03-26 11:21:45] DEBUG: 	chain_small_gap_penalty=0.5
[2026-03-26 11:21:45] DEBUG: 	chain_gap_jump_threshold=100
[2026-03-26 11:21:45] DEBUG: 	max_jump_gap=500
[2026-03-26 11:21:45] DEBUG: 	max_coverage_drop_rate=5
[2026-03-26 11:21:45] DEBUG: 	max_extensions_drop_rate=5
[2026-03-26 11:21:45] DEBUG: 	chimera_window=100
[2026-03-26 11:21:45] DEBUG: 	chimera_overhang=1000
[2026-03-26 11:21:45] DEBUG: 	min_reads_in_disjointig=4
[2026-03-26 11:21:45] DEBUG: 	max_inner_reads=10
[2026-03-26 11:21:45] DEBUG: 	max_inner_fraction=0.25
[2026-03-26 11:21:45] DEBUG: 	aggressive_dup_filter=1
[2026-03-26 11:21:45] DEBUG: 	max_separation=500
[2026-03-26 11:21:45] DEBUG: 	unique_edge_length=50000
[2026-03-26 11:21:45] DEBUG: 	min_repeat_res_support=0.51
[2026-03-26 11:21:45] DEBUG: 	out_paths_ratio=5
[2026-03-26 11:21:45] DEBUG: 	graph_cov_drop_rate=5
[2026-03-26 11:21:45] DEBUG: 	coverage_estimate_window=100
[2026-03-26 11:21:45] DEBUG: 	max_bubble_length=50000
[2026-03-26 11:21:45] DEBUG: 	loop_coverage_rate=1.5
[2026-03-26 11:21:45] DEBUG: 	repeat_edge_cov_mult=1.75
[2026-03-26 11:21:45] DEBUG: 	weak_detach_rate=5
[2026-03-26 11:21:45] DEBUG: 	tip_coverage_rate=2
[2026-03-26 11:21:45] DEBUG: 	tip_length_rate=2
[2026-03-26 11:21:45] DEBUG: 	output_gfa_before_rr=1
[2026-03-26 11:21:45] DEBUG: 	remove_alt_edges=0
[2026-03-26 11:21:45] DEBUG: 	low_cutoff_warning=0
[2026-03-26 11:21:45] DEBUG: 	kmer_size=17
[2026-03-26 11:21:45] DEBUG: 	use_minimizers=1
[2026-03-26 11:21:45] DEBUG: 	minimizer_window=10
[2026-03-26 11:21:45] DEBUG: 	reads_base_alignment=1
[2026-03-26 11:21:45] DEBUG: 	meta_read_top_kmer_rate=0.75
[2026-03-26 11:21:45] DEBUG: 	maximum_jump=1500
[2026-03-26 11:21:45] DEBUG: 	maximum_overhang=1500
[2026-03-26 11:21:45] DEBUG: 	repeat_kmer_rate=100
[2026-03-26 11:21:45] DEBUG: 	assemble_ovlp_divergence=0.03
[2026-03-26 11:21:45] DEBUG: 	assemble_divergence_relative=1
[2026-03-26 11:21:45] DEBUG: 	repeat_graph_ovlp_divergence=0.03
[2026-03-26 11:21:45] DEBUG: 	read_align_ovlp_divergence=0.10
[2026-03-26 11:21:45] DEBUG: 	hpc_scoring_on=1
[2026-03-26 11:21:45] DEBUG: 	add_unassembled_reads=0
[2026-03-26 11:21:45] DEBUG: 	extend_contigs_with_repeats=0
[2026-03-26 11:21:45] DEBUG: 	min_read_cov_cutoff=3
[2026-03-26 11:21:45] DEBUG: 	short_tip_length=20000
[2026-03-26 11:21:45] DEBUG: 	long_tip_length=100000
[2026-03-26 11:21:45] DEBUG: Running with k-mer size: 17
[2026-03-26 11:21:45] DEBUG: Running with minimum overlap 7000
[2026-03-26 11:21:45] DEBUG: Metagenome mode: N
[2026-03-26 11:21:45] DEBUG: Short mode: N
[2026-03-26 11:21:45] INFO: Reading sequences
[2026-03-26 11:21:49] DEBUG: Building positional index
[2026-03-26 11:21:49] DEBUG: Total sequence: 245293216 bp
[2026-03-26 11:21:49] INFO: Building minimizer index
[2026-03-26 11:21:49] INFO: Pre-calculating index storage
[2026-03-26 11:22:05] DEBUG: Mean k-mer frequency: 12.6224
[2026-03-26 11:22:05] DEBUG: Repetitive k-mer frequency: 1262
[2026-03-26 11:22:05] DEBUG: Filtered 12618 repetitive k-mers (0.000283002)
[2026-03-26 11:22:05] INFO: Filling index
[2026-03-26 11:22:29] DEBUG: Sorting k-mer index
[2026-03-26 11:22:29] DEBUG: Selected k-mers: 3532301
[2026-03-26 11:22:29] DEBUG: K-mer index size: 44573693
[2026-03-26 11:22:29] DEBUG: Mean k-mer frequency: 12.6189
[2026-03-26 11:22:29] DEBUG: Minimizer rate: 5.50309
[2026-03-26 11:22:29] DEBUG: Peak RAM usage: 0 Gb
[2026-03-26 11:22:29] DEBUG: Estimating k-mer identity bias
[2026-03-26 11:23:23] DEBUG: Initial divergence estimate : 0.00908583
[2026-03-26 11:23:23] DEBUG: Relative threshold: Y
[2026-03-26 11:23:23] DEBUG: Max divergence threshold set to 0.0390858
[2026-03-26 11:23:23] INFO: Extending reads
[2026-03-26 11:23:23] DEBUG: Estimating overlap coverage
[2026-03-26 11:24:16] INFO: Overlap-based coverage: 37
[2026-03-26 11:24:16] INFO: Median overlap divergence: 0.00882537
[2026-03-26 11:24:16] DEBUG: Sequence divergence distribution: 

    | *     |                                                                                            
    | *     |                                                                                            
    | *     |                                                                                            
    | *     |                                                                                            
    | *     |                                                                                            
    | *     |                                                                                            
    | *     |                                                                                            
    | *     |                                                                                            
    | *     |                                                                                            
    | *     |                                                                                            
    | *     |                                                                                            
    |***    |                                                                                            
    |***    |                                                                                            
    |***    |                                                                                            
    |***    |                                                                                            
    |****   |                                                                                            
    |****   |                                                                                            
    |*****  |                                                                                            
    |****** |                                                                                            
    |***************** *****       *                                                                     
    ----------------------------------------------------------------------------------------------------
    0%        5%        10%       15%       20%       25%       30%       35%       40%       45%       

    Q25 = 0.006, Q50 = 0.0088, Q75 = 0.015

[2026-03-26 11:25:07] DEBUG: Assembled disjointig 1
	With 308 reads
	Start read: +d9f8264b-98c2-4734-8680-43c8fc4dff60
	At position: 209
	leftTip: 0 rightTip: 0
	Suspicious: 0
	Short ext: 0
	Mean extensions: 32
	Avg overlap len: 32336
	Min overlap len: 10011
	Inner reads: 0
	Length: 3806368
[2026-03-26 11:25:07] DEBUG: Inner: 18516 covered: 18746 total: 30956
[2026-03-26 11:25:08] DEBUG: Assembled disjointig 2
	With 13 reads
	Start read: +ee3ce4a5-5f85-4a31-a43d-105eb22b86a2
	At position: 8
	leftTip: 0 rightTip: 0
	Suspicious: 1
	Short ext: 1
	Mean extensions: 52
	Avg overlap len: 9575
	Min overlap len: 4847
	Inner reads: 0
	Length: 37614
[2026-03-26 11:25:08] DEBUG: Inner: 18824 covered: 19058 total: 30956
[2026-03-26 11:25:35] DEBUG: Assembled disjointig 3
	With 192 reads
	Start read: +5d5fb2bf-823d-40ed-9ccc-c9fb48573352
	At position: 184
	leftTip: 0 rightTip: 0
	Suspicious: 1
	Short ext: 1
	Mean extensions: 29
	Avg overlap len: 32570
	Min overlap len: 1851
	Inner reads: 0
	Length: 2446302
[2026-03-26 11:25:35] DEBUG: Inner: 29052 covered: 29426 total: 30956
[2026-03-26 11:25:38] DEBUG: Assembled disjointig 4
	With 16 reads
	Start read: +33791b47-89ea-4baf-85f4-4d41c2e8337d
	At position: 13
	leftTip: 1 rightTip: 0
	Suspicious: 11
	Short ext: 0
	Mean extensions: 7
	Avg overlap len: 11128
	Min overlap len: 7072
	Inner reads: 0
	Length: 122113
[2026-03-26 11:25:38] DEBUG: Inner: 29156 covered: 29584 total: 30956
[2026-03-26 11:26:24] INFO: Assembled 4 disjointigs
[2026-03-26 11:26:24] INFO: Generating sequence
[2026-03-26 11:26:26] DEBUG: Building positional index
[2026-03-26 11:26:26] DEBUG: Total sequence: 6411945 bp
[2026-03-26 11:26:27] DEBUG: Mean k-mer frequency: 1.0681
[2026-03-26 11:26:27] DEBUG: Repetitive k-mer frequency: 106
[2026-03-26 11:26:27] DEBUG: Filtered 0 repetitive k-mers (0)
[2026-03-26 11:26:27] DEBUG: Sorting k-mer index
[2026-03-26 11:26:27] DEBUG: Selected k-mers: 1091798
[2026-03-26 11:26:27] DEBUG: K-mer index size: 1166150
[2026-03-26 11:26:27] DEBUG: Mean k-mer frequency: 1.0681
[2026-03-26 11:26:27] DEBUG: Minimizer rate: 5.49839
[2026-03-26 11:26:27] INFO: Filtering contained disjointigs
[2026-03-26 11:26:30] DEBUG: Computing transitive closure for overlaps
[2026-03-26 11:26:30] DEBUG: Found 12 overlaps
[2026-03-26 11:26:30] DEBUG: Left 12 overlaps after filtering
[2026-03-26 11:26:30] INFO: Contained seqs: 0
[2026-03-26 11:26:30] DEBUG: Writing FASTA
[2026-03-26 11:26:30] DEBUG: Peak RAM usage: 0 Gb
-----------End assembly log------------
[2026-03-26 11:26:31] root: DEBUG: Disjointigs length: 6411945, N50: 3805913
[2026-03-26 11:26:31] root: INFO: >>>STAGE: consensus
[2026-03-26 11:26:31] root: INFO: Running Minimap2
[2026-03-26 11:28:23] root: INFO: Computing consensus
[2026-03-26 11:30:04] root: INFO: Alignment error rate: 0.013594
[2026-03-26 11:30:04] root: INFO: >>>STAGE: repeat
[2026-03-26 11:30:04] root: INFO: Building and resolving repeat graph
[2026-03-26 11:30:04] root: DEBUG: -----Begin repeat analyser log------
[2026-03-26 11:30:04] root: DEBUG: Running: flye-modules repeat --disjointigs /data/djs217/PROJECTS/vibrio/P0232_251203_11813_10386/12_filtlong/02_hybracter/hybracter_out/processing/assemblies/EXE_13_2025_A/10-consensus/consensus.fasta --reads /data/djs217/PROJECTS/vibrio/P0232_251203_11813_10386/12_filtlong/02_hybracter/hybracter_out/processing/qc/EXE_13_2025_A_filt_trim.fastq.gz --out-dir /data/djs217/PROJECTS/vibrio/P0232_251203_11813_10386/12_filtlong/02_hybracter/hybracter_out/processing/assemblies/EXE_13_2025_A/20-repeat --config /data/djs217/miniconda3/envs/hybracter_env/lib/python3.11/site-packages/hybracter/workflow/conda/867e79b85cea33b7804e36b625a69929_/lib/python3.12/site-packages/flye/config/bin_cfg/asm_nano_hq.cfg --log /data/djs217/PROJECTS/vibrio/P0232_251203_11813_10386/12_filtlong/02_hybracter/hybracter_out/processing/assemblies/EXE_13_2025_A/flye.log --threads 1 --min-ovlp 7000
[2026-03-26 11:30:04] DEBUG: Build date: May  4 2025 23:18:08
[2026-03-26 11:30:04] DEBUG: Total RAM: 31 Gb
[2026-03-26 11:30:04] DEBUG: Available RAM: 29 Gb
[2026-03-26 11:30:04] DEBUG: Total CPUs: 16
[2026-03-26 11:30:04] DEBUG: Loading /data/djs217/miniconda3/envs/hybracter_env/lib/python3.11/site-packages/hybracter/workflow/conda/867e79b85cea33b7804e36b625a69929_/lib/python3.12/site-packages/flye/config/bin_cfg/asm_nano_hq.cfg
[2026-03-26 11:30:04] DEBUG: Loading /data/djs217/miniconda3/envs/hybracter_env/lib/python3.11/site-packages/hybracter/workflow/conda/867e79b85cea33b7804e36b625a69929_/lib/python3.12/site-packages/flye/config/bin_cfg/asm_defaults.cfg
[2026-03-26 11:30:04] DEBUG: 	big_genome_threshold=29000000
[2026-03-26 11:30:04] DEBUG: 	meta_read_filter_kmer_freq=100
[2026-03-26 11:30:04] DEBUG: 	chain_large_gap_penalty=2
[2026-03-26 11:30:04] DEBUG: 	chain_small_gap_penalty=0.5
[2026-03-26 11:30:04] DEBUG: 	chain_gap_jump_threshold=100
[2026-03-26 11:30:04] DEBUG: 	max_jump_gap=500
[2026-03-26 11:30:04] DEBUG: 	max_coverage_drop_rate=5
[2026-03-26 11:30:04] DEBUG: 	max_extensions_drop_rate=5
[2026-03-26 11:30:04] DEBUG: 	chimera_window=100
[2026-03-26 11:30:04] DEBUG: 	chimera_overhang=1000
[2026-03-26 11:30:04] DEBUG: 	min_reads_in_disjointig=4
[2026-03-26 11:30:04] DEBUG: 	max_inner_reads=10
[2026-03-26 11:30:04] DEBUG: 	max_inner_fraction=0.25
[2026-03-26 11:30:04] DEBUG: 	aggressive_dup_filter=1
[2026-03-26 11:30:04] DEBUG: 	max_separation=500
[2026-03-26 11:30:04] DEBUG: 	unique_edge_length=50000
[2026-03-26 11:30:04] DEBUG: 	min_repeat_res_support=0.51
[2026-03-26 11:30:04] DEBUG: 	out_paths_ratio=5
[2026-03-26 11:30:04] DEBUG: 	graph_cov_drop_rate=5
[2026-03-26 11:30:04] DEBUG: 	coverage_estimate_window=100
[2026-03-26 11:30:04] DEBUG: 	max_bubble_length=50000
[2026-03-26 11:30:04] DEBUG: 	loop_coverage_rate=1.5
[2026-03-26 11:30:04] DEBUG: 	repeat_edge_cov_mult=1.75
[2026-03-26 11:30:04] DEBUG: 	weak_detach_rate=5
[2026-03-26 11:30:04] DEBUG: 	tip_coverage_rate=2
[2026-03-26 11:30:04] DEBUG: 	tip_length_rate=2
[2026-03-26 11:30:04] DEBUG: 	output_gfa_before_rr=1
[2026-03-26 11:30:04] DEBUG: 	remove_alt_edges=0
[2026-03-26 11:30:04] DEBUG: 	low_cutoff_warning=0
[2026-03-26 11:30:04] DEBUG: 	kmer_size=17
[2026-03-26 11:30:04] DEBUG: 	use_minimizers=1
[2026-03-26 11:30:04] DEBUG: 	minimizer_window=10
[2026-03-26 11:30:04] DEBUG: 	reads_base_alignment=1
[2026-03-26 11:30:04] DEBUG: 	meta_read_top_kmer_rate=0.75
[2026-03-26 11:30:04] DEBUG: 	maximum_jump=1500
[2026-03-26 11:30:04] DEBUG: 	maximum_overhang=1500
[2026-03-26 11:30:04] DEBUG: 	repeat_kmer_rate=100
[2026-03-26 11:30:04] DEBUG: 	assemble_ovlp_divergence=0.03
[2026-03-26 11:30:04] DEBUG: 	assemble_divergence_relative=1
[2026-03-26 11:30:04] DEBUG: 	repeat_graph_ovlp_divergence=0.03
[2026-03-26 11:30:04] DEBUG: 	read_align_ovlp_divergence=0.10
[2026-03-26 11:30:04] DEBUG: 	hpc_scoring_on=1
[2026-03-26 11:30:04] DEBUG: 	add_unassembled_reads=0
[2026-03-26 11:30:04] DEBUG: 	extend_contigs_with_repeats=0
[2026-03-26 11:30:04] DEBUG: 	min_read_cov_cutoff=3
[2026-03-26 11:30:04] DEBUG: 	short_tip_length=20000
[2026-03-26 11:30:04] DEBUG: 	long_tip_length=100000
[2026-03-26 11:30:04] DEBUG: Running with k-mer size: 17
[2026-03-26 11:30:04] DEBUG: Selected minimum overlap 7000
[2026-03-26 11:30:04] DEBUG: Metagenome mode: N
[2026-03-26 11:30:04] INFO: Parsing disjointigs
[2026-03-26 11:30:04] DEBUG: Building positional index
[2026-03-26 11:30:04] DEBUG: Total sequence: 6395300 bp
[2026-03-26 11:30:04] INFO: Building repeat graph
[2026-03-26 11:30:05] DEBUG: Mean k-mer frequency: 1.0694
[2026-03-26 11:30:05] DEBUG: Repetitive k-mer frequency: 106
[2026-03-26 11:30:05] DEBUG: Filtered 0 repetitive k-mers (0)
[2026-03-26 11:30:05] DEBUG: Sorting k-mer index
[2026-03-26 11:30:05] DEBUG: Selected k-mers: 1087876
[2026-03-26 11:30:05] DEBUG: K-mer index size: 1163375
[2026-03-26 11:30:05] DEBUG: Mean k-mer frequency: 1.0694
[2026-03-26 11:30:05] DEBUG: Minimizer rate: 5.4972
[2026-03-26 11:30:08] DEBUG: Computing transitive closure for overlaps
[2026-03-26 11:30:08] DEBUG: Found 56 overlaps
[2026-03-26 11:30:08] DEBUG: Left 28 overlaps after filtering
[2026-03-26 11:30:08] INFO: Median overlap divergence: 0.00338326
[2026-03-26 11:30:08] DEBUG: Sequence divergence distribution: 

    |*     |                                                                                             
    |*     |                                                                                             
    |*     |                                                                                             
    |*     |                                                                                             
    |*     |                                                                                             
    |*     |                                                                                             
    |*     |                                                                                             
    |*     |                                                                                             
    |*     |                                                                                             
    |*     |                                                                                             
    |*     |                                                                                             
    |*     |                                                                                             
    |*     |                                                                                             
    |*     |                                                                                             
    |*     |                                                                                             
    |*     |                                                                                             
    |**  * |                                                                                             
    |**  * |                                                                                             
    |**  * *                                                                                             
    |**  * *                                                                                             
    ----------------------------------------------------------------------------------------------------
    0%        5%        10%       15%       20%       25%       30%       35%       40%       45%       

    Q25 = 0.00068, Q50 = 0.0034, Q75 = 0.0071

[2026-03-26 11:30:08] DEBUG: Computing gluepoints
[2026-03-26 11:30:08] DEBUG: Added 0 gluepoint projections
[2026-03-26 11:30:08] DEBUG: Created 64 gluepoints
[2026-03-26 11:30:08] DEBUG: Artificial loops removed: 0 left, 0 right, 0 both
[2026-03-26 11:30:08] DEBUG: Initializing edges
[2026-03-26 11:30:08] DEBUG: Edges length checksum: 3202886859
[2026-03-26 11:30:08] DEBUG: Filtered 0 singleton segments
[2026-03-26 11:30:08] DEBUG: Removed 0 simple and 0 double chimeric junctions
[2026-03-26 11:30:08] DEBUG: Collapsed 6 edges
[2026-03-26 11:30:08] DEBUG:  	2	+disjointig_1	41173	42668	1495	
[2026-03-26 11:30:08] DEBUG: *	18	+disjointig_1	42668	390563	347895	
[2026-03-26 11:30:08] DEBUG:  	2	+disjointig_1	390563	392059	1496	
[2026-03-26 11:30:08] DEBUG: *	6	+disjointig_1	392059	3041438	2649379	
[2026-03-26 11:30:08] DEBUG:  	7	+disjointig_1	3041438	3052592	11154	
[2026-03-26 11:30:08] DEBUG: *	-8	+disjointig_1	3052592	3224544	171952	
[2026-03-26 11:30:08] DEBUG:  	7	+disjointig_1	3224544	3235483	10939	
[2026-03-26 11:30:08] DEBUG: *	-3	+disjointig_1	3235483	3758837	523354	
[2026-03-26 11:30:08] DEBUG:  	2	+disjointig_1	3758837	3760333	1496	
[2026-03-26 11:30:08] DEBUG:  	19	+disjointig_2	7193	29573	22380	
[2026-03-26 11:30:08] DEBUG: *	12	+disjointig_3	35893	39071	3178	
[2026-03-26 11:30:08] DEBUG: *	20	+disjointig_3	39071	2389786	2350715	
[2026-03-26 11:30:08] DEBUG: *	13	+disjointig_3	2389786	2403746	13960	
[2026-03-26 11:30:08] DEBUG: *	21	+disjointig_4	27780	122112	94332	
[2026-03-26 11:30:08] DEBUG: Total edges: 21
[2026-03-26 11:30:08] INFO: Parsing reads
[2026-03-26 11:30:12] DEBUG: Building positional index
[2026-03-26 11:30:12] DEBUG: Total sequence: 275749365 bp
[2026-03-26 11:30:12] DEBUG: Building positional index
[2026-03-26 11:30:12] DEBUG: Total sequence: 6203725 bp
[2026-03-26 11:30:12] INFO: Aligning reads to the graph
[2026-03-26 11:30:12] DEBUG: Mean k-mer frequency: 1.03816
[2026-03-26 11:30:12] DEBUG: Repetitive k-mer frequency: 103
[2026-03-26 11:30:12] DEBUG: Filtered 0 repetitive k-mers (0)
[2026-03-26 11:30:13] DEBUG: Sorting k-mer index
[2026-03-26 11:30:13] DEBUG: Selected k-mers: 1086968
[2026-03-26 11:30:13] DEBUG: K-mer index size: 1128443
[2026-03-26 11:30:13] DEBUG: Mean k-mer frequency: 1.03816
[2026-03-26 11:30:13] DEBUG: Minimizer rate: 5.4976
[2026-03-26 11:31:36] DEBUG: Total reads : 15478
[2026-03-26 11:31:36] DEBUG: Read with aligned parts : 15088
[2026-03-26 11:31:36] DEBUG: Aligned in one piece : 14875
[2026-03-26 11:31:36] INFO: Aligned read sequence: 240409810 / 245293216 (0.980092)
[2026-03-26 11:31:36] INFO: Median overlap divergence: 0.00410336
[2026-03-26 11:31:36] DEBUG: Sequence divergence distribution: 

    |*                   |                                                                               
    |*                   |                                                                               
    |*                   |                                                                               
    |*                   |                                                                               
    |*                   |                                                                               
    |*                   |                                                                               
    |*                   |                                                                               
    |*                   |                                                                               
    |*                   |                                                                               
    |*                   |                                                                               
    |*                   |                                                                               
    |*                   |                                                                               
    |**                  |                                                                               
    |**                  |                                                                               
    |**                  |                                                                               
    |**                  |                                                                               
    |**                  |                                                                               
    |***                 |                                                                               
    |****                |                                                                               
    |****************** *|*                                                                              
    ----------------------------------------------------------------------------------------------------
    0%        5%        10%       15%       20%       25%       30%       35%       40%       45%       

    Q25 = 0.0025, Q50 = 0.0041, Q75 = 0.0075

[2026-03-26 11:31:36] INFO: Mean edge coverage: 38
[2026-03-26 11:31:36] DEBUG: 2	len:1495	cov:70	mult:1.84211
[2026-03-26 11:31:36] DEBUG: -2	len:1495	cov:70	mult:1.84211
[2026-03-26 11:31:36] DEBUG: 3	len:523354	cov:43	mult:1.13158
[2026-03-26 11:31:36] DEBUG: -3	len:523354	cov:43	mult:1.13158
[2026-03-26 11:31:36] DEBUG: 6	len:2649379	cov:39	mult:1.02632
[2026-03-26 11:31:36] DEBUG: -6	len:2649379	cov:39	mult:1.02632
[2026-03-26 11:31:36] DEBUG: 7	len:11046	cov:119	mult:3.13158
[2026-03-26 11:31:36] DEBUG: -7	len:11046	cov:119	mult:3.13158
[2026-03-26 11:31:36] DEBUG: 8	len:171952	cov:50	mult:1.31579
[2026-03-26 11:31:36] DEBUG: -8	len:171952	cov:50	mult:1.31579
[2026-03-26 11:31:36] DEBUG: 12	len:3178	cov:0	mult:0
[2026-03-26 11:31:36] DEBUG: -12	len:3178	cov:0	mult:0
[2026-03-26 11:31:36] DEBUG: 13	len:13960	cov:37	mult:0.973684
[2026-03-26 11:31:36] DEBUG: -13	len:13960	cov:37	mult:0.973684
[2026-03-26 11:31:36] DEBUG: 18	len:347895	cov:40	mult:1.05263
[2026-03-26 11:31:36] DEBUG: -18	len:347895	cov:40	mult:1.05263
[2026-03-26 11:31:36] DEBUG: 19	len:11190	cov:140	mult:3.68421
[2026-03-26 11:31:36] DEBUG: -19	len:11190	cov:140	mult:3.68421
[2026-03-26 11:31:36] DEBUG: 20	len:2350715	cov:36	mult:0.947368
[2026-03-26 11:31:36] DEBUG: -20	len:2350715	cov:36	mult:0.947368
[2026-03-26 11:31:36] DEBUG: 21	len:94332	cov:9	mult:0.236842
[2026-03-26 11:31:36] DEBUG: -21	len:94332	cov:9	mult:0.236842
[2026-03-26 11:31:36] DEBUG: Unique coverage threshold 75
[2026-03-26 11:31:36] INFO: Simplifying the graph
[2026-03-26 11:31:36] DEBUG: Read coverage cutoff: 8
[2026-03-26 11:31:36] DEBUG: [SIMPL] Removed 0 paths with low coverage
[2026-03-26 11:31:36] DEBUG: [SIMPL] Masked 0 heterozygous loops
[2026-03-26 11:31:36] DEBUG: Regular bubble: {20,2350715,36} {20,2350715,36}
[2026-03-26 11:31:36] DEBUG: 	Internal: {12,3178,0} {13,13960,37}
[2026-03-26 11:31:36] DEBUG: [SIMPL] Masked 1 simple bubbles
[2026-03-26 11:31:36] DEBUG: Finding repeats
[2026-03-26 11:31:36] DEBUG: Read coverage cutoff: 8
[2026-03-26 11:31:36] DEBUG: Low-coverage: 12 0
[2026-03-26 11:31:36] DEBUG: High-cov: 7	11046	119
[2026-03-26 11:31:36] DEBUG: Haplo-edge: 12
[2026-03-26 11:31:36] DEBUG: Haplo-edge: 13
[2026-03-26 11:31:36] DEBUG: High-cov: 19	11190	140
[2026-03-26 11:31:36] DEBUG: Repeat detection iteration 1
[2026-03-26 11:31:36] DEBUG: Starting 2 aln:74
[2026-03-26 11:31:36] DEBUG: 	      6	num:28	flank:14680	span:13
[2026-03-26 11:31:36] DEBUG: 	      18	num:35	flank:16588	span:12
[2026-03-26 11:31:36] DEBUG: Starting -2 aln:74
[2026-03-26 11:31:36] DEBUG: 	      -18	num:36	flank:16176	span:5
[2026-03-26 11:31:36] DEBUG: 	      3	num:33	flank:18083	span:1
[2026-03-26 11:31:36] DEBUG: Mult: 2	1495	70	 (1,1)
[2026-03-26 11:31:36] DEBUG: Writing Dot
[2026-03-26 11:31:36] DEBUG: Writing FASTA
[2026-03-26 11:31:36] DEBUG: Writing Gfa
[2026-03-26 11:31:36] DEBUG: [SIMPL] == Iteration 1 ==
[2026-03-26 11:31:36] DEBUG: Splitting nodes
[2026-03-26 11:31:36] DEBUG: [SIMPL] Split 0 nodes
[2026-03-26 11:31:36] DEBUG: [SIMPL] Clipped 0 short and 0 long tips
[2026-03-26 11:31:36] DEBUG: [SIMPL] Masked 0 heterozygous loops
[2026-03-26 11:31:36] DEBUG: Regular bubble: {20,2350715,36} {20,2350715,36}
[2026-03-26 11:31:36] DEBUG: 	Internal: {12,3178,0} {13,13960,37}
[2026-03-26 11:31:36] DEBUG: [SIMPL] Masked 1 simple bubbles
[2026-03-26 11:31:36] DEBUG: Finding repeats
[2026-03-26 11:31:36] DEBUG: Read coverage cutoff: 8
[2026-03-26 11:31:36] DEBUG: Low-coverage: 12 0
[2026-03-26 11:31:36] DEBUG: High-cov: 7	11046	119
[2026-03-26 11:31:36] DEBUG: Haplo-edge: 12
[2026-03-26 11:31:36] DEBUG: Haplo-edge: 13
[2026-03-26 11:31:36] DEBUG: High-cov: 19	11190	140
[2026-03-26 11:31:36] DEBUG: Repeat detection iteration 1
[2026-03-26 11:31:36] DEBUG: Starting 2 aln:74
[2026-03-26 11:31:36] DEBUG: 	      6	num:28	flank:14680	span:13
[2026-03-26 11:31:36] DEBUG: 	      18	num:35	flank:16588	span:12
[2026-03-26 11:31:36] DEBUG: Starting -2 aln:74
[2026-03-26 11:31:36] DEBUG: 	      -18	num:36	flank:16176	span:5
[2026-03-26 11:31:36] DEBUG: 	      3	num:33	flank:18083	span:1
[2026-03-26 11:31:36] DEBUG: Mult: 2	1495	70	 (1,1)
[2026-03-26 11:31:36] DEBUG: Total unique edges: 6
[2026-03-26 11:31:36] DEBUG: 	Connection 8	-6	16	1
[2026-03-26 11:31:36] DEBUG: 	Connection -6	-18	23	1
[2026-03-26 11:31:36] DEBUG: 	Connection -18	3	30	1
[2026-03-26 11:31:36] DEBUG: 	Connection 3	8	25	1
[2026-03-26 11:31:36] DEBUG: [SIMPL] Resolved repeats: 4
[2026-03-26 11:31:36] DEBUG: RR links: 188
[2026-03-26 11:31:36] DEBUG: Unresolved: 0
[2026-03-26 11:31:36] DEBUG: Removed 0 simple and 0 double chimeric junctions
[2026-03-26 11:31:36] DEBUG: [SIMPL] == Iteration 2 ==
[2026-03-26 11:31:36] DEBUG: Splitting nodes
[2026-03-26 11:31:36] DEBUG: [SIMPL] Split 0 nodes
[2026-03-26 11:31:36] DEBUG: [SIMPL] Clipped 0 short and 0 long tips
[2026-03-26 11:31:36] DEBUG: [SIMPL] Masked 0 heterozygous loops
[2026-03-26 11:31:36] DEBUG: Regular bubble: {20,2350715,36} {20,2350715,36}
[2026-03-26 11:31:36] DEBUG: 	Internal: {12,3178,0} {13,13960,37}
[2026-03-26 11:31:36] DEBUG: [SIMPL] Masked 1 simple bubbles
[2026-03-26 11:31:36] DEBUG: Finding repeats
[2026-03-26 11:31:36] DEBUG: Read coverage cutoff: 8
[2026-03-26 11:31:36] DEBUG: Low-coverage: 12 0
[2026-03-26 11:31:36] DEBUG: Haplo-edge: 12
[2026-03-26 11:31:36] DEBUG: Haplo-edge: 13
[2026-03-26 11:31:36] DEBUG: High-cov: 19	11190	140
[2026-03-26 11:31:36] DEBUG: Repeat detection iteration 1
[2026-03-26 11:31:36] DEBUG: Total unique edges: 10
[2026-03-26 11:31:36] DEBUG: [SIMPL] Resolved repeats: 0
[2026-03-26 11:31:36] DEBUG: RR links: 0
[2026-03-26 11:31:36] DEBUG: Unresolved: 0
[2026-03-26 11:31:36] DEBUG: Removed 0 simple and 0 double chimeric junctions
[2026-03-26 11:31:36] DEBUG: [SIMPL] Collapsed 1 haplotypes
[2026-03-26 11:31:36] DEBUG: [SIMPL] Resolved 0 simple repeats
[2026-03-26 11:31:36] DEBUG: Read coverage cutoff: 8
[2026-03-26 11:31:36] DEBUG: [SIMPL] Removed 0 paths with low coverage
[2026-03-26 11:31:36] DEBUG: Finding repeats
[2026-03-26 11:31:36] DEBUG: Read coverage cutoff: 8
[2026-03-26 11:31:36] DEBUG: Low-coverage: 12 0
[2026-03-26 11:31:36] DEBUG: Haplo-edge: 12
[2026-03-26 11:31:36] DEBUG: Haplo-edge: 13
[2026-03-26 11:31:36] DEBUG: High-cov: 19	11190	140
[2026-03-26 11:31:36] DEBUG: Repeat detection iteration 1
[2026-03-26 11:31:36] DEBUG: Writing Dot
[2026-03-26 11:31:36] DEBUG: Writing FASTA
[2026-03-26 11:31:36] DEBUG: Peak RAM usage: 0 Gb
-----------End assembly log------------
[2026-03-26 11:31:36] root: INFO: >>>STAGE: contigger
[2026-03-26 11:31:36] root: INFO: Generating contigs
[2026-03-26 11:31:36] root: DEBUG: -----Begin contigger analyser log------
[2026-03-26 11:31:36] root: DEBUG: Running: flye-modules contigger --graph-edges /data/djs217/PROJECTS/vibrio/P0232_251203_11813_10386/12_filtlong/02_hybracter/hybracter_out/processing/assemblies/EXE_13_2025_A/20-repeat/repeat_graph_edges.fasta --reads /data/djs217/PROJECTS/vibrio/P0232_251203_11813_10386/12_filtlong/02_hybracter/hybracter_out/processing/qc/EXE_13_2025_A_filt_trim.fastq.gz --out-dir /data/djs217/PROJECTS/vibrio/P0232_251203_11813_10386/12_filtlong/02_hybracter/hybracter_out/processing/assemblies/EXE_13_2025_A/30-contigger --config /data/djs217/miniconda3/envs/hybracter_env/lib/python3.11/site-packages/hybracter/workflow/conda/867e79b85cea33b7804e36b625a69929_/lib/python3.12/site-packages/flye/config/bin_cfg/asm_nano_hq.cfg --repeat-graph /data/djs217/PROJECTS/vibrio/P0232_251203_11813_10386/12_filtlong/02_hybracter/hybracter_out/processing/assemblies/EXE_13_2025_A/20-repeat/repeat_graph_dump --graph-aln /data/djs217/PROJECTS/vibrio/P0232_251203_11813_10386/12_filtlong/02_hybracter/hybracter_out/processing/assemblies/EXE_13_2025_A/20-repeat/read_alignment_dump --log /data/djs217/PROJECTS/vibrio/P0232_251203_11813_10386/12_filtlong/02_hybracter/hybracter_out/processing/assemblies/EXE_13_2025_A/flye.log --threads 1 --min-ovlp 7000
[2026-03-26 11:31:36] DEBUG: Build date: May  4 2025 23:18:25
[2026-03-26 11:31:36] DEBUG: Total RAM: 31 Gb
[2026-03-26 11:31:36] DEBUG: Available RAM: 29 Gb
[2026-03-26 11:31:36] DEBUG: Total CPUs: 16
[2026-03-26 11:31:36] DEBUG: Loading /data/djs217/miniconda3/envs/hybracter_env/lib/python3.11/site-packages/hybracter/workflow/conda/867e79b85cea33b7804e36b625a69929_/lib/python3.12/site-packages/flye/config/bin_cfg/asm_nano_hq.cfg
[2026-03-26 11:31:36] DEBUG: Loading /data/djs217/miniconda3/envs/hybracter_env/lib/python3.11/site-packages/hybracter/workflow/conda/867e79b85cea33b7804e36b625a69929_/lib/python3.12/site-packages/flye/config/bin_cfg/asm_defaults.cfg
[2026-03-26 11:31:36] DEBUG: 	big_genome_threshold=29000000
[2026-03-26 11:31:36] DEBUG: 	meta_read_filter_kmer_freq=100
[2026-03-26 11:31:36] DEBUG: 	chain_large_gap_penalty=2
[2026-03-26 11:31:36] DEBUG: 	chain_small_gap_penalty=0.5
[2026-03-26 11:31:36] DEBUG: 	chain_gap_jump_threshold=100
[2026-03-26 11:31:36] DEBUG: 	max_jump_gap=500
[2026-03-26 11:31:36] DEBUG: 	max_coverage_drop_rate=5
[2026-03-26 11:31:36] DEBUG: 	max_extensions_drop_rate=5
[2026-03-26 11:31:36] DEBUG: 	chimera_window=100
[2026-03-26 11:31:36] DEBUG: 	chimera_overhang=1000
[2026-03-26 11:31:36] DEBUG: 	min_reads_in_disjointig=4
[2026-03-26 11:31:36] DEBUG: 	max_inner_reads=10
[2026-03-26 11:31:36] DEBUG: 	max_inner_fraction=0.25
[2026-03-26 11:31:36] DEBUG: 	aggressive_dup_filter=1
[2026-03-26 11:31:36] DEBUG: 	max_separation=500
[2026-03-26 11:31:36] DEBUG: 	unique_edge_length=50000
[2026-03-26 11:31:36] DEBUG: 	min_repeat_res_support=0.51
[2026-03-26 11:31:36] DEBUG: 	out_paths_ratio=5
[2026-03-26 11:31:36] DEBUG: 	graph_cov_drop_rate=5
[2026-03-26 11:31:36] DEBUG: 	coverage_estimate_window=100
[2026-03-26 11:31:36] DEBUG: 	max_bubble_length=50000
[2026-03-26 11:31:36] DEBUG: 	loop_coverage_rate=1.5
[2026-03-26 11:31:36] DEBUG: 	repeat_edge_cov_mult=1.75
[2026-03-26 11:31:36] DEBUG: 	weak_detach_rate=5
[2026-03-26 11:31:36] DEBUG: 	tip_coverage_rate=2
[2026-03-26 11:31:36] DEBUG: 	tip_length_rate=2
[2026-03-26 11:31:36] DEBUG: 	output_gfa_before_rr=1
[2026-03-26 11:31:36] DEBUG: 	remove_alt_edges=0
[2026-03-26 11:31:36] DEBUG: 	low_cutoff_warning=0
[2026-03-26 11:31:36] DEBUG: 	kmer_size=17
[2026-03-26 11:31:36] DEBUG: 	use_minimizers=1
[2026-03-26 11:31:36] DEBUG: 	minimizer_window=10
[2026-03-26 11:31:36] DEBUG: 	reads_base_alignment=1
[2026-03-26 11:31:36] DEBUG: 	meta_read_top_kmer_rate=0.75
[2026-03-26 11:31:36] DEBUG: 	maximum_jump=1500
[2026-03-26 11:31:36] DEBUG: 	maximum_overhang=1500
[2026-03-26 11:31:36] DEBUG: 	repeat_kmer_rate=100
[2026-03-26 11:31:36] DEBUG: 	assemble_ovlp_divergence=0.03
[2026-03-26 11:31:36] DEBUG: 	assemble_divergence_relative=1
[2026-03-26 11:31:36] DEBUG: 	repeat_graph_ovlp_divergence=0.03
[2026-03-26 11:31:36] DEBUG: 	read_align_ovlp_divergence=0.10
[2026-03-26 11:31:36] DEBUG: 	hpc_scoring_on=1
[2026-03-26 11:31:36] DEBUG: 	add_unassembled_reads=0
[2026-03-26 11:31:36] DEBUG: 	extend_contigs_with_repeats=0
[2026-03-26 11:31:36] DEBUG: 	min_read_cov_cutoff=3
[2026-03-26 11:31:36] DEBUG: 	short_tip_length=20000
[2026-03-26 11:31:36] DEBUG: 	long_tip_length=100000
[2026-03-26 11:31:36] DEBUG: Running with k-mer size: 17
[2026-03-26 11:31:36] DEBUG: Selected minimum overlap 7000
[2026-03-26 11:31:36] INFO: Reading sequences
[2026-03-26 11:31:40] DEBUG: Building positional index
[2026-03-26 11:31:40] DEBUG: Total sequence: 275749365 bp
[2026-03-26 11:31:40] DEBUG: Flipped 0
[2026-03-26 11:31:40] DEBUG: UPath 1: -25 -> 8 -> 22 -> -6 -> 23 -> -18 -> -24 -> 3
[2026-03-26 11:31:40] DEBUG: UPath 2: 12
[2026-03-26 11:31:40] DEBUG: UPath 3: 13
[2026-03-26 11:31:40] DEBUG: UPath 4: 19
[2026-03-26 11:31:40] DEBUG: UPath 5: 26 -> 20
[2026-03-26 11:31:40] DEBUG: UPath 6: 21
[2026-03-26 11:31:40] DEBUG: Final graph contains 6 egdes
[2026-03-26 11:31:40] DEBUG: Extending contigs into repeats
[2026-03-26 11:31:40] DEBUG: Covered 0 repetitive contigs
[2026-03-26 11:31:40] INFO: Generated 6 contigs
[2026-03-26 11:31:40] DEBUG: Writing FASTA
[2026-03-26 11:31:40] DEBUG: Generating scaffold connections
[2026-03-26 11:31:40] INFO: Added 0 scaffold connections
[2026-03-26 11:31:40] DEBUG: Writing Dot
[2026-03-26 11:31:40] DEBUG: Writing FASTA
[2026-03-26 11:31:40] DEBUG: Writing Gfa
[2026-03-26 11:31:40] DEBUG: Peak RAM usage: 0 Gb
-----------End assembly log------------
[2026-03-26 11:31:40] root: INFO: >>>STAGE: polishing
[2026-03-26 11:31:40] root: INFO: Polishing genome (1/1)
[2026-03-26 11:31:40] root: INFO: Running minimap2
[2026-03-26 11:33:32] root: INFO: Separating alignment into bubbles
[2026-03-26 11:35:44] root: DEBUG: Generated 431302 bubbles
[2026-03-26 11:35:44] root: DEBUG: Split 12 long bubbles
[2026-03-26 11:35:44] root: DEBUG: Skipped 0 empty bubbles
[2026-03-26 11:35:44] root: DEBUG: Skipped 1 bubbles with long branches
[2026-03-26 11:35:44] root: INFO: Alignment error rate: 0.007900
[2026-03-26 11:35:44] root: INFO: Correcting bubbles
[2026-03-26 11:38:34] root: DEBUG: Mean contig coverage: 45, selected threshold: 9
[2026-03-26 11:38:34] root: DEBUG: Filtered 0 contigs of total length 0
[2026-03-26 11:38:34] root: DEBUG: Generating polished GFA
[2026-03-26 11:38:39] root: DEBUG: 0 sequences remained unpolished
[2026-03-26 11:38:39] root: INFO: >>>STAGE: finalize
[2026-03-26 11:38:39] root: DEBUG: ---Output dir contents:----
[2026-03-26 11:38:39] root: DEBUG: EXE_13_2025_A/
[2026-03-26 11:38:39] root: DEBUG:     1.0 K       assembly_graph.gv
[2026-03-26 11:38:39] root: DEBUG:     6.0 M       assembly.fasta
[2026-03-26 11:38:39] root: DEBUG:     37.0 K      flye.log
[2026-03-26 11:38:39] root: DEBUG:     92.0 B      params.json
[2026-03-26 11:38:39] root: DEBUG:     5.0 M       assembly_graph.gfa
[2026-03-26 11:38:39] root: DEBUG:     40-polishing/
[2026-03-26 11:38:39] root: DEBUG:         144.0 B     filtered_contigs.fasta.fai
[2026-03-26 11:38:39] root: DEBUG:         6.0 M       filtered_contigs.fasta
[2026-03-26 11:38:39] root: DEBUG:         121.0 B     contigs_stats.txt
[2026-03-26 11:38:39] root: DEBUG:         2.0 M       base_coverage.bed.gz
[2026-03-26 11:38:39] root: DEBUG:         5.0 M       polished_edges.gfa
[2026-03-26 11:38:39] root: DEBUG:         36.0 K      minimap_1.bam.csi
[2026-03-26 11:38:39] root: DEBUG:         121.0 B     filtered_stats.txt
[2026-03-26 11:38:39] root: DEBUG:         180.0 B     edges_aln.bam.csi
[2026-03-26 11:38:39] root: DEBUG:         1.0 K       minimap.stderr
[2026-03-26 11:38:39] root: DEBUG:     30-contigger/
[2026-03-26 11:38:39] root: DEBUG:         0.0 B       scaffolds_links.txt
[2026-03-26 11:38:39] root: DEBUG:         5.0 M       contigs.fasta
[2026-03-26 11:38:39] root: DEBUG:         5.0 M       graph_final.gfa
[2026-03-26 11:38:39] root: DEBUG:         277.0 B     contigs_stats.txt
[2026-03-26 11:38:39] root: DEBUG:         172.0 B     contigs.fasta.fai
[2026-03-26 11:38:39] root: DEBUG:         1.0 K       graph_final.gv
[2026-03-26 11:38:39] root: DEBUG:         5.0 M       graph_final.fasta
[2026-03-26 11:38:39] root: DEBUG:     00-assembly/
[2026-03-26 11:38:39] root: DEBUG:         6.0 M       draft_assembly.fasta
[2026-03-26 11:38:39] root: DEBUG:         132.0 B     draft_assembly.fasta.fai
[2026-03-26 11:38:39] root: DEBUG:     10-consensus/
[2026-03-26 11:38:39] root: DEBUG:         6.0 M       consensus.fasta
[2026-03-26 11:38:39] root: DEBUG:         36.0 K      minimap.bam.csi
[2026-03-26 11:38:39] root: DEBUG:         1.0 K       minimap.stderr
[2026-03-26 11:38:39] root: DEBUG:     20-repeat/
[2026-03-26 11:38:39] root: DEBUG:         1.0 K       graph_after_rr.gv
[2026-03-26 11:38:39] root: DEBUG:         1.0 K       graph_before_rr.gv
[2026-03-26 11:38:39] root: DEBUG:         5.0 M       graph_before_rr.fasta
[2026-03-26 11:38:39] root: DEBUG:         2.0 K       repeat_graph_dump
[2026-03-26 11:38:39] root: DEBUG:         5.0 M       graph_before_rr.gfa
[2026-03-26 11:38:39] root: DEBUG:         4.0 M       read_alignment_dump
[2026-03-26 11:38:39] root: DEBUG:         6.0 M       repeat_graph_edges.fasta
[2026-03-26 11:38:39] root: DEBUG: --------------------------
[2026-03-26 11:38:39] root: INFO: Assembly statistics:

	Total length:	6194186
	Fragments:	5
	Fragments N50:	3717676
	Largest frg:	3717676
	Scaffolds:	0
	Mean coverage:	45

[2026-03-26 11:38:39] root: INFO: Final assembly: /data/djs217/PROJECTS/vibrio/P0232_251203_11813_10386/12_filtlong/02_hybracter/hybracter_out/processing/assemblies/EXE_13_2025_A/assembly.fasta
