[2026-03-26 22:18:07] INFO: Starting Flye 2.9.6-b1802
[2026-03-26 22:18:07] INFO: >>>STAGE: configure
[2026-03-26 22:18:07] INFO: Configuring run
[2026-03-26 22:18:11] INFO: Total read length: 183635646
[2026-03-26 22:18:11] INFO: Reads N50/N90: 10960 / 2924
[2026-03-26 22:18:11] INFO: Minimum overlap set to 3000
[2026-03-26 22:18:11] INFO: >>>STAGE: assembly
[2026-03-26 22:18:11] INFO: Assembling disjointigs
[2026-03-26 22:18:11] INFO: Reading sequences
[2026-03-26 22:18:14] INFO: Building minimizer index
[2026-03-26 22:18:14] INFO: Pre-calculating index storage
0% 10% 20% 30% 40% 50% 60% 70% 80% 90% 100% 
[2026-03-26 22:18:25] INFO: Filling index
0% 10% 20% 30% 40% 50% 60% 70% 80% 90% 100% 
[2026-03-26 22:19:07] INFO: Extending reads
[2026-03-26 22:19:40] INFO: Overlap-based coverage: 30
[2026-03-26 22:19:40] INFO: Median overlap divergence: 0.0113133
0% 60% 80% 90% 100% 
[2026-03-26 22:21:56] INFO: Assembled 3 disjointigs
[2026-03-26 22:21:56] INFO: Generating sequence
0% 10% 20% 30% 40% 50% 60% 70% 80% 90% 100% 
[2026-03-26 22:22:00] INFO: Filtering contained disjointigs
0% 30% 60% 100% 
[2026-03-26 22:22:01] INFO: Contained seqs: 0
[2026-03-26 22:22:01] INFO: >>>STAGE: consensus
[2026-03-26 22:22:01] INFO: Running Minimap2
[2026-03-26 22:23:11] INFO: Computing consensus
[2026-03-26 22:24:24] INFO: Alignment error rate: 0.023738
[2026-03-26 22:24:24] INFO: >>>STAGE: repeat
[2026-03-26 22:24:24] INFO: Building and resolving repeat graph
[2026-03-26 22:24:24] INFO: Parsing disjointigs
[2026-03-26 22:24:24] INFO: Building repeat graph
0% 30% 60% 100% 
[2026-03-26 22:24:26] INFO: Median overlap divergence: 0.0350061
[2026-03-26 22:24:26] INFO: Parsing reads
[2026-03-26 22:24:29] INFO: Aligning reads to the graph
0% 10% 20% 30% 40% 50% 60% 70% 80% 90% 100% 
[2026-03-26 22:25:52] INFO: Aligned read sequence: 159785373 / 164422352 (0.971798)
[2026-03-26 22:25:52] INFO: Median overlap divergence: 0.00472397
[2026-03-26 22:25:52] INFO: Mean edge coverage: 37
[2026-03-26 22:25:52] INFO: Simplifying the graph
[2026-03-26 22:25:52] INFO: >>>STAGE: contigger
[2026-03-26 22:25:52] INFO: Generating contigs
[2026-03-26 22:25:52] INFO: Reading sequences
[2026-03-26 22:25:55] INFO: Generated 4 contigs
[2026-03-26 22:25:55] INFO: Added 0 scaffold connections
[2026-03-26 22:25:55] INFO: >>>STAGE: polishing
[2026-03-26 22:25:55] INFO: Polishing genome (1/1)
[2026-03-26 22:25:55] INFO: Running minimap2
[2026-03-26 22:27:00] INFO: Separating alignment into bubbles
[2026-03-26 22:28:35] INFO: Alignment error rate: 0.016124
[2026-03-26 22:28:35] INFO: Correcting bubbles
0% 10% 20% 30% 40% 50% 60% 70% 80% 90% 100% 
[2026-03-26 22:30:37] INFO: >>>STAGE: finalize
[2026-03-26 22:30:37] INFO: Assembly statistics:

	Total length:	4301131
	Fragments:	3
	Fragments N50:	2934587
	Largest frg:	2934587
	Scaffolds:	0
	Mean coverage:	42

[2026-03-26 22:30:37] INFO: Final assembly: /data/djs217/PROJECTS/vibrio/P0232_251203_11813_10386/12_filtlong/02_hybracter/hybracter_out/processing/assemblies/EXE_23_2025_L/assembly.fasta
