[2026-03-26 13:51:30] INFO: Starting Flye 2.9.6-b1802
[2026-03-26 13:51:30] INFO: >>>STAGE: configure
[2026-03-26 13:51:30] INFO: Configuring run
[2026-03-26 13:51:33] INFO: Total read length: 162924744
[2026-03-26 13:51:33] INFO: Reads N50/N90: 21314 / 4493
[2026-03-26 13:51:33] INFO: Minimum overlap set to 4000
[2026-03-26 13:51:33] INFO: >>>STAGE: assembly
[2026-03-26 13:51:33] INFO: Assembling disjointigs
[2026-03-26 13:51:33] INFO: Reading sequences
[2026-03-26 13:51:35] INFO: Building minimizer index
[2026-03-26 13:51:35] INFO: Pre-calculating index storage
0% 10% 20% 30% 40% 50% 60% 70% 80% 90% 100% 
[2026-03-26 13:51:45] INFO: Filling index
0% 10% 20% 30% 40% 50% 60% 70% 80% 90% 100% 
[2026-03-26 13:52:40] INFO: Extending reads
[2026-03-26 13:53:21] INFO: Overlap-based coverage: 24
[2026-03-26 13:53:21] INFO: Median overlap divergence: 0.00990525
0% 50% 80% 100% 
[2026-03-26 13:55:06] INFO: Assembled 2 disjointigs
[2026-03-26 13:55:06] INFO: Generating sequence
0% 10% 20% 30% 40% 50% 60% 70% 80% 90% 100% 
[2026-03-26 13:55:08] INFO: Filtering contained disjointigs
0% 50% 100% 
[2026-03-26 13:55:10] INFO: Contained seqs: 0
[2026-03-26 13:55:10] INFO: >>>STAGE: consensus
[2026-03-26 13:55:10] INFO: Running Minimap2
[2026-03-26 13:56:10] INFO: Computing consensus
[2026-03-26 13:57:18] INFO: Alignment error rate: 0.021576
[2026-03-26 13:57:19] INFO: >>>STAGE: repeat
[2026-03-26 13:57:19] INFO: Building and resolving repeat graph
[2026-03-26 13:57:19] INFO: Parsing disjointigs
[2026-03-26 13:57:19] INFO: Building repeat graph
0% 50% 100% 
[2026-03-26 13:57:21] INFO: Median overlap divergence: 0.0215027
[2026-03-26 13:57:21] INFO: Parsing reads
[2026-03-26 13:57:23] INFO: Aligning reads to the graph
0% 10% 20% 30% 40% 50% 60% 70% 80% 90% 100% 
[2026-03-26 13:58:03] INFO: Aligned read sequence: 144564489 / 148568654 (0.973048)
[2026-03-26 13:58:03] INFO: Median overlap divergence: 0.00402385
[2026-03-26 13:58:03] INFO: Mean edge coverage: 29
[2026-03-26 13:58:03] INFO: Simplifying the graph
[2026-03-26 13:58:03] INFO: >>>STAGE: contigger
[2026-03-26 13:58:03] INFO: Generating contigs
[2026-03-26 13:58:03] INFO: Reading sequences
[2026-03-26 13:58:06] INFO: Generated 2 contigs
[2026-03-26 13:58:06] INFO: Added 0 scaffold connections
[2026-03-26 13:58:06] INFO: >>>STAGE: polishing
[2026-03-26 13:58:06] INFO: Polishing genome (1/1)
[2026-03-26 13:58:06] INFO: Running minimap2
[2026-03-26 13:59:08] INFO: Separating alignment into bubbles
[2026-03-26 14:00:33] INFO: Alignment error rate: 0.015431
[2026-03-26 14:00:33] INFO: Correcting bubbles
0% 10% 20% 30% 40% 50% 60% 70% 80% 90% 100% 
[2026-03-26 14:02:20] INFO: >>>STAGE: finalize
[2026-03-26 14:02:20] INFO: Assembly statistics:

	Total length:	4981340
	Fragments:	2
	Fragments N50:	3201230
	Largest frg:	3201230
	Scaffolds:	0
	Mean coverage:	32

[2026-03-26 14:02:20] INFO: Final assembly: /data/djs217/PROJECTS/vibrio/P0232_251203_11813_10386/12_filtlong/02_hybracter/hybracter_out/processing/assemblies/EXE_30_2025_R/assembly.fasta
