[2026-03-27 00:15:59] INFO: Starting Flye 2.9.6-b1802
[2026-03-27 00:15:59] INFO: >>>STAGE: configure
[2026-03-27 00:15:59] INFO: Configuring run
[2026-03-27 00:16:08] INFO: Total read length: 229968645
[2026-03-27 00:16:08] INFO: Reads N50/N90: 5297 / 1440
[2026-03-27 00:16:08] INFO: Minimum overlap set to 1000
[2026-03-27 00:16:08] INFO: >>>STAGE: assembly
[2026-03-27 00:16:08] INFO: Assembling disjointigs
[2026-03-27 00:16:08] INFO: Reading sequences
[2026-03-27 00:16:12] INFO: Building minimizer index
[2026-03-27 00:16:12] INFO: Pre-calculating index storage
0% 10% 20% 30% 40% 50% 60% 70% 80% 90% 100% 
[2026-03-27 00:16:30] INFO: Filling index
0% 10% 20% 30% 40% 50% 60% 70% 80% 90% 100% 
[2026-03-27 00:17:01] INFO: Extending reads
[2026-03-27 00:17:11] INFO: Overlap-based coverage: 33
[2026-03-27 00:17:11] INFO: Median overlap divergence: 0.0090566
0% 50% 80% 100% 
[2026-03-27 00:19:24] INFO: Assembled 3 disjointigs
[2026-03-27 00:19:24] INFO: Generating sequence
0% 10% 20% 30% 40% 50% 60% 70% 80% 90% 100% 
[2026-03-27 00:19:26] INFO: Filtering contained disjointigs
0% 30% 60% 100% 
[2026-03-27 00:19:27] INFO: Contained seqs: 0
[2026-03-27 00:19:28] INFO: >>>STAGE: consensus
[2026-03-27 00:19:28] INFO: Running Minimap2
[2026-03-27 00:21:11] INFO: Computing consensus
[2026-03-27 00:22:43] INFO: Alignment error rate: 0.020075
[2026-03-27 00:22:43] INFO: >>>STAGE: repeat
[2026-03-27 00:22:43] INFO: Building and resolving repeat graph
[2026-03-27 00:22:43] INFO: Parsing disjointigs
[2026-03-27 00:22:43] INFO: Building repeat graph
0% 30% 60% 100% 
[2026-03-27 00:22:48] INFO: Median overlap divergence: 0.118868
[2026-03-27 00:22:48] INFO: Parsing reads
[2026-03-27 00:22:52] INFO: Aligning reads to the graph
0% 10% 20% 30% 40% 50% 60% 70% 80% 90% 100% 
[2026-03-27 00:24:00] INFO: Aligned read sequence: 215104274 / 226828726 (0.948311)
[2026-03-27 00:24:01] INFO: Median overlap divergence: 0.00395882
[2026-03-27 00:24:01] INFO: Mean edge coverage: 39
[2026-03-27 00:24:01] INFO: Simplifying the graph
[2026-03-27 00:24:01] INFO: >>>STAGE: contigger
[2026-03-27 00:24:01] INFO: Generating contigs
[2026-03-27 00:24:01] INFO: Reading sequences
[2026-03-27 00:24:05] INFO: Generated 8 contigs
[2026-03-27 00:24:05] INFO: Added 0 scaffold connections
[2026-03-27 00:24:05] INFO: >>>STAGE: polishing
[2026-03-27 00:24:05] INFO: Polishing genome (1/1)
[2026-03-27 00:24:05] INFO: Running minimap2
[2026-03-27 00:25:45] INFO: Separating alignment into bubbles
[2026-03-27 00:27:49] INFO: Alignment error rate: 0.014045
[2026-03-27 00:27:49] INFO: Correcting bubbles
0% 10% 20% 30% 40% 50% 60% 70% 80% 90% 100% 
[2026-03-27 00:30:44] INFO: >>>STAGE: finalize
[2026-03-27 00:30:44] INFO: Assembly statistics:

	Total length:	5340507
	Fragments:	4
	Fragments N50:	3351842
	Largest frg:	3351842
	Scaffolds:	0
	Mean coverage:	43

[2026-03-27 00:30:44] INFO: Final assembly: /data/djs217/PROJECTS/vibrio/P0232_251203_11813_10386/12_filtlong/02_hybracter/hybracter_out/processing/assemblies/EXE_20_2025_B/assembly.fasta
