[2026-03-26 11:21:42] INFO: Starting Flye 2.9.6-b1802
[2026-03-26 11:21:42] INFO: >>>STAGE: configure
[2026-03-26 11:21:42] INFO: Configuring run
[2026-03-26 11:21:45] INFO: Total read length: 275749365
[2026-03-26 11:21:45] INFO: Reads N50/N90: 15904 / 6834
[2026-03-26 11:21:45] INFO: Minimum overlap set to 7000
[2026-03-26 11:21:45] INFO: >>>STAGE: assembly
[2026-03-26 11:21:45] INFO: Assembling disjointigs
[2026-03-26 11:21:45] INFO: Reading sequences
[2026-03-26 11:21:49] INFO: Building minimizer index
[2026-03-26 11:21:49] INFO: Pre-calculating index storage
0% 10% 20% 30% 40% 50% 60% 70% 80% 90% 100% 
[2026-03-26 11:22:05] INFO: Filling index
0% 10% 20% 30% 40% 50% 60% 70% 80% 90% 100% 
[2026-03-26 11:23:23] INFO: Extending reads
[2026-03-26 11:24:16] INFO: Overlap-based coverage: 37
[2026-03-26 11:24:16] INFO: Median overlap divergence: 0.00882537
0% 60% 90% 100% 
[2026-03-26 11:26:24] INFO: Assembled 4 disjointigs
[2026-03-26 11:26:24] INFO: Generating sequence
0% 10% 20% 30% 40% 50% 60% 70% 80% 90% 100% 
[2026-03-26 11:26:27] INFO: Filtering contained disjointigs
0% 20% 50% 70% 100% 
[2026-03-26 11:26:30] INFO: Contained seqs: 0
[2026-03-26 11:26:31] INFO: >>>STAGE: consensus
[2026-03-26 11:26:31] INFO: Running Minimap2
[2026-03-26 11:28:23] INFO: Computing consensus
[2026-03-26 11:30:04] INFO: Alignment error rate: 0.013594
[2026-03-26 11:30:04] INFO: >>>STAGE: repeat
[2026-03-26 11:30:04] INFO: Building and resolving repeat graph
[2026-03-26 11:30:04] INFO: Parsing disjointigs
[2026-03-26 11:30:04] INFO: Building repeat graph
0% 20% 50% 70% 100% 
[2026-03-26 11:30:08] INFO: Median overlap divergence: 0.00338326
[2026-03-26 11:30:08] INFO: Parsing reads
[2026-03-26 11:30:12] INFO: Aligning reads to the graph
0% 10% 20% 30% 40% 50% 60% 70% 80% 90% 100% 
[2026-03-26 11:31:36] INFO: Aligned read sequence: 240409810 / 245293216 (0.980092)
[2026-03-26 11:31:36] INFO: Median overlap divergence: 0.00410336
[2026-03-26 11:31:36] INFO: Mean edge coverage: 38
[2026-03-26 11:31:36] INFO: Simplifying the graph
[2026-03-26 11:31:36] INFO: >>>STAGE: contigger
[2026-03-26 11:31:36] INFO: Generating contigs
[2026-03-26 11:31:36] INFO: Reading sequences
[2026-03-26 11:31:40] INFO: Generated 6 contigs
[2026-03-26 11:31:40] INFO: Added 0 scaffold connections
[2026-03-26 11:31:40] INFO: >>>STAGE: polishing
[2026-03-26 11:31:40] INFO: Polishing genome (1/1)
[2026-03-26 11:31:40] INFO: Running minimap2
[2026-03-26 11:33:32] INFO: Separating alignment into bubbles
[2026-03-26 11:35:44] INFO: Alignment error rate: 0.007900
[2026-03-26 11:35:44] INFO: Correcting bubbles
0% 10% 20% 30% 40% 50% 60% 70% 80% 90% 100% 
[2026-03-26 11:38:39] INFO: >>>STAGE: finalize
[2026-03-26 11:38:39] INFO: Assembly statistics:

	Total length:	6194186
	Fragments:	5
	Fragments N50:	3717676
	Largest frg:	3717676
	Scaffolds:	0
	Mean coverage:	45

[2026-03-26 11:38:39] INFO: Final assembly: /data/djs217/PROJECTS/vibrio/P0232_251203_11813_10386/12_filtlong/02_hybracter/hybracter_out/processing/assemblies/EXE_13_2025_A/assembly.fasta
