[2026-03-26 19:02:39] INFO: Starting Flye 2.9.6-b1802
[2026-03-26 19:02:39] INFO: >>>STAGE: configure
[2026-03-26 19:02:39] INFO: Configuring run
[2026-03-26 19:02:47] INFO: Total read length: 276485672
[2026-03-26 19:02:47] INFO: Reads N50/N90: 16807 / 3091
[2026-03-26 19:02:47] INFO: Minimum overlap set to 3000
[2026-03-26 19:02:47] INFO: >>>STAGE: assembly
[2026-03-26 19:02:47] INFO: Assembling disjointigs
[2026-03-26 19:02:47] INFO: Reading sequences
[2026-03-26 19:02:51] INFO: Building minimizer index
[2026-03-26 19:02:51] INFO: Pre-calculating index storage
0% 10% 20% 30% 40% 50% 60% 70% 80% 90% 100% 
[2026-03-26 19:03:07] INFO: Filling index
0% 10% 20% 30% 40% 50% 60% 70% 80% 90% 100% 
[2026-03-26 19:04:12] INFO: Extending reads
[2026-03-26 19:04:58] INFO: Overlap-based coverage: 43
[2026-03-26 19:04:58] INFO: Median overlap divergence: 0.00949796
0% 60% 80% 100% 
[2026-03-26 19:08:06] INFO: Assembled 2 disjointigs
[2026-03-26 19:08:06] INFO: Generating sequence
0% 10% 20% 30% 40% 50% 60% 70% 80% 90% 100% 
[2026-03-26 19:08:09] INFO: Filtering contained disjointigs
0% 50% 100% 
[2026-03-26 19:08:10] INFO: Contained seqs: 0
[2026-03-26 19:08:11] INFO: >>>STAGE: consensus
[2026-03-26 19:08:11] INFO: Running Minimap2
[2026-03-26 19:09:55] INFO: Computing consensus
[2026-03-26 19:11:37] INFO: Alignment error rate: 0.016989
[2026-03-26 19:11:37] INFO: >>>STAGE: repeat
[2026-03-26 19:11:37] INFO: Building and resolving repeat graph
[2026-03-26 19:11:37] INFO: Parsing disjointigs
[2026-03-26 19:11:37] INFO: Building repeat graph
0% 50% 100% 
[2026-03-26 19:11:40] INFO: Median overlap divergence: 0.0332842
[2026-03-26 19:11:40] INFO: Parsing reads
[2026-03-26 19:11:44] INFO: Aligning reads to the graph
0% 10% 20% 30% 40% 50% 60% 70% 80% 90% 100% 
[2026-03-26 19:12:45] INFO: Aligned read sequence: 243831922 / 250304409 (0.974141)
[2026-03-26 19:12:45] INFO: Median overlap divergence: 0.00414276
[2026-03-26 19:12:45] INFO: Mean edge coverage: 47
[2026-03-26 19:12:45] INFO: Simplifying the graph
[2026-03-26 19:12:45] INFO: >>>STAGE: contigger
[2026-03-26 19:12:45] INFO: Generating contigs
[2026-03-26 19:12:45] INFO: Reading sequences
[2026-03-26 19:12:49] INFO: Generated 3 contigs
[2026-03-26 19:12:49] INFO: Added 0 scaffold connections
[2026-03-26 19:12:49] INFO: >>>STAGE: polishing
[2026-03-26 19:12:49] INFO: Polishing genome (1/1)
[2026-03-26 19:12:49] INFO: Running minimap2
[2026-03-26 19:14:35] INFO: Separating alignment into bubbles
[2026-03-26 19:16:48] INFO: Alignment error rate: 0.011058
[2026-03-26 19:16:48] INFO: Correcting bubbles
0% 10% 20% 30% 40% 50% 60% 70% 80% 90% 100% 
[2026-03-26 19:19:30] INFO: >>>STAGE: finalize
[2026-03-26 19:19:30] INFO: Assembly statistics:

	Total length:	5152382
	Fragments:	2
	Fragments N50:	3315926
	Largest frg:	3315926
	Scaffolds:	0
	Mean coverage:	53

[2026-03-26 19:19:30] INFO: Final assembly: /data/djs217/PROJECTS/vibrio/P0232_251203_11813_10386/12_filtlong/02_hybracter/hybracter_out/processing/assemblies/EXE_08_2024_A/assembly.fasta
