[2026-03-26 15:01:42] INFO: Starting Flye 2.9.6-b1802
[2026-03-26 15:01:42] INFO: >>>STAGE: configure
[2026-03-26 15:01:42] INFO: Configuring run
[2026-03-26 15:01:46] INFO: Total read length: 244785777
[2026-03-26 15:01:46] INFO: Reads N50/N90: 21540 / 4327
[2026-03-26 15:01:46] INFO: Minimum overlap set to 4000
[2026-03-26 15:01:46] INFO: >>>STAGE: assembly
[2026-03-26 15:01:46] INFO: Assembling disjointigs
[2026-03-26 15:01:46] INFO: Reading sequences
[2026-03-26 15:01:50] INFO: Building minimizer index
[2026-03-26 15:01:50] INFO: Pre-calculating index storage
0% 10% 20% 30% 40% 50% 60% 70% 80% 90% 100% 
[2026-03-26 15:02:04] INFO: Filling index
0% 10% 20% 30% 40% 50% 60% 70% 80% 90% 100% 
[2026-03-26 15:03:36] INFO: Extending reads
[2026-03-26 15:05:01] INFO: Overlap-based coverage: 47
[2026-03-26 15:05:01] INFO: Median overlap divergence: 0.0104869
0% 60% 80% 100% 
[2026-03-26 15:09:03] INFO: Assembled 2 disjointigs
[2026-03-26 15:09:03] INFO: Generating sequence
0% 10% 20% 30% 40% 50% 60% 70% 80% 90% 100% 
[2026-03-26 15:09:05] INFO: Filtering contained disjointigs
0% 50% 100% 
[2026-03-26 15:09:06] INFO: Contained seqs: 0
[2026-03-26 15:09:06] INFO: >>>STAGE: consensus
[2026-03-26 15:09:06] INFO: Running Minimap2
[2026-03-26 15:10:43] INFO: Computing consensus
[2026-03-26 15:12:11] INFO: Alignment error rate: 0.021746
[2026-03-26 15:12:11] INFO: >>>STAGE: repeat
[2026-03-26 15:12:11] INFO: Building and resolving repeat graph
[2026-03-26 15:12:11] INFO: Parsing disjointigs
[2026-03-26 15:12:11] INFO: Building repeat graph
0% 50% 100% 
[2026-03-26 15:12:13] INFO: Median overlap divergence: 0.00219233
[2026-03-26 15:12:13] INFO: Parsing reads
[2026-03-26 15:12:17] INFO: Aligning reads to the graph
0% 10% 20% 30% 40% 50% 60% 70% 80% 90% 100% 
[2026-03-26 15:13:19] INFO: Aligned read sequence: 215473211 / 222240014 (0.969552)
[2026-03-26 15:13:19] INFO: Median overlap divergence: 0.00445271
[2026-03-26 15:13:19] INFO: Mean edge coverage: 54
[2026-03-26 15:13:19] INFO: Simplifying the graph
[2026-03-26 15:13:19] INFO: >>>STAGE: contigger
[2026-03-26 15:13:19] INFO: Generating contigs
[2026-03-26 15:13:19] INFO: Reading sequences
[2026-03-26 15:13:22] INFO: Generated 4 contigs
[2026-03-26 15:13:22] INFO: Added 0 scaffold connections
[2026-03-26 15:13:22] INFO: >>>STAGE: polishing
[2026-03-26 15:13:22] INFO: Polishing genome (1/1)
[2026-03-26 15:13:22] INFO: Running minimap2
[2026-03-26 15:15:00] INFO: Separating alignment into bubbles
[2026-03-26 15:16:59] INFO: Alignment error rate: 0.015762
[2026-03-26 15:16:59] INFO: Correcting bubbles
0% 10% 20% 30% 40% 50% 60% 70% 80% 90% 100% 
[2026-03-26 15:19:09] INFO: >>>STAGE: finalize
[2026-03-26 15:19:09] INFO: Assembly statistics:

	Total length:	3956415
	Fragments:	2
	Fragments N50:	2939626
	Largest frg:	2939626
	Scaffolds:	0
	Mean coverage:	62

[2026-03-26 15:19:09] INFO: Final assembly: /data/djs217/PROJECTS/vibrio/P0232_251203_11813_10386/12_filtlong/02_hybracter/hybracter_out/processing/assemblies/EXE_01_2025_M/assembly.fasta
