/data/djs217/miniconda3/lib/python3.12/site-packages/hybracter/workflow/conda/f3634b33ec8fb5711a0153c480705631_/lib/python3.11/site-packages/medaka/common.py:16: UserWarning: pkg_resources is deprecated as an API. See https://setuptools.pypa.io/en/latest/pkg_resources.html. The pkg_resources package is slated for removal as early as 2025-11-30. Refrain from using this package or pin to Setuptools<81.
  from pkg_resources import resource_filename
/data/djs217/miniconda3/lib/python3.12/site-packages/hybracter/workflow/conda/f3634b33ec8fb5711a0153c480705631_/lib/python3.11/site-packages/medaka/common.py:16: UserWarning: pkg_resources is deprecated as an API. See https://setuptools.pypa.io/en/latest/pkg_resources.html. The pkg_resources package is slated for removal as early as 2025-11-30. Refrain from using this package or pin to Setuptools<81.
  from pkg_resources import resource_filename
/data/djs217/miniconda3/lib/python3.12/site-packages/hybracter/workflow/conda/f3634b33ec8fb5711a0153c480705631_/lib/python3.11/site-packages/medaka/common.py:16: UserWarning: pkg_resources is deprecated as an API. See https://setuptools.pypa.io/en/latest/pkg_resources.html. The pkg_resources package is slated for removal as early as 2025-11-30. Refrain from using this package or pin to Setuptools<81.
  from pkg_resources import resource_filename
[15:28:34 - MdlStrTGZ] Successfully removed temporary files from /tmp/tmpiegg342i.
/data/djs217/miniconda3/lib/python3.12/site-packages/hybracter/workflow/conda/f3634b33ec8fb5711a0153c480705631_/lib/python3.11/site-packages/medaka/common.py:16: UserWarning: pkg_resources is deprecated as an API. See https://setuptools.pypa.io/en/latest/pkg_resources.html. The pkg_resources package is slated for removal as early as 2025-11-30. Refrain from using this package or pin to Setuptools<81.
  from pkg_resources import resource_filename
[15:28:35 - MdlStrTGZ] Successfully removed temporary files from /tmp/tmp51vi1sgc.
Creating fai index file /data/djs217/vibrio/P0213_250813_11813/01_raw_reads/hybracter_out/processing/pre_polish/11813_EXE_34_2024_P_PBC74148_chromosome_plus_plasmids.fasta.fai
Creating mmi index file /data/djs217/vibrio/P0213_250813_11813/01_raw_reads/hybracter_out/processing/pre_polish/11813_EXE_34_2024_P_PBC74148_chromosome_plus_plasmids.fasta.map-ont.mmi
[M::mm_idx_gen::0.162*1.02] collected minimizers
[M::mm_idx_gen::0.215*1.48] sorted minimizers
[M::main::0.277*1.38] loaded/built the index for 13 target sequence(s)
[M::mm_idx_stat] kmer size: 15; skip: 10; is_hpc: 0; #seq: 13
[M::mm_idx_stat::0.290*1.36] distinct minimizers: 885048 (98.56% are singletons); average occurrences: 1.030; average spacing: 5.351; total length: 4878202
[M::main] Version: 2.30-r1287
[M::main] CMD: minimap2 -I 16G -x map-ont -d /data/djs217/vibrio/P0213_250813_11813/01_raw_reads/hybracter_out/processing/pre_polish/11813_EXE_34_2024_P_PBC74148_chromosome_plus_plasmids.fasta.map-ont.mmi /data/djs217/vibrio/P0213_250813_11813/01_raw_reads/hybracter_out/processing/pre_polish/11813_EXE_34_2024_P_PBC74148_chromosome_plus_plasmids.fasta
[M::main] Real time: 0.297 sec; CPU: 0.401 sec; Peak RSS: 0.048 GB
[M::main::0.077*1.04] loaded/built the index for 13 target sequence(s)
[M::mm_mapopt_update::0.095*1.03] mid_occ = 13
[M::mm_idx_stat] kmer size: 15; skip: 10; is_hpc: 0; #seq: 13
[M::mm_idx_stat::0.109*1.03] distinct minimizers: 885048 (98.56% are singletons); average occurrences: 1.030; average spacing: 5.351; total length: 4878202
[M::worker_pipeline::94.669*0.92] mapped 13070 sequences
[M::main] Version: 2.30-r1287
[M::main] CMD: minimap2 -x map-ont --secondary=no -L --MD -A 2 -B 4 -O 4,24 -E 2,1 -t 1 -a /data/djs217/vibrio/P0213_250813_11813/01_raw_reads/hybracter_out/processing/pre_polish/11813_EXE_34_2024_P_PBC74148_chromosome_plus_plasmids.fasta.map-ont.mmi /data/djs217/vibrio/P0213_250813_11813/01_raw_reads/hybracter_out/processing/qc/11813_EXE_34_2024_P_PBC74148_filt_trim.fastq.gz
[M::main] Real time: 94.679 sec; CPU: 87.528 sec; Peak RSS: 0.610 GB
/data/djs217/miniconda3/lib/python3.12/site-packages/hybracter/workflow/conda/f3634b33ec8fb5711a0153c480705631_/lib/python3.11/site-packages/medaka/common.py:16: UserWarning: pkg_resources is deprecated as an API. See https://setuptools.pypa.io/en/latest/pkg_resources.html. The pkg_resources package is slated for removal as early as 2025-11-30. Refrain from using this package or pin to Setuptools<81.
  from pkg_resources import resource_filename
[15:30:25 - Predict] Processing region(s): contig_1:0-3267387 1:0-443928 2:0-386974 3:0-214292 4:0-154499 5:0-116706 6:0-105576 7:0-56218 8:0-55559 9:0-44604 10:0-27547 11:0-4646 14:0-266
[15:30:25 - Predict] Using model: /data/djs217/miniconda3/lib/python3.12/site-packages/hybracter/workflow/conda/f3634b33ec8fb5711a0153c480705631_/lib/python3.11/site-packages/medaka/data/r1041_e82_400bps_sup_v5.0.0_model_pt.tar.gz.
[15:30:25 - Predict] Using minimum mapQ threshold of 1 for read filtering.
[15:30:25 - MdlStrTGZ] Model GRUModel(
  (gru): GRU(10, 128, num_layers=2, batch_first=True, bidirectional=True)
  (linear): Linear(in_features=256, out_features=5, bias=True)
)
[15:30:25 - MdlStrTGZ] loading weights from /tmp/tmpmnj6e2sy/model/weights.pt
[15:30:25 - MdlStrTGZ] Successfully removed temporary files from /tmp/tmpmnj6e2sy.
[15:30:25 - Predict] Model device: cpu
[15:30:25 - Predict] Running prediction at full precision
[15:30:25 - BAMFile] Creating pool of 16 BAM file sets.
[15:30:25 - Predict] Processing 14 long region(s) with batching.
[15:30:25 - Sampler] Initializing sampler for consensus of region contig_1:0-1000000.
[15:30:25 - Sampler] Initializing sampler for consensus of region contig_1:999000-1999000.
[15:30:25 - PWorker] Running inference for 4.9M draft bases.
[15:30:27 - Feature] Processed contig_1:0.0-999999.0 (median depth 70.0)
[15:30:27 - Sampler] Took 1.61s to make features.
[15:30:27 - Sampler] Initializing sampler for consensus of region contig_1:1998000-2998000.
[15:30:27 - Feature] Processed contig_1:999000.0-1998999.0 (median depth 35.0)
[15:30:27 - Sampler] Took 1.63s to make features.
[15:30:27 - Sampler] Initializing sampler for consensus of region contig_1:2997000-3267387.
[15:30:28 - Feature] Processed contig_1:2997000.0-3267386.0 (median depth 85.0)
[15:30:28 - Sampler] Took 0.80s to make features.
[15:30:28 - Sampler] Initializing sampler for consensus of region 1:0-443928.
[15:30:28 - Feature] Processed contig_1:1998000.0-2997999.0 (median depth 51.0)
[15:30:28 - Sampler] Took 1.13s to make features.
[15:30:28 - Sampler] Initializing sampler for consensus of region 2:0-386974.
[15:30:28 - Feature] Processed 1:0.0-443927.0 (median depth 36.0)
[15:30:28 - Sampler] Took 0.52s to make features.
[15:30:28 - Sampler] Initializing sampler for consensus of region 3:0-214292.
[15:30:29 - Feature] Processed 2:0.0-386973.0 (median depth 48.0)
[15:30:29 - Sampler] Took 0.66s to make features.
[15:30:29 - Sampler] Initializing sampler for consensus of region 4:0-154499.
[15:30:29 - Feature] Processed 3:0.0-214291.0 (median depth 57.0)
[15:30:29 - Sampler] Took 0.52s to make features.
[15:30:29 - Sampler] Initializing sampler for consensus of region 5:0-116706.
[15:30:29 - Feature] Processed 4:0.0-154498.0 (median depth 41.0)
[15:30:29 - Sampler] Took 0.38s to make features.
[15:30:29 - Sampler] Initializing sampler for consensus of region 6:0-105576.
[15:30:29 - Feature] Processed 5:0.0-116705.0 (median depth 44.0)
[15:30:29 - Sampler] Took 0.35s to make features.
[15:30:29 - Sampler] Initializing sampler for consensus of region 7:0-56218.
[15:30:29 - Feature] Processed 7:0.0-56217.0 (median depth 40.0)
[15:30:29 - Sampler] Took 0.24s to make features.
[15:30:29 - Sampler] Initializing sampler for consensus of region 8:0-55559.
[15:30:29 - Feature] Processed 6:0.0-105575.0 (median depth 46.0)
[15:30:29 - Sampler] Took 0.36s to make features.
[15:30:29 - Sampler] Initializing sampler for consensus of region 9:0-44604.
[15:30:29 - Feature] Processed 8:0.0-55558.0 (median depth 13.0)
[15:30:29 - Sampler] Took 0.21s to make features.
[15:30:29 - Sampler] Initializing sampler for consensus of region 10:0-27547.
[15:30:30 - Feature] Processed 9:0.0-44603.0 (median depth 44.0)
[15:30:30 - Sampler] Took 0.25s to make features.
[15:30:30 - Feature] Processed 10:0.0-27546.0 (median depth 87.0)
[15:30:30 - Sampler] Took 0.27s to make features.
[15:30:41 - PWorker] Batches in cache: 7.
[15:30:41 - PWorker] 16.2% Done (0.8/4.9 Mbases) in 16.4s
[15:30:54 - PWorker] Batches in cache: 6.
[15:30:54 - PWorker] 33.4% Done (1.6/4.9 Mbases) in 29.1s
[15:31:07 - PWorker] Batches in cache: 5.
[15:31:07 - PWorker] 50.0% Done (2.4/4.9 Mbases) in 41.5s
[15:31:19 - PWorker] Batches in cache: 4.
[15:31:19 - PWorker] 66.5% Done (3.2/4.9 Mbases) in 54.1s
[15:31:32 - PWorker] Batches in cache: 3.
[15:31:32 - PWorker] 83.5% Done (4.1/4.9 Mbases) in 66.6s
[15:31:44 - PWorker] Batches in cache: 2.
[15:31:44 - PWorker] 100.0% Done (4.9/4.9 Mbases) in 79.0s
[15:31:45 - PWorker] Processed 7 batches
[15:31:45 - PWorker] All done, 0 remainder regions.
[15:31:45 - Predict] Processing 2 short region(s).
[15:31:45 - Sampler] Initializing sampler for consensus of region 11:0-4646.
[15:31:45 - Sampler] Initializing sampler for consensus of region 14:0-266.
[15:31:45 - PWorker] Running inference for 0.0M draft bases.
[15:31:45 - Sampler] Took 0.04s to make features.
[15:31:45 - Sampler] Took 0.08s to make features.
[15:31:45 - PWorker] Processed 0 batches
[15:31:45 - PWorker] All done, 0 remainder regions.
[15:31:45 - Predict] Finished processing all regions.
/data/djs217/miniconda3/lib/python3.12/site-packages/hybracter/workflow/conda/f3634b33ec8fb5711a0153c480705631_/lib/python3.11/site-packages/medaka/common.py:16: UserWarning: pkg_resources is deprecated as an API. See https://setuptools.pypa.io/en/latest/pkg_resources.html. The pkg_resources package is slated for removal as early as 2025-11-30. Refrain from using this package or pin to Setuptools<81.
  from pkg_resources import resource_filename
[15:31:47 - DataIndx] Loaded 1/1 (100.00%) sample files.
[15:31:47 - Stitcher] Stitching 8:0-55559
[15:31:47 - Stitcher] Stitching contig_1:0-1000000
[15:31:48 - Stitcher] Stitching contig_1:1000000-2000000
[15:31:48 - Stitcher] Stitching contig_1:2000000-3000000
[15:31:48 - Stitcher] Stitching contig_1:3000000-3267387
[15:31:48 - Stitcher] Stitching 7:0-56218
[15:31:48 - Stitcher] Stitching 9:0-44604
[15:31:48 - Stitcher] Stitching 1:0-443928
[15:31:48 - Stitcher] Stitching 10:0-27547
[15:31:48 - Stitcher] Stitching 5:0-116706
[15:31:48 - Stitcher] Stitching 2:0-386974
[15:31:48 - Stitcher] Stitching 6:0-105576
[15:31:48 - Stitcher] Stitching 3:0-214292
[15:31:48 - Stitcher] Stitching 4:0-154499
[15:31:48 - Stitcher] Copying contig '14' verbatim from input.
[15:31:48 - Stitcher] Copying contig '11' verbatim from input.
