/data/djs217/miniconda3/lib/python3.12/site-packages/hybracter/workflow/conda/f3634b33ec8fb5711a0153c480705631_/lib/python3.11/site-packages/medaka/common.py:16: UserWarning: pkg_resources is deprecated as an API. See https://setuptools.pypa.io/en/latest/pkg_resources.html. The pkg_resources package is slated for removal as early as 2025-11-30. Refrain from using this package or pin to Setuptools<81.
  from pkg_resources import resource_filename
/data/djs217/miniconda3/lib/python3.12/site-packages/hybracter/workflow/conda/f3634b33ec8fb5711a0153c480705631_/lib/python3.11/site-packages/medaka/common.py:16: UserWarning: pkg_resources is deprecated as an API. See https://setuptools.pypa.io/en/latest/pkg_resources.html. The pkg_resources package is slated for removal as early as 2025-11-30. Refrain from using this package or pin to Setuptools<81.
  from pkg_resources import resource_filename
/data/djs217/miniconda3/lib/python3.12/site-packages/hybracter/workflow/conda/f3634b33ec8fb5711a0153c480705631_/lib/python3.11/site-packages/medaka/common.py:16: UserWarning: pkg_resources is deprecated as an API. See https://setuptools.pypa.io/en/latest/pkg_resources.html. The pkg_resources package is slated for removal as early as 2025-11-30. Refrain from using this package or pin to Setuptools<81.
  from pkg_resources import resource_filename
[11:36:50 - MdlStrTGZ] Successfully removed temporary files from /tmp/tmpqwbuaidv.
/data/djs217/miniconda3/lib/python3.12/site-packages/hybracter/workflow/conda/f3634b33ec8fb5711a0153c480705631_/lib/python3.11/site-packages/medaka/common.py:16: UserWarning: pkg_resources is deprecated as an API. See https://setuptools.pypa.io/en/latest/pkg_resources.html. The pkg_resources package is slated for removal as early as 2025-11-30. Refrain from using this package or pin to Setuptools<81.
  from pkg_resources import resource_filename
[11:36:52 - MdlStrTGZ] Successfully removed temporary files from /tmp/tmpjika052c.
Creating fai index file /data/djs217/vibrio/P0213_250813_11813/01_raw_reads/hybracter_out/processing/pre_polish/11813_EXE_06_2024_E_PBC74148_chromosome_plus_plasmids.fasta.fai
Creating mmi index file /data/djs217/vibrio/P0213_250813_11813/01_raw_reads/hybracter_out/processing/pre_polish/11813_EXE_06_2024_E_PBC74148_chromosome_plus_plasmids.fasta.map-ont.mmi
[M::mm_idx_gen::0.173*1.02] collected minimizers
[M::mm_idx_gen::0.221*1.44] sorted minimizers
[M::main::0.285*1.34] loaded/built the index for 2 target sequence(s)
[M::mm_idx_stat] kmer size: 15; skip: 10; is_hpc: 0; #seq: 2
[M::mm_idx_stat::0.299*1.32] distinct minimizers: 949143 (98.55% are singletons); average occurrences: 1.029; average spacing: 5.343; total length: 5218439
[M::main] Version: 2.30-r1287
[M::main] CMD: minimap2 -I 16G -x map-ont -d /data/djs217/vibrio/P0213_250813_11813/01_raw_reads/hybracter_out/processing/pre_polish/11813_EXE_06_2024_E_PBC74148_chromosome_plus_plasmids.fasta.map-ont.mmi /data/djs217/vibrio/P0213_250813_11813/01_raw_reads/hybracter_out/processing/pre_polish/11813_EXE_06_2024_E_PBC74148_chromosome_plus_plasmids.fasta
[M::main] Real time: 0.307 sec; CPU: 0.403 sec; Peak RSS: 0.048 GB
[M::main::0.085*1.02] loaded/built the index for 2 target sequence(s)
[M::mm_mapopt_update::0.105*1.02] mid_occ = 13
[M::mm_idx_stat] kmer size: 15; skip: 10; is_hpc: 0; #seq: 2
[M::mm_idx_stat::0.119*1.02] distinct minimizers: 949143 (98.55% are singletons); average occurrences: 1.029; average spacing: 5.343; total length: 5218439
[M::worker_pipeline::89.137*0.94] mapped 12896 sequences
[M::main] Version: 2.30-r1287
[M::main] CMD: minimap2 -x map-ont --secondary=no -L --MD -A 2 -B 4 -O 4,24 -E 2,1 -t 1 -a /data/djs217/vibrio/P0213_250813_11813/01_raw_reads/hybracter_out/processing/pre_polish/11813_EXE_06_2024_E_PBC74148_chromosome_plus_plasmids.fasta.map-ont.mmi /data/djs217/vibrio/P0213_250813_11813/01_raw_reads/hybracter_out/processing/qc/11813_EXE_06_2024_E_PBC74148_filt_trim.fastq.gz
[M::main] Real time: 89.151 sec; CPU: 83.668 sec; Peak RSS: 0.627 GB
/data/djs217/miniconda3/lib/python3.12/site-packages/hybracter/workflow/conda/f3634b33ec8fb5711a0153c480705631_/lib/python3.11/site-packages/medaka/common.py:16: UserWarning: pkg_resources is deprecated as an API. See https://setuptools.pypa.io/en/latest/pkg_resources.html. The pkg_resources package is slated for removal as early as 2025-11-30. Refrain from using this package or pin to Setuptools<81.
  from pkg_resources import resource_filename
[11:38:36 - Predict] Processing region(s): contig_1:0-3352516 1:0-1865923
[11:38:36 - Predict] Using model: /data/djs217/miniconda3/lib/python3.12/site-packages/hybracter/workflow/conda/f3634b33ec8fb5711a0153c480705631_/lib/python3.11/site-packages/medaka/data/r1041_e82_400bps_sup_v5.0.0_model_pt.tar.gz.
[11:38:36 - Predict] Using minimum mapQ threshold of 1 for read filtering.
[11:38:36 - MdlStrTGZ] Model GRUModel(
  (gru): GRU(10, 128, num_layers=2, batch_first=True, bidirectional=True)
  (linear): Linear(in_features=256, out_features=5, bias=True)
)
[11:38:36 - MdlStrTGZ] loading weights from /tmp/tmp3fqkx9sk/model/weights.pt
[11:38:36 - MdlStrTGZ] Successfully removed temporary files from /tmp/tmp3fqkx9sk.
[11:38:36 - Predict] Model device: cpu
[11:38:36 - Predict] Running prediction at full precision
[11:38:36 - BAMFile] Creating pool of 16 BAM file sets.
[11:38:36 - Predict] Processing 6 long region(s) with batching.
[11:38:36 - Sampler] Initializing sampler for consensus of region contig_1:0-1000000.
[11:38:36 - Sampler] Initializing sampler for consensus of region contig_1:999000-1999000.
[11:38:36 - PWorker] Running inference for 5.2M draft bases.
[11:38:37 - Feature] Processed contig_1:0.0-999999.0 (median depth 58.0)
[11:38:37 - Sampler] Took 1.29s to make features.
[11:38:37 - Sampler] Initializing sampler for consensus of region contig_1:1998000-2998000.
[11:38:37 - Feature] Processed contig_1:999000.0-1998999.0 (median depth 45.0)
[11:38:37 - Sampler] Took 1.64s to make features.
[11:38:37 - Sampler] Initializing sampler for consensus of region contig_1:2997000-3352516.
[11:38:38 - Feature] Processed contig_1:2997000.0-3352515.0 (median depth 68.0)
[11:38:38 - Sampler] Took 0.58s to make features.
[11:38:38 - Sampler] Initializing sampler for consensus of region 1:0-1000000.
[11:38:38 - Feature] Processed contig_1:1998000.0-2997999.0 (median depth 63.0)
[11:38:38 - Sampler] Took 1.02s to make features.
[11:38:38 - Sampler] Initializing sampler for consensus of region 1:999000-1865923.
[11:38:39 - Feature] Processed 1:0.0-999999.0 (median depth 49.0)
[11:38:39 - Sampler] Took 0.84s to make features.
[11:38:39 - Feature] Processed 1:999000.0-1865922.0 (median depth 47.0)
[11:38:39 - Sampler] Took 0.90s to make features.
[11:38:52 - PWorker] Batches in cache: 7.
[11:38:52 - PWorker] 15.6% Done (0.8/5.2 Mbases) in 16.1s
[11:39:04 - PWorker] Batches in cache: 6.
[11:39:04 - PWorker] 31.5% Done (1.6/5.2 Mbases) in 28.6s
[11:39:16 - PWorker] Batches in cache: 5.
[11:39:16 - PWorker] 47.3% Done (2.5/5.2 Mbases) in 40.6s
[11:39:28 - PWorker] Batches in cache: 4.
[11:39:28 - PWorker] 62.8% Done (3.3/5.2 Mbases) in 52.5s
[11:39:40 - PWorker] Batches in cache: 3.
[11:39:40 - PWorker] 78.6% Done (4.1/5.2 Mbases) in 64.5s
[11:39:52 - PWorker] Batches in cache: 2.
[11:39:52 - PWorker] 94.6% Done (4.9/5.2 Mbases) in 76.5s
[11:39:57 - PWorker] Processed 7 batches
[11:39:57 - PWorker] All done, 0 remainder regions.
[11:39:57 - Predict] Finished processing all regions.
/data/djs217/miniconda3/lib/python3.12/site-packages/hybracter/workflow/conda/f3634b33ec8fb5711a0153c480705631_/lib/python3.11/site-packages/medaka/common.py:16: UserWarning: pkg_resources is deprecated as an API. See https://setuptools.pypa.io/en/latest/pkg_resources.html. The pkg_resources package is slated for removal as early as 2025-11-30. Refrain from using this package or pin to Setuptools<81.
  from pkg_resources import resource_filename
[11:40:00 - DataIndx] Loaded 1/1 (100.00%) sample files.
[11:40:00 - Stitcher] Stitching 1:0-1000000
[11:40:01 - Stitcher] Stitching 1:1000000-1865923
[11:40:01 - Stitcher] Stitching contig_1:0-1000000
[11:40:01 - Stitcher] Stitching contig_1:1000000-2000000
[11:40:01 - Stitcher] Stitching contig_1:2000000-3000000
[11:40:01 - Stitcher] Stitching contig_1:3000000-3352516
