/data/djs217/miniconda3/lib/python3.12/site-packages/hybracter/workflow/conda/f3634b33ec8fb5711a0153c480705631_/lib/python3.11/site-packages/medaka/common.py:16: UserWarning: pkg_resources is deprecated as an API. See https://setuptools.pypa.io/en/latest/pkg_resources.html. The pkg_resources package is slated for removal as early as 2025-11-30. Refrain from using this package or pin to Setuptools<81.
  from pkg_resources import resource_filename
/data/djs217/miniconda3/lib/python3.12/site-packages/hybracter/workflow/conda/f3634b33ec8fb5711a0153c480705631_/lib/python3.11/site-packages/medaka/common.py:16: UserWarning: pkg_resources is deprecated as an API. See https://setuptools.pypa.io/en/latest/pkg_resources.html. The pkg_resources package is slated for removal as early as 2025-11-30. Refrain from using this package or pin to Setuptools<81.
  from pkg_resources import resource_filename
/data/djs217/miniconda3/lib/python3.12/site-packages/hybracter/workflow/conda/f3634b33ec8fb5711a0153c480705631_/lib/python3.11/site-packages/medaka/common.py:16: UserWarning: pkg_resources is deprecated as an API. See https://setuptools.pypa.io/en/latest/pkg_resources.html. The pkg_resources package is slated for removal as early as 2025-11-30. Refrain from using this package or pin to Setuptools<81.
  from pkg_resources import resource_filename
[22:33:53 - MdlStrTGZ] Successfully removed temporary files from /tmp/tmpjvymss3g.
/data/djs217/miniconda3/lib/python3.12/site-packages/hybracter/workflow/conda/f3634b33ec8fb5711a0153c480705631_/lib/python3.11/site-packages/medaka/common.py:16: UserWarning: pkg_resources is deprecated as an API. See https://setuptools.pypa.io/en/latest/pkg_resources.html. The pkg_resources package is slated for removal as early as 2025-11-30. Refrain from using this package or pin to Setuptools<81.
  from pkg_resources import resource_filename
[22:33:55 - MdlStrTGZ] Successfully removed temporary files from /tmp/tmp5j_vwj5v.
Creating fai index file /data/djs217/vibrio/P0213_250813_11813/01_raw_reads/hybracter_out/processing/pre_polish/11813_EXE_12_2025_A_PBC74148_chromosome_plus_plasmids.fasta.fai
Creating mmi index file /data/djs217/vibrio/P0213_250813_11813/01_raw_reads/hybracter_out/processing/pre_polish/11813_EXE_12_2025_A_PBC74148_chromosome_plus_plasmids.fasta.map-ont.mmi
[M::mm_idx_gen::0.176*1.02] collected minimizers
[M::mm_idx_gen::0.226*1.43] sorted minimizers
[M::main::0.290*1.34] loaded/built the index for 10 target sequence(s)
[M::mm_idx_stat] kmer size: 15; skip: 10; is_hpc: 0; #seq: 10
[M::mm_idx_stat::0.304*1.32] distinct minimizers: 934013 (98.76% are singletons); average occurrences: 1.026; average spacing: 5.346; total length: 5123590
[M::main] Version: 2.30-r1287
[M::main] CMD: minimap2 -I 16G -x map-ont -d /data/djs217/vibrio/P0213_250813_11813/01_raw_reads/hybracter_out/processing/pre_polish/11813_EXE_12_2025_A_PBC74148_chromosome_plus_plasmids.fasta.map-ont.mmi /data/djs217/vibrio/P0213_250813_11813/01_raw_reads/hybracter_out/processing/pre_polish/11813_EXE_12_2025_A_PBC74148_chromosome_plus_plasmids.fasta
[M::main] Real time: 0.311 sec; CPU: 0.408 sec; Peak RSS: 0.047 GB
[M::main::0.065*1.02] loaded/built the index for 10 target sequence(s)
[M::mm_mapopt_update::0.083*1.02] mid_occ = 13
[M::mm_idx_stat] kmer size: 15; skip: 10; is_hpc: 0; #seq: 10
[M::mm_idx_stat::0.097*1.02] distinct minimizers: 934013 (98.76% are singletons); average occurrences: 1.026; average spacing: 5.346; total length: 5123590
[M::worker_pipeline::95.092*0.93] mapped 7286 sequences
[M::main] Version: 2.30-r1287
[M::main] CMD: minimap2 -x map-ont --secondary=no -L --MD -A 2 -B 4 -O 4,24 -E 2,1 -t 1 -a /data/djs217/vibrio/P0213_250813_11813/01_raw_reads/hybracter_out/processing/pre_polish/11813_EXE_12_2025_A_PBC74148_chromosome_plus_plasmids.fasta.map-ont.mmi /data/djs217/vibrio/P0213_250813_11813/01_raw_reads/hybracter_out/processing/qc/11813_EXE_12_2025_A_PBC74148_filt_trim.fastq.gz
[M::main] Real time: 95.101 sec; CPU: 88.195 sec; Peak RSS: 0.641 GB
/data/djs217/miniconda3/lib/python3.12/site-packages/hybracter/workflow/conda/f3634b33ec8fb5711a0153c480705631_/lib/python3.11/site-packages/medaka/common.py:16: UserWarning: pkg_resources is deprecated as an API. See https://setuptools.pypa.io/en/latest/pkg_resources.html. The pkg_resources package is slated for removal as early as 2025-11-30. Refrain from using this package or pin to Setuptools<81.
  from pkg_resources import resource_filename
[22:35:45 - Predict] Processing region(s): contig_1:0-3241114 1:0-1690777 2:0-95250 3:0-77232 4:0-17870 5:0-531 6:0-272 8:0-244 9:0-167 12:0-133
[22:35:45 - Predict] Using model: /data/djs217/miniconda3/lib/python3.12/site-packages/hybracter/workflow/conda/f3634b33ec8fb5711a0153c480705631_/lib/python3.11/site-packages/medaka/data/r1041_e82_400bps_sup_v5.0.0_model_pt.tar.gz.
[22:35:45 - Predict] Using minimum mapQ threshold of 1 for read filtering.
[22:35:45 - MdlStrTGZ] Model GRUModel(
  (gru): GRU(10, 128, num_layers=2, batch_first=True, bidirectional=True)
  (linear): Linear(in_features=256, out_features=5, bias=True)
)
[22:35:45 - MdlStrTGZ] loading weights from /tmp/tmpuv3cn2ce/model/weights.pt
[22:35:45 - MdlStrTGZ] Successfully removed temporary files from /tmp/tmpuv3cn2ce.
[22:35:45 - Predict] Model device: cpu
[22:35:45 - Predict] Running prediction at full precision
[22:35:45 - BAMFile] Creating pool of 16 BAM file sets.
[22:35:45 - Predict] Processing 9 long region(s) with batching.
[22:35:45 - Sampler] Initializing sampler for consensus of region contig_1:0-1000000.
[22:35:45 - Sampler] Initializing sampler for consensus of region contig_1:999000-1999000.
[22:35:45 - PWorker] Running inference for 5.1M draft bases.
[22:35:47 - Feature] Processed contig_1:0.0-999999.0 (median depth 73.0)
[22:35:47 - Sampler] Took 1.61s to make features.
[22:35:47 - Sampler] Initializing sampler for consensus of region contig_1:1998000-2998000.
[22:35:47 - Feature] Processed contig_1:999000.0-1998999.0 (median depth 50.0)
[22:35:47 - Sampler] Took 1.63s to make features.
[22:35:47 - Sampler] Initializing sampler for consensus of region contig_1:2997000-3241114.
[22:35:47 - Feature] Processed contig_1:2997000.0-3241113.0 (median depth 70.0)
[22:35:47 - Sampler] Took 0.69s to make features.
[22:35:47 - Sampler] Initializing sampler for consensus of region 1:0-1000000.
[22:35:48 - Feature] Processed contig_1:1998000.0-2997999.0 (median depth 56.0)
[22:35:48 - Sampler] Took 1.01s to make features.
[22:35:48 - Sampler] Initializing sampler for consensus of region 1:999000-1690777.
[22:35:48 - Feature] Processed 1:0.0-999999.0 (median depth 42.0)
[22:35:48 - Sampler] Took 0.88s to make features.
[22:35:48 - Sampler] Initializing sampler for consensus of region 2:0-95250.
[22:35:48 - Feature] Processed 1:999000.0-1690776.0 (median depth 49.0)
[22:35:48 - Sampler] Took 0.74s to make features.
[22:35:48 - Sampler] Initializing sampler for consensus of region 3:0-77232.
[22:35:49 - Feature] Processed 2:0.0-95249.0 (median depth 31.0)
[22:35:49 - Sampler] Took 0.25s to make features.
[22:35:49 - Sampler] Initializing sampler for consensus of region 4:0-17870.
[22:35:49 - Feature] Processed 4:0.0-17869.0 (median depth 25.0)
[22:35:49 - Sampler] Took 0.17s to make features.
[22:35:49 - Feature] Processed 3:0.0-77231.0 (median depth 57.0)
[22:35:49 - Sampler] Took 0.35s to make features.
[22:36:03 - PWorker] Batches in cache: 7.
[22:36:03 - PWorker] 15.9% Done (0.8/5.1 Mbases) in 18.4s
[22:36:18 - PWorker] Batches in cache: 6.
[22:36:18 - PWorker] 32.0% Done (1.6/5.1 Mbases) in 32.5s
[22:36:30 - PWorker] Batches in cache: 5.
[22:36:30 - PWorker] 48.3% Done (2.5/5.1 Mbases) in 45.2s
[22:36:43 - PWorker] Batches in cache: 4.
[22:36:43 - PWorker] 64.3% Done (3.3/5.1 Mbases) in 57.8s
[22:36:55 - PWorker] Batches in cache: 3.
[22:36:55 - PWorker] 80.8% Done (4.1/5.1 Mbases) in 70.1s
[22:37:08 - PWorker] Batches in cache: 2.
[22:37:08 - PWorker] 97.0% Done (5.0/5.1 Mbases) in 82.4s
[22:37:10 - PWorker] Processed 7 batches
[22:37:10 - PWorker] All done, 0 remainder regions.
[22:37:10 - Predict] Processing 5 short region(s).
[22:37:10 - Sampler] Initializing sampler for consensus of region 5:0-531.
[22:37:10 - Sampler] Initializing sampler for consensus of region 6:0-272.
[22:37:10 - Sampler] Took 0.00s to make features.
[22:37:10 - Sampler] Initializing sampler for consensus of region 8:0-244.
[22:37:10 - PWorker] Running inference for 0.0M draft bases.
[22:37:10 - Sampler] Took 0.02s to make features.
[22:37:10 - Sampler] Initializing sampler for consensus of region 9:0-167.
[22:37:11 - Sampler] Took 0.08s to make features.
[22:37:11 - Sampler] Initializing sampler for consensus of region 12:0-133.
[22:37:11 - Sampler] Took 0.01s to make features.
[22:37:11 - Sampler] Took 0.12s to make features.
[22:37:11 - PWorker] Processed 0 batches
[22:37:11 - PWorker] All done, 0 remainder regions.
[22:37:11 - Predict] Finished processing all regions.
/data/djs217/miniconda3/lib/python3.12/site-packages/hybracter/workflow/conda/f3634b33ec8fb5711a0153c480705631_/lib/python3.11/site-packages/medaka/common.py:16: UserWarning: pkg_resources is deprecated as an API. See https://setuptools.pypa.io/en/latest/pkg_resources.html. The pkg_resources package is slated for removal as early as 2025-11-30. Refrain from using this package or pin to Setuptools<81.
  from pkg_resources import resource_filename
[22:37:13 - DataIndx] Loaded 1/1 (100.00%) sample files.
[22:37:13 - Stitcher] Stitching 2:0-95250
[22:37:13 - Stitcher] Stitching 4:0-17870
[22:37:13 - Stitcher] Stitching contig_1:0-1000000
[22:37:13 - Stitcher] Stitching contig_1:1000000-2000000
[22:37:14 - Stitcher] Stitching contig_1:2000000-3000000
[22:37:14 - Stitcher] Stitching contig_1:3000000-3241114
[22:37:14 - Stitcher] Stitching 3:0-77232
[22:37:14 - Stitcher] Stitching 1:0-1000000
[22:37:14 - Stitcher] Stitching 1:1000000-1690777
[22:37:15 - Stitcher] Copying contig '9' verbatim from input.
[22:37:15 - Stitcher] Copying contig '8' verbatim from input.
[22:37:15 - Stitcher] Copying contig '6' verbatim from input.
[22:37:15 - Stitcher] Copying contig '5' verbatim from input.
[22:37:15 - Stitcher] Copying contig '12' verbatim from input.
