/data/djs217/miniconda3/lib/python3.12/site-packages/hybracter/workflow/conda/f3634b33ec8fb5711a0153c480705631_/lib/python3.11/site-packages/medaka/common.py:16: UserWarning: pkg_resources is deprecated as an API. See https://setuptools.pypa.io/en/latest/pkg_resources.html. The pkg_resources package is slated for removal as early as 2025-11-30. Refrain from using this package or pin to Setuptools<81.
  from pkg_resources import resource_filename
/data/djs217/miniconda3/lib/python3.12/site-packages/hybracter/workflow/conda/f3634b33ec8fb5711a0153c480705631_/lib/python3.11/site-packages/medaka/common.py:16: UserWarning: pkg_resources is deprecated as an API. See https://setuptools.pypa.io/en/latest/pkg_resources.html. The pkg_resources package is slated for removal as early as 2025-11-30. Refrain from using this package or pin to Setuptools<81.
  from pkg_resources import resource_filename
/data/djs217/miniconda3/lib/python3.12/site-packages/hybracter/workflow/conda/f3634b33ec8fb5711a0153c480705631_/lib/python3.11/site-packages/medaka/common.py:16: UserWarning: pkg_resources is deprecated as an API. See https://setuptools.pypa.io/en/latest/pkg_resources.html. The pkg_resources package is slated for removal as early as 2025-11-30. Refrain from using this package or pin to Setuptools<81.
  from pkg_resources import resource_filename
[21:29:19 - MdlStrTGZ] Successfully removed temporary files from /tmp/tmpnl_n9myy.
/data/djs217/miniconda3/lib/python3.12/site-packages/hybracter/workflow/conda/f3634b33ec8fb5711a0153c480705631_/lib/python3.11/site-packages/medaka/common.py:16: UserWarning: pkg_resources is deprecated as an API. See https://setuptools.pypa.io/en/latest/pkg_resources.html. The pkg_resources package is slated for removal as early as 2025-11-30. Refrain from using this package or pin to Setuptools<81.
  from pkg_resources import resource_filename
[21:29:21 - MdlStrTGZ] Successfully removed temporary files from /tmp/tmpotgewx1i.
Creating fai index file /data/djs217/vibrio/P0213_250813_11813/01_raw_reads/hybracter_out/processing/pre_polish/11813_EXE_20_2024_J_PBC74148_chromosome_plus_plasmids.fasta.fai
Creating mmi index file /data/djs217/vibrio/P0213_250813_11813/01_raw_reads/hybracter_out/processing/pre_polish/11813_EXE_20_2024_J_PBC74148_chromosome_plus_plasmids.fasta.map-ont.mmi
[M::mm_idx_gen::0.142*1.02] collected minimizers
[M::mm_idx_gen::0.201*1.58] sorted minimizers
[M::main::0.265*1.44] loaded/built the index for 2 target sequence(s)
[M::mm_idx_stat] kmer size: 15; skip: 10; is_hpc: 0; #seq: 2
[M::mm_idx_stat::0.279*1.42] distinct minimizers: 948134 (98.62% are singletons); average occurrences: 1.026; average spacing: 5.346; total length: 5202567
[M::main] Version: 2.30-r1287
[M::main] CMD: minimap2 -I 16G -x map-ont -d /data/djs217/vibrio/P0213_250813_11813/01_raw_reads/hybracter_out/processing/pre_polish/11813_EXE_20_2024_J_PBC74148_chromosome_plus_plasmids.fasta.map-ont.mmi /data/djs217/vibrio/P0213_250813_11813/01_raw_reads/hybracter_out/processing/pre_polish/11813_EXE_20_2024_J_PBC74148_chromosome_plus_plasmids.fasta
[M::main] Real time: 0.285 sec; CPU: 0.402 sec; Peak RSS: 0.051 GB
[M::main::0.066*1.02] loaded/built the index for 2 target sequence(s)
[M::mm_mapopt_update::0.084*1.02] mid_occ = 13
[M::mm_idx_stat] kmer size: 15; skip: 10; is_hpc: 0; #seq: 2
[M::mm_idx_stat::0.098*1.01] distinct minimizers: 948134 (98.62% are singletons); average occurrences: 1.026; average spacing: 5.346; total length: 5202567
[M::worker_pipeline::85.375*0.93] mapped 28977 sequences
[M::main] Version: 2.30-r1287
[M::main] CMD: minimap2 -x map-ont --secondary=no -L --MD -A 2 -B 4 -O 4,24 -E 2,1 -t 1 -a /data/djs217/vibrio/P0213_250813_11813/01_raw_reads/hybracter_out/processing/pre_polish/11813_EXE_20_2024_J_PBC74148_chromosome_plus_plasmids.fasta.map-ont.mmi /data/djs217/vibrio/P0213_250813_11813/01_raw_reads/hybracter_out/processing/qc/11813_EXE_20_2024_J_PBC74148_filt_trim.fastq.gz
[M::main] Real time: 85.395 sec; CPU: 79.372 sec; Peak RSS: 0.681 GB
/data/djs217/miniconda3/lib/python3.12/site-packages/hybracter/workflow/conda/f3634b33ec8fb5711a0153c480705631_/lib/python3.11/site-packages/medaka/common.py:16: UserWarning: pkg_resources is deprecated as an API. See https://setuptools.pypa.io/en/latest/pkg_resources.html. The pkg_resources package is slated for removal as early as 2025-11-30. Refrain from using this package or pin to Setuptools<81.
  from pkg_resources import resource_filename
[21:31:02 - Predict] Processing region(s): contig_1:0-3334477 1:0-1868090
[21:31:02 - Predict] Using model: /data/djs217/miniconda3/lib/python3.12/site-packages/hybracter/workflow/conda/f3634b33ec8fb5711a0153c480705631_/lib/python3.11/site-packages/medaka/data/r1041_e82_400bps_sup_v5.0.0_model_pt.tar.gz.
[21:31:02 - Predict] Using minimum mapQ threshold of 1 for read filtering.
[21:31:02 - MdlStrTGZ] Model GRUModel(
  (gru): GRU(10, 128, num_layers=2, batch_first=True, bidirectional=True)
  (linear): Linear(in_features=256, out_features=5, bias=True)
)
[21:31:02 - MdlStrTGZ] loading weights from /tmp/tmpxichujty/model/weights.pt
[21:31:02 - MdlStrTGZ] Successfully removed temporary files from /tmp/tmpxichujty.
[21:31:02 - Predict] Model device: cpu
[21:31:02 - Predict] Running prediction at full precision
[21:31:02 - BAMFile] Creating pool of 16 BAM file sets.
[21:31:02 - Predict] Processing 6 long region(s) with batching.
[21:31:02 - Sampler] Initializing sampler for consensus of region contig_1:0-1000000.
[21:31:02 - Sampler] Initializing sampler for consensus of region contig_1:999000-1999000.
[21:31:02 - PWorker] Running inference for 5.2M draft bases.
[21:31:03 - Feature] Processed contig_1:0.0-999999.0 (median depth 59.0)
[21:31:03 - Sampler] Took 1.61s to make features.
[21:31:03 - Sampler] Initializing sampler for consensus of region contig_1:1998000-2998000.
[21:31:03 - Feature] Processed contig_1:999000.0-1998999.0 (median depth 53.0)
[21:31:03 - Sampler] Took 1.76s to make features.
[21:31:03 - Sampler] Initializing sampler for consensus of region contig_1:2997000-3334477.
[21:31:04 - Feature] Processed contig_1:2997000.0-3334476.0 (median depth 59.0)
[21:31:04 - Sampler] Took 0.67s to make features.
[21:31:04 - Sampler] Initializing sampler for consensus of region 1:0-1000000.
[21:31:04 - Feature] Processed contig_1:1998000.0-2997999.0 (median depth 55.0)
[21:31:04 - Sampler] Took 1.07s to make features.
[21:31:04 - Sampler] Initializing sampler for consensus of region 1:999000-1868090.
[21:31:05 - Feature] Processed 1:0.0-999999.0 (median depth 50.0)
[21:31:05 - Sampler] Took 0.91s to make features.
[21:31:05 - Feature] Processed 1:999000.0-1868089.0 (median depth 49.0)
[21:31:05 - Sampler] Took 0.90s to make features.
[21:31:18 - PWorker] Batches in cache: 7.
[21:31:18 - PWorker] 14.5% Done (0.8/5.2 Mbases) in 16.1s
[21:31:30 - PWorker] Batches in cache: 6.
[21:31:30 - PWorker] 29.1% Done (1.5/5.2 Mbases) in 28.7s
[21:31:43 - PWorker] Batches in cache: 5.
[21:31:43 - PWorker] 43.7% Done (2.3/5.2 Mbases) in 41.3s
[21:31:55 - PWorker] Batches in cache: 4.
[21:31:55 - PWorker] 58.4% Done (3.0/5.2 Mbases) in 53.3s
[21:32:07 - PWorker] Batches in cache: 3.
[21:32:07 - PWorker] 73.2% Done (3.8/5.2 Mbases) in 65.2s
[21:32:19 - PWorker] Batches in cache: 2.
[21:32:19 - PWorker] 88.1% Done (4.6/5.2 Mbases) in 77.2s
[21:32:28 - PWorker] Batches in cache: 1.
[21:32:29 - PWorker] Processed 7 batches
[21:32:29 - PWorker] All done, 0 remainder regions.
[21:32:29 - Predict] Finished processing all regions.
/data/djs217/miniconda3/lib/python3.12/site-packages/hybracter/workflow/conda/f3634b33ec8fb5711a0153c480705631_/lib/python3.11/site-packages/medaka/common.py:16: UserWarning: pkg_resources is deprecated as an API. See https://setuptools.pypa.io/en/latest/pkg_resources.html. The pkg_resources package is slated for removal as early as 2025-11-30. Refrain from using this package or pin to Setuptools<81.
  from pkg_resources import resource_filename
[21:32:31 - DataIndx] Loaded 1/1 (100.00%) sample files.
[21:32:31 - Stitcher] Stitching contig_1:0-1000000
[21:32:32 - Stitcher] Stitching contig_1:1000000-2000000
[21:32:32 - Stitcher] Stitching contig_1:2000000-3000000
[21:32:32 - Stitcher] Stitching contig_1:3000000-3334477
[21:32:33 - Stitcher] Stitching 1:0-1000000
[21:32:33 - Stitcher] Stitching 1:1000000-1868090
