/data/djs217/miniconda3/lib/python3.12/site-packages/hybracter/workflow/conda/f3634b33ec8fb5711a0153c480705631_/lib/python3.11/site-packages/medaka/common.py:16: UserWarning: pkg_resources is deprecated as an API. See https://setuptools.pypa.io/en/latest/pkg_resources.html. The pkg_resources package is slated for removal as early as 2025-11-30. Refrain from using this package or pin to Setuptools<81.
  from pkg_resources import resource_filename
/data/djs217/miniconda3/lib/python3.12/site-packages/hybracter/workflow/conda/f3634b33ec8fb5711a0153c480705631_/lib/python3.11/site-packages/medaka/common.py:16: UserWarning: pkg_resources is deprecated as an API. See https://setuptools.pypa.io/en/latest/pkg_resources.html. The pkg_resources package is slated for removal as early as 2025-11-30. Refrain from using this package or pin to Setuptools<81.
  from pkg_resources import resource_filename
/data/djs217/miniconda3/lib/python3.12/site-packages/hybracter/workflow/conda/f3634b33ec8fb5711a0153c480705631_/lib/python3.11/site-packages/medaka/common.py:16: UserWarning: pkg_resources is deprecated as an API. See https://setuptools.pypa.io/en/latest/pkg_resources.html. The pkg_resources package is slated for removal as early as 2025-11-30. Refrain from using this package or pin to Setuptools<81.
  from pkg_resources import resource_filename
[09:39:34 - MdlStrTGZ] Successfully removed temporary files from /tmp/tmp4ziv8qaq.
/data/djs217/miniconda3/lib/python3.12/site-packages/hybracter/workflow/conda/f3634b33ec8fb5711a0153c480705631_/lib/python3.11/site-packages/medaka/common.py:16: UserWarning: pkg_resources is deprecated as an API. See https://setuptools.pypa.io/en/latest/pkg_resources.html. The pkg_resources package is slated for removal as early as 2025-11-30. Refrain from using this package or pin to Setuptools<81.
  from pkg_resources import resource_filename
[09:39:36 - MdlStrTGZ] Successfully removed temporary files from /tmp/tmppf0vug4n.
Creating fai index file /data/djs217/vibrio/P0213_250813_11813/01_raw_reads/hybracter_out/processing/pre_polish/11813_EXE_28_2025_W_PBC74148_chromosome_plus_plasmids.fasta.fai
Creating mmi index file /data/djs217/vibrio/P0213_250813_11813/01_raw_reads/hybracter_out/processing/pre_polish/11813_EXE_28_2025_W_PBC74148_chromosome_plus_plasmids.fasta.map-ont.mmi
[M::mm_idx_gen::0.147*1.02] collected minimizers
[M::mm_idx_gen::0.194*1.46] sorted minimizers
[M::main::0.253*1.35] loaded/built the index for 2 target sequence(s)
[M::mm_idx_stat] kmer size: 15; skip: 10; is_hpc: 0; #seq: 2
[M::mm_idx_stat::0.266*1.33] distinct minimizers: 759684 (98.36% are singletons); average occurrences: 1.042; average spacing: 5.347; total length: 4234955
[M::main] Version: 2.30-r1287
[M::main] CMD: minimap2 -I 16G -x map-ont -d /data/djs217/vibrio/P0213_250813_11813/01_raw_reads/hybracter_out/processing/pre_polish/11813_EXE_28_2025_W_PBC74148_chromosome_plus_plasmids.fasta.map-ont.mmi /data/djs217/vibrio/P0213_250813_11813/01_raw_reads/hybracter_out/processing/pre_polish/11813_EXE_28_2025_W_PBC74148_chromosome_plus_plasmids.fasta
[M::main] Real time: 0.273 sec; CPU: 0.362 sec; Peak RSS: 0.043 GB
[M::main::0.052*1.04] loaded/built the index for 2 target sequence(s)
[M::mm_mapopt_update::0.067*1.03] mid_occ = 17
[M::mm_idx_stat] kmer size: 15; skip: 10; is_hpc: 0; #seq: 2
[M::mm_idx_stat::0.078*1.02] distinct minimizers: 759684 (98.36% are singletons); average occurrences: 1.042; average spacing: 5.347; total length: 4234955
[M::worker_pipeline::96.237*0.94] mapped 12031 sequences
[M::main] Version: 2.30-r1287
[M::main] CMD: minimap2 -x map-ont --secondary=no -L --MD -A 2 -B 4 -O 4,24 -E 2,1 -t 1 -a /data/djs217/vibrio/P0213_250813_11813/01_raw_reads/hybracter_out/processing/pre_polish/11813_EXE_28_2025_W_PBC74148_chromosome_plus_plasmids.fasta.map-ont.mmi /data/djs217/vibrio/P0213_250813_11813/01_raw_reads/hybracter_out/processing/qc/11813_EXE_28_2025_W_PBC74148_filt_trim.fastq.gz
[M::main] Real time: 96.249 sec; CPU: 90.169 sec; Peak RSS: 0.805 GB
/data/djs217/miniconda3/lib/python3.12/site-packages/hybracter/workflow/conda/f3634b33ec8fb5711a0153c480705631_/lib/python3.11/site-packages/medaka/common.py:16: UserWarning: pkg_resources is deprecated as an API. See https://setuptools.pypa.io/en/latest/pkg_resources.html. The pkg_resources package is slated for removal as early as 2025-11-30. Refrain from using this package or pin to Setuptools<81.
  from pkg_resources import resource_filename
[09:41:28 - Predict] Processing region(s): contig_1:0-3023615 1:0-1211340
[09:41:28 - Predict] Using model: /data/djs217/miniconda3/lib/python3.12/site-packages/hybracter/workflow/conda/f3634b33ec8fb5711a0153c480705631_/lib/python3.11/site-packages/medaka/data/r1041_e82_400bps_sup_v5.0.0_model_pt.tar.gz.
[09:41:28 - Predict] Using minimum mapQ threshold of 1 for read filtering.
[09:41:28 - MdlStrTGZ] Model GRUModel(
  (gru): GRU(10, 128, num_layers=2, batch_first=True, bidirectional=True)
  (linear): Linear(in_features=256, out_features=5, bias=True)
)
[09:41:28 - MdlStrTGZ] loading weights from /tmp/tmph2243n3w/model/weights.pt
[09:41:28 - MdlStrTGZ] Successfully removed temporary files from /tmp/tmph2243n3w.
[09:41:28 - Predict] Model device: cpu
[09:41:28 - Predict] Running prediction at full precision
[09:41:28 - BAMFile] Creating pool of 16 BAM file sets.
[09:41:28 - Predict] Processing 6 long region(s) with batching.
[09:41:28 - Sampler] Initializing sampler for consensus of region contig_1:0-1000000.
[09:41:28 - Sampler] Initializing sampler for consensus of region contig_1:999000-1999000.
[09:41:28 - PWorker] Running inference for 4.2M draft bases.
[09:41:29 - Feature] Processed contig_1:0.0-999999.0 (median depth 65.0)
[09:41:29 - Sampler] Took 1.53s to make features.
[09:41:29 - Sampler] Initializing sampler for consensus of region contig_1:1998000-2998000.
[09:41:29 - Feature] Processed contig_1:999000.0-1998999.0 (median depth 73.0)
[09:41:29 - Sampler] Took 1.66s to make features.
[09:41:29 - Sampler] Initializing sampler for consensus of region contig_1:2997000-3023615.
[09:41:30 - Feature] Processed contig_1:2997000.0-3023614.0 (median depth 61.0)
[09:41:30 - Sampler] Took 0.24s to make features.
[09:41:30 - Sampler] Initializing sampler for consensus of region 1:0-1000000.
[09:41:30 - Feature] Processed contig_1:1998000.0-2997999.0 (median depth 66.0)
[09:41:30 - Sampler] Took 1.13s to make features.
[09:41:30 - Sampler] Initializing sampler for consensus of region 1:999000-1211340.
[09:41:31 - Feature] Processed 1:0.0-999999.0 (median depth 62.0)
[09:41:31 - Sampler] Took 0.95s to make features.
[09:41:31 - Feature] Processed 1:999000.0-1211339.0 (median depth 67.0)
[09:41:31 - Sampler] Took 0.50s to make features.
[09:41:45 - PWorker] Batches in cache: 6.
[09:41:45 - PWorker] 19.0% Done (0.8/4.2 Mbases) in 16.9s
[09:41:57 - PWorker] Batches in cache: 5.
[09:41:57 - PWorker] 37.6% Done (1.6/4.2 Mbases) in 29.6s
[09:42:10 - PWorker] Batches in cache: 4.
[09:42:10 - PWorker] 56.2% Done (2.4/4.2 Mbases) in 42.2s
[09:42:23 - PWorker] Batches in cache: 3.
[09:42:23 - PWorker] 75.1% Done (3.2/4.2 Mbases) in 55.0s
[09:42:38 - PWorker] Batches in cache: 2.
[09:42:38 - PWorker] 94.1% Done (4.0/4.2 Mbases) in 70.0s
[09:42:43 - PWorker] Batches in cache: 1.
[09:42:43 - PWorker] Processed 6 batches
[09:42:43 - PWorker] All done, 0 remainder regions.
[09:42:43 - Predict] Finished processing all regions.
/data/djs217/miniconda3/lib/python3.12/site-packages/hybracter/workflow/conda/f3634b33ec8fb5711a0153c480705631_/lib/python3.11/site-packages/medaka/common.py:16: UserWarning: pkg_resources is deprecated as an API. See https://setuptools.pypa.io/en/latest/pkg_resources.html. The pkg_resources package is slated for removal as early as 2025-11-30. Refrain from using this package or pin to Setuptools<81.
  from pkg_resources import resource_filename
[09:42:46 - DataIndx] Loaded 1/1 (100.00%) sample files.
[09:42:46 - Stitcher] Stitching 1:0-1000000
[09:42:46 - Stitcher] Stitching 1:1000000-1211340
[09:42:46 - Stitcher] Stitching contig_1:0-1000000
[09:42:46 - Stitcher] Stitching contig_1:1000000-2000000
[09:42:47 - Stitcher] Stitching contig_1:2000000-3000000
[09:42:47 - Stitcher] Stitching contig_1:3000000-3023615
