/data/djs217/miniconda3/lib/python3.12/site-packages/hybracter/workflow/conda/f3634b33ec8fb5711a0153c480705631_/lib/python3.11/site-packages/medaka/common.py:16: UserWarning: pkg_resources is deprecated as an API. See https://setuptools.pypa.io/en/latest/pkg_resources.html. The pkg_resources package is slated for removal as early as 2025-11-30. Refrain from using this package or pin to Setuptools<81.
  from pkg_resources import resource_filename
/data/djs217/miniconda3/lib/python3.12/site-packages/hybracter/workflow/conda/f3634b33ec8fb5711a0153c480705631_/lib/python3.11/site-packages/medaka/common.py:16: UserWarning: pkg_resources is deprecated as an API. See https://setuptools.pypa.io/en/latest/pkg_resources.html. The pkg_resources package is slated for removal as early as 2025-11-30. Refrain from using this package or pin to Setuptools<81.
  from pkg_resources import resource_filename
/data/djs217/miniconda3/lib/python3.12/site-packages/hybracter/workflow/conda/f3634b33ec8fb5711a0153c480705631_/lib/python3.11/site-packages/medaka/common.py:16: UserWarning: pkg_resources is deprecated as an API. See https://setuptools.pypa.io/en/latest/pkg_resources.html. The pkg_resources package is slated for removal as early as 2025-11-30. Refrain from using this package or pin to Setuptools<81.
  from pkg_resources import resource_filename
[04:41:55 - MdlStrTGZ] Successfully removed temporary files from /tmp/tmp3uiyandx.
/data/djs217/miniconda3/lib/python3.12/site-packages/hybracter/workflow/conda/f3634b33ec8fb5711a0153c480705631_/lib/python3.11/site-packages/medaka/common.py:16: UserWarning: pkg_resources is deprecated as an API. See https://setuptools.pypa.io/en/latest/pkg_resources.html. The pkg_resources package is slated for removal as early as 2025-11-30. Refrain from using this package or pin to Setuptools<81.
  from pkg_resources import resource_filename
[04:41:57 - MdlStrTGZ] Successfully removed temporary files from /tmp/tmpqmf78euv.
Creating fai index file /data/djs217/vibrio/P0213_250813_11813/01_raw_reads/hybracter_out/processing/pre_polish/11813_EXE_30_2025_L_PBC74148_chromosome_plus_plasmids.fasta.fai
Creating mmi index file /data/djs217/vibrio/P0213_250813_11813/01_raw_reads/hybracter_out/processing/pre_polish/11813_EXE_30_2025_L_PBC74148_chromosome_plus_plasmids.fasta.map-ont.mmi
[M::mm_idx_gen::0.141*1.02] collected minimizers
[M::mm_idx_gen::0.197*1.57] sorted minimizers
[M::main::0.261*1.43] loaded/built the index for 21 target sequence(s)
[M::mm_idx_stat] kmer size: 15; skip: 10; is_hpc: 0; #seq: 21
[M::mm_idx_stat::0.274*1.41] distinct minimizers: 947943 (98.50% are singletons); average occurrences: 1.030; average spacing: 5.346; total length: 5217610
[M::main] Version: 2.30-r1287
[M::main] CMD: minimap2 -I 16G -x map-ont -d /data/djs217/vibrio/P0213_250813_11813/01_raw_reads/hybracter_out/processing/pre_polish/11813_EXE_30_2025_L_PBC74148_chromosome_plus_plasmids.fasta.map-ont.mmi /data/djs217/vibrio/P0213_250813_11813/01_raw_reads/hybracter_out/processing/pre_polish/11813_EXE_30_2025_L_PBC74148_chromosome_plus_plasmids.fasta
[M::main] Real time: 0.279 sec; CPU: 0.391 sec; Peak RSS: 0.050 GB
[M::main::0.080*1.04] loaded/built the index for 21 target sequence(s)
[M::mm_mapopt_update::0.098*1.03] mid_occ = 13
[M::mm_idx_stat] kmer size: 15; skip: 10; is_hpc: 0; #seq: 21
[M::mm_idx_stat::0.112*1.03] distinct minimizers: 947943 (98.50% are singletons); average occurrences: 1.030; average spacing: 5.346; total length: 5217610
[M::worker_pipeline::91.743*0.94] mapped 20910 sequences
[M::main] Version: 2.30-r1287
[M::main] CMD: minimap2 -x map-ont --secondary=no -L --MD -A 2 -B 4 -O 4,24 -E 2,1 -t 1 -a /data/djs217/vibrio/P0213_250813_11813/01_raw_reads/hybracter_out/processing/pre_polish/11813_EXE_30_2025_L_PBC74148_chromosome_plus_plasmids.fasta.map-ont.mmi /data/djs217/vibrio/P0213_250813_11813/01_raw_reads/hybracter_out/processing/qc/11813_EXE_30_2025_L_PBC74148_filt_trim.fastq.gz
[M::main] Real time: 91.753 sec; CPU: 85.872 sec; Peak RSS: 0.741 GB
/data/djs217/miniconda3/lib/python3.12/site-packages/hybracter/workflow/conda/f3634b33ec8fb5711a0153c480705631_/lib/python3.11/site-packages/medaka/common.py:16: UserWarning: pkg_resources is deprecated as an API. See https://setuptools.pypa.io/en/latest/pkg_resources.html. The pkg_resources package is slated for removal as early as 2025-11-30. Refrain from using this package or pin to Setuptools<81.
  from pkg_resources import resource_filename
[04:43:43 - Predict] Processing region(s): contig_1:0-3368906 1:0-635152 2:0-396740 3:0-234940 4:0-156841 5:0-66839 6:0-66783 7:0-56868 8:0-35227 9:0-33493 10:0-31405 11:0-29496 12:0-28081 13:0-23346 14:0-22222 15:0-16374 16:0-7469 17:0-3997 18:0-1366 19:0-1349 20:0-716
[04:43:43 - Predict] Using model: /data/djs217/miniconda3/lib/python3.12/site-packages/hybracter/workflow/conda/f3634b33ec8fb5711a0153c480705631_/lib/python3.11/site-packages/medaka/data/r1041_e82_400bps_sup_v5.0.0_model_pt.tar.gz.
[04:43:43 - Predict] Using minimum mapQ threshold of 1 for read filtering.
[04:43:43 - MdlStrTGZ] Model GRUModel(
  (gru): GRU(10, 128, num_layers=2, batch_first=True, bidirectional=True)
  (linear): Linear(in_features=256, out_features=5, bias=True)
)
[04:43:43 - MdlStrTGZ] loading weights from /tmp/tmpfktsg0b2/model/weights.pt
[04:43:43 - MdlStrTGZ] Successfully removed temporary files from /tmp/tmpfktsg0b2.
[04:43:43 - Predict] Model device: cpu
[04:43:43 - Predict] Running prediction at full precision
[04:43:43 - BAMFile] Creating pool of 16 BAM file sets.
[04:43:43 - Predict] Processing 19 long region(s) with batching.
[04:43:43 - Sampler] Initializing sampler for consensus of region contig_1:0-1000000.
[04:43:43 - Sampler] Initializing sampler for consensus of region contig_1:999000-1999000.
[04:43:43 - PWorker] Running inference for 5.2M draft bases.
[04:43:45 - Feature] Processed contig_1:999000.0-1998999.0 (median depth 40.0)
[04:43:45 - Sampler] Took 1.77s to make features.
[04:43:45 - Sampler] Initializing sampler for consensus of region contig_1:1998000-2998000.
[04:43:45 - Feature] Processed contig_1:0.0-999999.0 (median depth 77.0)
[04:43:45 - Sampler] Took 1.82s to make features.
[04:43:45 - Sampler] Initializing sampler for consensus of region contig_1:2997000-3368906.
[04:43:46 - Feature] Processed contig_1:2997000.0-3368905.0 (median depth 64.0)
[04:43:46 - Sampler] Took 0.84s to make features.
[04:43:46 - Sampler] Initializing sampler for consensus of region 1:0-635152.
[04:43:46 - Feature] Processed contig_1:1998000.0-2997999.0 (median depth 49.0)
[04:43:46 - Sampler] Took 1.16s to make features.
[04:43:46 - Sampler] Initializing sampler for consensus of region 2:0-396740.
[04:43:46 - Feature] Processed 1:0.0-635151.0 (median depth 39.0)
[04:43:46 - Sampler] Took 0.67s to make features.
[04:43:46 - Sampler] Initializing sampler for consensus of region 3:0-234940.
[04:43:46 - Feature] Processed 2:0.0-396739.0 (median depth 39.0)
[04:43:46 - Sampler] Took 0.55s to make features.
[04:43:46 - Sampler] Initializing sampler for consensus of region 4:0-156841.
[04:43:47 - Feature] Processed 3:0.0-234939.0 (median depth 38.0)
[04:43:47 - Sampler] Took 0.45s to make features.
[04:43:47 - Sampler] Initializing sampler for consensus of region 5:0-66839.
[04:43:47 - Feature] Processed 4:0.0-156840.0 (median depth 44.0)
[04:43:47 - Sampler] Took 0.35s to make features.
[04:43:47 - Sampler] Initializing sampler for consensus of region 6:0-66783.
[04:43:47 - Feature] Processed 5:0.0-66838.0 (median depth 49.0)
[04:43:47 - Sampler] Took 0.26s to make features.
[04:43:47 - Sampler] Initializing sampler for consensus of region 7:0-56868.
[04:43:47 - Feature] Processed 6:0.0-66782.0 (median depth 10.0)
[04:43:47 - Sampler] Took 0.24s to make features.
[04:43:47 - Sampler] Initializing sampler for consensus of region 8:0-35227.
[04:43:47 - Feature] Processed 7:0.0-56867.0 (median depth 48.0)
[04:43:47 - Sampler] Took 0.22s to make features.
[04:43:47 - Sampler] Initializing sampler for consensus of region 9:0-33493.
[04:43:47 - Feature] Processed 8:0.0-35226.0 (median depth 33.0)
[04:43:47 - Sampler] Took 0.19s to make features.
[04:43:47 - Sampler] Initializing sampler for consensus of region 10:0-31405.
[04:43:47 - Feature] Processed 9:0.0-33492.0 (median depth 65.0)
[04:43:47 - Sampler] Took 0.21s to make features.
[04:43:47 - Sampler] Initializing sampler for consensus of region 11:0-29496.
[04:43:47 - Feature] Processed 10:0.0-31404.0 (median depth 25.0)
[04:43:47 - Sampler] Took 0.22s to make features.
[04:43:47 - Sampler] Initializing sampler for consensus of region 12:0-28081.
[04:43:48 - Feature] Processed 11:0.0-29495.0 (median depth 26.0)
[04:43:48 - Sampler] Took 0.17s to make features.
[04:43:48 - Sampler] Initializing sampler for consensus of region 13:0-23346.
[04:43:48 - Feature] Processed 12:0.0-28080.0 (median depth 65.0)
[04:43:48 - Sampler] Took 0.23s to make features.
[04:43:48 - Sampler] Initializing sampler for consensus of region 14:0-22222.
[04:43:48 - Feature] Processed 13:0.0-23345.0 (median depth 77.0)
[04:43:48 - Sampler] Took 0.20s to make features.
[04:43:48 - Sampler] Initializing sampler for consensus of region 15:0-16374.
[04:43:48 - Feature] Processed 14:0.0-22221.0 (median depth 23.0)
[04:43:48 - Sampler] Took 0.18s to make features.
[04:43:48 - Feature] Processed 15:0.0-16373.0 (median depth 108.0)
[04:43:48 - Sampler] Took 0.19s to make features.
[04:43:59 - PWorker] Batches in cache: 7.
[04:43:59 - PWorker] 15.2% Done (0.8/5.2 Mbases) in 16.4s
[04:44:12 - PWorker] Batches in cache: 6.
[04:44:12 - PWorker] 29.4% Done (1.5/5.2 Mbases) in 29.2s
[04:44:25 - PWorker] Batches in cache: 5.
[04:44:25 - PWorker] 43.8% Done (2.3/5.2 Mbases) in 41.9s
[04:44:37 - PWorker] Batches in cache: 4.
[04:44:37 - PWorker] 58.8% Done (3.1/5.2 Mbases) in 54.5s
[04:44:50 - PWorker] Batches in cache: 3.
[04:44:50 - PWorker] 73.7% Done (3.8/5.2 Mbases) in 66.7s
[04:45:02 - PWorker] Batches in cache: 2.
[04:45:02 - PWorker] 88.9% Done (4.6/5.2 Mbases) in 79.2s
[04:45:12 - PWorker] Batches in cache: 1.
[04:45:12 - PWorker] 100.0% Done (5.2/5.2 Mbases) in 89.6s
[04:45:13 - PWorker] Processed 7 batches
[04:45:13 - PWorker] All done, 0 remainder regions.
[04:45:13 - Predict] Processing 5 short region(s).
[04:45:13 - Sampler] Initializing sampler for consensus of region 16:0-7469.
[04:45:13 - Sampler] Initializing sampler for consensus of region 17:0-3997.
[04:45:13 - PWorker] Running inference for 0.0M draft bases.
[04:45:13 - Feature] Processed 16:0.0-7468.0 (median depth 59.0)
[04:45:13 - Sampler] Took 0.17s to make features.
[04:45:13 - Sampler] Initializing sampler for consensus of region 18:0-1366.
[04:45:13 - Feature] Processed 17:0.0-3996.0 (median depth 21.0)
[04:45:13 - Sampler] Took 0.20s to make features.
[04:45:13 - Sampler] Took 0.02s to make features.
[04:45:13 - Sampler] Initializing sampler for consensus of region 19:0-1349.
[04:45:13 - Sampler] Initializing sampler for consensus of region 20:0-716.
[04:45:13 - Sampler] Took 0.04s to make features.
[04:45:13 - Sampler] Took 0.04s to make features.
[04:45:14 - PWorker] Processed 2 batches
[04:45:14 - PWorker] All done, 0 remainder regions.
[04:45:14 - Predict] Finished processing all regions.
/data/djs217/miniconda3/lib/python3.12/site-packages/hybracter/workflow/conda/f3634b33ec8fb5711a0153c480705631_/lib/python3.11/site-packages/medaka/common.py:16: UserWarning: pkg_resources is deprecated as an API. See https://setuptools.pypa.io/en/latest/pkg_resources.html. The pkg_resources package is slated for removal as early as 2025-11-30. Refrain from using this package or pin to Setuptools<81.
  from pkg_resources import resource_filename
[04:45:16 - DataIndx] Loaded 1/1 (100.00%) sample files.
[04:45:16 - Stitcher] Stitching 11:0-29496
[04:45:16 - Stitcher] Stitching 13:0-23346
[04:45:16 - Stitcher] Stitching 5:0-66839
[04:45:16 - Stitcher] Stitching 7:0-56868
[04:45:16 - Stitcher] Stitching 12:0-28081
[04:45:16 - Stitcher] Stitching 8:0-35227
[04:45:16 - Stitcher] Stitching 1:0-635152
[04:45:16 - Stitcher] Stitching 10:0-31405
[04:45:16 - Stitcher] Stitching 2:0-396740
[04:45:16 - Stitcher] Stitching 4:0-156841
[04:45:16 - Stitcher] Stitching 9:0-33493
[04:45:16 - Stitcher] Stitching 3:0-234940
[04:45:16 - Stitcher] Stitching contig_1:0-1000000
[04:45:17 - Stitcher] Stitching contig_1:1000000-2000000
[04:45:17 - Stitcher] Stitching contig_1:2000000-3000000
[04:45:17 - Stitcher] Stitching contig_1:3000000-3368906
[04:45:17 - Stitcher] Stitching 15:0-16374
[04:45:17 - Stitcher] Stitching 14:0-22222
[04:45:17 - Stitcher] Stitching 17:0-3997
[04:45:17 - Stitcher] Stitching 16:0-7469
[04:45:17 - Stitcher] Stitching 6:0-66783
[04:45:17 - Stitcher] Copying contig '19' verbatim from input.
[04:45:17 - Stitcher] Copying contig '18' verbatim from input.
[04:45:17 - Stitcher] Copying contig '20' verbatim from input.
