/data/djs217/miniconda3/lib/python3.12/site-packages/hybracter/workflow/conda/f3634b33ec8fb5711a0153c480705631_/lib/python3.11/site-packages/medaka/common.py:16: UserWarning: pkg_resources is deprecated as an API. See https://setuptools.pypa.io/en/latest/pkg_resources.html. The pkg_resources package is slated for removal as early as 2025-11-30. Refrain from using this package or pin to Setuptools<81.
  from pkg_resources import resource_filename
/data/djs217/miniconda3/lib/python3.12/site-packages/hybracter/workflow/conda/f3634b33ec8fb5711a0153c480705631_/lib/python3.11/site-packages/medaka/common.py:16: UserWarning: pkg_resources is deprecated as an API. See https://setuptools.pypa.io/en/latest/pkg_resources.html. The pkg_resources package is slated for removal as early as 2025-11-30. Refrain from using this package or pin to Setuptools<81.
  from pkg_resources import resource_filename
/data/djs217/miniconda3/lib/python3.12/site-packages/hybracter/workflow/conda/f3634b33ec8fb5711a0153c480705631_/lib/python3.11/site-packages/medaka/common.py:16: UserWarning: pkg_resources is deprecated as an API. See https://setuptools.pypa.io/en/latest/pkg_resources.html. The pkg_resources package is slated for removal as early as 2025-11-30. Refrain from using this package or pin to Setuptools<81.
  from pkg_resources import resource_filename
[13:40:06 - MdlStrTGZ] Successfully removed temporary files from /tmp/tmphk1qjen4.
/data/djs217/miniconda3/lib/python3.12/site-packages/hybracter/workflow/conda/f3634b33ec8fb5711a0153c480705631_/lib/python3.11/site-packages/medaka/common.py:16: UserWarning: pkg_resources is deprecated as an API. See https://setuptools.pypa.io/en/latest/pkg_resources.html. The pkg_resources package is slated for removal as early as 2025-11-30. Refrain from using this package or pin to Setuptools<81.
  from pkg_resources import resource_filename
[13:40:07 - MdlStrTGZ] Successfully removed temporary files from /tmp/tmpjf98p5eh.
Creating fai index file /data/djs217/vibrio/P0213_250813_11813/01_raw_reads/hybracter_out/processing/pre_polish/11813_EXE_30_2025_S_PBC74148_chromosome_plus_plasmids.fasta.fai
Creating mmi index file /data/djs217/vibrio/P0213_250813_11813/01_raw_reads/hybracter_out/processing/pre_polish/11813_EXE_30_2025_S_PBC74148_chromosome_plus_plasmids.fasta.map-ont.mmi
[M::mm_idx_gen::0.177*1.01] collected minimizers
[M::mm_idx_gen::0.237*1.49] sorted minimizers
[M::main::0.299*1.38] loaded/built the index for 11 target sequence(s)
[M::mm_idx_stat] kmer size: 15; skip: 10; is_hpc: 0; #seq: 11
[M::mm_idx_stat::0.313*1.37] distinct minimizers: 903833 (98.59% are singletons); average occurrences: 1.030; average spacing: 5.350; total length: 4979635
[M::main] Version: 2.30-r1287
[M::main] CMD: minimap2 -I 16G -x map-ont -d /data/djs217/vibrio/P0213_250813_11813/01_raw_reads/hybracter_out/processing/pre_polish/11813_EXE_30_2025_S_PBC74148_chromosome_plus_plasmids.fasta.map-ont.mmi /data/djs217/vibrio/P0213_250813_11813/01_raw_reads/hybracter_out/processing/pre_polish/11813_EXE_30_2025_S_PBC74148_chromosome_plus_plasmids.fasta
[M::main] Real time: 0.320 sec; CPU: 0.435 sec; Peak RSS: 0.049 GB
[M::main::0.083*1.04] loaded/built the index for 11 target sequence(s)
[M::mm_mapopt_update::0.102*1.03] mid_occ = 13
[M::mm_idx_stat] kmer size: 15; skip: 10; is_hpc: 0; #seq: 11
[M::mm_idx_stat::0.116*1.03] distinct minimizers: 903833 (98.59% are singletons); average occurrences: 1.030; average spacing: 5.350; total length: 4979635
[M::worker_pipeline::94.439*0.94] mapped 9203 sequences
[M::main] Version: 2.30-r1287
[M::main] CMD: minimap2 -x map-ont --secondary=no -L --MD -A 2 -B 4 -O 4,24 -E 2,1 -t 1 -a /data/djs217/vibrio/P0213_250813_11813/01_raw_reads/hybracter_out/processing/pre_polish/11813_EXE_30_2025_S_PBC74148_chromosome_plus_plasmids.fasta.map-ont.mmi /data/djs217/vibrio/P0213_250813_11813/01_raw_reads/hybracter_out/processing/qc/11813_EXE_30_2025_S_PBC74148_filt_trim.fastq.gz
[M::main] Real time: 94.449 sec; CPU: 88.999 sec; Peak RSS: 0.696 GB
/data/djs217/miniconda3/lib/python3.12/site-packages/hybracter/workflow/conda/f3634b33ec8fb5711a0153c480705631_/lib/python3.11/site-packages/medaka/common.py:16: UserWarning: pkg_resources is deprecated as an API. See https://setuptools.pypa.io/en/latest/pkg_resources.html. The pkg_resources package is slated for removal as early as 2025-11-30. Refrain from using this package or pin to Setuptools<81.
  from pkg_resources import resource_filename
[13:41:57 - Predict] Processing region(s): contig_1:0-3201227 1:0-743425 2:0-431259 3:0-309624 4:0-132592 5:0-61870 6:0-52210 7:0-34932 8:0-12126 10:0-239 11:0-131
[13:41:57 - Predict] Using model: /data/djs217/miniconda3/lib/python3.12/site-packages/hybracter/workflow/conda/f3634b33ec8fb5711a0153c480705631_/lib/python3.11/site-packages/medaka/data/r1041_e82_400bps_sup_v5.0.0_model_pt.tar.gz.
[13:41:57 - Predict] Using minimum mapQ threshold of 1 for read filtering.
[13:41:57 - MdlStrTGZ] Model GRUModel(
  (gru): GRU(10, 128, num_layers=2, batch_first=True, bidirectional=True)
  (linear): Linear(in_features=256, out_features=5, bias=True)
)
[13:41:57 - MdlStrTGZ] loading weights from /tmp/tmpfb4m7pw4/model/weights.pt
[13:41:57 - MdlStrTGZ] Successfully removed temporary files from /tmp/tmpfb4m7pw4.
[13:41:57 - Predict] Model device: cpu
[13:41:57 - Predict] Running prediction at full precision
[13:41:57 - BAMFile] Creating pool of 16 BAM file sets.
[13:41:57 - Predict] Processing 12 long region(s) with batching.
[13:41:57 - Sampler] Initializing sampler for consensus of region contig_1:0-1000000.
[13:41:57 - Sampler] Initializing sampler for consensus of region contig_1:999000-1999000.
[13:41:57 - PWorker] Running inference for 5.0M draft bases.
[13:41:58 - Feature] Processed contig_1:0.0-999999.1 (median depth 73.0)
[13:41:58 - Sampler] Took 1.57s to make features.
[13:41:58 - Sampler] Initializing sampler for consensus of region contig_1:1998000-2998000.
[13:41:59 - Feature] Processed contig_1:999000.0-1998999.0 (median depth 50.0)
[13:41:59 - Sampler] Took 1.72s to make features.
[13:41:59 - Sampler] Initializing sampler for consensus of region contig_1:2997000-3201227.
[13:41:59 - Feature] Processed contig_1:2997000.0-3201226.0 (median depth 73.0)
[13:41:59 - Sampler] Took 0.52s to make features.
[13:41:59 - Sampler] Initializing sampler for consensus of region 1:0-743425.
[13:42:00 - Feature] Processed contig_1:1998000.0-2997999.0 (median depth 57.0)
[13:42:00 - Sampler] Took 1.02s to make features.
[13:42:00 - Sampler] Initializing sampler for consensus of region 2:0-431259.
[13:42:00 - Feature] Processed 1:0.0-743424.0 (median depth 52.0)
[13:42:00 - Sampler] Took 0.83s to make features.
[13:42:00 - Sampler] Initializing sampler for consensus of region 3:0-309624.
[13:42:00 - Feature] Processed 2:0.0-431258.0 (median depth 43.0)
[13:42:00 - Sampler] Took 0.62s to make features.
[13:42:00 - Sampler] Initializing sampler for consensus of region 4:0-132592.
[13:42:01 - Feature] Processed 3:0.0-309623.0 (median depth 52.0)
[13:42:01 - Sampler] Took 0.52s to make features.
[13:42:01 - Sampler] Initializing sampler for consensus of region 5:0-61870.
[13:42:01 - Feature] Processed 4:0.0-132591.0 (median depth 39.0)
[13:42:01 - Sampler] Took 0.40s to make features.
[13:42:01 - Sampler] Initializing sampler for consensus of region 6:0-52210.
[13:42:01 - Feature] Processed 5:0.0-61869.0 (median depth 38.0)
[13:42:01 - Sampler] Took 0.25s to make features.
[13:42:01 - Sampler] Initializing sampler for consensus of region 7:0-34932.
[13:42:01 - Feature] Processed 6:0.0-52209.0 (median depth 37.0)
[13:42:01 - Sampler] Took 0.23s to make features.
[13:42:01 - Sampler] Initializing sampler for consensus of region 8:0-12126.
[13:42:01 - Feature] Processed 8:0.0-12125.0 (median depth 4.0)
[13:42:01 - Sampler] Took 0.08s to make features.
[13:42:01 - Feature] Processed 7:0.0-34931.0 (median depth 25.0)
[13:42:01 - Sampler] Took 0.18s to make features.
[13:42:14 - PWorker] Batches in cache: 7.
[13:42:14 - PWorker] 16.1% Done (0.8/5.0 Mbases) in 17.4s
[13:42:28 - PWorker] Batches in cache: 6.
[13:42:28 - PWorker] 32.6% Done (1.6/5.0 Mbases) in 31.5s
[13:42:41 - PWorker] Batches in cache: 5.
[13:42:41 - PWorker] 49.1% Done (2.4/5.0 Mbases) in 44.0s
[13:42:53 - PWorker] Batches in cache: 4.
[13:42:53 - PWorker] 65.4% Done (3.3/5.0 Mbases) in 56.2s
[13:43:05 - PWorker] Batches in cache: 3.
[13:43:05 - PWorker] 82.0% Done (4.1/5.0 Mbases) in 68.5s
[13:43:18 - PWorker] Batches in cache: 2.
[13:43:18 - PWorker] 98.7% Done (4.9/5.0 Mbases) in 81.0s
[13:43:20 - PWorker] Processed 7 batches
[13:43:20 - PWorker] All done, 0 remainder regions.
[13:43:20 - Predict] Processing 2 short region(s).
[13:43:20 - Sampler] Initializing sampler for consensus of region 10:0-239.
[13:43:20 - Sampler] Initializing sampler for consensus of region 11:0-131.
[13:43:20 - PWorker] Running inference for 0.0M draft bases.
[13:43:20 - Sampler] Took 0.02s to make features.
[13:43:20 - Sampler] Took 0.02s to make features.
[13:43:20 - PWorker] Processed 0 batches
[13:43:20 - PWorker] All done, 0 remainder regions.
[13:43:20 - Predict] Finished processing all regions.
/data/djs217/miniconda3/lib/python3.12/site-packages/hybracter/workflow/conda/f3634b33ec8fb5711a0153c480705631_/lib/python3.11/site-packages/medaka/common.py:16: UserWarning: pkg_resources is deprecated as an API. See https://setuptools.pypa.io/en/latest/pkg_resources.html. The pkg_resources package is slated for removal as early as 2025-11-30. Refrain from using this package or pin to Setuptools<81.
  from pkg_resources import resource_filename
[13:43:22 - DataIndx] Loaded 1/1 (100.00%) sample files.
[13:43:22 - Stitcher] Stitching contig_1:0-1000000
[13:43:23 - Stitcher] Stitching contig_1:1000000-2000000
[13:43:23 - Stitcher] Stitching contig_1:2000000-3000000
[13:43:23 - Stitcher] Stitching contig_1:3000000-3201227
[13:43:23 - Stitcher] Stitching 7:0-34932
[13:43:23 - Stitcher] Stitching 2:0-431259
[13:43:24 - Stitcher] Stitching 4:0-132592
[13:43:24 - Stitcher] Stitching 6:0-52210
[13:43:24 - Stitcher] Stitching 1:0-743425
[13:43:24 - Stitcher] Stitching 5:0-61870
[13:43:24 - Stitcher] Stitching 3:0-309624
[13:43:24 - Stitcher] Stitching 8:0-12126
[13:43:24 - Stitcher] Copying contig '10' verbatim from input.
[13:43:24 - Stitcher] Copying contig '11' verbatim from input.
