/data/djs217/miniconda3/lib/python3.12/site-packages/hybracter/workflow/conda/f3634b33ec8fb5711a0153c480705631_/lib/python3.11/site-packages/medaka/common.py:16: UserWarning: pkg_resources is deprecated as an API. See https://setuptools.pypa.io/en/latest/pkg_resources.html. The pkg_resources package is slated for removal as early as 2025-11-30. Refrain from using this package or pin to Setuptools<81.
  from pkg_resources import resource_filename
/data/djs217/miniconda3/lib/python3.12/site-packages/hybracter/workflow/conda/f3634b33ec8fb5711a0153c480705631_/lib/python3.11/site-packages/medaka/common.py:16: UserWarning: pkg_resources is deprecated as an API. See https://setuptools.pypa.io/en/latest/pkg_resources.html. The pkg_resources package is slated for removal as early as 2025-11-30. Refrain from using this package or pin to Setuptools<81.
  from pkg_resources import resource_filename
/data/djs217/miniconda3/lib/python3.12/site-packages/hybracter/workflow/conda/f3634b33ec8fb5711a0153c480705631_/lib/python3.11/site-packages/medaka/common.py:16: UserWarning: pkg_resources is deprecated as an API. See https://setuptools.pypa.io/en/latest/pkg_resources.html. The pkg_resources package is slated for removal as early as 2025-11-30. Refrain from using this package or pin to Setuptools<81.
  from pkg_resources import resource_filename
[06:09:30 - MdlStrTGZ] Successfully removed temporary files from /tmp/tmpwetayfio.
/data/djs217/miniconda3/lib/python3.12/site-packages/hybracter/workflow/conda/f3634b33ec8fb5711a0153c480705631_/lib/python3.11/site-packages/medaka/common.py:16: UserWarning: pkg_resources is deprecated as an API. See https://setuptools.pypa.io/en/latest/pkg_resources.html. The pkg_resources package is slated for removal as early as 2025-11-30. Refrain from using this package or pin to Setuptools<81.
  from pkg_resources import resource_filename
[06:09:32 - MdlStrTGZ] Successfully removed temporary files from /tmp/tmp4i8v25gt.
Creating fai index file /data/djs217/vibrio/P0213_250813_11813/01_raw_reads/hybracter_out/processing/pre_polish/11813_EXE_34_2024_C_PBC74148_chromosome_plus_plasmids.fasta.fai
Creating mmi index file /data/djs217/vibrio/P0213_250813_11813/01_raw_reads/hybracter_out/processing/pre_polish/11813_EXE_34_2024_C_PBC74148_chromosome_plus_plasmids.fasta.map-ont.mmi
[M::mm_idx_gen::0.180*1.01] collected minimizers
[M::mm_idx_gen::0.240*1.46] sorted minimizers
[M::main::0.307*1.36] loaded/built the index for 7 target sequence(s)
[M::mm_idx_stat] kmer size: 15; skip: 10; is_hpc: 0; #seq: 7
[M::mm_idx_stat::0.322*1.34] distinct minimizers: 943323 (98.43% are singletons); average occurrences: 1.030; average spacing: 5.346; total length: 5192868
[M::main] Version: 2.30-r1287
[M::main] CMD: minimap2 -I 16G -x map-ont -d /data/djs217/vibrio/P0213_250813_11813/01_raw_reads/hybracter_out/processing/pre_polish/11813_EXE_34_2024_C_PBC74148_chromosome_plus_plasmids.fasta.map-ont.mmi /data/djs217/vibrio/P0213_250813_11813/01_raw_reads/hybracter_out/processing/pre_polish/11813_EXE_34_2024_C_PBC74148_chromosome_plus_plasmids.fasta
[M::main] Real time: 0.330 sec; CPU: 0.439 sec; Peak RSS: 0.049 GB
[M::main::0.083*1.04] loaded/built the index for 7 target sequence(s)
[M::mm_mapopt_update::0.103*1.03] mid_occ = 13
[M::mm_idx_stat] kmer size: 15; skip: 10; is_hpc: 0; #seq: 7
[M::mm_idx_stat::0.118*1.03] distinct minimizers: 943323 (98.43% are singletons); average occurrences: 1.030; average spacing: 5.346; total length: 5192868
[M::worker_pipeline::33.627*0.92] mapped 17881 sequences
[M::main] Version: 2.30-r1287
[M::main] CMD: minimap2 -x map-ont --secondary=no -L --MD -A 2 -B 4 -O 4,24 -E 2,1 -t 1 -a /data/djs217/vibrio/P0213_250813_11813/01_raw_reads/hybracter_out/processing/pre_polish/11813_EXE_34_2024_C_PBC74148_chromosome_plus_plasmids.fasta.map-ont.mmi /data/djs217/vibrio/P0213_250813_11813/01_raw_reads/hybracter_out/processing/qc/11813_EXE_34_2024_C_PBC74148_filt_trim.fastq.gz
[M::main] Real time: 33.637 sec; CPU: 31.055 sec; Peak RSS: 0.283 GB
/data/djs217/miniconda3/lib/python3.12/site-packages/hybracter/workflow/conda/f3634b33ec8fb5711a0153c480705631_/lib/python3.11/site-packages/medaka/common.py:16: UserWarning: pkg_resources is deprecated as an API. See https://setuptools.pypa.io/en/latest/pkg_resources.html. The pkg_resources package is slated for removal as early as 2025-11-30. Refrain from using this package or pin to Setuptools<81.
  from pkg_resources import resource_filename
[06:10:13 - Predict] Processing region(s): contig_2:0-3375298 1:0-1182313 2:0-274944 3:0-176076 4:0-94467 5:0-73245 6:0-16525
[06:10:13 - Predict] Using model: /data/djs217/miniconda3/lib/python3.12/site-packages/hybracter/workflow/conda/f3634b33ec8fb5711a0153c480705631_/lib/python3.11/site-packages/medaka/data/r1041_e82_400bps_sup_v5.0.0_model_pt.tar.gz.
[06:10:13 - Predict] Using minimum mapQ threshold of 1 for read filtering.
[06:10:13 - MdlStrTGZ] Model GRUModel(
  (gru): GRU(10, 128, num_layers=2, batch_first=True, bidirectional=True)
  (linear): Linear(in_features=256, out_features=5, bias=True)
)
[06:10:13 - MdlStrTGZ] loading weights from /tmp/tmpbkgwi7ma/model/weights.pt
[06:10:13 - MdlStrTGZ] Successfully removed temporary files from /tmp/tmpbkgwi7ma.
[06:10:13 - Predict] Model device: cpu
[06:10:13 - Predict] Running prediction at full precision
[06:10:13 - BAMFile] Creating pool of 16 BAM file sets.
[06:10:13 - Predict] Processing 11 long region(s) with batching.
[06:10:13 - Sampler] Initializing sampler for consensus of region contig_2:0-1000000.
[06:10:13 - Sampler] Initializing sampler for consensus of region contig_2:999000-1999000.
[06:10:13 - PWorker] Running inference for 5.2M draft bases.
[06:10:14 - Feature] Processed contig_2:0.0-999999.0 (median depth 21.0)
[06:10:14 - Sampler] Took 1.34s to make features.
[06:10:14 - Sampler] Initializing sampler for consensus of region contig_2:1998000-2998000.
[06:10:14 - Feature] Processed contig_2:999000.0-1998999.0 (median depth 18.0)
[06:10:14 - Sampler] Took 1.49s to make features.
[06:10:14 - Sampler] Initializing sampler for consensus of region contig_2:2997000-3375298.
[06:10:15 - Feature] Processed contig_2:2997000.0-3375297.0 (median depth 19.0)
[06:10:15 - Sampler] Took 0.52s to make features.
[06:10:15 - Sampler] Initializing sampler for consensus of region 1:0-1000000.
[06:10:15 - Feature] Processed contig_2:1998000.0-2997999.0 (median depth 18.0)
[06:10:15 - Sampler] Took 0.91s to make features.
[06:10:15 - Sampler] Initializing sampler for consensus of region 1:999000-1182313.
[06:10:16 - Feature] Processed 1:999000.0-1182312.0 (median depth 15.0)
[06:10:16 - Sampler] Took 0.36s to make features.
[06:10:16 - Sampler] Initializing sampler for consensus of region 2:0-274944.
[06:10:16 - Feature] Processed 1:0.0-999999.0 (median depth 18.0)
[06:10:16 - Sampler] Took 0.67s to make features.
[06:10:16 - Sampler] Initializing sampler for consensus of region 3:0-176076.
[06:10:16 - Feature] Processed 3:0.0-176075.0 (median depth 18.0)
[06:10:16 - Sampler] Took 0.31s to make features.
[06:10:16 - Sampler] Initializing sampler for consensus of region 4:0-94467.
[06:10:16 - Feature] Processed 2:0.0-274943.0 (median depth 20.0)
[06:10:16 - Sampler] Took 0.42s to make features.
[06:10:16 - Sampler] Initializing sampler for consensus of region 5:0-73245.
[06:10:16 - Feature] Processed 4:0.0-94466.0 (median depth 22.0)
[06:10:16 - Sampler] Took 0.30s to make features.
[06:10:16 - Sampler] Initializing sampler for consensus of region 6:0-16525.
[06:10:16 - Feature] Processed 5:0.0-73244.0 (median depth 17.0)
[06:10:16 - Sampler] Took 0.27s to make features.
[06:10:16 - Feature] Processed 6:0.0-16524.0 (median depth 14.0)
[06:10:16 - Sampler] Took 0.16s to make features.
[06:10:29 - PWorker] Batches in cache: 7.
[06:10:29 - PWorker] 15.8% Done (0.8/5.2 Mbases) in 16.2s
[06:10:42 - PWorker] Batches in cache: 6.
[06:10:42 - PWorker] 31.7% Done (1.6/5.2 Mbases) in 28.8s
[06:10:54 - PWorker] Batches in cache: 5.
[06:10:54 - PWorker] 47.9% Done (2.5/5.2 Mbases) in 41.4s
[06:11:07 - PWorker] Batches in cache: 4.
[06:11:07 - PWorker] 64.0% Done (3.3/5.2 Mbases) in 54.0s
[06:11:19 - PWorker] Batches in cache: 3.
[06:11:19 - PWorker] 80.2% Done (4.2/5.2 Mbases) in 66.2s
[06:11:31 - PWorker] Batches in cache: 2.
[06:11:31 - PWorker] 96.2% Done (5.0/5.2 Mbases) in 78.4s
[06:11:35 - PWorker] Processed 7 batches
[06:11:35 - PWorker] All done, 0 remainder regions.
[06:11:35 - Predict] Finished processing all regions.
/data/djs217/miniconda3/lib/python3.12/site-packages/hybracter/workflow/conda/f3634b33ec8fb5711a0153c480705631_/lib/python3.11/site-packages/medaka/common.py:16: UserWarning: pkg_resources is deprecated as an API. See https://setuptools.pypa.io/en/latest/pkg_resources.html. The pkg_resources package is slated for removal as early as 2025-11-30. Refrain from using this package or pin to Setuptools<81.
  from pkg_resources import resource_filename
[06:11:37 - DataIndx] Loaded 1/1 (100.00%) sample files.
[06:11:37 - Stitcher] Stitching 6:0-16525
[06:11:37 - Stitcher] Stitching 1:0-1000000
[06:11:38 - Stitcher] Stitching 1:1000000-1182313
[06:11:38 - Stitcher] Stitching 3:0-176076
[06:11:38 - Stitcher] Stitching 2:0-274944
[06:11:38 - Stitcher] Stitching 4:0-94467
[06:11:38 - Stitcher] Stitching 5:0-73245
[06:11:38 - Stitcher] Stitching contig_2:0-1000000
[06:11:38 - Stitcher] Stitching contig_2:1000000-2000000
[06:11:38 - Stitcher] Stitching contig_2:2000000-3000000
[06:11:39 - Stitcher] Stitching contig_2:3000000-3375298
