Error: could not find /data/djs217/PROJECTS/19_vibrio/02_illumina_trimmed/11671_EXE_15_2024_J_S459_R1_001.fastq.gz













Starting Unicycler (2025-07-14 21:55:23)
----------------------------------------
    Welcome to Unicycler, an assembly pipeline for bacterial genomes. Since you provided only short reads, Unicycler will essentially function as a SPAdes-optimiser. It will try many k-mer sizes, choose the best based on contig length and graph connectivity, and scaffold the graph using SPAdes repeat resolution.
    For more information, please see https://github.com/rrwick/Unicycler

Command: /data/djs217/miniconda3/envs/unicycler_env/bin/unicycler -1 ../02_illumina_trimmed/11671_EXE_15_2024_J_S459_R1_001_val_1.fq.gz -2 ../02_illumina_trimmed/11671_EXE_15_2024_J_S459_R2_001_val_2.fq.gz -o EXE_15_2024_J.unicycler

Unicycler version: v0.5.1
Using 8 threads

The output directory already exists and files may be reused or overwritten:
  /data/djs217/PROJECTS/19_vibrio/06_unicycler/EXE_15_2024_J.unicycler

Dependencies:
  Program       Version   Status  
  spades.py     4.0.0     good    
  racon                   not used
  makeblastdb   2.16.0+   good    
  tblastn       2.16.0+   good    


Choosing k-mer range for assembly (2025-07-14 21:55:36)
-------------------------------------------------------
    Unicycler chooses a k-mer range for SPAdes based on the length of the input reads. It uses a wide range of many k-mer sizes to maximise the chance of finding an ideal assembly.

SPAdes maximum k-mer: 127
Median read length: 150
K-mer range: 27, 53, 71, 87, 99, 111, 119, 127


SPAdes assemblies (2025-07-14 21:55:45)
---------------------------------------
    Unicycler now uses SPAdes to assemble the short reads. It scores the assembly graph for each k-mer using the number of contigs (fewer is better) and the number of dead ends (fewer is better). The score function is 1/(c*(d+2)), where c is the contig count and d is the dead end count.

spades.py -o /data/djs217/PROJECTS/19_vibrio/06_unicycler/EXE_15_2024_J.unicycler/spades_assembly -k 27 --threads 8 --gfa11 --isolate -1 /data/djs217/PROJECTS/19_vibrio/02_illumina_trimmed/11671_EXE_15_2024_J_S459_R1_001_val_1.fq.gz -2 /data/djs217/PROJECTS/19_vibrio/02_illumina_trimmed/11671_EXE_15_2024_J_S459_R2_001_val_2.fq.gz -m 1024

spades.py -o /data/djs217/PROJECTS/19_vibrio/06_unicycler/EXE_15_2024_J.unicycler/spades_assembly -k 27,53 --threads 8 --gfa11 --restart-from k27 -m 1024

spades.py -o /data/djs217/PROJECTS/19_vibrio/06_unicycler/EXE_15_2024_J.unicycler/spades_assembly -k 27,53,71 --threads 8 --gfa11 --restart-from k53 -m 1024

spades.py -o /data/djs217/PROJECTS/19_vibrio/06_unicycler/EXE_15_2024_J.unicycler/spades_assembly -k 27,53,71,87 --threads 8 --gfa11 --restart-from k71 -m 1024

spades.py -o /data/djs217/PROJECTS/19_vibrio/06_unicycler/EXE_15_2024_J.unicycler/spades_assembly -k 27,53,71,87,99 --threads 8 --gfa11 --restart-from k87 -m 1024

spades.py -o /data/djs217/PROJECTS/19_vibrio/06_unicycler/EXE_15_2024_J.unicycler/spades_assembly -k 27,53,71,87,99,111 --threads 8 --gfa11 --restart-from k99 -m 1024

spades.py -o /data/djs217/PROJECTS/19_vibrio/06_unicycler/EXE_15_2024_J.unicycler/spades_assembly -k 27,53,71,87,99,111,119 --threads 8 --gfa11 --restart-from k111 -m 1024

spades.py -o /data/djs217/PROJECTS/19_vibrio/06_unicycler/EXE_15_2024_J.unicycler/spades_assembly -k 27,53,71,87,99,111,119,127 --threads 8 --gfa11 --restart-from k119 -m 1024

K-mer   Contigs   Dead ends   Score      
   27                         too complex
   53       762           1      4.37e-04
   71       493           0      1.01e-03
   87       349           0      1.43e-03
   99       283           0      1.77e-03
  111       253           0      1.98e-03
  119       232           0      2.16e-03
  127       218           0      2.29e-03 <-best

Read depth filter: removed 8 contigs totalling 2330 bp
Deleting /data/djs217/PROJECTS/19_vibrio/06_unicycler/EXE_15_2024_J.unicycler/spades_assembly/


Determining graph multiplicity (2025-07-14 22:17:03)
----------------------------------------------------
    Multiplicity is the number of times a sequence occurs in the underlying sequence. Single-copy contigs (those with a multiplicity of one, occurring only once in the underlying sequence) are particularly useful.

Saving /data/djs217/PROJECTS/19_vibrio/06_unicycler/EXE_15_2024_J.unicycler/002_depth_filter.gfa


Cleaning graph (2025-07-14 22:17:03)
------------------------------------
    Unicycler now performs various cleaning procedures on the graph to remove overlaps and simplify the graph structure. The end result is a graph ready for bridging.

Graph overlaps removed

Removed zero-length segments:
    130, 132, 133, 137, 138, 140, 141, 142, 143, 145, 146, 155, 161, 163, 165, 170, 172, 173, 174, 175, 193, 217

Removed zero-length segments:
    183, 205, 206

Removed zero-length segments:
    191

Merged small segments:
    194, 195, 196, 198, 199, 200, 201, 202, 203, 208, 210, 211, 212, 214, 216

Saving /data/djs217/PROJECTS/19_vibrio/06_unicycler/EXE_15_2024_J.unicycler/003_overlaps_removed.gfa

    Unicycler now selects a set of anchor contigs from the single-copy contigs. These are the contigs which will be connected via bridges to form the final assembly.

39 anchor segments (4,850,323 bp) out of 178 total segments (4,897,512 bp)


Creating SPAdes contig bridges (2025-07-14 22:17:04)
----------------------------------------------------
    SPAdes uses paired-end information to perform repeat resolution (RR) and produce contigs from the assembly graph. SPAdes saves the graph paths corresponding to these contigs in the contigs.paths file. When one of these paths contains two or more anchor contigs, Unicycler can create a bridge from the path.

                                                                 Bridge
Start                        Path                       End     quality
   -7                        -92                        13         44.3
    2                        153                        3          27.0
    3                 -77 -> -170 -> 105                -30        62.8
    5                 -105 -> -173 -> 77                30         63.0
   16    82 -> -162 -> 73 -> 168 -> -96 -> 113 -> 89    22         29.3
   24   -89 -> 112 -> 96 -> -163 -> -73 -> 174 -> -82   35         29.0
   33                        -106                       -38        63.2


Creating loop unrolling bridges (2025-07-14 22:17:04)
-----------------------------------------------------
    When a SPAdes contig path connects an anchor contig with the middle contig of a simple loop, Unicycler concludes that the sequences are contiguous (i.e. the loop is not a separate piece of DNA). It then uses the read depth of the middle and repeat contigs to guess the number of times to traverse the loop and makes a bridge.

                                  Loop count   Loop count    Loop    Bridge
Start   Repeat   Middle     End    by repeat    by middle   count   quality
   37      -93       84     -27         0.75         0.76       1      38.5


Applying bridges (2025-07-14 22:17:04)
--------------------------------------
    Unicycler now applies to the graph in decreasing order of quality. This ensures that when multiple, contradictory bridges exist, the most supported option is used.

Bridge type   Start -> end   Path                                Quality
SPAdes          33 -> -38    -106                                 63.158
SPAdes           5 -> 30     -105, -173, 77                       63.035
SPAdes           3 -> -30    -77, -170, 105                       62.790
SPAdes          -7 -> 13     -92                                  44.264
SPAdes          16 -> 22     82, -162, 73, 168, -96, 113, 89      29.349
SPAdes          24 -> 35     -89, 112, 96, -163, -73, 174, -82    28.973
SPAdes           2 -> 3      153                                  27.036
loop            37 -> -27    -93, 84, -93                         38.484

Saving /data/djs217/PROJECTS/19_vibrio/06_unicycler/EXE_15_2024_J.unicycler/004_bridges_applied.gfa


Bridged assembly graph (2025-07-14 22:17:04)
--------------------------------------------
    The assembly is now mostly finished and no more structural changes will be made. Ideally the assembly graph should now have one contig per replicon and no erroneous contigs (i.e. a complete assembly). If there are more contigs, then the assembly is not complete.

Saving /data/djs217/PROJECTS/19_vibrio/06_unicycler/EXE_15_2024_J.unicycler/005_final_clean.gfa

Component   Segments   Links   Length      N50       Longest segment   Status    
        1        148     209   4,898,865   400,604         1,184,455   incomplete


Assembly complete (2025-07-14 22:17:04)
---------------------------------------
Saving /data/djs217/PROJECTS/19_vibrio/06_unicycler/EXE_15_2024_J.unicycler/assembly.gfa
Saving /data/djs217/PROJECTS/19_vibrio/06_unicycler/EXE_15_2024_J.unicycler/assembly.fasta

