
Starting Unicycler (2025-07-14 06:27:03)
----------------------------------------
    Welcome to Unicycler, an assembly pipeline for bacterial genomes. Since you provided only short reads, Unicycler will essentially function as a SPAdes-optimiser. It will try many k-mer sizes, choose the best based on contig length and graph connectivity, and scaffold the graph using SPAdes repeat resolution.
    For more information, please see https://github.com/rrwick/Unicycler

Command: /data/djs217/miniconda3/envs/unicycler_env/bin/unicycler -1 ../02_illumina_trimmed/EXE10_2023G3_EKDN240029496-1A_22KLLLLT3_L8_1_val_1.fq.gz -2 ../02_illumina_trimmed/EXE10_2023G3_EKDN240029496-1A_22KLLLLT3_L8_2_val_2.fq.gz -o EXE10_2023G3.unicycler

Unicycler version: v0.5.1
Using 8 threads

Making output directory:
  /data/djs217/PROJECTS/19_vibrio/06_unicycler/EXE10_2023G3.unicycler

Dependencies:
  Program       Version   Status  
  spades.py     4.0.0     good    
  racon                   not used
  makeblastdb   2.16.0+   good    
  tblastn       2.16.0+   good    


Choosing k-mer range for assembly (2025-07-14 06:27:36)
-------------------------------------------------------
    Unicycler chooses a k-mer range for SPAdes based on the length of the input reads. It uses a wide range of many k-mer sizes to maximise the chance of finding an ideal assembly.

SPAdes maximum k-mer: 127
Median read length: 150
K-mer range: 27, 53, 71, 87, 99, 111, 119, 127


SPAdes assemblies (2025-07-14 06:28:08)
---------------------------------------
    Unicycler now uses SPAdes to assemble the short reads. It scores the assembly graph for each k-mer using the number of contigs (fewer is better) and the number of dead ends (fewer is better). The score function is 1/(c*(d+2)), where c is the contig count and d is the dead end count.

spades.py -o /data/djs217/PROJECTS/19_vibrio/06_unicycler/EXE10_2023G3.unicycler/spades_assembly -k 27 --threads 8 --gfa11 --isolate -1 /data/djs217/PROJECTS/19_vibrio/02_illumina_trimmed/EXE10_2023G3_EKDN240029496-1A_22KLLLLT3_L8_1_val_1.fq.gz -2 /data/djs217/PROJECTS/19_vibrio/02_illumina_trimmed/EXE10_2023G3_EKDN240029496-1A_22KLLLLT3_L8_2_val_2.fq.gz -m 1024

spades.py -o /data/djs217/PROJECTS/19_vibrio/06_unicycler/EXE10_2023G3.unicycler/spades_assembly -k 27,53 --threads 8 --gfa11 --restart-from k27 -m 1024

spades.py -o /data/djs217/PROJECTS/19_vibrio/06_unicycler/EXE10_2023G3.unicycler/spades_assembly -k 27,53,71 --threads 8 --gfa11 --restart-from k53 -m 1024

spades.py -o /data/djs217/PROJECTS/19_vibrio/06_unicycler/EXE10_2023G3.unicycler/spades_assembly -k 27,53,71,87 --threads 8 --gfa11 --restart-from k71 -m 1024

spades.py -o /data/djs217/PROJECTS/19_vibrio/06_unicycler/EXE10_2023G3.unicycler/spades_assembly -k 27,53,71,87,99 --threads 8 --gfa11 --restart-from k87 -m 1024

spades.py -o /data/djs217/PROJECTS/19_vibrio/06_unicycler/EXE10_2023G3.unicycler/spades_assembly -k 27,53,71,87,99,111 --threads 8 --gfa11 --restart-from k99 -m 1024

spades.py -o /data/djs217/PROJECTS/19_vibrio/06_unicycler/EXE10_2023G3.unicycler/spades_assembly -k 27,53,71,87,99,111,119 --threads 8 --gfa11 --restart-from k111 -m 1024

spades.py -o /data/djs217/PROJECTS/19_vibrio/06_unicycler/EXE10_2023G3.unicycler/spades_assembly -k 27,53,71,87,99,111,119,127 --threads 8 --gfa11 --restart-from k119 -m 1024

K-mer   Contigs   Dead ends   Score      
   27                         too complex
   53       837           0      5.97e-04
   71       552           0      9.06e-04
   87       356           0      1.40e-03
   99       271           0      1.85e-03
  111       238           0      2.10e-03
  119       214           0      2.34e-03
  127       208           0      2.40e-03 <-best

Read depth filter: removed 139 contigs totalling 41704 bp
Deleting /data/djs217/PROJECTS/19_vibrio/06_unicycler/EXE10_2023G3.unicycler/spades_assembly/


Determining graph multiplicity (2025-07-14 07:43:43)
----------------------------------------------------
    Multiplicity is the number of times a sequence occurs in the underlying sequence. Single-copy contigs (those with a multiplicity of one, occurring only once in the underlying sequence) are particularly useful.

Saving /data/djs217/PROJECTS/19_vibrio/06_unicycler/EXE10_2023G3.unicycler/002_depth_filter.gfa


Cleaning graph (2025-07-14 07:43:43)
------------------------------------
    Unicycler now performs various cleaning procedures on the graph to remove overlaps and simplify the graph structure. The end result is a graph ready for bridging.

Graph overlaps removed

Removed zero-length segments:
    96, 98, 103, 105, 106, 107, 108, 118, 119, 120, 123, 125, 135, 139, 140, 143, 145, 147, 149, 152, 155, 156, 158, 159, 162, 171, 175, 176, 180, 181, 191, 192, 194, 201, 207

Removed zero-length segments:
    104, 113, 190, 195, 196, 197, 202

Merged small segments:
    185, 198, 200, 205

Saving /data/djs217/PROJECTS/19_vibrio/06_unicycler/EXE10_2023G3.unicycler/003_overlaps_removed.gfa

    Unicycler now selects a set of anchor contigs from the single-copy contigs. These are the contigs which will be connected via bridges to form the final assembly.

31 anchor segments (5,016,151 bp) out of 163 total segments (5,063,928 bp)


Creating SPAdes contig bridges (2025-07-14 07:43:43)
----------------------------------------------------
    SPAdes uses paired-end information to perform repeat resolution (RR) and produce contigs from the assembly graph. SPAdes saves the graph paths corresponding to these contigs in the contigs.paths file. When one of these paths contains two or more anchor contigs, Unicycler can create a bridge from the path.

                                                                                        Bridge
Start                                   Path                                   End     quality
  -10                                    65                                    24         61.2
    1                              80 -> 34 -> 80                              12          6.8
    2   -73 -> 46 -> 82 -> -157 -> 70 -> -37 -> -73 -> 45 -> 82 -> 159 -> 70   -10         1.9
    4                                   147                                    6          17.0
    6                -85 -> 99 -> 58 -> -49 -> -85 -> -52 -> 58                -12         6.2
    7                                    86                                    20         63.1
   20                                   146                                    22         32.9
   26                                    50                                    15         42.0
   30                                    60                                    25         63.2


Creating loop unrolling bridges (2025-07-14 07:43:43)
-----------------------------------------------------
    When a SPAdes contig path connects an anchor contig with the middle contig of a simple loop, Unicycler concludes that the sequences are contiguous (i.e. the loop is not a separate piece of DNA). It then uses the read depth of the middle and repeat contigs to guess the number of times to traverse the loop and makes a bridge.

                                  Loop count   Loop count    Loop    Bridge
Start   Repeat   Middle     End    by repeat    by middle   count   quality
    1       80       34      12         0.58         0.95       1      43.2


Applying bridges (2025-07-14 07:43:43)
--------------------------------------
    Unicycler now applies to the graph in decreasing order of quality. This ensures that when multiple, contradictory bridges exist, the most supported option is used.

Bridge type   Start -> end   Path         Quality
SPAdes          30 -> 25     60            63.186
SPAdes           7 -> 20     86            63.129
SPAdes         -10 -> 24     65            61.249
SPAdes          26 -> 15     50            42.003
SPAdes          20 -> 22     146           32.931
SPAdes           4 -> 6      147           17.001
loop             1 -> 12     80, 34, 80    43.202

Saving /data/djs217/PROJECTS/19_vibrio/06_unicycler/EXE10_2023G3.unicycler/004_bridges_applied.gfa


Bridged assembly graph (2025-07-14 07:43:43)
--------------------------------------------
    The assembly is now mostly finished and no more structural changes will be made. Ideally the assembly graph should now have one contig per replicon and no erroneous contigs (i.e. a complete assembly). If there are more contigs, then the assembly is not complete.

Saving /data/djs217/PROJECTS/19_vibrio/06_unicycler/EXE10_2023G3.unicycler/005_final_clean.gfa

Component   Segments   Links   Length      N50       Longest segment   Status    
        1        143     204   5,064,846   725,317         1,008,716   incomplete


Assembly complete (2025-07-14 07:43:43)
---------------------------------------
Saving /data/djs217/PROJECTS/19_vibrio/06_unicycler/EXE10_2023G3.unicycler/assembly.gfa
Saving /data/djs217/PROJECTS/19_vibrio/06_unicycler/EXE10_2023G3.unicycler/assembly.fasta

