[2026-03-26 13:51:30] root: INFO: Starting Flye 2.9.6-b1802
[2026-03-26 13:51:30] root: DEBUG: Cmd: /data/djs217/miniconda3/envs/hybracter_env/lib/python3.11/site-packages/hybracter/workflow/conda/867e79b85cea33b7804e36b625a69929_/bin/flye --nano-hq hybracter_out/processing/qc/EXE_30_2025_R_filt_trim.fastq.gz -t 1 --out-dir hybracter_out/processing/assemblies/EXE_30_2025_R
[2026-03-26 13:51:30] root: DEBUG: Python version: 3.12.12 | packaged by conda-forge | (main, Oct 22 2025, 23:25:55) [GCC 14.3.0]
[2026-03-26 13:51:30] root: INFO: >>>STAGE: configure
[2026-03-26 13:51:30] root: INFO: Configuring run
[2026-03-26 13:51:33] root: INFO: Total read length: 162924744
[2026-03-26 13:51:33] root: INFO: Reads N50/N90: 21314 / 4493
[2026-03-26 13:51:33] root: INFO: Minimum overlap set to 4000
[2026-03-26 13:51:33] root: INFO: >>>STAGE: assembly
[2026-03-26 13:51:33] root: INFO: Assembling disjointigs
[2026-03-26 13:51:33] root: DEBUG: -----Begin assembly log------
[2026-03-26 13:51:33] root: DEBUG: Running: flye-modules assemble --reads /data/djs217/PROJECTS/vibrio/P0232_251203_11813_10386/12_filtlong/02_hybracter/hybracter_out/processing/qc/EXE_30_2025_R_filt_trim.fastq.gz --out-asm /data/djs217/PROJECTS/vibrio/P0232_251203_11813_10386/12_filtlong/02_hybracter/hybracter_out/processing/assemblies/EXE_30_2025_R/00-assembly/draft_assembly.fasta --config /data/djs217/miniconda3/envs/hybracter_env/lib/python3.11/site-packages/hybracter/workflow/conda/867e79b85cea33b7804e36b625a69929_/lib/python3.12/site-packages/flye/config/bin_cfg/asm_nano_hq.cfg --log /data/djs217/PROJECTS/vibrio/P0232_251203_11813_10386/12_filtlong/02_hybracter/hybracter_out/processing/assemblies/EXE_30_2025_R/flye.log --threads 1 --min-ovlp 4000
[2026-03-26 13:51:33] DEBUG: Build date: May  4 2025 23:17:52
[2026-03-26 13:51:33] DEBUG: Total RAM: 31 Gb
[2026-03-26 13:51:33] DEBUG: Available RAM: 29 Gb
[2026-03-26 13:51:33] DEBUG: Total CPUs: 16
[2026-03-26 13:51:33] DEBUG: Loading /data/djs217/miniconda3/envs/hybracter_env/lib/python3.11/site-packages/hybracter/workflow/conda/867e79b85cea33b7804e36b625a69929_/lib/python3.12/site-packages/flye/config/bin_cfg/asm_nano_hq.cfg
[2026-03-26 13:51:33] DEBUG: Loading /data/djs217/miniconda3/envs/hybracter_env/lib/python3.11/site-packages/hybracter/workflow/conda/867e79b85cea33b7804e36b625a69929_/lib/python3.12/site-packages/flye/config/bin_cfg/asm_defaults.cfg
[2026-03-26 13:51:33] DEBUG: 	big_genome_threshold=29000000
[2026-03-26 13:51:33] DEBUG: 	meta_read_filter_kmer_freq=100
[2026-03-26 13:51:33] DEBUG: 	chain_large_gap_penalty=2
[2026-03-26 13:51:33] DEBUG: 	chain_small_gap_penalty=0.5
[2026-03-26 13:51:33] DEBUG: 	chain_gap_jump_threshold=100
[2026-03-26 13:51:33] DEBUG: 	max_jump_gap=500
[2026-03-26 13:51:33] DEBUG: 	max_coverage_drop_rate=5
[2026-03-26 13:51:33] DEBUG: 	max_extensions_drop_rate=5
[2026-03-26 13:51:33] DEBUG: 	chimera_window=100
[2026-03-26 13:51:33] DEBUG: 	chimera_overhang=1000
[2026-03-26 13:51:33] DEBUG: 	min_reads_in_disjointig=4
[2026-03-26 13:51:33] DEBUG: 	max_inner_reads=10
[2026-03-26 13:51:33] DEBUG: 	max_inner_fraction=0.25
[2026-03-26 13:51:33] DEBUG: 	aggressive_dup_filter=1
[2026-03-26 13:51:33] DEBUG: 	max_separation=500
[2026-03-26 13:51:33] DEBUG: 	unique_edge_length=50000
[2026-03-26 13:51:33] DEBUG: 	min_repeat_res_support=0.51
[2026-03-26 13:51:33] DEBUG: 	out_paths_ratio=5
[2026-03-26 13:51:33] DEBUG: 	graph_cov_drop_rate=5
[2026-03-26 13:51:33] DEBUG: 	coverage_estimate_window=100
[2026-03-26 13:51:33] DEBUG: 	max_bubble_length=50000
[2026-03-26 13:51:33] DEBUG: 	loop_coverage_rate=1.5
[2026-03-26 13:51:33] DEBUG: 	repeat_edge_cov_mult=1.75
[2026-03-26 13:51:33] DEBUG: 	weak_detach_rate=5
[2026-03-26 13:51:33] DEBUG: 	tip_coverage_rate=2
[2026-03-26 13:51:33] DEBUG: 	tip_length_rate=2
[2026-03-26 13:51:33] DEBUG: 	output_gfa_before_rr=1
[2026-03-26 13:51:33] DEBUG: 	remove_alt_edges=0
[2026-03-26 13:51:33] DEBUG: 	low_cutoff_warning=0
[2026-03-26 13:51:33] DEBUG: 	kmer_size=17
[2026-03-26 13:51:33] DEBUG: 	use_minimizers=1
[2026-03-26 13:51:33] DEBUG: 	minimizer_window=10
[2026-03-26 13:51:33] DEBUG: 	reads_base_alignment=1
[2026-03-26 13:51:33] DEBUG: 	meta_read_top_kmer_rate=0.75
[2026-03-26 13:51:33] DEBUG: 	maximum_jump=1500
[2026-03-26 13:51:33] DEBUG: 	maximum_overhang=1500
[2026-03-26 13:51:33] DEBUG: 	repeat_kmer_rate=100
[2026-03-26 13:51:33] DEBUG: 	assemble_ovlp_divergence=0.03
[2026-03-26 13:51:33] DEBUG: 	assemble_divergence_relative=1
[2026-03-26 13:51:33] DEBUG: 	repeat_graph_ovlp_divergence=0.03
[2026-03-26 13:51:33] DEBUG: 	read_align_ovlp_divergence=0.10
[2026-03-26 13:51:33] DEBUG: 	hpc_scoring_on=1
[2026-03-26 13:51:33] DEBUG: 	add_unassembled_reads=0
[2026-03-26 13:51:33] DEBUG: 	extend_contigs_with_repeats=0
[2026-03-26 13:51:33] DEBUG: 	min_read_cov_cutoff=3
[2026-03-26 13:51:33] DEBUG: 	short_tip_length=20000
[2026-03-26 13:51:33] DEBUG: 	long_tip_length=100000
[2026-03-26 13:51:33] DEBUG: Running with k-mer size: 17
[2026-03-26 13:51:33] DEBUG: Running with minimum overlap 4000
[2026-03-26 13:51:33] DEBUG: Metagenome mode: N
[2026-03-26 13:51:33] DEBUG: Short mode: N
[2026-03-26 13:51:33] INFO: Reading sequences
[2026-03-26 13:51:35] DEBUG: Building positional index
[2026-03-26 13:51:35] DEBUG: Total sequence: 148568654 bp
[2026-03-26 13:51:35] INFO: Building minimizer index
[2026-03-26 13:51:35] INFO: Pre-calculating index storage
[2026-03-26 13:51:45] DEBUG: Mean k-mer frequency: 9.33345
[2026-03-26 13:51:45] DEBUG: Repetitive k-mer frequency: 933
[2026-03-26 13:51:45] DEBUG: Filtered 36371 repetitive k-mers (0.00134846)
[2026-03-26 13:51:45] INFO: Filling index
[2026-03-26 13:51:58] DEBUG: Sorting k-mer index
[2026-03-26 13:51:59] DEBUG: Selected k-mers: 2889831
[2026-03-26 13:51:59] DEBUG: K-mer index size: 26935782
[2026-03-26 13:51:59] DEBUG: Mean k-mer frequency: 9.32088
[2026-03-26 13:51:59] DEBUG: Minimizer rate: 5.51566
[2026-03-26 13:51:59] DEBUG: Peak RAM usage: 0 Gb
[2026-03-26 13:51:59] DEBUG: Estimating k-mer identity bias
[2026-03-26 13:52:40] DEBUG: Initial divergence estimate : 0.00884663
[2026-03-26 13:52:40] DEBUG: Relative threshold: Y
[2026-03-26 13:52:40] DEBUG: Max divergence threshold set to 0.0388466
[2026-03-26 13:52:40] INFO: Extending reads
[2026-03-26 13:52:40] DEBUG: Estimating overlap coverage
[2026-03-26 13:53:21] INFO: Overlap-based coverage: 24
[2026-03-26 13:53:21] INFO: Median overlap divergence: 0.00990525
[2026-03-26 13:53:21] DEBUG: Sequence divergence distribution: 

    | *     |                                                                                            
    | *     |                                                                                            
    | *     |                                                                                            
    | *     |                                                                                            
    | *     |                                                                                            
    | *     |                                                                                            
    |**     |                                                                                            
    |**     |                                                                                            
    |**     |                                                                                            
    |**     |                                                                                            
    |***    |                                                                                            
    |***    |                                                                                            
    |***    |                                                                                            
    |***    |                                                                                            
    |***    |                                                                                            
    |****   |                                                                                            
    |*****  |                                                                                            
    |****** |                                                                                            
    |***********                                                                                         
    |*************************** **** **             *   *                                               
    ----------------------------------------------------------------------------------------------------
    0%        5%        10%       15%       20%       25%       30%       35%       40%       45%       

    Q25 = 0.0056, Q50 = 0.0099, Q75 = 0.023

[2026-03-26 13:53:54] DEBUG: Assembled disjointig 1
	With 242 reads
	Start read: +b564fac0-22c9-41df-bc74-75742aca5adc
	At position: 236
	leftTip: 1 rightTip: 0
	Suspicious: 0
	Short ext: 0
	Mean extensions: 22
	Avg overlap len: 35195
	Min overlap len: 4492
	Inner reads: 0
	Length: 3279189
[2026-03-26 13:53:54] DEBUG: Inner: 10446 covered: 10804 total: 18026
[2026-03-26 13:54:07] DEBUG: Assembled disjointig 2
	With 130 reads
	Start read: +78fb6325-5f6d-457f-8392-23d4b896c496
	At position: 126
	leftTip: 1 rightTip: 0
	Suspicious: 0
	Short ext: 0
	Mean extensions: 19
	Avg overlap len: 34788
	Min overlap len: 8831
	Inner reads: 0
	Length: 1827409
[2026-03-26 13:54:07] DEBUG: Inner: 15620 covered: 16114 total: 18026
[2026-03-26 13:55:06] INFO: Assembled 2 disjointigs
[2026-03-26 13:55:06] INFO: Generating sequence
[2026-03-26 13:55:07] DEBUG: Building positional index
[2026-03-26 13:55:07] DEBUG: Total sequence: 5106506 bp
[2026-03-26 13:55:08] DEBUG: Mean k-mer frequency: 1.04375
[2026-03-26 13:55:08] DEBUG: Repetitive k-mer frequency: 104
[2026-03-26 13:55:08] DEBUG: Filtered 0 repetitive k-mers (0)
[2026-03-26 13:55:08] DEBUG: Sorting k-mer index
[2026-03-26 13:55:08] DEBUG: Selected k-mers: 889810
[2026-03-26 13:55:08] DEBUG: K-mer index size: 928740
[2026-03-26 13:55:08] DEBUG: Mean k-mer frequency: 1.04375
[2026-03-26 13:55:08] DEBUG: Minimizer rate: 5.49832
[2026-03-26 13:55:08] INFO: Filtering contained disjointigs
[2026-03-26 13:55:10] DEBUG: Computing transitive closure for overlaps
[2026-03-26 13:55:10] DEBUG: Found 8 overlaps
[2026-03-26 13:55:10] DEBUG: Left 8 overlaps after filtering
[2026-03-26 13:55:10] INFO: Contained seqs: 0
[2026-03-26 13:55:10] DEBUG: Writing FASTA
[2026-03-26 13:55:10] DEBUG: Peak RAM usage: 0 Gb
-----------End assembly log------------
[2026-03-26 13:55:10] root: DEBUG: Disjointigs length: 5106506, N50: 3279103
[2026-03-26 13:55:10] root: INFO: >>>STAGE: consensus
[2026-03-26 13:55:10] root: INFO: Running Minimap2
[2026-03-26 13:56:10] root: INFO: Computing consensus
[2026-03-26 13:57:18] root: INFO: Alignment error rate: 0.021576
[2026-03-26 13:57:19] root: INFO: >>>STAGE: repeat
[2026-03-26 13:57:19] root: INFO: Building and resolving repeat graph
[2026-03-26 13:57:19] root: DEBUG: -----Begin repeat analyser log------
[2026-03-26 13:57:19] root: DEBUG: Running: flye-modules repeat --disjointigs /data/djs217/PROJECTS/vibrio/P0232_251203_11813_10386/12_filtlong/02_hybracter/hybracter_out/processing/assemblies/EXE_30_2025_R/10-consensus/consensus.fasta --reads /data/djs217/PROJECTS/vibrio/P0232_251203_11813_10386/12_filtlong/02_hybracter/hybracter_out/processing/qc/EXE_30_2025_R_filt_trim.fastq.gz --out-dir /data/djs217/PROJECTS/vibrio/P0232_251203_11813_10386/12_filtlong/02_hybracter/hybracter_out/processing/assemblies/EXE_30_2025_R/20-repeat --config /data/djs217/miniconda3/envs/hybracter_env/lib/python3.11/site-packages/hybracter/workflow/conda/867e79b85cea33b7804e36b625a69929_/lib/python3.12/site-packages/flye/config/bin_cfg/asm_nano_hq.cfg --log /data/djs217/PROJECTS/vibrio/P0232_251203_11813_10386/12_filtlong/02_hybracter/hybracter_out/processing/assemblies/EXE_30_2025_R/flye.log --threads 1 --min-ovlp 4000
[2026-03-26 13:57:19] DEBUG: Build date: May  4 2025 23:18:08
[2026-03-26 13:57:19] DEBUG: Total RAM: 31 Gb
[2026-03-26 13:57:19] DEBUG: Available RAM: 29 Gb
[2026-03-26 13:57:19] DEBUG: Total CPUs: 16
[2026-03-26 13:57:19] DEBUG: Loading /data/djs217/miniconda3/envs/hybracter_env/lib/python3.11/site-packages/hybracter/workflow/conda/867e79b85cea33b7804e36b625a69929_/lib/python3.12/site-packages/flye/config/bin_cfg/asm_nano_hq.cfg
[2026-03-26 13:57:19] DEBUG: Loading /data/djs217/miniconda3/envs/hybracter_env/lib/python3.11/site-packages/hybracter/workflow/conda/867e79b85cea33b7804e36b625a69929_/lib/python3.12/site-packages/flye/config/bin_cfg/asm_defaults.cfg
[2026-03-26 13:57:19] DEBUG: 	big_genome_threshold=29000000
[2026-03-26 13:57:19] DEBUG: 	meta_read_filter_kmer_freq=100
[2026-03-26 13:57:19] DEBUG: 	chain_large_gap_penalty=2
[2026-03-26 13:57:19] DEBUG: 	chain_small_gap_penalty=0.5
[2026-03-26 13:57:19] DEBUG: 	chain_gap_jump_threshold=100
[2026-03-26 13:57:19] DEBUG: 	max_jump_gap=500
[2026-03-26 13:57:19] DEBUG: 	max_coverage_drop_rate=5
[2026-03-26 13:57:19] DEBUG: 	max_extensions_drop_rate=5
[2026-03-26 13:57:19] DEBUG: 	chimera_window=100
[2026-03-26 13:57:19] DEBUG: 	chimera_overhang=1000
[2026-03-26 13:57:19] DEBUG: 	min_reads_in_disjointig=4
[2026-03-26 13:57:19] DEBUG: 	max_inner_reads=10
[2026-03-26 13:57:19] DEBUG: 	max_inner_fraction=0.25
[2026-03-26 13:57:19] DEBUG: 	aggressive_dup_filter=1
[2026-03-26 13:57:19] DEBUG: 	max_separation=500
[2026-03-26 13:57:19] DEBUG: 	unique_edge_length=50000
[2026-03-26 13:57:19] DEBUG: 	min_repeat_res_support=0.51
[2026-03-26 13:57:19] DEBUG: 	out_paths_ratio=5
[2026-03-26 13:57:19] DEBUG: 	graph_cov_drop_rate=5
[2026-03-26 13:57:19] DEBUG: 	coverage_estimate_window=100
[2026-03-26 13:57:19] DEBUG: 	max_bubble_length=50000
[2026-03-26 13:57:19] DEBUG: 	loop_coverage_rate=1.5
[2026-03-26 13:57:19] DEBUG: 	repeat_edge_cov_mult=1.75
[2026-03-26 13:57:19] DEBUG: 	weak_detach_rate=5
[2026-03-26 13:57:19] DEBUG: 	tip_coverage_rate=2
[2026-03-26 13:57:19] DEBUG: 	tip_length_rate=2
[2026-03-26 13:57:19] DEBUG: 	output_gfa_before_rr=1
[2026-03-26 13:57:19] DEBUG: 	remove_alt_edges=0
[2026-03-26 13:57:19] DEBUG: 	low_cutoff_warning=0
[2026-03-26 13:57:19] DEBUG: 	kmer_size=17
[2026-03-26 13:57:19] DEBUG: 	use_minimizers=1
[2026-03-26 13:57:19] DEBUG: 	minimizer_window=10
[2026-03-26 13:57:19] DEBUG: 	reads_base_alignment=1
[2026-03-26 13:57:19] DEBUG: 	meta_read_top_kmer_rate=0.75
[2026-03-26 13:57:19] DEBUG: 	maximum_jump=1500
[2026-03-26 13:57:19] DEBUG: 	maximum_overhang=1500
[2026-03-26 13:57:19] DEBUG: 	repeat_kmer_rate=100
[2026-03-26 13:57:19] DEBUG: 	assemble_ovlp_divergence=0.03
[2026-03-26 13:57:19] DEBUG: 	assemble_divergence_relative=1
[2026-03-26 13:57:19] DEBUG: 	repeat_graph_ovlp_divergence=0.03
[2026-03-26 13:57:19] DEBUG: 	read_align_ovlp_divergence=0.10
[2026-03-26 13:57:19] DEBUG: 	hpc_scoring_on=1
[2026-03-26 13:57:19] DEBUG: 	add_unassembled_reads=0
[2026-03-26 13:57:19] DEBUG: 	extend_contigs_with_repeats=0
[2026-03-26 13:57:19] DEBUG: 	min_read_cov_cutoff=3
[2026-03-26 13:57:19] DEBUG: 	short_tip_length=20000
[2026-03-26 13:57:19] DEBUG: 	long_tip_length=100000
[2026-03-26 13:57:19] DEBUG: Running with k-mer size: 17
[2026-03-26 13:57:19] DEBUG: Selected minimum overlap 4000
[2026-03-26 13:57:19] DEBUG: Metagenome mode: N
[2026-03-26 13:57:19] INFO: Parsing disjointigs
[2026-03-26 13:57:19] DEBUG: Building positional index
[2026-03-26 13:57:19] DEBUG: Total sequence: 5109634 bp
[2026-03-26 13:57:19] INFO: Building repeat graph
[2026-03-26 13:57:19] DEBUG: Mean k-mer frequency: 1.04639
[2026-03-26 13:57:19] DEBUG: Repetitive k-mer frequency: 104
[2026-03-26 13:57:19] DEBUG: Filtered 0 repetitive k-mers (0)
[2026-03-26 13:57:19] DEBUG: Sorting k-mer index
[2026-03-26 13:57:19] DEBUG: Selected k-mers: 888061
[2026-03-26 13:57:19] DEBUG: K-mer index size: 929255
[2026-03-26 13:57:19] DEBUG: Mean k-mer frequency: 1.04639
[2026-03-26 13:57:19] DEBUG: Minimizer rate: 5.49863
[2026-03-26 13:57:21] DEBUG: Computing transitive closure for overlaps
[2026-03-26 13:57:21] DEBUG: Found 162 overlaps
[2026-03-26 13:57:21] DEBUG: Left 72 overlaps after filtering
[2026-03-26 13:57:21] INFO: Median overlap divergence: 0.0215027
[2026-03-26 13:57:21] DEBUG: Sequence divergence distribution: 

    |*   * |     *                                                                                       
    |*   * |     *                                                                                       
    |*   * |     *                                                                                       
    |*   * |     *                                                                                       
    |*   * |     *                                                                                       
    |*   * |     *                                                                                       
    |* * * |     *                                                                                       
    |* * * |     *                                                                                       
    |* * * |     *                                                                                       
    |* * * |     *                                                                                       
    |* * * |     *                                                                                       
    |* * * |     *                                                                                       
    |* * * |     *                                                                                       
    |*** * ***  **                                                                                       
    |*** * ***  **                                                                                       
    |*** * ***  **                                                                                       
    |*** * ***  **                                                                                       
    |*** * ***  **                                                                                       
    |*** * ***  **                                                                                       
    |*** * ***  **                                                                                       
    ----------------------------------------------------------------------------------------------------
    0%        5%        10%       15%       20%       25%       30%       35%       40%       45%       

    Q25 = 0.013, Q50 = 0.022, Q75 = 0.06

[2026-03-26 13:57:21] DEBUG: Computing gluepoints
[2026-03-26 13:57:21] DEBUG: Added 0 gluepoint projections
[2026-03-26 13:57:21] DEBUG: Created 58 gluepoints
[2026-03-26 13:57:21] DEBUG: Artificial loops removed: 0 left, 0 right, 0 both
[2026-03-26 13:57:21] DEBUG: Initializing edges
[2026-03-26 13:57:21] DEBUG: Edges length checksum: 1716479716
[2026-03-26 13:57:21] DEBUG: Filtered 0 singleton segments
[2026-03-26 13:57:21] DEBUG: Removed 0 simple and 0 double chimeric junctions
[2026-03-26 13:57:21] DEBUG: Collapsed 2 edges
[2026-03-26 13:57:21] DEBUG: *	16	+disjointig_1	79232	1859458	1780226	
[2026-03-26 13:57:21] DEBUG:  	4	+disjointig_1	1859458	1864808	5350	
[2026-03-26 13:57:21] DEBUG: *	5	+disjointig_1	1864808	2380285	515477	
[2026-03-26 13:57:21] DEBUG:  	4	+disjointig_1	2380285	2385799	5514	
[2026-03-26 13:57:21] DEBUG: *	11	+disjointig_1	2385799	2467865	82066	
[2026-03-26 13:57:21] DEBUG:  	-4	+disjointig_1	2467865	2473366	5501	
[2026-03-26 13:57:21] DEBUG: *	-10	+disjointig_1	2473366	2509293	35927	
[2026-03-26 13:57:21] DEBUG:  	-4	+disjointig_1	2509293	2514764	5471	
[2026-03-26 13:57:21] DEBUG: *	-9	+disjointig_1	2514764	2568975	54211	
[2026-03-26 13:57:21] DEBUG:  	-4	+disjointig_1	2568975	2579953	10978	
[2026-03-26 13:57:21] DEBUG: *	-8	+disjointig_1	2579953	2619196	39243	
[2026-03-26 13:57:21] DEBUG:  	-4	+disjointig_1	2619196	2629928	10732	
[2026-03-26 13:57:21] DEBUG: *	-7	+disjointig_1	2629928	2805892	175964	
[2026-03-26 13:57:21] DEBUG:  	-4	+disjointig_1	2805892	2816780	10888	
[2026-03-26 13:57:21] DEBUG: *	-6	+disjointig_1	2816780	2917381	100601	
[2026-03-26 13:57:21] DEBUG:  	-4	+disjointig_1	2917381	2922738	5357	
[2026-03-26 13:57:21] DEBUG: *	15	+disjointig_1	2922738	3280393	357655	
[2026-03-26 13:57:21] DEBUG: *	18	+disjointig_2	49115	1609089	1559974	
[2026-03-26 13:57:21] DEBUG:  	4	+disjointig_2	1609089	1614501	5412	
[2026-03-26 13:57:21] DEBUG: *	17	+disjointig_2	1614501	1829220	214719	
[2026-03-26 13:57:21] DEBUG: Total edges: 18
[2026-03-26 13:57:21] INFO: Parsing reads
[2026-03-26 13:57:23] DEBUG: Building positional index
[2026-03-26 13:57:23] DEBUG: Total sequence: 162924744 bp
[2026-03-26 13:57:23] DEBUG: Building positional index
[2026-03-26 13:57:23] DEBUG: Total sequence: 4981266 bp
[2026-03-26 13:57:23] INFO: Aligning reads to the graph
[2026-03-26 13:57:24] DEBUG: Mean k-mer frequency: 1.02166
[2026-03-26 13:57:24] DEBUG: Repetitive k-mer frequency: 102
[2026-03-26 13:57:24] DEBUG: Filtered 0 repetitive k-mers (0)
[2026-03-26 13:57:24] DEBUG: Sorting k-mer index
[2026-03-26 13:57:24] DEBUG: Selected k-mers: 886630
[2026-03-26 13:57:24] DEBUG: K-mer index size: 905834
[2026-03-26 13:57:24] DEBUG: Mean k-mer frequency: 1.02166
[2026-03-26 13:57:24] DEBUG: Minimizer rate: 5.49909
[2026-03-26 13:58:03] DEBUG: Total reads : 9013
[2026-03-26 13:58:03] DEBUG: Read with aligned parts : 8706
[2026-03-26 13:58:03] DEBUG: Aligned in one piece : 8516
[2026-03-26 13:58:03] INFO: Aligned read sequence: 144564489 / 148568654 (0.973048)
[2026-03-26 13:58:03] INFO: Median overlap divergence: 0.00402385
[2026-03-26 13:58:03] DEBUG: Sequence divergence distribution: 

    |*                   |                                                                               
    |*                   |                                                                               
    |*                   |                                                                               
    |*                   |                                                                               
    |*                   |                                                                               
    |*                   |                                                                               
    |*                   |                                                                               
    |*                   |                                                                               
    |*                   |                                                                               
    |*                   |                                                                               
    |*                   |                                                                               
    |*                   |                                                                               
    |*                   |                                                                               
    |**                  |                                                                               
    |**                  |                                                                               
    |**                  |                                                                               
    |**                  |                                                                               
    |***                 |                                                                               
    |****                |                                                                               
    |************************************       *        *                                               
    ----------------------------------------------------------------------------------------------------
    0%        5%        10%       15%       20%       25%       30%       35%       40%       45%       

    Q25 = 0.0021, Q50 = 0.004, Q75 = 0.01

[2026-03-26 13:58:03] INFO: Mean edge coverage: 29
[2026-03-26 13:58:03] DEBUG: 4	len:5433	cov:404	mult:13.931
[2026-03-26 13:58:03] DEBUG: -4	len:5433	cov:404	mult:13.931
[2026-03-26 13:58:03] DEBUG: 5	len:515477	cov:36	mult:1.24138
[2026-03-26 13:58:03] DEBUG: -5	len:515477	cov:36	mult:1.24138
[2026-03-26 13:58:03] DEBUG: 6	len:100601	cov:32	mult:1.10345
[2026-03-26 13:58:03] DEBUG: -6	len:100601	cov:32	mult:1.10345
[2026-03-26 13:58:03] DEBUG: 7	len:175964	cov:34	mult:1.17241
[2026-03-26 13:58:03] DEBUG: -7	len:175964	cov:34	mult:1.17241
[2026-03-26 13:58:03] DEBUG: 8	len:39243	cov:40	mult:1.37931
[2026-03-26 13:58:03] DEBUG: -8	len:39243	cov:40	mult:1.37931
[2026-03-26 13:58:03] DEBUG: 9	len:54211	cov:34	mult:1.17241
[2026-03-26 13:58:03] DEBUG: -9	len:54211	cov:34	mult:1.17241
[2026-03-26 13:58:03] DEBUG: 10	len:35927	cov:44	mult:1.51724
[2026-03-26 13:58:03] DEBUG: -10	len:35927	cov:44	mult:1.51724
[2026-03-26 13:58:03] DEBUG: 11	len:82066	cov:35	mult:1.2069
[2026-03-26 13:58:03] DEBUG: -11	len:82066	cov:35	mult:1.2069
[2026-03-26 13:58:03] DEBUG: 15	len:357655	cov:29	mult:1
[2026-03-26 13:58:03] DEBUG: -15	len:357655	cov:29	mult:1
[2026-03-26 13:58:03] DEBUG: 16	len:1780226	cov:28	mult:0.965517
[2026-03-26 13:58:03] DEBUG: -16	len:1780226	cov:28	mult:0.965517
[2026-03-26 13:58:03] DEBUG: 17	len:214719	cov:27	mult:0.931035
[2026-03-26 13:58:03] DEBUG: -17	len:214719	cov:27	mult:0.931035
[2026-03-26 13:58:03] DEBUG: 18	len:1559974	cov:25	mult:0.862069
[2026-03-26 13:58:03] DEBUG: -18	len:1559974	cov:25	mult:0.862069
[2026-03-26 13:58:03] DEBUG: Unique coverage threshold 61
[2026-03-26 13:58:03] INFO: Simplifying the graph
[2026-03-26 13:58:03] DEBUG: Read coverage cutoff: 6
[2026-03-26 13:58:03] DEBUG: [SIMPL] Removed 0 paths with low coverage
[2026-03-26 13:58:03] DEBUG: [SIMPL] Masked 0 heterozygous loops
[2026-03-26 13:58:03] DEBUG: [SIMPL] Masked 0 simple bubbles
[2026-03-26 13:58:03] DEBUG: Finding repeats
[2026-03-26 13:58:03] DEBUG: Read coverage cutoff: 6
[2026-03-26 13:58:03] DEBUG: High-cov: 4	5433	404
[2026-03-26 13:58:03] DEBUG: Repeat detection iteration 1
[2026-03-26 13:58:03] DEBUG: Writing Dot
[2026-03-26 13:58:03] DEBUG: Writing FASTA
[2026-03-26 13:58:03] DEBUG: Writing Gfa
[2026-03-26 13:58:03] DEBUG: [SIMPL] == Iteration 1 ==
[2026-03-26 13:58:03] DEBUG: Splitting nodes
[2026-03-26 13:58:03] DEBUG: [SIMPL] Split 0 nodes
[2026-03-26 13:58:03] DEBUG: [SIMPL] Clipped 0 short and 0 long tips
[2026-03-26 13:58:03] DEBUG: [SIMPL] Masked 0 heterozygous loops
[2026-03-26 13:58:03] DEBUG: [SIMPL] Masked 0 simple bubbles
[2026-03-26 13:58:03] DEBUG: Finding repeats
[2026-03-26 13:58:03] DEBUG: Read coverage cutoff: 6
[2026-03-26 13:58:03] DEBUG: High-cov: 4	5433	404
[2026-03-26 13:58:03] DEBUG: Repeat detection iteration 1
[2026-03-26 13:58:03] DEBUG: Total unique edges: 11
[2026-03-26 13:58:03] DEBUG: 	Connection -7	-6	12	1
[2026-03-26 13:58:03] DEBUG: 	Connection 8	9	18	1
[2026-03-26 13:58:03] DEBUG: 	Connection -5	-16	28	1
[2026-03-26 13:58:03] DEBUG: 	Connection 18	17	13	1
[2026-03-26 13:58:03] DEBUG: 	Connection -6	15	18	1
[2026-03-26 13:58:03] DEBUG: 	Connection -11	-5	18	1
[2026-03-26 13:58:03] DEBUG: 	Connection 10	-11	24	1
[2026-03-26 13:58:03] DEBUG: 	Connection -10	-9	28	1
[2026-03-26 13:58:03] DEBUG: 	Connection -8	-7	14	1
[2026-03-26 13:58:03] DEBUG: [SIMPL] Resolved repeats: 9
[2026-03-26 13:58:03] DEBUG: RR links: 346
[2026-03-26 13:58:03] DEBUG: Unresolved: 0
[2026-03-26 13:58:03] DEBUG: Removed 0 simple and 0 double chimeric junctions
[2026-03-26 13:58:03] DEBUG: [SIMPL] == Iteration 2 ==
[2026-03-26 13:58:03] DEBUG: Splitting nodes
[2026-03-26 13:58:03] DEBUG: [SIMPL] Split 0 nodes
[2026-03-26 13:58:03] DEBUG: [SIMPL] Clipped 0 short and 0 long tips
[2026-03-26 13:58:03] DEBUG: [SIMPL] Masked 0 heterozygous loops
[2026-03-26 13:58:03] DEBUG: [SIMPL] Masked 0 simple bubbles
[2026-03-26 13:58:03] DEBUG: Finding repeats
[2026-03-26 13:58:03] DEBUG: Read coverage cutoff: 6
[2026-03-26 13:58:03] DEBUG: Repeat detection iteration 1
[2026-03-26 13:58:03] DEBUG: Total unique edges: 20
[2026-03-26 13:58:03] DEBUG: [SIMPL] Resolved repeats: 0
[2026-03-26 13:58:03] DEBUG: RR links: 0
[2026-03-26 13:58:03] DEBUG: Unresolved: 0
[2026-03-26 13:58:03] DEBUG: Removed 0 simple and 0 double chimeric junctions
[2026-03-26 13:58:03] DEBUG: [SIMPL] Collapsed 0 haplotypes
[2026-03-26 13:58:03] DEBUG: [SIMPL] Resolved 0 simple repeats
[2026-03-26 13:58:03] DEBUG: Read coverage cutoff: 6
[2026-03-26 13:58:03] DEBUG: [SIMPL] Removed 0 paths with low coverage
[2026-03-26 13:58:03] DEBUG: Finding repeats
[2026-03-26 13:58:03] DEBUG: Read coverage cutoff: 6
[2026-03-26 13:58:03] DEBUG: Repeat detection iteration 1
[2026-03-26 13:58:03] DEBUG: Writing Dot
[2026-03-26 13:58:03] DEBUG: Writing FASTA
[2026-03-26 13:58:03] DEBUG: Peak RAM usage: 0 Gb
-----------End assembly log------------
[2026-03-26 13:58:03] root: INFO: >>>STAGE: contigger
[2026-03-26 13:58:03] root: INFO: Generating contigs
[2026-03-26 13:58:03] root: DEBUG: -----Begin contigger analyser log------
[2026-03-26 13:58:03] root: DEBUG: Running: flye-modules contigger --graph-edges /data/djs217/PROJECTS/vibrio/P0232_251203_11813_10386/12_filtlong/02_hybracter/hybracter_out/processing/assemblies/EXE_30_2025_R/20-repeat/repeat_graph_edges.fasta --reads /data/djs217/PROJECTS/vibrio/P0232_251203_11813_10386/12_filtlong/02_hybracter/hybracter_out/processing/qc/EXE_30_2025_R_filt_trim.fastq.gz --out-dir /data/djs217/PROJECTS/vibrio/P0232_251203_11813_10386/12_filtlong/02_hybracter/hybracter_out/processing/assemblies/EXE_30_2025_R/30-contigger --config /data/djs217/miniconda3/envs/hybracter_env/lib/python3.11/site-packages/hybracter/workflow/conda/867e79b85cea33b7804e36b625a69929_/lib/python3.12/site-packages/flye/config/bin_cfg/asm_nano_hq.cfg --repeat-graph /data/djs217/PROJECTS/vibrio/P0232_251203_11813_10386/12_filtlong/02_hybracter/hybracter_out/processing/assemblies/EXE_30_2025_R/20-repeat/repeat_graph_dump --graph-aln /data/djs217/PROJECTS/vibrio/P0232_251203_11813_10386/12_filtlong/02_hybracter/hybracter_out/processing/assemblies/EXE_30_2025_R/20-repeat/read_alignment_dump --log /data/djs217/PROJECTS/vibrio/P0232_251203_11813_10386/12_filtlong/02_hybracter/hybracter_out/processing/assemblies/EXE_30_2025_R/flye.log --threads 1 --min-ovlp 4000
[2026-03-26 13:58:03] DEBUG: Build date: May  4 2025 23:18:25
[2026-03-26 13:58:03] DEBUG: Total RAM: 31 Gb
[2026-03-26 13:58:03] DEBUG: Available RAM: 29 Gb
[2026-03-26 13:58:03] DEBUG: Total CPUs: 16
[2026-03-26 13:58:03] DEBUG: Loading /data/djs217/miniconda3/envs/hybracter_env/lib/python3.11/site-packages/hybracter/workflow/conda/867e79b85cea33b7804e36b625a69929_/lib/python3.12/site-packages/flye/config/bin_cfg/asm_nano_hq.cfg
[2026-03-26 13:58:03] DEBUG: Loading /data/djs217/miniconda3/envs/hybracter_env/lib/python3.11/site-packages/hybracter/workflow/conda/867e79b85cea33b7804e36b625a69929_/lib/python3.12/site-packages/flye/config/bin_cfg/asm_defaults.cfg
[2026-03-26 13:58:03] DEBUG: 	big_genome_threshold=29000000
[2026-03-26 13:58:03] DEBUG: 	meta_read_filter_kmer_freq=100
[2026-03-26 13:58:03] DEBUG: 	chain_large_gap_penalty=2
[2026-03-26 13:58:03] DEBUG: 	chain_small_gap_penalty=0.5
[2026-03-26 13:58:03] DEBUG: 	chain_gap_jump_threshold=100
[2026-03-26 13:58:03] DEBUG: 	max_jump_gap=500
[2026-03-26 13:58:03] DEBUG: 	max_coverage_drop_rate=5
[2026-03-26 13:58:03] DEBUG: 	max_extensions_drop_rate=5
[2026-03-26 13:58:03] DEBUG: 	chimera_window=100
[2026-03-26 13:58:03] DEBUG: 	chimera_overhang=1000
[2026-03-26 13:58:03] DEBUG: 	min_reads_in_disjointig=4
[2026-03-26 13:58:03] DEBUG: 	max_inner_reads=10
[2026-03-26 13:58:03] DEBUG: 	max_inner_fraction=0.25
[2026-03-26 13:58:03] DEBUG: 	aggressive_dup_filter=1
[2026-03-26 13:58:03] DEBUG: 	max_separation=500
[2026-03-26 13:58:03] DEBUG: 	unique_edge_length=50000
[2026-03-26 13:58:03] DEBUG: 	min_repeat_res_support=0.51
[2026-03-26 13:58:03] DEBUG: 	out_paths_ratio=5
[2026-03-26 13:58:03] DEBUG: 	graph_cov_drop_rate=5
[2026-03-26 13:58:03] DEBUG: 	coverage_estimate_window=100
[2026-03-26 13:58:03] DEBUG: 	max_bubble_length=50000
[2026-03-26 13:58:03] DEBUG: 	loop_coverage_rate=1.5
[2026-03-26 13:58:03] DEBUG: 	repeat_edge_cov_mult=1.75
[2026-03-26 13:58:03] DEBUG: 	weak_detach_rate=5
[2026-03-26 13:58:03] DEBUG: 	tip_coverage_rate=2
[2026-03-26 13:58:03] DEBUG: 	tip_length_rate=2
[2026-03-26 13:58:03] DEBUG: 	output_gfa_before_rr=1
[2026-03-26 13:58:03] DEBUG: 	remove_alt_edges=0
[2026-03-26 13:58:03] DEBUG: 	low_cutoff_warning=0
[2026-03-26 13:58:03] DEBUG: 	kmer_size=17
[2026-03-26 13:58:03] DEBUG: 	use_minimizers=1
[2026-03-26 13:58:03] DEBUG: 	minimizer_window=10
[2026-03-26 13:58:03] DEBUG: 	reads_base_alignment=1
[2026-03-26 13:58:03] DEBUG: 	meta_read_top_kmer_rate=0.75
[2026-03-26 13:58:03] DEBUG: 	maximum_jump=1500
[2026-03-26 13:58:03] DEBUG: 	maximum_overhang=1500
[2026-03-26 13:58:03] DEBUG: 	repeat_kmer_rate=100
[2026-03-26 13:58:03] DEBUG: 	assemble_ovlp_divergence=0.03
[2026-03-26 13:58:03] DEBUG: 	assemble_divergence_relative=1
[2026-03-26 13:58:03] DEBUG: 	repeat_graph_ovlp_divergence=0.03
[2026-03-26 13:58:03] DEBUG: 	read_align_ovlp_divergence=0.10
[2026-03-26 13:58:03] DEBUG: 	hpc_scoring_on=1
[2026-03-26 13:58:03] DEBUG: 	add_unassembled_reads=0
[2026-03-26 13:58:03] DEBUG: 	extend_contigs_with_repeats=0
[2026-03-26 13:58:03] DEBUG: 	min_read_cov_cutoff=3
[2026-03-26 13:58:03] DEBUG: 	short_tip_length=20000
[2026-03-26 13:58:03] DEBUG: 	long_tip_length=100000
[2026-03-26 13:58:03] DEBUG: Running with k-mer size: 17
[2026-03-26 13:58:03] DEBUG: Selected minimum overlap 4000
[2026-03-26 13:58:03] INFO: Reading sequences
[2026-03-26 13:58:06] DEBUG: Building positional index
[2026-03-26 13:58:06] DEBUG: Total sequence: 162924744 bp
[2026-03-26 13:58:06] DEBUG: Flipped 0
[2026-03-26 13:58:06] DEBUG: UPath 1: 24 -> 11 -> 25 -> -10 -> -26 -> -9 -> -20 -> -8 -> 27 -> -7 -> 19 -> -6 -> 23 -> 15 -> 16 -> -21 -> 5
[2026-03-26 13:58:06] DEBUG: UPath 2: 18 -> 22 -> 17
[2026-03-26 13:58:06] DEBUG: Final graph contains 2 egdes
[2026-03-26 13:58:06] DEBUG: Extending contigs into repeats
[2026-03-26 13:58:06] DEBUG: Covered 0 repetitive contigs
[2026-03-26 13:58:06] INFO: Generated 2 contigs
[2026-03-26 13:58:06] DEBUG: Writing FASTA
[2026-03-26 13:58:06] DEBUG: Generating scaffold connections
[2026-03-26 13:58:06] INFO: Added 0 scaffold connections
[2026-03-26 13:58:06] DEBUG: Writing Dot
[2026-03-26 13:58:06] DEBUG: Writing FASTA
[2026-03-26 13:58:06] DEBUG: Writing Gfa
[2026-03-26 13:58:06] DEBUG: Peak RAM usage: 0 Gb
-----------End assembly log------------
[2026-03-26 13:58:06] root: INFO: >>>STAGE: polishing
[2026-03-26 13:58:06] root: INFO: Polishing genome (1/1)
[2026-03-26 13:58:06] root: INFO: Running minimap2
[2026-03-26 13:59:08] root: INFO: Separating alignment into bubbles
[2026-03-26 14:00:33] root: DEBUG: Generated 347096 bubbles
[2026-03-26 14:00:33] root: DEBUG: Split 0 long bubbles
[2026-03-26 14:00:33] root: DEBUG: Skipped 0 empty bubbles
[2026-03-26 14:00:33] root: DEBUG: Skipped 0 bubbles with long branches
[2026-03-26 14:00:33] root: INFO: Alignment error rate: 0.015431
[2026-03-26 14:00:33] root: INFO: Correcting bubbles
[2026-03-26 14:02:16] root: DEBUG: Mean contig coverage: 32, selected threshold: 6
[2026-03-26 14:02:16] root: DEBUG: Filtered 0 contigs of total length 0
[2026-03-26 14:02:16] root: DEBUG: Generating polished GFA
[2026-03-26 14:02:20] root: DEBUG: 0 sequences remained unpolished
[2026-03-26 14:02:20] root: INFO: >>>STAGE: finalize
[2026-03-26 14:02:20] root: DEBUG: ---Output dir contents:----
[2026-03-26 14:02:20] root: DEBUG: EXE_30_2025_R/
[2026-03-26 14:02:20] root: DEBUG:     310.0 B     assembly_graph.gv
[2026-03-26 14:02:20] root: DEBUG:     4.0 M       assembly.fasta
[2026-03-26 14:02:20] root: DEBUG:     35.0 K      flye.log
[2026-03-26 14:02:20] root: DEBUG:     92.0 B      params.json
[2026-03-26 14:02:20] root: DEBUG:     4.0 M       assembly_graph.gfa
[2026-03-26 14:02:20] root: DEBUG:     40-polishing/
[2026-03-26 14:02:20] root: DEBUG:         57.0 B      filtered_contigs.fasta.fai
[2026-03-26 14:02:20] root: DEBUG:         4.0 M       filtered_contigs.fasta
[2026-03-26 14:02:20] root: DEBUG:         66.0 B      contigs_stats.txt
[2026-03-26 14:02:20] root: DEBUG:         1.0 M       base_coverage.bed.gz
[2026-03-26 14:02:20] root: DEBUG:         4.0 M       polished_edges.gfa
[2026-03-26 14:02:20] root: DEBUG:         31.0 K      minimap_1.bam.csi
[2026-03-26 14:02:20] root: DEBUG:         66.0 B      filtered_stats.txt
[2026-03-26 14:02:20] root: DEBUG:         113.0 B     edges_aln.bam.csi
[2026-03-26 14:02:20] root: DEBUG:         1.0 K       minimap.stderr
[2026-03-26 14:02:20] root: DEBUG:     30-contigger/
[2026-03-26 14:02:20] root: DEBUG:         0.0 B       scaffolds_links.txt
[2026-03-26 14:02:20] root: DEBUG:         4.0 M       contigs.fasta
[2026-03-26 14:02:20] root: DEBUG:         4.0 M       graph_final.gfa
[2026-03-26 14:02:20] root: DEBUG:         147.0 B     contigs_stats.txt
[2026-03-26 14:02:20] root: DEBUG:         57.0 B      contigs.fasta.fai
[2026-03-26 14:02:20] root: DEBUG:         310.0 B     graph_final.gv
[2026-03-26 14:02:20] root: DEBUG:         4.0 M       graph_final.fasta
[2026-03-26 14:02:20] root: DEBUG:     00-assembly/
[2026-03-26 14:02:20] root: DEBUG:         4.0 M       draft_assembly.fasta
[2026-03-26 14:02:20] root: DEBUG:         65.0 B      draft_assembly.fasta.fai
[2026-03-26 14:02:20] root: DEBUG:     10-consensus/
[2026-03-26 14:02:20] root: DEBUG:         4.0 M       consensus.fasta
[2026-03-26 14:02:20] root: DEBUG:         32.0 K      minimap.bam.csi
[2026-03-26 14:02:20] root: DEBUG:         1.0 K       minimap.stderr
[2026-03-26 14:02:20] root: DEBUG:     20-repeat/
[2026-03-26 14:02:20] root: DEBUG:         2.0 K       graph_after_rr.gv
[2026-03-26 14:02:20] root: DEBUG:         1.0 K       graph_before_rr.gv
[2026-03-26 14:02:20] root: DEBUG:         4.0 M       graph_before_rr.fasta
[2026-03-26 14:02:20] root: DEBUG:         4.0 K       repeat_graph_dump
[2026-03-26 14:02:20] root: DEBUG:         4.0 M       graph_before_rr.gfa
[2026-03-26 14:02:20] root: DEBUG:         2.0 M       read_alignment_dump
[2026-03-26 14:02:20] root: DEBUG:         4.0 M       repeat_graph_edges.fasta
[2026-03-26 14:02:20] root: DEBUG: --------------------------
[2026-03-26 14:02:20] root: INFO: Assembly statistics:

	Total length:	4981340
	Fragments:	2
	Fragments N50:	3201230
	Largest frg:	3201230
	Scaffolds:	0
	Mean coverage:	32

[2026-03-26 14:02:20] root: INFO: Final assembly: /data/djs217/PROJECTS/vibrio/P0232_251203_11813_10386/12_filtlong/02_hybracter/hybracter_out/processing/assemblies/EXE_30_2025_R/assembly.fasta
