Error: could not find /data/djs217/PROJECTS/19_vibrio/02_illumina_trimmed/11671_EXE_45_2024_E_R1_001_val_1.fq.gz

























Starting Unicycler (2025-07-14 10:13:54)
----------------------------------------
    Welcome to Unicycler, an assembly pipeline for bacterial genomes. Since you provided both short and long reads, Unicycler will perform a hybrid assembly. It will first use SPAdes to make a short-read assembly graph, and then it will use various methods to scaffold that graph with the long reads.
    For more information, please see https://github.com/rrwick/Unicycler

Command: /data/djs217/miniconda3/envs/unicycler_env/bin/unicycler -1 ../02_illumina_trimmed/11671_EXE_45_2024_E_S465_R1_001_val_1.fq.gz -2 ../02_illumina_trimmed/11671_EXE_45_2024_E_S465_R2_001_val_2.fq.gz -l ../04_ont_trimmed/11671_EXE_45_2024_E.filtlong.fastq.gz -o 11671_EXE_45_2024_E.unicycler

Unicycler version: v0.5.1
Using 8 threads

The output directory already exists and files may be reused or overwritten:
  /data/djs217/PROJECTS/19_vibrio/06_unicycler/11671_EXE_45_2024_E.unicycler

Dependencies:
  Program       Version   Status
  spades.py     4.0.0     good  
  racon         1.5.0     good  
  makeblastdb   2.16.0+   good  
  tblastn       2.16.0+   good  


Choosing k-mer range for assembly (2025-07-14 10:14:09)
-------------------------------------------------------
    Unicycler chooses a k-mer range for SPAdes based on the length of the input reads. It uses a wide range of many k-mer sizes to maximise the chance of finding an ideal assembly.

SPAdes maximum k-mer: 127
Median read length: 150
K-mer range: 27, 53, 71, 87, 99, 111, 119, 127


SPAdes assemblies (2025-07-14 10:14:19)
---------------------------------------
    Unicycler now uses SPAdes to assemble the short reads. It scores the assembly graph for each k-mer using the number of contigs (fewer is better) and the number of dead ends (fewer is better). The score function is 1/(c*(d+2)), where c is the contig count and d is the dead end count.

spades.py -o /data/djs217/PROJECTS/19_vibrio/06_unicycler/11671_EXE_45_2024_E.unicycler/spades_assembly -k 27 --threads 8 --gfa11 --isolate -1 /data/djs217/PROJECTS/19_vibrio/02_illumina_trimmed/11671_EXE_45_2024_E_S465_R1_001_val_1.fq.gz -2 /data/djs217/PROJECTS/19_vibrio/02_illumina_trimmed/11671_EXE_45_2024_E_S465_R2_001_val_2.fq.gz -m 1024

spades.py -o /data/djs217/PROJECTS/19_vibrio/06_unicycler/11671_EXE_45_2024_E.unicycler/spades_assembly -k 27,53 --threads 8 --gfa11 --restart-from k27 -m 1024

spades.py -o /data/djs217/PROJECTS/19_vibrio/06_unicycler/11671_EXE_45_2024_E.unicycler/spades_assembly -k 27,53,71 --threads 8 --gfa11 --restart-from k53 -m 1024

spades.py -o /data/djs217/PROJECTS/19_vibrio/06_unicycler/11671_EXE_45_2024_E.unicycler/spades_assembly -k 27,53,71,87 --threads 8 --gfa11 --restart-from k71 -m 1024

spades.py -o /data/djs217/PROJECTS/19_vibrio/06_unicycler/11671_EXE_45_2024_E.unicycler/spades_assembly -k 27,53,71,87,99 --threads 8 --gfa11 --restart-from k87 -m 1024

spades.py -o /data/djs217/PROJECTS/19_vibrio/06_unicycler/11671_EXE_45_2024_E.unicycler/spades_assembly -k 27,53,71,87,99,111 --threads 8 --gfa11 --restart-from k99 -m 1024

spades.py -o /data/djs217/PROJECTS/19_vibrio/06_unicycler/11671_EXE_45_2024_E.unicycler/spades_assembly -k 27,53,71,87,99,111,119 --threads 8 --gfa11 --restart-from k111 -m 1024

spades.py -o /data/djs217/PROJECTS/19_vibrio/06_unicycler/11671_EXE_45_2024_E.unicycler/spades_assembly -k 27,53,71,87,99,111,119,127 --threads 8 --gfa11 --restart-from k119 -m 1024

K-mer   Contigs   Dead ends   Score      
   27                         too complex
   53     1,022           1      3.26e-04
   71       556           0      8.99e-04
   87       364           0      1.37e-03
   99       294           0      1.70e-03
  111       225           0      2.22e-03
  119       210           0      2.38e-03
  127       192           0      2.60e-03 <-best

Read depth filter: removed 9 contigs totalling 2638 bp
Deleting /data/djs217/PROJECTS/19_vibrio/06_unicycler/11671_EXE_45_2024_E.unicycler/spades_assembly/


Determining graph multiplicity (2025-07-14 10:34:53)
----------------------------------------------------
    Multiplicity is the number of times a sequence occurs in the underlying sequence. Single-copy contigs (those with a multiplicity of one, occurring only once in the underlying sequence) are particularly useful.

Saving /data/djs217/PROJECTS/19_vibrio/06_unicycler/11671_EXE_45_2024_E.unicycler/002_depth_filter.gfa


Cleaning graph (2025-07-14 10:34:53)
------------------------------------
    Unicycler now performs various cleaning procedures on the graph to remove overlaps and simplify the graph structure. The end result is a graph ready for bridging.

Graph overlaps removed

Removed zero-length segments:
    113, 115, 116, 121, 124, 132, 135, 139, 140, 141, 142, 145, 151, 159, 165, 189

Merged small segments:
    176, 177, 179, 180, 181, 182, 183, 184, 185, 187, 188

Saving /data/djs217/PROJECTS/19_vibrio/06_unicycler/11671_EXE_45_2024_E.unicycler/003_overlaps_removed.gfa

    Unicycler now selects a set of anchor contigs from the single-copy contigs. These are the contigs which will be connected via bridges to form the final assembly.

29 anchor segments (4,020,579 bp) out of 166 total segments (4,068,080 bp)


Creating SPAdes contig bridges (2025-07-14 10:34:53)
----------------------------------------------------
    SPAdes uses paired-end information to perform repeat resolution (RR) and produce contigs from the assembly graph. SPAdes saves the graph paths corresponding to these contigs in the contigs.paths file. When one of these paths contains two or more anchor contigs, Unicycler can create a bridge from the path.

                                                                          Bridge
Start                            Path                            End     quality
   -8                             81                             14         63.2
    2   89 -> 109 -> -98 -> -57 -> 73 -> 78 -> 97 -> 53 -> 90    -14        18.9
    3   89 -> 110 -> -98 -> -56 -> 73 -> -77 -> 97 -> 52 -> 90   -4         18.9
    7                      -69 -> 37 -> -69                      3          11.3
   15                 -81 -> -143 -> -21 -> -21                  12          6.2
   16              -61 -> -144 -> -50 -> 163 -> 70               18         27.0
   17                            -86                             13         63.0
   24              -61 -> -145 -> -50 -> 159 -> 70               16         27.0


Creating loop unrolling bridges (2025-07-14 10:34:53)
-----------------------------------------------------
    When a SPAdes contig path connects an anchor contig with the middle contig of a simple loop, Unicycler concludes that the sequences are contiguous (i.e. the loop is not a separate piece of DNA). It then uses the read depth of the middle and repeat contigs to guess the number of times to traverse the loop and makes a bridge.

                                  Loop count   Loop count    Loop    Bridge
Start   Repeat   Middle     End    by repeat    by middle   count   quality
    7      -69       37       3         0.69         0.62       1      35.6


Loading reads (2025-07-14 10:34:54)
-----------------------------------
48,934 / 48,934 (100.0%) - 611,185,727 bp


Assembling contigs and long reads with miniasm (2025-07-14 10:35:18)
--------------------------------------------------------------------
    Unicycler uses miniasm to construct a string graph assembly using both the short read contigs and the long reads. It will then use the resulting string graph to produce bridges between contigs. This method requires decent coverage of long reads and therefore may not be fruitful if long reads are sparse. However, it does not rely on the short read assembly graph having good connectivity and is able to bridge an assembly graph even when it contains many dead ends.
    Unicycler uses two types of "reads" as assembly input: anchor contigs from the short-read assembly and actual long reads which overlap two or more of these contigs. It then assembles them with miniasm.

Aligning long reads to graph using minimap

Saving to /data/djs217/PROJECTS/19_vibrio/06_unicycler/11671_EXE_45_2024_E.unicycler/miniasm_assembly/01_assembly_reads.fastq:
  29 short-read contigs
  4,878 long reads

Finding overlaps with minimap... 
success
  2,702,352 overlaps

Assembling reads with miniasm... 
success
  119 segments, 119 links

Saving /data/djs217/PROJECTS/19_vibrio/06_unicycler/11671_EXE_45_2024_E.unicycler/miniasm_assembly/11_branching_paths_removed.gfa
Merging segments into unitigs:
  2 circular unitigs
  2 linear unitigs
  total size = 4,251,017 bp
Saving /data/djs217/PROJECTS/19_vibrio/06_unicycler/11671_EXE_45_2024_E.unicycler/miniasm_assembly/12_unitig_graph.gfa


Polishing miniasm assembly with Racon (2025-07-14 10:36:02)
-----------------------------------------------------------
    Unicycler now uses Racon to polish the miniasm assembly. It does multiple rounds of polishing to get the best consensus. Circular unitigs are rotated between rounds such that all parts (including the ends) are polished well.

Saving to /data/djs217/PROJECTS/19_vibrio/06_unicycler/11671_EXE_45_2024_E.unicycler/miniasm_assembly/racon_polish/polishing_reads.fastq:
  29 short-read contigs
  48,934 long reads

Polish       Assembly          Mapping
round            size          quality
begin       4,251,017        46,048.90
1           4,254,452        46,792.82

Best polish: /data/djs217/PROJECTS/19_vibrio/06_unicycler/11671_EXE_45_2024_E.unicycler/miniasm_assembly/racon_polish/006_rotated.fasta
Saving /data/djs217/PROJECTS/19_vibrio/06_unicycler/11671_EXE_45_2024_E.unicycler/miniasm_assembly/13_racon_polished.gfa
Saving /data/djs217/PROJECTS/19_vibrio/06_unicycler/11671_EXE_45_2024_E.unicycler/004_long_read_assembly.gfa

    Contigs in the short-read assembly graph which end in dead ends may contain bogus sequence near the dead end. Unicycler therefore uses the read clipping values from the miniasm assembly to trim these dead ends to only the parts which aligned well to long reads.

No dead ends required trimming.

    Unicycler now places the single copy contigs back into the unitig graph. This serves two purposes: a) it replaces long read assembly sequences (which may be error prone) with Illumina assembly sequence (which is probably quite accurate), improving the assembly quality, and b) it defines inter-contig sequences for use in building bridges.

Searching for contigs using 5,000 bp of contig ends.

Contig   Result              Start pos   End pos   Strand
     1   found in unitig 1     -135651    902632        -
     2   found in unitig 1     1108237   1842964        -
     3   found in unitig 2      439210    829107        +
     4   found in unitig 2      831031   1138126        -
     5   found in unitig 1     2592339   2839705        +
     6   found in unitig 1     1848571   2080036        +
     7   found in unitig 2      206437    437110        +
     8   found in unitig 1      906327   1053566        -
     9   found in unitig 1     2259581   2398635        +
    10   found in unitig 1     2490666   2581344        -
    11   found in unitig 1     2404089   2479334        +
    12   found in unitig 2       72932    147121        -
    13   found in unitig 1     2104884   2176152        +
    14   found in unitig 1     1053745   1106313        +
    15   found in unitig 2      155016    204877        -
    16   found in unitig 1     2201635   2246862        -
    17   found in unitig 1     2081596   2104523        +
    18   found in unitig 1     2182098   2200549        -
    19   not found                                       
    20   found in unitig 2        4007     12967        -
    22   found in unitig 2     1139203   1145717        +
    23   found in unitig 2       62209     68166        -
    24   found in unitig 1     2247948   2253813        -
    25   found in unitig 3       34749     38975        +
    26   found in unitig 3       30494     33609        -
    27   found in unitig 2     1172684   1175611        +
    28   found in unitig 3       48001     50608        -
    29   found in unitig 3        5812      8277        -
   100   not found                                       

Searching for contigs using 2,500 bp of contig ends.

Contig   Result              Start pos   End pos   Strand
    19   found in unitig 2       41925     53542        -
   100   not found                                       

Searching for contigs using 1,000 bp of contig ends.

Contig   Result      Start pos   End pos   Strand
   100   not found                               

Searching for contigs using 500 bp of contig ends.

Contig   Result      Start pos   End pos   Strand
   100   not found                               

Saving /data/djs217/PROJECTS/19_vibrio/06_unicycler/11671_EXE_45_2024_E.unicycler/miniasm_assembly/14_contigs_placed.gfa


Creating miniasm/Racon bridges (2025-07-14 10:39:46)
----------------------------------------------------
    Now that the miniasm/Racon string graph is complete, Unicycler will use it to build bridges between anchor segments.

       Start -> end    Best path                                 Quality
 1/26    -1 -> -8      113, -108, -102, 113, 67, -108, -102,      75.782
                       113, 67, -108, -51, 139, -118, -76, 122,         
                       139, -118, -76, 122, -140, -117, -76,            
                       122, 139, -118, -76, 122, -140, -117,            
                       -76, 122, 139, -117, -76                         
 2/26   -24 -> 9       149, -125, -111, -121, -32, -142, -40,     67.413
                       -157, 112, 120, 129, 85, -96, -161,              
                       -150, 46, 165, -146, -45, -106, -55              
 3/26     9 -> 11      -121, -32, -142, -40, 160, 112, 120,       68.680
                       129, -80, -127, -150, 46, -164, -146,            
                       -45, -106, 82, 91                                
 4/26    11 -> -10     -91, -105, -123, 132, 106, 45, 146, 164,   55.294
                       -46, 150, 127, -68, 92, -131, -119,              
                       -112, 157, 40, 141, 32, 121, -130, -94,          
                       -71, 45, 146, -165, -46, 148, 96, -85,           
                       -129, -120, -112, 157, 40, 141, 32, 121,         
                       111                                              
 5/26   -10 -> 5       132, 106, 45, -147, -165, -46, 150, 127,   55.910
                       80, -129, -120, -112, -160, 40, 142, 32,         
                       -107, -94, 137, -133, -134, -123, 132,           
                       106, 45, 146, -165, -46, 150, 127, -68,          
                       -152, -85, -129, -119, -112, -160, 40,           
                       142, 32, 121, 111                                
 6/26     5 -> -1      -88, -136, -133, -134, -123, 132, 106,     68.733
                       45, 146, -165, -46, 150, 161, 96, -85,           
                       -131, -119, -112, 157, 40, 142, 32, 121          
 7/26   -20 -> -19     -104, 115, 41, 124, 39, -93, 155, -95,     38.369
                       114, 49, 28, -75, 74, -104, 115, 41,             
                       124, 151, 31, -93, 158, -95, 59, 72, 79,         
                       -84, 27, -104, 116, 41, -99, -25, -103,          
                       116, 41, 138, 128, 26, -64, 42, 63, 153,         
                       -47, 36, 65, 72, -58, -41, -116, 103             
 8/26   -19 -> -23     -75, 66, -101, 162, 87, -60, -103, 116,    59.104
                       41, 138, 128, 34, -104, 115, 41, 138,            
                       29, -104, 115, 41, -99                           
 9/26   -23 -> -12     -64, 33, -87, 156, 101, 38, 47, 154, -63   70.438
10/26   -12 -> -15     21, 143, 81                                62.047
11/26    -8 -> 14      81                                         98.252
12/26   -15 -> 7       83, 44, 48                                 87.125
13/26     7 -> 3       -69, 37, -69                               84.466
14/26     3 -> -4      89, 110, -98, -56, 73, -77, 97, 52, 90     84.955
15/26    -4 -> 22      -103, 116, 41                              89.001
16/26    22 -> 27      49, 30, -84, -62, -104, 116, 41, 124,      39.442
                       151, 54, 54, 35, 65, 72, -20, -104, 115,         
                       41, 124, 39, -93, 155, -95, 114, 49, 28,         
                       -75, 74, -104, 115, 41, 124, 151, 31,            
                       -93, 158, -95, 59, 72, 79, -84                   
17/26   -29 -> -26     -138, -41, -115, 104, -34, -128, -138,     42.857
                       -41, -116, 103, 60, -87, -162, 101, -66,         
                       75, 19, -103, 116, 41, 58, -72, -65,             
                       -36, 47, -153, -63, -42, 64                      
18/26   -26 -> 25      -128, -138, -41, -116, 103                 89.694
19/26    25 -> -28     99, -41, -116, 104, -27, 84, -79, -72,     59.204
                       -59, 95, -158, 93, -31, -151, -124, -41,         
                       -115, 104, -74, 75                               
20/26    14 -> -2      -90, -53, -97, -78, -73, 57, 98, -109,     84.978
                       -89                                              
21/26    -2 -> 6       -125, -111, -121, -32, -141, -40, 160,     68.657
                       112, 120, 129, -80, -127, -150, 46, 165,         
                       147, -45, -106, -132, 123, 134, -126, 88         
22/26     6 -> 17      -48, 43, -83                               87.263
23/26    17 -> 13      -86, 135, -86                              96.261
24/26    13 -> -18     149, -125, -111, -121, -32, -142, -40,     67.243
                       -157, 112, 119, 131, -92, 68, -127,              
                       -150, 46, 165, 147, -45, -106, -55               
25/26   -18 -> -16     -70, -163, 50, 144, 61                     90.639
26/26   -16 -> -24     -70, -159, 50, 145, 61                     90.637


Creating simple long read bridges (2025-07-14 10:43:40)
-------------------------------------------------------
    Unicycler uses long read alignments (from minimap) to resolve simple repeat structures in the graph. This takes care of some "low-hanging fruit" of the graph simplification.

Aligning long reads to graph using minimap

    Two-way junctions are defined as cases where two graph contigs (A and B) join together (C) and then split apart again (D and E). This usually represents a simple 2-copy repeat, and there are two possible options for its resolution: (A->C->D and B->C->E) or (A->C->E and B->C->D). Each read which spans such a junction gets to "vote" for option 1, option 2 or neither. Unicycler creates a bridge at each junction for the most voted for option.

No suitable two-way junctions present

    Simple loops are parts of the graph where two contigs (A and B) are connected via a repeat (C) which loops back to itself (via D). It is possible to traverse the loop zero times (A->C->B), one time (A->C->D->C->B), two times (A->C->D->C->D->C->B), etc. Long reads which span the loop inform which is the correct number of times through. In this step, such reads are found and each is aligned against alternative loop counts. A reads casts its "vote" for the loop count it agrees best with, and Unicycler creates a bridge using the most voted for count.

                                   Read                         Loop    Bridge
Start   Repeat   Middle     End   count   Read votes           count   quality
    7      -69       37       3     112   0 loops: 1 vote          1      99.0
                                          1 loop: 111 votes                   
   17      -86      135      13     124   1 loop: 124 votes        1      99.7


Determining low score threshold (2025-07-14 10:44:23)
-----------------------------------------------------
    Before conducting semi-global alignment of the long reads to the assembly graph, Unicycler must determine a minimum alignment score threshold such that nonsense alignments are excluded. To choose a threshold automatically, it examines alignments between random sequences and selects a score a few standard deviations above the mean.

Automatically choosing a threshold using random alignment scores.

Random alignment mean score: 61.66
         standard deviation:  1.31
        Low score threshold: 61.66 + (7 x 1.31) = 70.86


Aligning reads (2025-07-14 10:44:32)
------------------------------------
48,934 / 48,934 (100.0%)


Read alignment summary (2025-07-14 11:19:12)
--------------------------------------------
Total read count:             48,934
Fully aligned reads:          45,478
Partially aligned reads:       3,356
Unaligned reads:                 100
Total bases aligned:     606,700,979 bp
Mean alignment identity:          97.7%

Deleting /data/djs217/PROJECTS/19_vibrio/06_unicycler/11671_EXE_45_2024_E.unicycler/read_alignment/


Building long read bridges (2025-07-14 11:19:13)
------------------------------------------------
    Unicycler uses the long read alignments to produce bridges between anchor segments. These bridges can be formed using as few as one long read, giving Unicycler the ability to bridge the graph even when long-read depth is low.

       Start -> end    Best path                                 Quality
 1/40    28 -> 27      -75, 74, -104, 115, 41, 124, 151, 31,      73.162
                       -93, 158, -95, 59, 72, 79, -84                   
 2/40    -9 -> 24      55, 106, 45, 146, -165, -46, 150, 161,     79.365
                       96, -85, -129, -120, -112, 157, 40, 142,         
                       32, 121, 111, 125, -149                          
 3/40    18 -> -13     55, 106, 45, -147, -165, -46, 150, 127,    81.451
                       -68, 92, -131, -119, -112, 157, 40, 142,         
                       32, 121, 111, 125, -149                          
 4/40    22 -> -20     49, 30, -84, -62, -104, 116, 41, 124,      79.044
                       151, 54, 54, 35, 65, 72                          
 5/40    -2 -> 6       -125, -111, -121, -32, -141, -40, 160,     83.720
                       112, 120, 129, -80, -127, -150, 46, 165,         
                       147, -45, -106, -132, 123, 134, -126, 88         
 6/40   -20 -> 27      -104, 115, 41, 124, 39, -93, 155, -95,     77.225
                       114, 49, 28, -75, 74, -104, 115, 41,             
                       124, 151, 31, -93, 158, -95, 59, 72, 79,         
                       -84                                              
 7/40   -20 -> 28      -104, 115, 41, 124, 39, -93, 155, -95,     76.211
                       114, 49                                          
 8/40    11 -> -10     -91, -105, -123, 132, 106, 45, 146, 164,   83.784
                       -46, 150, 127, -68, 92, -131, -119,              
                       -112, 157, 40, 141, 32, 121, -130, -94,          
                       -71, 45, 146, -165, -46, 148, 96, -85,           
                       -129, -120, -112, 157, 40, 141, 32, 121,         
                       111                                              
 9/40    15 -> 12      -81, -143, -21                             83.355
10/40    26 -> -19     -64, 42, 63, 153, -47, 36, 65, 72, -58,    77.647
                       -41, -116, 103                                   
11/40     6 -> 13      -48, 43, -83, 17, -86, 135, -86            14.529
12/40     9 -> 11      -121, -32, -142, -40, 160, 112, 120,       77.762
                       129, -80, -127, -150, 46, -164, -146,            
                       -45, -106, 82, 91                                
13/40    19 -> 20      -103, 116, 41, 58, -72, -65, -36, 47,      82.441
                       -153, -63, -42, 64, -26, -128, -138,             
                       -41, -116, 103, 25, 99, -41, -116, 104,          
                       -27, 84, -79, -72, -59, 95, -158, 93,            
                       -31, -151, -124, -41, -115, 104, -74,            
                       75, -28, -49, -114, 95, -155, 93, -39,           
                       -124, -41, -115, 104                             
14/40    25 -> 20      99, -41, -116, 104, -27, 84, -79, -72,     77.194
                       -59, 95, -158, 93, -31, -151, -124, -41,         
                       -115, 104, -74, 75, -28, -49, -114, 95,          
                       -155, 93, -39, -124, -41, -115, 104              
15/40    -5 -> 10      -111, -121, -32, -142, -40, 160, 112,      84.229
                       119, 129, 85, 152, 68, -127, -150, 46,           
                       165, -146, -45, -106, -132, 123, 134,            
                       133, -137, 94, 107, -32, -142, -40, 160,         
                       112, 120, 129, -80, -127, -150, 46, 165,         
                       147, -45, -106, -132                             
16/40     8 -> 1       76, 117, -139, -122, 76, 117, 140, -122,   73.978
                       76, 118, -139, -122, 76, 117, 140, -122,         
                       76, 118, -139, -122, 76, 118, -139, 51,          
                       108, -67, -113, 102, 108, -67, -113,             
                       102, 108, -113                                   
17/40    16 -> -13     -61, -144, -50, 163, 70, 18, 55, 106,      22.640
                       45, -147, -165, -46, 150, 127, -68, 92,          
                       -131, -119, -112, 157, 40, 142, 32, 121,         
                       111, 125, -149                                   
18/40     5 -> -1      -88, -136, -133, -134, -123, 132, 106,     83.567
                       45, 146, -165, -46, 150, 161, 96, -85,           
                       -131, -119, -112, 157, 40, 142, 32, 121          
19/40    26 -> 29      -64, 42, 63, 153, -47, 36, 65, 72, -58,    14.291
                       -41, -116, 103, -19, -75, 66, -101, 162,         
                       87, -60, -103, 116, 41, 138, 128, 34,            
                       -104, 115, 41, 138                               
20/40     7 -> 3       -69, 37, -69                               83.787
21/40    12 -> 23      63, -154, -47, -38, -101, -156, 87, -33,   80.081
                       64                                               
22/40    19 -> 25      -103, 116, 41, 58, -72, -65, -36, 47,      71.642
                       -153, -63, -42, 64, -26, -128, -138,             
                       -41, -116, 103                                   
23/40    14 -> -2      -90, -53, -97, -78, -73, 57, 98, -109,     83.763
                       -89                                              
24/40     4 -> -3      -90, -52, -97, 77, -73, 56, 98, -110,      83.846
                       -89                                              
25/40   -19 -> 29      -75, 66, -101, 162, 87, -60, -103, 116,    75.289
                       41, 138, 128, 34, -104, 115, 41, 138             
26/40    27 -> -25     -104, 116, 41, -99                         74.467
27/40     6 -> 17      -48, 43, -83                               83.061
28/40    -9 -> 16      55, 106, 45, 146, -165, -46, 150, 161,     66.871
                       96, -85, -129, -120, -112, 157, 40, 142,         
                       32, 121, 111, 125, -149, 24, -61, -145,          
                       -50, 159, 70                                     
29/40    -7 -> 15      -48, -44, -83                              83.591
30/40    16 -> 18      -61, -144, -50, 163, 70                    82.990
31/40    24 -> 16      -61, -145, -50, 159, 70                    80.956
32/40   -25 -> 26      -103, 116, 41, 138, 128                    70.913
33/40    -8 -> 14      81                                         83.748
34/40    29 -> -12     -104, 115, 41, -99, -23, -64, 33, -87,     11.432
                       156, 101, 38, 47, 154, -63                       
35/40    29 -> -23     -104, 115, 41, -99                         74.573
36/40    17 -> 13      -86, 135, -86                              82.816
37/40    -4 -> 22      -103, 116, 41                              80.066
38/40    12 -> 19      63, -154, -47, -38, -101, -156, 87, -33,   49.453
                       64, 23, 99, -41, -115, 104, -29, -138,           
                       -41, -115, 104, -34, -128, -138, -41,            
                       -116, 103, 60, -87, -162, 101, -66, 75           
39/40    20 -> 4       -72, -65, -35, -54, -54, -151, -124,       38.935
                       -41, -116, 104, 62, 84, -30, -49, -22,           
                       -41, -116, 103                                   
40/40    23 -> 19      99, -41, -115, 104, -29, -138, -41,        64.230
                       -115, 104, -34, -128, -138, -41, -116,           
                       103, 60, -87, -162, 101, -66, 75                 


Applying bridges (2025-07-14 11:20:51)
--------------------------------------
    Unicycler now applies to the graph in decreasing order of quality. This ensures that when multiple, contradictory bridges exist, the most supported option is used.

Bridge type        Start -> end   Path                                       Quality
simple long read     17 -> 13     -86, 135, -86                               99.675
simple long read      7 -> 3      -69, 37, -69                                99.024
miniasm              -8 -> 14     81                                          98.252
miniasm             -18 -> -16    -70, -163, 50, 144, 61                      90.639
miniasm             -16 -> -24    -70, -159, 50, 145, 61                      90.637
miniasm             -26 -> 25     -128, -138, -41, -116, 103                  89.694
miniasm              -4 -> 22     -103, 116, 41                               89.001
miniasm               6 -> 17     -48, 43, -83                                87.263
miniasm             -15 -> 7      83, 44, 48                                  87.125
miniasm              14 -> -2     -90, -53, -97, -78, -73, 57, 98, -109,      84.978
                                  -89                                               
miniasm               3 -> -4     89, 110, -98, -56, 73, -77, 97, 52, 90      84.955
long read            -5 -> 10     -111, -121, -32, -142, -40, 160, 112,       84.229
                                  119, 129, 85, 152, 68, -127, -150, 46,            
                                  165, -146, -45, -106, -132, 123, 134,             
                                  133, -137, 94, 107, -32, -142, -40, 160,          
                                  112, 120, 129, -80, -127, -150, 46, 165,          
                                  147, -45, -106, -132                              
long read            11 -> -10    -91, -105, -123, 132, 106, 45, 146, 164,    83.784
                                  -46, 150, 127, -68, 92, -131, -119,               
                                  -112, 157, 40, 141, 32, 121, -130, -94,           
                                  -71, 45, 146, -165, -46, 148, 96, -85,            
                                  -129, -120, -112, 157, 40, 141, 32, 121,          
                                  111                                               
long read            -2 -> 6      -125, -111, -121, -32, -141, -40, 160,      83.720
                                  112, 120, 129, -80, -127, -150, 46, 165,          
                                  147, -45, -106, -132, 123, 134, -126, 88          
long read             5 -> -1     -88, -136, -133, -134, -123, 132, 106,      83.567
                                  45, 146, -165, -46, 150, 161, 96, -85,            
                                  -131, -119, -112, 157, 40, 142, 32, 121           
long read            15 -> 12     -81, -143, -21                              83.355
long read            19 -> -26    -103, 116, 41, 58, -72, -65, -36, 47,       82.441
                                  -153, -63, -42, 64                                
long read            25 -> -27    99, -41, -116, 104                          82.441
long read           -27 -> -28    84, -79, -72, -59, 95, -158, 93, -31,       82.441
                                  -151, -124, -41, -115, 104, -74, 75               
long read           -28 -> 20     -49, -114, 95, -155, 93, -39, -124, -41,    82.441
                                  -115, 104                                         
long read            18 -> -13    55, 106, 45, -147, -165, -46, 150, 127,     81.451
                                  -68, 92, -131, -119, -112, 157, 40, 142,          
                                  32, 121, 111, 125, -149                           
long read            12 -> 23     63, -154, -47, -38, -101, -156, 87, -33,    80.081
                                  64                                                
long read            -9 -> 24     55, 106, 45, 146, -165, -46, 150, 161,      79.365
                                  96, -85, -129, -120, -112, 157, 40, 142,          
                                  32, 121, 111, 125, -149                           
long read            22 -> -20    49, 30, -84, -62, -104, 116, 41, 124,       79.044
                                  151, 54, 54, 35, 65, 72                           
long read             9 -> 11     -121, -32, -142, -40, 160, 112, 120,        77.762
                                  129, -80, -127, -150, 46, -164, -146,             
                                  -45, -106, 82, 91                                 
miniasm              -1 -> -8     113, -108, -102, 113, 67, -108, -102,       75.782
                                  113, 67, -108, -51, 139, -118, -76, 122,          
                                  139, -118, -76, 122, -140, -117, -76,             
                                  122, 139, -118, -76, 122, -140, -117,             
                                  -76, 122, 139, -117, -76                          
long read           -19 -> 29     -75, 66, -101, 162, 87, -60, -103, 116,     75.289
                                  41, 138, 128, 34, -104, 115, 41, 138              
long read            29 -> -23    -104, 115, 41, -99                          74.573

Saving /data/djs217/PROJECTS/19_vibrio/06_unicycler/11671_EXE_45_2024_E.unicycler/005_bridges_applied.gfa


Bridged assembly graph (2025-07-14 11:20:52)
--------------------------------------------
    The assembly is now mostly finished and no more structural changes will be made. Ideally the assembly graph should now have one contig per replicon and no erroneous contigs (i.e. a complete assembly). If there are more contigs, then the assembly is not complete.

Saving /data/djs217/PROJECTS/19_vibrio/06_unicycler/11671_EXE_45_2024_E.unicycler/006_final_clean.gfa

Component   Segments   Links   Length      N50         Longest segment   Status  
    total          2       2   4,129,836   2,980,897         2,980,897           
        1          1       1   2,980,897   2,980,897         2,980,897   complete
        2          1       1   1,148,939   1,148,939         1,148,939   complete


Rotating completed replicons (2025-07-14 11:20:52)
--------------------------------------------------
    Any completed circular contigs (i.e. single contigs which have one link connecting end to start) can have their start position changed without altering the sequence. For consistency, Unicycler now searches for a starting gene (dnaA or repA) in each such contig, and if one is found, the contig is rotated to start with that gene on the forward strand.

Segment   Length      Depth   Starting gene     Position    Strand    Identity   Coverage
      1   2,980,897   1.00x   UniRef90_P49996   1,433,394   forward      95.5%     100.0%
      2   1,148,939   0.99x   none found                                                 

Saving /data/djs217/PROJECTS/19_vibrio/06_unicycler/11671_EXE_45_2024_E.unicycler/007_rotated.gfa


Assembly complete (2025-07-14 11:22:06)
---------------------------------------
Saving /data/djs217/PROJECTS/19_vibrio/06_unicycler/11671_EXE_45_2024_E.unicycler/assembly.gfa
Saving /data/djs217/PROJECTS/19_vibrio/06_unicycler/11671_EXE_45_2024_E.unicycler/assembly.fasta














Starting Unicycler (2025-07-14 15:35:41)
----------------------------------------
    Welcome to Unicycler, an assembly pipeline for bacterial genomes. Since you provided both short and long reads, Unicycler will perform a hybrid assembly. It will first use SPAdes to make a short-read assembly graph, and then it will use various methods to scaffold that graph with the long reads.
    For more information, please see https://github.com/rrwick/Unicycler

Command: /data/djs217/miniconda3/envs/unicycler_env/bin/unicycler -1 ../02_illumina_trimmed/11671_EXE_45_2024_E_S465_R1_001_val_1.fq.gz -2 ../02_illumina_trimmed/11671_EXE_45_2024_E_S465_R2_001_val_2.fq.gz -l ../04_ont_trimmed/11671_EXE_45_2024_E.filtlong.fastq.gz -o 11671_EXE_45_2024_E.unicycler

Unicycler version: v0.5.1
Using 8 threads

The output directory already exists and files may be reused or overwritten:
  /data/djs217/PROJECTS/19_vibrio/06_unicycler/11671_EXE_45_2024_E.unicycler

Dependencies:
  Program       Version   Status
  spades.py     4.0.0     good  
  racon         1.5.0     good  
  makeblastdb   2.16.0+   good  
  tblastn       2.16.0+   good  

SPAdes graph already exists. Will use this graph instead of running SPAdes:
  /data/djs217/PROJECTS/19_vibrio/06_unicycler/11671_EXE_45_2024_E.unicycler/002_depth_filter.gfa


Determining graph multiplicity (2025-07-14 15:35:43)
----------------------------------------------------
    Multiplicity is the number of times a sequence occurs in the underlying sequence. Single-copy contigs (those with a multiplicity of one, occurring only once in the underlying sequence) are particularly useful.


Cleaning graph (2025-07-14 15:35:43)
------------------------------------
    Unicycler now performs various cleaning procedures on the graph to remove overlaps and simplify the graph structure. The end result is a graph ready for bridging.

Graph overlaps removed

Removed zero-length segments:
    113, 115, 116, 121, 124, 132, 135, 139, 140, 141, 142, 145, 151, 159, 165, 189

Merged small segments:
    176, 177, 179, 180, 181, 182, 183, 184, 185, 187, 188

Saving /data/djs217/PROJECTS/19_vibrio/06_unicycler/11671_EXE_45_2024_E.unicycler/003_overlaps_removed.gfa

    Unicycler now selects a set of anchor contigs from the single-copy contigs. These are the contigs which will be connected via bridges to form the final assembly.

29 anchor segments (4,020,579 bp) out of 166 total segments (4,068,080 bp)


Creating SPAdes contig bridges (2025-07-14 15:35:43)
----------------------------------------------------
    SPAdes uses paired-end information to perform repeat resolution (RR) and produce contigs from the assembly graph. SPAdes saves the graph paths corresponding to these contigs in the contigs.paths file. When one of these paths contains two or more anchor contigs, Unicycler can create a bridge from the path.

                                                                          Bridge
Start                            Path                            End     quality
   -8                             81                             14         63.2
    2   89 -> 109 -> -98 -> -57 -> 73 -> 78 -> 97 -> 53 -> 90    -14        18.9
    3   89 -> 110 -> -98 -> -56 -> 73 -> -77 -> 97 -> 52 -> 90   -4         18.9
    7                      -69 -> 37 -> -69                      3          11.3
   15                 -81 -> -145 -> -21 -> -21                  12          6.2
   16              -61 -> -143 -> -50 -> 161 -> 70               18         27.0
   17                            -86                             13         63.0
   24              -61 -> -144 -> -50 -> 158 -> 70               16         27.0


Creating loop unrolling bridges (2025-07-14 15:35:43)
-----------------------------------------------------
    When a SPAdes contig path connects an anchor contig with the middle contig of a simple loop, Unicycler concludes that the sequences are contiguous (i.e. the loop is not a separate piece of DNA). It then uses the read depth of the middle and repeat contigs to guess the number of times to traverse the loop and makes a bridge.

                                  Loop count   Loop count    Loop    Bridge
Start   Repeat   Middle     End    by repeat    by middle   count   quality
    7      -69       37       3         0.69         0.62       1      35.6


Loading reads (2025-07-14 15:35:43)
-----------------------------------
48,934 / 48,934 (100.0%) - 611,185,727 bp


Assembling contigs and long reads with miniasm (2025-07-14 15:36:57)
--------------------------------------------------------------------
    Unicycler uses miniasm to construct a string graph assembly using both the short read contigs and the long reads. It will then use the resulting string graph to produce bridges between contigs. This method requires decent coverage of long reads and therefore may not be fruitful if long reads are sparse. However, it does not rely on the short read assembly graph having good connectivity and is able to bridge an assembly graph even when it contains many dead ends.
    Unicycler uses two types of "reads" as assembly input: anchor contigs from the short-read assembly and actual long reads which overlap two or more of these contigs. It then assembles them with miniasm.

Aligning long reads to graph using minimap

Saving to /data/djs217/PROJECTS/19_vibrio/06_unicycler/11671_EXE_45_2024_E.unicycler/miniasm_assembly/01_assembly_reads.fastq:
  29 short-read contigs
  4,878 long reads

Finding overlaps with minimap... 
success
  2,702,352 overlaps

Assembling reads with miniasm... 
success
  119 segments, 119 links

Saving /data/djs217/PROJECTS/19_vibrio/06_unicycler/11671_EXE_45_2024_E.unicycler/miniasm_assembly/11_branching_paths_removed.gfa
Merging segments into unitigs:
  2 circular unitigs
  2 linear unitigs
  total size = 4,251,017 bp
Saving /data/djs217/PROJECTS/19_vibrio/06_unicycler/11671_EXE_45_2024_E.unicycler/miniasm_assembly/12_unitig_graph.gfa


Polishing miniasm assembly with Racon (2025-07-14 15:37:43)
-----------------------------------------------------------
    Unicycler now uses Racon to polish the miniasm assembly. It does multiple rounds of polishing to get the best consensus. Circular unitigs are rotated between rounds such that all parts (including the ends) are polished well.

Saving to /data/djs217/PROJECTS/19_vibrio/06_unicycler/11671_EXE_45_2024_E.unicycler/miniasm_assembly/racon_polish/polishing_reads.fastq:
  29 short-read contigs
  48,934 long reads

Polish       Assembly          Mapping
round            size          quality
begin       4,251,017        46,048.90
1           4,254,452        46,792.82

Best polish: /data/djs217/PROJECTS/19_vibrio/06_unicycler/11671_EXE_45_2024_E.unicycler/miniasm_assembly/racon_polish/006_rotated.fasta
Saving /data/djs217/PROJECTS/19_vibrio/06_unicycler/11671_EXE_45_2024_E.unicycler/miniasm_assembly/13_racon_polished.gfa
Saving /data/djs217/PROJECTS/19_vibrio/06_unicycler/11671_EXE_45_2024_E.unicycler/004_long_read_assembly.gfa

    Contigs in the short-read assembly graph which end in dead ends may contain bogus sequence near the dead end. Unicycler therefore uses the read clipping values from the miniasm assembly to trim these dead ends to only the parts which aligned well to long reads.

No dead ends required trimming.

    Unicycler now places the single copy contigs back into the unitig graph. This serves two purposes: a) it replaces long read assembly sequences (which may be error prone) with Illumina assembly sequence (which is probably quite accurate), improving the assembly quality, and b) it defines inter-contig sequences for use in building bridges.

Searching for contigs using 5,000 bp of contig ends.

Contig   Result              Start pos   End pos   Strand
     1   found in unitig 1     -135651    902632        -
     2   found in unitig 1     1108237   1842964        -
     3   found in unitig 2      439210    829107        +
     4   found in unitig 2      831031   1138126        -
     5   found in unitig 1     2592339   2839705        +
     6   found in unitig 1     1848571   2080036        +
     7   found in unitig 2      206437    437110        +
     8   found in unitig 1      906327   1053566        -
     9   found in unitig 1     2259581   2398635        +
    10   found in unitig 1     2490666   2581344        -
    11   found in unitig 1     2404089   2479334        +
    12   found in unitig 2       72932    147121        -
    13   found in unitig 1     2104884   2176152        +
    14   found in unitig 1     1053745   1106313        +
    15   found in unitig 2      155016    204877        -
    16   found in unitig 1     2201635   2246862        -
    17   found in unitig 1     2081596   2104523        +
    18   found in unitig 1     2182098   2200549        -
    19   not found                                       
    20   found in unitig 2        4007     12967        -
    22   found in unitig 2     1139203   1145717        +
    23   found in unitig 2       62209     68166        -
    24   found in unitig 1     2247948   2253813        -
    25   found in unitig 3       34749     38975        +
    26   found in unitig 3       30494     33609        -
    27   found in unitig 2     1172684   1175611        +
    28   found in unitig 2       16210     18817        +
    29   found in unitig 2       58540     61005        +
    99   not found                                       

Searching for contigs using 2,500 bp of contig ends.

Contig   Result              Start pos   End pos   Strand
    19   found in unitig 2       41925     53542        -
    99   not found                                       

Searching for contigs using 1,000 bp of contig ends.

Contig   Result      Start pos   End pos   Strand
    99   not found                               

Searching for contigs using 500 bp of contig ends.

Contig   Result      Start pos   End pos   Strand
    99   not found                               

Saving /data/djs217/PROJECTS/19_vibrio/06_unicycler/11671_EXE_45_2024_E.unicycler/miniasm_assembly/14_contigs_placed.gfa


Creating miniasm/Racon bridges (2025-07-14 15:41:29)
----------------------------------------------------
    Now that the miniasm/Racon string graph is complete, Unicycler will use it to build bridges between anchor segments.

       Start -> end    Best path                                 Quality
 1/26    -1 -> -8      113, -108, -102, 113, 67, -108, -102,      75.782
                       113, 67, -108, -51, 140, -117, -76, 122,         
                       140, -117, -76, 122, -139, -118, -76,            
                       122, 140, -117, -76, 122, -139, -118,            
                       -76, 122, 140, -118, -76                         
 2/26   -24 -> 9       150, -125, -111, -121, -32, -142, -40,     67.413
                       -163, 112, 120, 131, 85, -96, -159,              
                       -151, 46, 165, -147, -45, -106, -55              
 3/26     9 -> 11      -121, -32, -142, -40, 164, 112, 120,       68.680
                       131, -80, -127, -151, 46, -162, -147,            
                       -45, -106, 82, 91                                
 4/26    11 -> -10     -91, -105, -123, 132, 106, 45, 147, 162,   55.294
                       -46, 151, 127, -68, 92, -130, -119,              
                       -112, 163, 40, 141, 32, 121, -129, -94,          
                       -71, 45, 147, -165, -46, 148, 96, -85,           
                       -131, -120, -112, 163, 40, 141, 32, 121,         
                       111                                              
 5/26   -10 -> 5       132, 106, 45, -146, -165, -46, 151, 127,   55.910
                       80, -131, -120, -112, -164, 40, 142, 32,         
                       -107, -94, 137, -133, -135, -123, 132,           
                       106, 45, 147, -165, -46, 151, 127, -68,          
                       -152, -85, -131, -119, -112, -164, 40,           
                       142, 32, 121, 111                                
 6/26     5 -> -1      -88, -136, -133, -135, -123, 132, 106,     68.733
                       45, 147, -165, -46, 151, 159, 96, -85,           
                       -130, -119, -112, 163, 40, 142, 32, 121          
 7/26   -20 -> 28      -104, 115, 41, 124, 39, -93, 155, -95,     77.597
                       114, 49                                          
 8/26    28 -> -19     -75, 74, -104, 115, 41, 124, 149, 31,      42.067
                       -93, 157, -95, 59, 72, 79, -84, 27,              
                       -104, 116, 41, -100, -25, -103, 116, 41,         
                       138, 128, 26, -64, 42, 63, 153, -47, 36,         
                       65, 72, -58, -41, -116, 103                      
 9/26   -19 -> 29      -75, 66, -101, 160, 87, -60, -103, 116,    70.499
                       41, 138, 128, 34, -104, 115, 41, 138             
10/26    29 -> -23     -104, 115, 41, -100                        88.963
11/26    -8 -> 14      81                                         98.252
12/26   -23 -> -12     -64, 33, -87, 156, 101, 38, 47, 154, -63   70.438
13/26   -12 -> -15     21, 145, 81                                62.047
14/26   -15 -> 7       83, 44, 48                                 87.125
15/26     7 -> 3       -69, 37, -69                               84.466
16/26     3 -> -4      89, 110, -98, -56, 73, -77, 97, 52, 90     84.955
17/26    -4 -> 22      -103, 116, 41                              89.001
18/26    22 -> 27      49, 30, -84, -62, -104, 116, 41, 124,      39.442
                       149, 54, 54, 35, 65, 72, -20, -104, 115,         
                       41, 124, 39, -93, 155, -95, 114, 49, 28,         
                       -75, 74, -104, 115, 41, 124, 149, 31,            
                       -93, 157, -95, 59, 72, 79, -84                   
19/26   -26 -> 25      -128, -138, -41, -116, 103                 89.694
20/26    14 -> -2      -90, -53, -97, -78, -73, 57, 98, -109,     84.978
                       -89                                              
21/26    -2 -> 6       -125, -111, -121, -32, -141, -40, 164,     68.657
                       112, 120, 131, -80, -127, -151, 46, 165,         
                       146, -45, -106, -132, 123, 135, -126, 88         
22/26     6 -> 17      -48, 43, -83                               87.263
23/26    17 -> 13      -86, 134, -86                              96.261
24/26    13 -> -18     150, -125, -111, -121, -32, -142, -40,     67.243
                       -163, 112, 119, 130, -92, 68, -127,              
                       -151, 46, 165, 146, -45, -106, -55               
25/26   -18 -> -16     -70, -161, 50, 143, 61                     90.639
26/26   -16 -> -24     -70, -158, 50, 144, 61                     90.637


Creating simple long read bridges (2025-07-14 15:43:11)
-------------------------------------------------------
    Unicycler uses long read alignments (from minimap) to resolve simple repeat structures in the graph. This takes care of some "low-hanging fruit" of the graph simplification.

Aligning long reads to graph using minimap

    Two-way junctions are defined as cases where two graph contigs (A and B) join together (C) and then split apart again (D and E). This usually represents a simple 2-copy repeat, and there are two possible options for its resolution: (A->C->D and B->C->E) or (A->C->E and B->C->D). Each read which spans such a junction gets to "vote" for option 1, option 2 or neither. Unicycler creates a bridge at each junction for the most voted for option.

No suitable two-way junctions present

    Simple loops are parts of the graph where two contigs (A and B) are connected via a repeat (C) which loops back to itself (via D). It is possible to traverse the loop zero times (A->C->B), one time (A->C->D->C->B), two times (A->C->D->C->D->C->B), etc. Long reads which span the loop inform which is the correct number of times through. In this step, such reads are found and each is aligned against alternative loop counts. A reads casts its "vote" for the loop count it agrees best with, and Unicycler creates a bridge using the most voted for count.

                                   Read                         Loop    Bridge
Start   Repeat   Middle     End   count   Read votes           count   quality
    7      -69       37       3     112   0 loops: 1 vote          1      99.0
                                          1 loop: 111 votes                   
   17      -86      134      13     124   1 loop: 124 votes        1      99.7


Determining low score threshold (2025-07-14 15:43:57)
-----------------------------------------------------
    Before conducting semi-global alignment of the long reads to the assembly graph, Unicycler must determine a minimum alignment score threshold such that nonsense alignments are excluded. To choose a threshold automatically, it examines alignments between random sequences and selects a score a few standard deviations above the mean.

Automatically choosing a threshold using random alignment scores.

Random alignment mean score: 61.66
         standard deviation:  1.31
        Low score threshold: 61.66 + (7 x 1.31) = 70.86


Aligning reads (2025-07-14 15:44:08)
------------------------------------
48,934 / 48,934 (100.0%)


Read alignment summary (2025-07-14 16:18:03)
--------------------------------------------
Total read count:             48,934
Fully aligned reads:          45,478
Partially aligned reads:       3,356
Unaligned reads:                 100
Total bases aligned:     606,700,979 bp
Mean alignment identity:          97.7%

Deleting /data/djs217/PROJECTS/19_vibrio/06_unicycler/11671_EXE_45_2024_E.unicycler/read_alignment/


Building long read bridges (2025-07-14 16:18:04)
------------------------------------------------
    Unicycler uses the long read alignments to produce bridges between anchor segments. These bridges can be formed using as few as one long read, giving Unicycler the ability to bridge the graph even when long-read depth is low.

       Start -> end    Best path                                 Quality
 1/40    28 -> 27      -75, 74, -104, 115, 41, 124, 149, 31,      73.162
                       -93, 157, -95, 59, 72, 79, -84                   
 2/40    -9 -> 24      55, 106, 45, 147, -165, -46, 151, 159,     79.365
                       96, -85, -131, -120, -112, 163, 40, 142,         
                       32, 121, 111, 125, -150                          
 3/40    18 -> -13     55, 106, 45, -146, -165, -46, 151, 127,    81.451
                       -68, 92, -130, -119, -112, 163, 40, 142,         
                       32, 121, 111, 125, -150                          
 4/40    22 -> -20     49, 30, -84, -62, -104, 116, 41, 124,      79.044
                       149, 54, 54, 35, 65, 72                          
 5/40    -2 -> 6       -125, -111, -121, -32, -141, -40, 164,     83.720
                       112, 120, 131, -80, -127, -151, 46, 165,         
                       146, -45, -106, -132, 123, 135, -126, 88         
 6/40   -20 -> 27      -104, 115, 41, 124, 39, -93, 155, -95,     77.225
                       114, 49, 28, -75, 74, -104, 115, 41,             
                       124, 149, 31, -93, 157, -95, 59, 72, 79,         
                       -84                                              
 7/40   -20 -> 28      -104, 115, 41, 124, 39, -93, 155, -95,     76.211
                       114, 49                                          
 8/40    11 -> -10     -91, -105, -123, 132, 106, 45, 147, 162,   83.784
                       -46, 151, 127, -68, 92, -130, -119,              
                       -112, 163, 40, 141, 32, 121, -129, -94,          
                       -71, 45, 147, -165, -46, 148, 96, -85,           
                       -131, -120, -112, 163, 40, 141, 32, 121,         
                       111                                              
 9/40    15 -> 12      -81, -145, -21                             83.355
10/40    26 -> -19     -64, 42, 63, 153, -47, 36, 65, 72, -58,    77.647
                       -41, -116, 103                                   
11/40     9 -> 11      -121, -32, -142, -40, 164, 112, 120,       77.762
                       131, -80, -127, -151, 46, -162, -147,            
                       -45, -106, 82, 91                                
12/40     6 -> 13      -48, 43, -83, 17, -86, 134, -86            14.529
13/40    19 -> 20      -103, 116, 41, 58, -72, -65, -36, 47,      82.441
                       -153, -63, -42, 64, -26, -128, -138,             
                       -41, -116, 103, 25, 100, -41, -116, 104,         
                       -27, 84, -79, -72, -59, 95, -157, 93,            
                       -31, -149, -124, -41, -115, 104, -74,            
                       75, -28, -49, -114, 95, -155, 93, -39,           
                       -124, -41, -115, 104                             
14/40    25 -> 20      100, -41, -116, 104, -27, 84, -79, -72,    77.194
                       -59, 95, -157, 93, -31, -149, -124, -41,         
                       -115, 104, -74, 75, -28, -49, -114, 95,          
                       -155, 93, -39, -124, -41, -115, 104              
15/40    -5 -> 10      -111, -121, -32, -142, -40, 164, 112,      84.229
                       119, 131, 85, 152, 68, -127, -151, 46,           
                       165, -147, -45, -106, -132, 123, 135,            
                       133, -137, 94, 107, -32, -142, -40, 164,         
                       112, 120, 131, -80, -127, -151, 46, 165,         
                       146, -45, -106, -132                             
16/40     8 -> 1       76, 118, -140, -122, 76, 118, 139, -122,   73.978
                       76, 117, -140, -122, 76, 118, 139, -122,         
                       76, 117, -140, -122, 76, 117, -140, 51,          
                       108, -67, -113, 102, 108, -67, -113,             
                       102, 108, -113                                   
17/40    16 -> -13     -61, -143, -50, 161, 70, 18, 55, 106,      22.640
                       45, -146, -165, -46, 151, 127, -68, 92,          
                       -130, -119, -112, 163, 40, 142, 32, 121,         
                       111, 125, -150                                   
18/40     5 -> -1      -88, -136, -133, -135, -123, 132, 106,     83.567
                       45, 147, -165, -46, 151, 159, 96, -85,           
                       -130, -119, -112, 163, 40, 142, 32, 121          
19/40     7 -> 3       -69, 37, -69                               83.787
20/40    26 -> 29      -64, 42, 63, 153, -47, 36, 65, 72, -58,    14.291
                       -41, -116, 103, -19, -75, 66, -101, 160,         
                       87, -60, -103, 116, 41, 138, 128, 34,            
                       -104, 115, 41, 138                               
21/40    12 -> 23      63, -154, -47, -38, -101, -156, 87, -33,   80.081
                       64                                               
22/40    19 -> 25      -103, 116, 41, 58, -72, -65, -36, 47,      71.642
                       -153, -63, -42, 64, -26, -128, -138,             
                       -41, -116, 103                                   
23/40    14 -> -2      -90, -53, -97, -78, -73, 57, 98, -109,     83.763
                       -89                                              
24/40   -19 -> 29      -75, 66, -101, 160, 87, -60, -103, 116,    75.289
                       41, 138, 128, 34, -104, 115, 41, 138             
25/40     4 -> -3      -90, -52, -97, 77, -73, 56, 98, -110,      83.846
                       -89                                              
26/40    -9 -> 16      55, 106, 45, 147, -165, -46, 151, 159,     66.871
                       96, -85, -131, -120, -112, 163, 40, 142,         
                       32, 121, 111, 125, -150, 24, -61, -144,          
                       -50, 158, 70                                     
27/40     6 -> 17      -48, 43, -83                               83.061
28/40    -7 -> 15      -48, -44, -83                              83.591
29/40    27 -> -25     -104, 116, 41, -100                        74.467
30/40    16 -> 18      -61, -143, -50, 161, 70                    82.990
31/40   -25 -> 26      -103, 116, 41, 138, 128                    70.913
32/40    17 -> 13      -86, 134, -86                              82.816
33/40    -8 -> 14      81                                         83.748
34/40    24 -> 16      -61, -144, -50, 158, 70                    80.956
35/40    29 -> -12     -104, 115, 41, -100, -23, -64, 33, -87,    11.432
                       156, 101, 38, 47, 154, -63                       
36/40    29 -> -23     -104, 115, 41, -100                        74.573
37/40    -4 -> 22      -103, 116, 41                              80.066
38/40    12 -> 19      63, -154, -47, -38, -101, -156, 87, -33,   49.453
                       64, 23, 100, -41, -115, 104, -29, -138,          
                       -41, -115, 104, -34, -128, -138, -41,            
                       -116, 103, 60, -87, -160, 101, -66, 75           
39/40    20 -> 4       -72, -65, -35, -54, -54, -149, -124,       38.935
                       -41, -116, 104, 62, 84, -30, -49, -22,           
                       -41, -116, 103                                   
40/40    23 -> 19      100, -41, -115, 104, -29, -138, -41,       64.230
                       -115, 104, -34, -128, -138, -41, -116,           
                       103, 60, -87, -160, 101, -66, 75                 


Applying bridges (2025-07-14 16:19:40)
--------------------------------------
    Unicycler now applies to the graph in decreasing order of quality. This ensures that when multiple, contradictory bridges exist, the most supported option is used.

Bridge type        Start -> end   Path                                       Quality
simple long read     17 -> 13     -86, 134, -86                               99.675
simple long read      7 -> 3      -69, 37, -69                                99.024
miniasm              -8 -> 14     81                                          98.252
miniasm             -18 -> -16    -70, -161, 50, 143, 61                      90.639
miniasm             -16 -> -24    -70, -158, 50, 144, 61                      90.637
miniasm             -26 -> 25     -128, -138, -41, -116, 103                  89.694
miniasm              -4 -> 22     -103, 116, 41                               89.001
miniasm              29 -> -23    -104, 115, 41, -100                         88.963
miniasm               6 -> 17     -48, 43, -83                                87.263
miniasm             -15 -> 7      83, 44, 48                                  87.125
miniasm              14 -> -2     -90, -53, -97, -78, -73, 57, 98, -109,      84.978
                                  -89                                               
miniasm               3 -> -4     89, 110, -98, -56, 73, -77, 97, 52, 90      84.955
long read            -5 -> 10     -111, -121, -32, -142, -40, 164, 112,       84.229
                                  119, 131, 85, 152, 68, -127, -151, 46,            
                                  165, -147, -45, -106, -132, 123, 135,             
                                  133, -137, 94, 107, -32, -142, -40, 164,          
                                  112, 120, 131, -80, -127, -151, 46, 165,          
                                  146, -45, -106, -132                              
long read            11 -> -10    -91, -105, -123, 132, 106, 45, 147, 162,    83.784
                                  -46, 151, 127, -68, 92, -130, -119,               
                                  -112, 163, 40, 141, 32, 121, -129, -94,           
                                  -71, 45, 147, -165, -46, 148, 96, -85,            
                                  -131, -120, -112, 163, 40, 141, 32, 121,          
                                  111                                               
long read            -2 -> 6      -125, -111, -121, -32, -141, -40, 164,      83.720
                                  112, 120, 131, -80, -127, -151, 46, 165,          
                                  146, -45, -106, -132, 123, 135, -126, 88          
long read             5 -> -1     -88, -136, -133, -135, -123, 132, 106,      83.567
                                  45, 147, -165, -46, 151, 159, 96, -85,            
                                  -130, -119, -112, 163, 40, 142, 32, 121           
long read            15 -> 12     -81, -145, -21                              83.355
long read            19 -> -26    -103, 116, 41, 58, -72, -65, -36, 47,       82.441
                                  -153, -63, -42, 64                                
long read            25 -> -27    100, -41, -116, 104                         82.441
long read           -27 -> -28    84, -79, -72, -59, 95, -157, 93, -31,       82.441
                                  -149, -124, -41, -115, 104, -74, 75               
long read           -28 -> 20     -49, -114, 95, -155, 93, -39, -124, -41,    82.441
                                  -115, 104                                         
long read            18 -> -13    55, 106, 45, -146, -165, -46, 151, 127,     81.451
                                  -68, 92, -130, -119, -112, 163, 40, 142,          
                                  32, 121, 111, 125, -150                           
long read            12 -> 23     63, -154, -47, -38, -101, -156, 87, -33,    80.081
                                  64                                                
long read            -9 -> 24     55, 106, 45, 147, -165, -46, 151, 159,      79.365
                                  96, -85, -131, -120, -112, 163, 40, 142,          
                                  32, 121, 111, 125, -150                           
long read            22 -> -20    49, 30, -84, -62, -104, 116, 41, 124,       79.044
                                  149, 54, 54, 35, 65, 72                           
long read             9 -> 11     -121, -32, -142, -40, 164, 112, 120,        77.762
                                  131, -80, -127, -151, 46, -162, -147,             
                                  -45, -106, 82, 91                                 
miniasm              -1 -> -8     113, -108, -102, 113, 67, -108, -102,       75.782
                                  113, 67, -108, -51, 140, -117, -76, 122,          
                                  140, -117, -76, 122, -139, -118, -76,             
                                  122, 140, -117, -76, 122, -139, -118,             
                                  -76, 122, 140, -118, -76                          
long read           -19 -> 29     -75, 66, -101, 160, 87, -60, -103, 116,     75.289
                                  41, 138, 128, 34, -104, 115, 41, 138              

Saving /data/djs217/PROJECTS/19_vibrio/06_unicycler/11671_EXE_45_2024_E.unicycler/005_bridges_applied.gfa


Bridged assembly graph (2025-07-14 16:19:40)
--------------------------------------------
    The assembly is now mostly finished and no more structural changes will be made. Ideally the assembly graph should now have one contig per replicon and no erroneous contigs (i.e. a complete assembly). If there are more contigs, then the assembly is not complete.

Saving /data/djs217/PROJECTS/19_vibrio/06_unicycler/11671_EXE_45_2024_E.unicycler/006_final_clean.gfa

Component   Segments   Links   Length      N50         Longest segment   Status  
    total          2       2   4,129,836   2,980,897         2,980,897           
        1          1       1   2,980,897   2,980,897         2,980,897   complete
        2          1       1   1,148,939   1,148,939         1,148,939   complete


Rotating completed replicons (2025-07-14 16:19:40)
--------------------------------------------------
    Any completed circular contigs (i.e. single contigs which have one link connecting end to start) can have their start position changed without altering the sequence. For consistency, Unicycler now searches for a starting gene (dnaA or repA) in each such contig, and if one is found, the contig is rotated to start with that gene on the forward strand.

Segment   Length      Depth   Starting gene     Position    Strand    Identity   Coverage
      1   2,980,897   1.00x   UniRef90_P49996   1,433,394   forward      95.5%     100.0%
      2   1,148,939   0.99x   none found                                                 

Saving /data/djs217/PROJECTS/19_vibrio/06_unicycler/11671_EXE_45_2024_E.unicycler/007_rotated.gfa


Assembly complete (2025-07-14 16:20:55)
---------------------------------------
Saving /data/djs217/PROJECTS/19_vibrio/06_unicycler/11671_EXE_45_2024_E.unicycler/assembly.gfa
Saving /data/djs217/PROJECTS/19_vibrio/06_unicycler/11671_EXE_45_2024_E.unicycler/assembly.fasta

