
Starting Unicycler (2025-07-14 00:28:35)
----------------------------------------
    Welcome to Unicycler, an assembly pipeline for bacterial genomes. Since you provided only short reads, Unicycler will essentially function as a SPAdes-optimiser. It will try many k-mer sizes, choose the best based on contig length and graph connectivity, and scaffold the graph using SPAdes repeat resolution.
    For more information, please see https://github.com/rrwick/Unicycler

Command: /data/djs217/miniconda3/envs/unicycler_env/bin/unicycler -1 ../02_illumina_trimmed/EXE09_2023D7_EKDN240029495-1A_22KLLLLT3_L8_1_val_1.fq.gz -2 ../02_illumina_trimmed/EXE09_2023D7_EKDN240029495-1A_22KLLLLT3_L8_2_val_2.fq.gz -o EXE09_2023D7.unicycler

Unicycler version: v0.5.1
Using 8 threads

Making output directory:
  /data/djs217/PROJECTS/19_vibrio/06_unicycler/EXE09_2023D7.unicycler

Dependencies:
  Program       Version   Status  
  spades.py     4.0.0     good    
  racon                   not used
  makeblastdb   2.16.0+   good    
  tblastn       2.16.0+   good    


Choosing k-mer range for assembly (2025-07-14 00:30:09)
-------------------------------------------------------
    Unicycler chooses a k-mer range for SPAdes based on the length of the input reads. It uses a wide range of many k-mer sizes to maximise the chance of finding an ideal assembly.

SPAdes maximum k-mer: 127
Median read length: 150
K-mer range: 27, 53, 71, 87, 99, 111, 119, 127


SPAdes assemblies (2025-07-14 00:30:46)
---------------------------------------
    Unicycler now uses SPAdes to assemble the short reads. It scores the assembly graph for each k-mer using the number of contigs (fewer is better) and the number of dead ends (fewer is better). The score function is 1/(c*(d+2)), where c is the contig count and d is the dead end count.

spades.py -o /data/djs217/PROJECTS/19_vibrio/06_unicycler/EXE09_2023D7.unicycler/spades_assembly -k 27 --threads 8 --gfa11 --isolate -1 /data/djs217/PROJECTS/19_vibrio/02_illumina_trimmed/EXE09_2023D7_EKDN240029495-1A_22KLLLLT3_L8_1_val_1.fq.gz -2 /data/djs217/PROJECTS/19_vibrio/02_illumina_trimmed/EXE09_2023D7_EKDN240029495-1A_22KLLLLT3_L8_2_val_2.fq.gz -m 1024

spades.py -o /data/djs217/PROJECTS/19_vibrio/06_unicycler/EXE09_2023D7.unicycler/spades_assembly -k 27,53 --threads 8 --gfa11 --restart-from k27 -m 1024

spades.py -o /data/djs217/PROJECTS/19_vibrio/06_unicycler/EXE09_2023D7.unicycler/spades_assembly -k 27,53,71 --threads 8 --gfa11 --restart-from k53 -m 1024

spades.py -o /data/djs217/PROJECTS/19_vibrio/06_unicycler/EXE09_2023D7.unicycler/spades_assembly -k 27,53,71,87 --threads 8 --gfa11 --restart-from k71 -m 1024

spades.py -o /data/djs217/PROJECTS/19_vibrio/06_unicycler/EXE09_2023D7.unicycler/spades_assembly -k 27,53,71,87,99 --threads 8 --gfa11 --restart-from k87 -m 1024

spades.py -o /data/djs217/PROJECTS/19_vibrio/06_unicycler/EXE09_2023D7.unicycler/spades_assembly -k 27,53,71,87,99,111 --threads 8 --gfa11 --restart-from k99 -m 1024

spades.py -o /data/djs217/PROJECTS/19_vibrio/06_unicycler/EXE09_2023D7.unicycler/spades_assembly -k 27,53,71,87,99,111,119 --threads 8 --gfa11 --restart-from k111 -m 1024

spades.py -o /data/djs217/PROJECTS/19_vibrio/06_unicycler/EXE09_2023D7.unicycler/spades_assembly -k 27,53,71,87,99,111,119,127 --threads 8 --gfa11 --restart-from k119 -m 1024

K-mer   Contigs   Dead ends   Score      
   27                         too complex
   53       745           0      6.71e-04
   71       464           0      1.08e-03
   87       326           0      1.53e-03
   99       275           0      1.82e-03
  111       251           0      1.99e-03
  119       242           0      2.07e-03
  127       236           0      2.12e-03 <-best

Read depth filter: removed 136 contigs totalling 40822 bp
Deleting /data/djs217/PROJECTS/19_vibrio/06_unicycler/EXE09_2023D7.unicycler/spades_assembly/


Determining graph multiplicity (2025-07-14 02:00:48)
----------------------------------------------------
    Multiplicity is the number of times a sequence occurs in the underlying sequence. Single-copy contigs (those with a multiplicity of one, occurring only once in the underlying sequence) are particularly useful.

Saving /data/djs217/PROJECTS/19_vibrio/06_unicycler/EXE09_2023D7.unicycler/002_depth_filter.gfa


Cleaning graph (2025-07-14 02:00:48)
------------------------------------
    Unicycler now performs various cleaning procedures on the graph to remove overlaps and simplify the graph structure. The end result is a graph ready for bridging.

Graph overlaps removed

Removed zero-length segments:
    133, 134, 135, 139, 142, 144, 145, 147, 152, 161, 172, 176, 178, 182, 184, 187, 192, 200, 201, 202, 203, 204, 206, 212, 218, 220, 223, 233

Removed zero-length segments:
    138, 153

Removed zero-length segments:
    228

Merged small segments:
    208, 210, 217, 219, 221, 224, 225, 226, 227, 229, 230, 231, 232

Saving /data/djs217/PROJECTS/19_vibrio/06_unicycler/EXE09_2023D7.unicycler/003_overlaps_removed.gfa

    Unicycler now selects a set of anchor contigs from the single-copy contigs. These are the contigs which will be connected via bridges to form the final assembly.

43 anchor segments (4,949,565 bp) out of 193 total segments (5,064,723 bp)


Creating SPAdes contig bridges (2025-07-14 02:00:48)
----------------------------------------------------
    SPAdes uses paired-end information to perform repeat resolution (RR) and produce contigs from the assembly graph. SPAdes saves the graph paths corresponding to these contigs in the contigs.paths file. When one of these paths contains two or more anchor contigs, Unicycler can create a bridge from the path.

                                                                                                                  Bridge
Start                                                Path                                                End     quality
  -33                                                -115                                                42         62.8
   -8   111 -> -82 -> 66 -> -183 -> 112 -> 79 -> -94 -> -103 -> 72 -> -118 -> -126 -> 77 -> -145 -> 99   11         11.4
    5                                                106                                                 -40        63.1
    6                                   120 -> 181 -> 85 -> -92 -> 64                                    5          20.5
   11                                                -174                                                4          28.5
   12      -138 -> 71 -> 110 -> -135 -> 108 -> 136 -> 176 -> 110 -> -138 -> 173 -> 108 -> 62 -> 136      23          4.6
   13                                              55 -> 55                                              14         12.8
   14                                                -117                                                41         63.1
   21                                          80 -> -129 -> 80                                          32         19.5
   24                                   70 -> -180 -> -95 -> 89 -> -90                                   -31        20.1
   28                                    90 -> 88 -> 95 -> 184 -> -70                                    -35        20.2
   41                                                -117                                                7          63.2


Creating loop unrolling bridges (2025-07-14 02:00:48)
-----------------------------------------------------
    When a SPAdes contig path connects an anchor contig with the middle contig of a simple loop, Unicycler concludes that the sequences are contiguous (i.e. the loop is not a separate piece of DNA). It then uses the read depth of the middle and repeat contigs to guess the number of times to traverse the loop and makes a bridge.

                                  Loop count   Loop count    Loop    Bridge
Start   Repeat   Middle     End    by repeat    by middle   count   quality
  -32      -80      129     -21         0.80         0.81       1      40.0
   14     -117       41       7         0.97         0.99       1      44.4


Applying bridges (2025-07-14 02:00:48)
--------------------------------------
    Unicycler now applies to the graph in decreasing order of quality. This ensures that when multiple, contradictory bridges exist, the most supported option is used.

Bridge type   Start -> end   Path                                       Quality
SPAdes          41 -> 7      -117                                        63.245
SPAdes          14 -> 41     -117                                        63.090
SPAdes           5 -> -40    106                                         63.053
SPAdes         -33 -> 42     -115                                        62.759
SPAdes          11 -> 4      -174                                        28.524
SPAdes           6 -> 5      120, 181, 85, -92, 64                       20.504
SPAdes          28 -> -35    90, 88, 95, 184, -70                        20.168
SPAdes          24 -> -31    70, -180, -95, 89, -90                      20.116
SPAdes          21 -> 32     80, -129, 80                                19.481
SPAdes          13 -> 14     55, 55                                      12.831
SPAdes          -8 -> 11     111, -82, 66, -183, 112, 79, -94, -103,     11.434
                             72, -118, -126, 77, -145, 99                      

Saving /data/djs217/PROJECTS/19_vibrio/06_unicycler/EXE09_2023D7.unicycler/004_bridges_applied.gfa


Bridged assembly graph (2025-07-14 02:00:49)
--------------------------------------------
    The assembly is now mostly finished and no more structural changes will be made. Ideally the assembly graph should now have one contig per replicon and no erroneous contigs (i.e. a complete assembly). If there are more contigs, then the assembly is not complete.

Saving /data/djs217/PROJECTS/19_vibrio/06_unicycler/EXE09_2023D7.unicycler/005_final_clean.gfa

Component   Segments   Links   Length      N50       Longest segment   Status    
        1        144     205   5,069,457   632,583           805,478   incomplete


Assembly complete (2025-07-14 02:00:49)
---------------------------------------
Saving /data/djs217/PROJECTS/19_vibrio/06_unicycler/EXE09_2023D7.unicycler/assembly.gfa
Saving /data/djs217/PROJECTS/19_vibrio/06_unicycler/EXE09_2023D7.unicycler/assembly.fasta

