
Starting Unicycler (2025-07-13 23:10:29)
----------------------------------------
    Welcome to Unicycler, an assembly pipeline for bacterial genomes. Since you provided only short reads, Unicycler will essentially function as a SPAdes-optimiser. It will try many k-mer sizes, choose the best based on contig length and graph connectivity, and scaffold the graph using SPAdes repeat resolution.
    For more information, please see https://github.com/rrwick/Unicycler

Command: /data/djs217/miniconda3/envs/unicycler_env/bin/unicycler -1 ../02_illumina_trimmed/EXE08_2023B5_EKDN240029494-1A_22KLLLLT3_L8_1_val_1.fq.gz -2 ../02_illumina_trimmed/EXE08_2023B5_EKDN240029494-1A_22KLLLLT3_L8_2_val_2.fq.gz -o EXE08_2023B5.unicycler

Unicycler version: v0.5.1
Using 8 threads

Making output directory:
  /data/djs217/PROJECTS/19_vibrio/06_unicycler/EXE08_2023B5.unicycler

Dependencies:
  Program       Version   Status  
  spades.py     4.0.0     good    
  racon                   not used
  makeblastdb   2.16.0+   good    
  tblastn       2.16.0+   good    


Choosing k-mer range for assembly (2025-07-13 23:11:24)
-------------------------------------------------------
    Unicycler chooses a k-mer range for SPAdes based on the length of the input reads. It uses a wide range of many k-mer sizes to maximise the chance of finding an ideal assembly.

SPAdes maximum k-mer: 127
Median read length: 150
K-mer range: 27, 53, 71, 87, 99, 111, 119, 127


SPAdes assemblies (2025-07-13 23:11:56)
---------------------------------------
    Unicycler now uses SPAdes to assemble the short reads. It scores the assembly graph for each k-mer using the number of contigs (fewer is better) and the number of dead ends (fewer is better). The score function is 1/(c*(d+2)), where c is the contig count and d is the dead end count.

spades.py -o /data/djs217/PROJECTS/19_vibrio/06_unicycler/EXE08_2023B5.unicycler/spades_assembly -k 27 --threads 8 --gfa11 --isolate -1 /data/djs217/PROJECTS/19_vibrio/02_illumina_trimmed/EXE08_2023B5_EKDN240029494-1A_22KLLLLT3_L8_1_val_1.fq.gz -2 /data/djs217/PROJECTS/19_vibrio/02_illumina_trimmed/EXE08_2023B5_EKDN240029494-1A_22KLLLLT3_L8_2_val_2.fq.gz -m 1024

spades.py -o /data/djs217/PROJECTS/19_vibrio/06_unicycler/EXE08_2023B5.unicycler/spades_assembly -k 27,53 --threads 8 --gfa11 --restart-from k27 -m 1024

spades.py -o /data/djs217/PROJECTS/19_vibrio/06_unicycler/EXE08_2023B5.unicycler/spades_assembly -k 27,53,71 --threads 8 --gfa11 --restart-from k53 -m 1024

spades.py -o /data/djs217/PROJECTS/19_vibrio/06_unicycler/EXE08_2023B5.unicycler/spades_assembly -k 27,53,71,87 --threads 8 --gfa11 --restart-from k71 -m 1024

spades.py -o /data/djs217/PROJECTS/19_vibrio/06_unicycler/EXE08_2023B5.unicycler/spades_assembly -k 27,53,71,87,99 --threads 8 --gfa11 --restart-from k87 -m 1024

spades.py -o /data/djs217/PROJECTS/19_vibrio/06_unicycler/EXE08_2023B5.unicycler/spades_assembly -k 27,53,71,87,99,111 --threads 8 --gfa11 --restart-from k99 -m 1024

spades.py -o /data/djs217/PROJECTS/19_vibrio/06_unicycler/EXE08_2023B5.unicycler/spades_assembly -k 27,53,71,87,99,111,119 --threads 8 --gfa11 --restart-from k111 -m 1024

spades.py -o /data/djs217/PROJECTS/19_vibrio/06_unicycler/EXE08_2023B5.unicycler/spades_assembly -k 27,53,71,87,99,111,119,127 --threads 8 --gfa11 --restart-from k119 -m 1024

K-mer   Contigs   Dead ends   Score      
   27                         too complex
   53       902           0      5.54e-04
   71       590           0      8.47e-04
   87       399           0      1.25e-03
   99       321           0      1.56e-03
  111       276           0      1.81e-03
  119       252           0      1.98e-03
  127       235           0      2.13e-03 <-best

Read depth filter: removed 119 contigs totalling 35802 bp
Deleting /data/djs217/PROJECTS/19_vibrio/06_unicycler/EXE08_2023B5.unicycler/spades_assembly/


Determining graph multiplicity (2025-07-14 00:28:35)
----------------------------------------------------
    Multiplicity is the number of times a sequence occurs in the underlying sequence. Single-copy contigs (those with a multiplicity of one, occurring only once in the underlying sequence) are particularly useful.

Saving /data/djs217/PROJECTS/19_vibrio/06_unicycler/EXE08_2023B5.unicycler/002_depth_filter.gfa


Cleaning graph (2025-07-14 00:28:35)
------------------------------------
    Unicycler now performs various cleaning procedures on the graph to remove overlaps and simplify the graph structure. The end result is a graph ready for bridging.

Graph overlaps removed

Removed zero-length segments:
    132, 133, 134, 135, 144, 147, 149, 151, 155, 156, 157, 159, 160, 168, 171, 173, 174, 178, 179, 180, 183, 187, 196, 204, 205, 207, 220, 232, 233

Removed zero-length segments:
    129, 145, 228

Merged small segments:
    216, 217, 219, 221, 223, 224, 225, 229, 230, 231

Saving /data/djs217/PROJECTS/19_vibrio/06_unicycler/EXE08_2023B5.unicycler/003_overlaps_removed.gfa

    Unicycler now selects a set of anchor contigs from the single-copy contigs. These are the contigs which will be connected via bridges to form the final assembly.

40 anchor segments (5,198,057 bp) out of 195 total segments (5,394,347 bp)


Creating SPAdes contig bridges (2025-07-14 00:28:35)
----------------------------------------------------
    SPAdes uses paired-end information to perform repeat resolution (RR) and produce contigs from the assembly graph. SPAdes saves the graph paths corresponding to these contigs in the contigs.paths file. When one of these paths contains two or more anchor contigs, Unicycler can create a bridge from the path.

                                                                                                                                              Bridge
Start                                                              Path                                                              End     quality
  -36                                                 85 -> 176 -> -69 -> -172 -> 73                                                 39         22.7
   -8                                                              -43                                                               32          9.2
   -6                                                              166                                                               15         39.1
    3                                                 -86 -> 116 -> -71 -> 122 -> 88                                                 4          21.8
    5   105 -> 155 -> -84 -> 123 -> 93 -> 67 -> 104 -> -77 -> 89 -> 47 -> 105 -> -156 -> -84 -> 124 -> 93 -> 66 -> 104 -> 78 -> 89   -7          1.0
    9                                111 -> -131 -> -75 -> -128 -> 111 -> -131 -> -97 -> -128 -> 111                                 -22         7.9
   10                                                               43                                                               -32         8.7
   11                                                 -88 -> 121 -> 71 -> 117 -> 86                                                  22         21.9
   18                                                              -115                                                              -28        61.3
   31                                                               98                                                               -35        61.3
   37                                                        72 -> -134 -> 72                                                        14         17.8
   39                                                 85 -> -182 -> -69 -> 175 -> 73                                                 33         22.6
   41                                                       -94 -> -91 -> -94                                                        3          24.0


Creating loop unrolling bridges (2025-07-14 00:28:35)
-----------------------------------------------------
    When a SPAdes contig path connects an anchor contig with the middle contig of a simple loop, Unicycler concludes that the sequences are contiguous (i.e. the loop is not a separate piece of DNA). It then uses the read depth of the middle and repeat contigs to guess the number of times to traverse the loop and makes a bridge.

                                  Loop count   Loop count    Loop    Bridge
Start   Repeat   Middle     End    by repeat    by middle   count   quality
  -14      -72      134     -37         1.18         1.09       1      36.6
   -3       94       91     -41         0.95         0.92       1      42.9


Applying bridges (2025-07-14 00:28:35)
--------------------------------------
    Unicycler now applies to the graph in decreasing order of quality. This ensures that when multiple, contradictory bridges exist, the most supported option is used.

Bridge type   Start -> end   Path                     Quality
SPAdes          18 -> -28    -115                      61.329
SPAdes          31 -> -35    98                        61.257
SPAdes          -6 -> 15     166                       39.100
SPAdes          41 -> 3      -94, -91, -94             24.035
SPAdes         -36 -> 39     85, 176, -69, -172, 73    22.744
SPAdes          39 -> 33     85, -182, -69, 175, 73    22.574
SPAdes          11 -> 22     -88, 121, 71, 117, 86     21.851
SPAdes           3 -> 4      -86, 116, -71, 122, 88    21.844
SPAdes          37 -> 14     72, -134, 72              17.813

Saving /data/djs217/PROJECTS/19_vibrio/06_unicycler/EXE08_2023B5.unicycler/004_bridges_applied.gfa


Bridged assembly graph (2025-07-14 00:28:35)
--------------------------------------------
    The assembly is now mostly finished and no more structural changes will be made. Ideally the assembly graph should now have one contig per replicon and no erroneous contigs (i.e. a complete assembly). If there are more contigs, then the assembly is not complete.

Saving /data/djs217/PROJECTS/19_vibrio/06_unicycler/EXE08_2023B5.unicycler/005_final_clean.gfa

Component   Segments   Links   Length      N50       Longest segment   Status    
        1        163     228   5,396,619   361,260           833,690   incomplete


Assembly complete (2025-07-14 00:28:35)
---------------------------------------
Saving /data/djs217/PROJECTS/19_vibrio/06_unicycler/EXE08_2023B5.unicycler/assembly.gfa
Saving /data/djs217/PROJECTS/19_vibrio/06_unicycler/EXE08_2023B5.unicycler/assembly.fasta

