
Starting Unicycler (2025-07-13 21:03:21)
----------------------------------------
    Welcome to Unicycler, an assembly pipeline for bacterial genomes. Since you provided only short reads, Unicycler will essentially function as a SPAdes-optimiser. It will try many k-mer sizes, choose the best based on contig length and graph connectivity, and scaffold the graph using SPAdes repeat resolution.
    For more information, please see https://github.com/rrwick/Unicycler

Command: /data/djs217/miniconda3/envs/unicycler_env/bin/unicycler -1 ../02_illumina_trimmed/EXE07_2023A1_EKDN240029493-1A_22KLLLLT3_L8_1_val_1.fq.gz -2 ../02_illumina_trimmed/EXE07_2023A1_EKDN240029493-1A_22KLLLLT3_L8_2_val_2.fq.gz -o EXE07_2023A1.unicycler

Unicycler version: v0.5.1
Using 8 threads

Making output directory:
  /data/djs217/PROJECTS/19_vibrio/06_unicycler/EXE07_2023A1.unicycler

Dependencies:
  Program       Version   Status  
  spades.py     4.0.0     good    
  racon                   not used
  makeblastdb   2.16.0+   good    
  tblastn       2.16.0+   good    


Choosing k-mer range for assembly (2025-07-13 21:03:59)
-------------------------------------------------------
    Unicycler chooses a k-mer range for SPAdes based on the length of the input reads. It uses a wide range of many k-mer sizes to maximise the chance of finding an ideal assembly.

SPAdes maximum k-mer: 127
Median read length: 150
K-mer range: 27, 53, 71, 87, 99, 111, 119, 127


SPAdes assemblies (2025-07-13 21:04:28)
---------------------------------------
    Unicycler now uses SPAdes to assemble the short reads. It scores the assembly graph for each k-mer using the number of contigs (fewer is better) and the number of dead ends (fewer is better). The score function is 1/(c*(d+2)), where c is the contig count and d is the dead end count.

spades.py -o /data/djs217/PROJECTS/19_vibrio/06_unicycler/EXE07_2023A1.unicycler/spades_assembly -k 27 --threads 8 --gfa11 --isolate -1 /data/djs217/PROJECTS/19_vibrio/02_illumina_trimmed/EXE07_2023A1_EKDN240029493-1A_22KLLLLT3_L8_1_val_1.fq.gz -2 /data/djs217/PROJECTS/19_vibrio/02_illumina_trimmed/EXE07_2023A1_EKDN240029493-1A_22KLLLLT3_L8_2_val_2.fq.gz -m 1024

spades.py -o /data/djs217/PROJECTS/19_vibrio/06_unicycler/EXE07_2023A1.unicycler/spades_assembly -k 27,53 --threads 8 --gfa11 --restart-from k27 -m 1024

spades.py -o /data/djs217/PROJECTS/19_vibrio/06_unicycler/EXE07_2023A1.unicycler/spades_assembly -k 27,53,71 --threads 8 --gfa11 --restart-from k53 -m 1024

spades.py -o /data/djs217/PROJECTS/19_vibrio/06_unicycler/EXE07_2023A1.unicycler/spades_assembly -k 27,53,71,87 --threads 8 --gfa11 --restart-from k71 -m 1024

spades.py -o /data/djs217/PROJECTS/19_vibrio/06_unicycler/EXE07_2023A1.unicycler/spades_assembly -k 27,53,71,87,99 --threads 8 --gfa11 --restart-from k87 -m 1024

spades.py -o /data/djs217/PROJECTS/19_vibrio/06_unicycler/EXE07_2023A1.unicycler/spades_assembly -k 27,53,71,87,99,111 --threads 8 --gfa11 --restart-from k99 -m 1024

spades.py -o /data/djs217/PROJECTS/19_vibrio/06_unicycler/EXE07_2023A1.unicycler/spades_assembly -k 27,53,71,87,99,111,119 --threads 8 --gfa11 --restart-from k111 -m 1024

spades.py -o /data/djs217/PROJECTS/19_vibrio/06_unicycler/EXE07_2023A1.unicycler/spades_assembly -k 27,53,71,87,99,111,119,127 --threads 8 --gfa11 --restart-from k119 -m 1024

K-mer   Contigs   Dead ends   Score      
   27                         too complex
   53       821           0      6.09e-04
   71       516           0      9.69e-04
   87       311           0      1.61e-03
   99       258           0      1.94e-03
  111       219           0      2.28e-03
  119       216           0      2.31e-03
  127       207           0      2.42e-03 <-best

Read depth filter: removed 122 contigs totalling 39541 bp
Deleting /data/djs217/PROJECTS/19_vibrio/06_unicycler/EXE07_2023A1.unicycler/spades_assembly/


Determining graph multiplicity (2025-07-13 22:08:12)
----------------------------------------------------
    Multiplicity is the number of times a sequence occurs in the underlying sequence. Single-copy contigs (those with a multiplicity of one, occurring only once in the underlying sequence) are particularly useful.

Saving /data/djs217/PROJECTS/19_vibrio/06_unicycler/EXE07_2023A1.unicycler/002_depth_filter.gfa


Cleaning graph (2025-07-13 22:08:12)
------------------------------------
    Unicycler now performs various cleaning procedures on the graph to remove overlaps and simplify the graph structure. The end result is a graph ready for bridging.

Graph overlaps removed

Removed zero-length segments:
    107, 108, 109, 112, 113, 114, 115, 119, 123, 129, 130, 131, 132, 142, 157, 158, 159, 160, 161, 163, 164, 165, 167, 172, 176, 180, 182, 184, 197, 204, 206

Removed zero-length segments:
    148, 185, 194

Removed zero-length segments:
    205

Removed zero-length segments:
    202

Removed zero-length segments:
    199

Merged small segments:
    195, 198

Saving /data/djs217/PROJECTS/19_vibrio/06_unicycler/EXE07_2023A1.unicycler/003_overlaps_removed.gfa

    Unicycler now selects a set of anchor contigs from the single-copy contigs. These are the contigs which will be connected via bridges to form the final assembly.

36 anchor segments (5,108,360 bp) out of 170 total segments (5,156,706 bp)


Creating SPAdes contig bridges (2025-07-13 22:08:12)
----------------------------------------------------
    SPAdes uses paired-end information to perform repeat resolution (RR) and produce contigs from the assembly graph. SPAdes saves the graph paths corresponding to these contigs in the contigs.paths file. When one of these paths contains two or more anchor contigs, Unicycler can create a bridge from the path.

                                                                                                                                                    Bridge
Start                                                                 Path                                                                 End     quality
  -25                                                                 -84                                                                  33         63.2
  -12                                               -108 -> -140 -> -74 -> -138 -> 57 -> 83                                                15         22.6
   -9   -121 -> -117 -> 104 -> -66 -> 82 -> -109 -> -161 -> 82 -> -109 -> -161 -> 82 -> -117 -> 63 -> -121 -> -117 -> 104 -> 100 -> -109   21          3.4
    3                                                           91 -> -45 -> 91                                                            -5         11.3
    8                                                                 -159                                                                 -29        23.1
   11                                                    76 -> 128 -> 78 -> 123 -> -90                                                     -21        33.2
   12                                                          -72 -> -36 -> -72                                                           8           4.7
   15                                                            87 -> 38 -> 87                                                            3           6.4
   25                                                                  84                                                                  -27        62.6
   28                                                            54 -> 44 -> 54                                                            30         10.0
   31                                                                 -93                                                                  26         62.5
   32                                                           -93 -> -35 -> 60                                                           -33         7.5


Creating loop unrolling bridges (2025-07-13 22:08:12)
-----------------------------------------------------
    When a SPAdes contig path connects an anchor contig with the middle contig of a simple loop, Unicycler concludes that the sequences are contiguous (i.e. the loop is not a separate piece of DNA). It then uses the read depth of the middle and repeat contigs to guess the number of times to traverse the loop and makes a bridge.

                                  Loop count   Loop count    Loop    Bridge
Start   Repeat   Middle     End    by repeat    by middle   count   quality
    5      -91       45      -3         1.23         1.19       1      34.4
   15       87       38       3         0.83         0.95       1      43.6
   28       54       44      30         0.83         1.00       1      43.3
   -8       72       36     -12         1.45         1.15       1      36.8


Applying bridges (2025-07-13 22:08:12)
--------------------------------------
    Unicycler now applies to the graph in decreasing order of quality. This ensures that when multiple, contradictory bridges exist, the most supported option is used.

Bridge type   Start -> end   Path                            Quality
SPAdes         -25 -> 33     -84                              63.234
SPAdes          25 -> -27    84                               62.649
SPAdes          31 -> 26     -93                              62.459
SPAdes          11 -> -21    76, 128, 78, 123, -90            33.242
SPAdes           8 -> -29    -159                             23.141
SPAdes         -12 -> 15     -108, -140, -74, -138, 57, 83    22.626
SPAdes           3 -> -5     91, -45, 91                      11.273
loop            15 -> 3      87, 38, 87                       43.599
loop            28 -> 30     54, 44, 54                       43.317
loop            -8 -> -12    72, 36, 72                       36.795

Saving /data/djs217/PROJECTS/19_vibrio/06_unicycler/EXE07_2023A1.unicycler/004_bridges_applied.gfa


Bridged assembly graph (2025-07-13 22:08:12)
--------------------------------------------
    The assembly is now mostly finished and no more structural changes will be made. Ideally the assembly graph should now have one contig per replicon and no erroneous contigs (i.e. a complete assembly). If there are more contigs, then the assembly is not complete.

Saving /data/djs217/PROJECTS/19_vibrio/06_unicycler/EXE07_2023A1.unicycler/005_final_clean.gfa

Component   Segments   Links   Length      N50       Longest segment   Status    
    total        127     180   5,158,041   444,638         1,383,819             
        1        126     179   5,156,153   444,638         1,383,819   incomplete
        2          1       1       1,888     1,888             1,888     complete


Rotating completed replicons (2025-07-13 22:08:12)
--------------------------------------------------
    Any completed circular contigs (i.e. single contigs which have one link connecting end to start) can have their start position changed without altering the sequence. For consistency, Unicycler now searches for a starting gene (dnaA or repA) in each such contig, and if one is found, the contig is rotated to start with that gene on the forward strand.

Segment   Length   Depth    Starting gene   Position   Strand   Identity   Coverage
     26    1,888   71.71x   none found                                             


Assembly complete (2025-07-13 22:08:19)
---------------------------------------
Saving /data/djs217/PROJECTS/19_vibrio/06_unicycler/EXE07_2023A1.unicycler/assembly.gfa
Saving /data/djs217/PROJECTS/19_vibrio/06_unicycler/EXE07_2023A1.unicycler/assembly.fasta

