
Starting Unicycler (2025-07-14 09:06:19)
----------------------------------------
    Welcome to Unicycler, an assembly pipeline for bacterial genomes. Since you provided both short and long reads, Unicycler will perform a hybrid assembly. It will first use SPAdes to make a short-read assembly graph, and then it will use various methods to scaffold that graph with the long reads.
    For more information, please see https://github.com/rrwick/Unicycler

Command: /data/djs217/miniconda3/envs/unicycler_env/bin/unicycler -1 ../02_illumina_trimmed/11671_EXE_04_2024_2B3_S468_R1_001_val_1.fq.gz -2 ../02_illumina_trimmed/11671_EXE_04_2024_2B3_S468_R2_001_val_2.fq.gz -l ../04_ont_trimmed/11671_EXE_04_2024_2B3.filtlong.fastq.gz -o 11671_EXE_04_2024_2B3.fastq.gz.unicycler

Unicycler version: v0.5.1
Using 8 threads

Making output directory:
  /data/djs217/PROJECTS/19_vibrio/06_unicycler/11671_EXE_04_2024_2B3.fastq.gz.unicycler

Dependencies:
  Program       Version   Status
  spades.py     4.0.0     good  
  racon         1.5.0     good  
  makeblastdb   2.16.0+   good  
  tblastn       2.16.0+   good  


Choosing k-mer range for assembly (2025-07-14 09:06:44)
-------------------------------------------------------
    Unicycler chooses a k-mer range for SPAdes based on the length of the input reads. It uses a wide range of many k-mer sizes to maximise the chance of finding an ideal assembly.

SPAdes maximum k-mer: 127
Median read length: 150
K-mer range: 27, 53, 71, 87, 99, 111, 119, 127


SPAdes assemblies (2025-07-14 09:06:58)
---------------------------------------
    Unicycler now uses SPAdes to assemble the short reads. It scores the assembly graph for each k-mer using the number of contigs (fewer is better) and the number of dead ends (fewer is better). The score function is 1/(c*(d+2)), where c is the contig count and d is the dead end count.

spades.py -o /data/djs217/PROJECTS/19_vibrio/06_unicycler/11671_EXE_04_2024_2B3.fastq.gz.unicycler/spades_assembly -k 27 --threads 8 --gfa11 --isolate -1 /data/djs217/PROJECTS/19_vibrio/02_illumina_trimmed/11671_EXE_04_2024_2B3_S468_R1_001_val_1.fq.gz -2 /data/djs217/PROJECTS/19_vibrio/02_illumina_trimmed/11671_EXE_04_2024_2B3_S468_R2_001_val_2.fq.gz -m 1024

spades.py -o /data/djs217/PROJECTS/19_vibrio/06_unicycler/11671_EXE_04_2024_2B3.fastq.gz.unicycler/spades_assembly -k 27,53 --threads 8 --gfa11 --restart-from k27 -m 1024

spades.py -o /data/djs217/PROJECTS/19_vibrio/06_unicycler/11671_EXE_04_2024_2B3.fastq.gz.unicycler/spades_assembly -k 27,53,71 --threads 8 --gfa11 --restart-from k53 -m 1024

spades.py -o /data/djs217/PROJECTS/19_vibrio/06_unicycler/11671_EXE_04_2024_2B3.fastq.gz.unicycler/spades_assembly -k 27,53,71,87 --threads 8 --gfa11 --restart-from k71 -m 1024

spades.py -o /data/djs217/PROJECTS/19_vibrio/06_unicycler/11671_EXE_04_2024_2B3.fastq.gz.unicycler/spades_assembly -k 27,53,71,87,99 --threads 8 --gfa11 --restart-from k87 -m 1024

spades.py -o /data/djs217/PROJECTS/19_vibrio/06_unicycler/11671_EXE_04_2024_2B3.fastq.gz.unicycler/spades_assembly -k 27,53,71,87,99,111 --threads 8 --gfa11 --restart-from k99 -m 1024

spades.py -o /data/djs217/PROJECTS/19_vibrio/06_unicycler/11671_EXE_04_2024_2B3.fastq.gz.unicycler/spades_assembly -k 27,53,71,87,99,111,119 --threads 8 --gfa11 --restart-from k111 -m 1024

spades.py -o /data/djs217/PROJECTS/19_vibrio/06_unicycler/11671_EXE_04_2024_2B3.fastq.gz.unicycler/spades_assembly -k 27,53,71,87,99,111,119,127 --threads 8 --gfa11 --restart-from k119 -m 1024

K-mer   Contigs   Dead ends   Score      
   27                         too complex
   53       671           9      1.35e-04
   71       309           9      2.94e-04
   87       207           8      4.83e-04
   99       161           8      6.21e-04
  111       125           8      8.00e-04
  119       106           8      9.43e-04
  127       103           8      9.71e-04 <-best

Read depth filter: removed 36 contigs totalling 10597 bp
Deleting /data/djs217/PROJECTS/19_vibrio/06_unicycler/11671_EXE_04_2024_2B3.fastq.gz.unicycler/spades_assembly/


Determining graph multiplicity (2025-07-14 09:46:28)
----------------------------------------------------
    Multiplicity is the number of times a sequence occurs in the underlying sequence. Single-copy contigs (those with a multiplicity of one, occurring only once in the underlying sequence) are particularly useful.

Saving /data/djs217/PROJECTS/19_vibrio/06_unicycler/11671_EXE_04_2024_2B3.fastq.gz.unicycler/002_depth_filter.gfa


Cleaning graph (2025-07-14 09:46:28)
------------------------------------
    Unicycler now performs various cleaning procedures on the graph to remove overlaps and simplify the graph structure. The end result is a graph ready for bridging.

Graph overlaps removed

Removed zero-length segments:
    72, 74, 75, 91, 96, 102

Merged small segments:
    99, 101

Saving /data/djs217/PROJECTS/19_vibrio/06_unicycler/11671_EXE_04_2024_2B3.fastq.gz.unicycler/003_overlaps_removed.gfa

    Unicycler now selects a set of anchor contigs from the single-copy contigs. These are the contigs which will be connected via bridges to form the final assembly.

28 anchor segments (4,816,728 bp) out of 95 total segments (5,371,131 bp)


Creating SPAdes contig bridges (2025-07-14 09:46:28)
----------------------------------------------------
    SPAdes uses paired-end information to perform repeat resolution (RR) and produce contigs from the assembly graph. SPAdes saves the graph paths corresponding to these contigs in the contigs.paths file. When one of these paths contains two or more anchor contigs, Unicycler can create a bridge from the path.

                                                                                       Bridge
Start                                   Path                                  End     quality
  -27                -68 -> 46 -> -64 -> -54 -> 72 -> -91 -> 52               32         20.9
  -16                                    58                                   30         63.2
   -7   63 -> -86 -> -44 -> -47 -> 56 -> 38 -> 63 -> 84 -> -44 -> -48 -> 56   8           3.1
   -1                             -69 -> -42 -> 65                            5          27.8
    3                                   -67                                   -33        62.3
    4                                    58                                   15         63.2
    5                                   -66                                   24         63.2
    7                -52 -> 94 -> -72 -> -53 -> 64 -> 45 -> 68                -31        21.3
    8                                    71                                   14         63.1
   10                                   -66                                   -20        63.2
   11                             -65 -> -43 -> 69                            33         27.7
   17                                   -71                                   -26        63.0


Creating loop unrolling bridges (2025-07-14 09:46:28)
-----------------------------------------------------
    When a SPAdes contig path connects an anchor contig with the middle contig of a simple loop, Unicycler concludes that the sequences are contiguous (i.e. the loop is not a separate piece of DNA). It then uses the read depth of the middle and repeat contigs to guess the number of times to traverse the loop and makes a bridge.

No loop unrolling bridges made


Loading reads (2025-07-14 09:46:28)
-----------------------------------
63,744 / 63,744 (100.0%) - 535,304,112 bp


Assembling contigs and long reads with miniasm (2025-07-14 09:46:52)
--------------------------------------------------------------------
    Unicycler uses miniasm to construct a string graph assembly using both the short read contigs and the long reads. It will then use the resulting string graph to produce bridges between contigs. This method requires decent coverage of long reads and therefore may not be fruitful if long reads are sparse. However, it does not rely on the short read assembly graph having good connectivity and is able to bridge an assembly graph even when it contains many dead ends.
    Unicycler uses two types of "reads" as assembly input: anchor contigs from the short-read assembly and actual long reads which overlap two or more of these contigs. It then assembles them with miniasm.

Aligning long reads to graph using minimap

Saving to /data/djs217/PROJECTS/19_vibrio/06_unicycler/11671_EXE_04_2024_2B3.fastq.gz.unicycler/miniasm_assembly/01_assembly_reads.fastq:
  28 short-read contigs
  4,019 long reads

Finding overlaps with minimap... 
success
  371,440 overlaps

Assembling reads with miniasm... 
success
  176 segments, 174 links

Saving /data/djs217/PROJECTS/19_vibrio/06_unicycler/11671_EXE_04_2024_2B3.fastq.gz.unicycler/miniasm_assembly/11_branching_paths_removed.gfa
Merging segments into unitigs:
  2 linear unitigs
  total size = 4,890,391 bp
Saving /data/djs217/PROJECTS/19_vibrio/06_unicycler/11671_EXE_04_2024_2B3.fastq.gz.unicycler/miniasm_assembly/12_unitig_graph.gfa


Polishing miniasm assembly with Racon (2025-07-14 09:47:48)
-----------------------------------------------------------
    Unicycler now uses Racon to polish the miniasm assembly. It does multiple rounds of polishing to get the best consensus. Circular unitigs are rotated between rounds such that all parts (including the ends) are polished well.

Saving to /data/djs217/PROJECTS/19_vibrio/06_unicycler/11671_EXE_04_2024_2B3.fastq.gz.unicycler/miniasm_assembly/racon_polish/polishing_reads.fastq:
  28 short-read contigs
  63,744 long reads

Polish       Assembly          Mapping
round            size          quality
begin       4,890,391        54,591.02
1           4,893,455        55,424.28

Best polish: /data/djs217/PROJECTS/19_vibrio/06_unicycler/11671_EXE_04_2024_2B3.fastq.gz.unicycler/miniasm_assembly/racon_polish/006_rotated.fasta
Saving /data/djs217/PROJECTS/19_vibrio/06_unicycler/11671_EXE_04_2024_2B3.fastq.gz.unicycler/miniasm_assembly/13_racon_polished.gfa
Saving /data/djs217/PROJECTS/19_vibrio/06_unicycler/11671_EXE_04_2024_2B3.fastq.gz.unicycler/004_long_read_assembly.gfa

    Contigs in the short-read assembly graph which end in dead ends may contain bogus sequence near the dead end. Unicycler therefore uses the read clipping values from the miniasm assembly to trim these dead ends to only the parts which aligned well to long reads.

                       Trimmed   Trimmed             
            Previous      from      from        Final
Segment       length     start       end       length
21            80,420         -         2       80,418
24            68,491         -        19       68,472
30            46,848         -         2       46,846
9            223,239         3         -      223,236

    Unicycler now places the single copy contigs back into the unitig graph. This serves two purposes: a) it replaces long read assembly sequences (which may be error prone) with Illumina assembly sequence (which is probably quite accurate), improving the assembly quality, and b) it defines inter-contig sequences for use in building bridges.

Searching for contigs using 5,000 bp of contig ends.

Contig   Result              Start pos   End pos   Strand
     1   found in unitig 1      822956   1459630        +
     2   found in unitig 2      774825   1328064        -
     3   found in unitig 2       30539    419096        +
     4   found in unitig 1     1596459   1920418        -
     5   found in unitig 1      552836    822003        -
     6   not found                                       
     7   found in unitig 1     2558049   2793554        +
     8   found in unitig 1     2318970   2553474        -
     9   found in unitig 2     1662693   1885931        +
    10   found in unitig 1      297176    484142        -
    11   found in unitig 2      441341    622846        -
    12   found in unitig 1       36589    209029        +
    14   found in unitig 1     2165937   2318833        -
    15   found in unitig 1     1461000   1596258        -
    16   found in unitig 2     1485189   1615580        -
    17   found in unitig 1     1921788   2038574        +
    18   found in unitig 2      629169    722769        -
    20   found in unitig 1      214527    297018        +
    21   found in unitig 2     1912663   1993139        +
    24   found in unitig 1      484207    552678        -
    26   found in unitig 1     2038711   2097164        -
    27   found in unitig 2     1425925   1479342        +
    28   found in unitig 1     2098532   2151306        +
    30   found in unitig 2     1615781   1662627        +
    31   found in unitig 1     2794997   2835621        -
    32   found in unitig 2     1389603   1424487        -
    33   found in unitig 2      419253    440388        -
    74   not found                                       

Searching for contigs using 2,500 bp of contig ends.

Contig   Result      Start pos   End pos   Strand
     6   not found                               
    74   not found                               

Searching for contigs using 1,000 bp of contig ends.

Contig   Result      Start pos   End pos   Strand
     6   not found                               
    74   not found                               

Searching for contigs using 500 bp of contig ends.

Contig   Result      Start pos   End pos   Strand
     6   not found                               
    74   not found                               

Saving /data/djs217/PROJECTS/19_vibrio/06_unicycler/11671_EXE_04_2024_2B3.fastq.gz.unicycler/miniasm_assembly/14_contigs_placed.gfa


Creating miniasm/Racon bridges (2025-07-14 09:51:52)
----------------------------------------------------
    Now that the miniasm/Racon string graph is complete, Unicycler will use it to build bridges between anchor segments.

       Start -> end   Best path                                 Quality
 1/24    17 -> -26    -71                                        98.248
 2/24   -26 -> 28     -39                                        87.757
 3/24    28 -> -14    -62, -76, 49, 59, 73, 85, 41, -35, 67      49.840
 4/24   -14 -> -8     -71                                        98.363
 5/24    -8 -> 7      -56, 48, 44, -84, -63, -38, -56, 47, 44,   71.151
                      86, -63                                          
 6/24     7 -> -31    -52, 94, -72, -53, 64, 45, 68              87.984
 7/24     3 -> -33    -67                                        97.009
 8/24   -33 -> -11    -69, 43, 65                                90.596
 9/24    12 -> 20     -81, 36                                    69.013
10/24   -11 -> -18    -89, -70, -82, -90, 61, 88, 78, 57, -92,   66.162
                      -70, -82, -90, 61, -93, 78, 57, -92,             
                      -70, -82, -87, 61, -93, 78, 57, -92,             
                      -70, -82, -87, 61, -93, 78, 57, -89,             
                      -70, -82, -87, 61, 88, 77, 57, -89, -70,         
                      -82, -90, 61, 88, 78, 57, -92, -70, -82,         
                      -87, 61, -93, 78, 57, -92, -70, -82,             
                      -87, 61, -93, 78, 57, -89, -70, -82,             
                      -87, 61, 88, 77, 57, -89, -70, -82, -90,         
                      61, 88, 78, 57, -92, -70                         
11/24   -18 -> -2     29                                         28.597
12/24    -2 -> -32    -25                                        27.066
13/24   -32 -> 27     -52, 91, -72, 54, 64, -46, 68              86.058
14/24    27 -> -16    -80, 36, 50                                67.804
15/24   -16 -> 30     58                                         98.022
16/24    30 -> 9                                                 99.339
17/24     9 -> 21     -40, 34, -40, 37, -80, 36, 50, 79          39.460
18/24    20 -> -10    66                                         98.452
19/24   -10 -> -24                                               99.341
20/24   -24 -> -5     66                                         98.453
21/24    -5 -> 1      -65, 42, 69                                91.174
22/24     1 -> -15    39                                         88.507
23/24   -15 -> -4     -58                                        98.030
24/24    -4 -> 17     39                                         87.973


Creating simple long read bridges (2025-07-14 09:52:07)
-------------------------------------------------------
    Unicycler uses long read alignments (from minimap) to resolve simple repeat structures in the graph. This takes care of some "low-hanging fruit" of the graph simplification.

Aligning long reads to graph using minimap

    Two-way junctions are defined as cases where two graph contigs (A and B) join together (C) and then split apart again (D and E). This usually represents a simple 2-copy repeat, and there are two possible options for its resolution: (A->C->D and B->C->E) or (A->C->E and B->C->D). Each read which spans such a junction gets to "vote" for option 1, option 2 or neither. Unicycler creates a bridge at each junction for the most voted for option.

                                                  Op. 1   Op. 2   Neither   Final    Bridge
Junction        Option 1           Option 2       votes   votes     votes     op.   quality
      71    8 -> 71 -> -17,     8 -> 71 -> 14,        0     159         2       2      98.3
             26 -> 71 -> 14    26 -> 71 -> -17                                             
      58    -16 -> 58 -> 15,   -16 -> 58 -> 30,       0     107         1       2      99.1
             4 -> 58 -> 30      4 -> 58 -> 15                                              
      66   -24 -> 66 -> -10,   -24 -> 66 -> -5,       0     138         3       2      97.8
             20 -> 66 -> -5    20 -> 66 -> -10                                             

    Simple loops are parts of the graph where two contigs (A and B) are connected via a repeat (C) which loops back to itself (via D). It is possible to traverse the loop zero times (A->C->B), one time (A->C->D->C->B), two times (A->C->D->C->D->C->B), etc. Long reads which span the loop inform which is the correct number of times through. In this step, such reads are found and each is aligned against alternative loop counts. A reads casts its "vote" for the loop count it agrees best with, and Unicycler creates a bridge using the most voted for count.

                                   Read                         Loop    Bridge
Start   Repeat   Middle     End   count   Read votes           count   quality
   32       25                2       1   0 loops: 1 vote          0      69.8


Determining low score threshold (2025-07-14 09:54:00)
-----------------------------------------------------
    Before conducting semi-global alignment of the long reads to the assembly graph, Unicycler must determine a minimum alignment score threshold such that nonsense alignments are excluded. To choose a threshold automatically, it examines alignments between random sequences and selects a score a few standard deviations above the mean.

Automatically choosing a threshold using random alignment scores.

Random alignment mean score: 61.66
         standard deviation:  1.31
        Low score threshold: 61.66 + (7 x 1.31) = 70.86


Aligning reads (2025-07-14 09:54:42)
------------------------------------
63,744 / 63,744 (100.0%)


Read alignment summary (2025-07-14 10:55:22)
--------------------------------------------
Total read count:             63,744
Fully aligned reads:          61,723
Partially aligned reads:       1,973
Unaligned reads:                  48
Total bases aligned:     533,959,693 bp
Mean alignment identity:          98.0%

Deleting /data/djs217/PROJECTS/19_vibrio/06_unicycler/11671_EXE_04_2024_2B3.fastq.gz.unicycler/read_alignment/


Building long read bridges (2025-07-14 10:55:23)
------------------------------------------------
    Unicycler uses the long read alignments to produce bridges between anchor segments. These bridges can be formed using as few as one long read, giving Unicycler the ability to bridge the graph even when long-read depth is low.

       Start -> end   Best path                                 Quality
 1/24    32 -> 2      25                                         80.166
 2/24     9 -> 21     -40, 34, -40, 37, -80, 36, 50, 79          84.681
 3/24   -27 -> 32     -68, 46, -64, -54, 72, -91, 52             81.525
 4/24    15 -> -1     -39                                        83.889
 5/24   -26 -> 28     -39                                        82.655
 6/24    31 -> -7     -68, -45, -64, 53, 72, -94, 52             83.540
 7/24    -1 -> 5      -69, -42, 65                               83.363
 8/24    -7 -> 8      63, -86, -44, -47, 56, 38, 63, 84, -44,    82.342
                      -48, 56                                          
 9/24     4 -> 15     58                                         83.712
10/24    20 -> -10    66                                         83.502
11/24    11 -> 33     -65, -43, 69                               82.252
12/24   -16 -> 30     58                                         75.741
13/24    26 -> -17    71                                         83.152
14/24    33 -> -3     67                                         81.851
15/24     8 -> 14     71                                         83.426
16/24    24 -> 10                                                97.803
17/24    30 -> 9                                                 97.506
18/24     5 -> 24     -66                                        82.369
19/24    28 -> -14    -62, -76, 49, 59, 73, 85, 41, -35, 67      83.135
20/24    -4 -> 17     39                                         59.488
21/24    12 -> 20     -81, 36                                    83.572
22/24    27 -> -16    -80, 36, 50                                83.405
23/24     6 -> 31     -81, 36, 50, 79                            72.727
24/24    18 -> 11     70, 92, -57, -78, -88, -61, 90, 82, 70,    82.570
                      89, -57, -77, -88, -61, 87, 82, 70, 89,          
                      -57, -78, 93, -61, 87, 82, 70, 92, -57,          
                      -78, 93, -61, 87, 82, 70, 92, -57, -78,          
                      -88, -61, 90, 82, 70, 89, -57, -77, -88,         
                      -61, 87, 82, 70, 89, -57, -78, 93, -61,          
                      87, 82, 70, 92, -57, -78, 93, -61, 87,           
                      82, 70, 92, -57, -78, 93, -61, 90, 82,           
                      70, 92, -57, -78, -88, -61, 90, 82, 70,          
                      89                                               


Applying bridges (2025-07-14 10:55:43)
--------------------------------------
    Unicycler now applies to the graph in decreasing order of quality. This ensures that when multiple, contradictory bridges exist, the most supported option is used.

Bridge type        Start -> end   Path                                       Quality
miniasm             -10 -> -24                                                99.341
miniasm              30 -> 9                                                  99.339
simple long read      4 -> 15     58                                          99.051
simple long read    -16 -> 30     58                                          99.043
simple long read      8 -> 14     71                                          98.455
miniasm             -24 -> -5     66                                          98.453
miniasm              20 -> -10    66                                          98.452
simple long read     26 -> -17    71                                          98.340
miniasm               3 -> -33    -67                                         97.009
miniasm              -5 -> 1      -65, 42, 69                                 91.174
miniasm             -33 -> -11    -69, 43, 65                                 90.596
miniasm               1 -> -15    39                                          88.507
miniasm               7 -> -31    -52, 94, -72, -53, 64, 45, 68               87.984
miniasm              -4 -> 17     39                                          87.973
miniasm             -26 -> 28     -39                                         87.757
miniasm             -32 -> 27     -52, 91, -72, 54, 64, -46, 68               86.058
long read             9 -> 21     -40, 34, -40, 37, -80, 36, 50, 79           84.681
long read            12 -> 20     -81, 36                                     83.572
long read            27 -> -16    -80, 36, 50                                 83.405
long read            28 -> -14    -62, -76, 49, 59, 73, 85, 41, -35, 67       83.135
long read            18 -> 11     70, 92, -57, -78, -88, -61, 90, 82, 70,     82.570
                                  89, -57, -77, -88, -61, 87, 82, 70, 89,           
                                  -57, -78, 93, -61, 87, 82, 70, 92, -57,           
                                  -78, 93, -61, 87, 82, 70, 92, -57, -78,           
                                  -88, -61, 90, 82, 70, 89, -57, -77, -88,          
                                  -61, 87, 82, 70, 89, -57, -78, 93, -61,           
                                  87, 82, 70, 92, -57, -78, 93, -61, 87,            
                                  82, 70, 92, -57, -78, 93, -61, 90, 82,            
                                  70, 92, -57, -78, -88, -61, 90, 82, 70,           
                                  89                                                
long read            -7 -> 8      63, -86, -44, -47, 56, 38, 63, 84, -44,     82.342
                                  -48, 56                                           
long read            32 -> 2      25                                          80.166
long read             6 -> 31     -81, 36, 50, 79                             72.727
miniasm             -18 -> -2     29                                          28.597

Saving /data/djs217/PROJECTS/19_vibrio/06_unicycler/11671_EXE_04_2024_2B3.fastq.gz.unicycler/005_bridges_applied.gfa


Bridged assembly graph (2025-07-14 10:55:43)
--------------------------------------------
    The assembly is now mostly finished and no more structural changes will be made. Ideally the assembly graph should now have one contig per replicon and no erroneous contigs (i.e. a complete assembly). If there are more contigs, then the assembly is not complete.

Saving /data/djs217/PROJECTS/19_vibrio/06_unicycler/11671_EXE_04_2024_2B3.fastq.gz.unicycler/006_final_clean.gfa

Component   Segments   Links   Length      N50         Longest segment   Status    
    total          2       0   5,009,845   3,047,327         3,047,327             
        1          1       0   3,047,327   3,047,327         3,047,327   incomplete
        2          1       0   1,962,518   1,962,518         1,962,518   incomplete


Assembly complete (2025-07-14 10:55:43)
---------------------------------------
Saving /data/djs217/PROJECTS/19_vibrio/06_unicycler/11671_EXE_04_2024_2B3.fastq.gz.unicycler/assembly.gfa
Saving /data/djs217/PROJECTS/19_vibrio/06_unicycler/11671_EXE_04_2024_2B3.fastq.gz.unicycler/assembly.fasta














Starting Unicycler (2025-07-14 12:08:49)
----------------------------------------
    Welcome to Unicycler, an assembly pipeline for bacterial genomes. Since you provided both short and long reads, Unicycler will perform a hybrid assembly. It will first use SPAdes to make a short-read assembly graph, and then it will use various methods to scaffold that graph with the long reads.
    For more information, please see https://github.com/rrwick/Unicycler

Command: /data/djs217/miniconda3/envs/unicycler_env/bin/unicycler -1 ../02_illumina_trimmed/11671_EXE_04_2024_2B3_S468_R1_001_val_1.fq.gz -2 ../02_illumina_trimmed/11671_EXE_04_2024_2B3_S468_R2_001_val_2.fq.gz -l ../04_ont_trimmed/11671_EXE_04_2024_2B3.filtlong.fastq.gz -o 11671_EXE_04_2024_2B3.fastq.gz.unicycler

Unicycler version: v0.5.1
Using 8 threads

The output directory already exists and files may be reused or overwritten:
  /data/djs217/PROJECTS/19_vibrio/06_unicycler/11671_EXE_04_2024_2B3.fastq.gz.unicycler

Dependencies:
  Program       Version   Status
  spades.py     4.0.0     good  
  racon         1.5.0     good  
  makeblastdb   2.16.0+   good  
  tblastn       2.16.0+   good  

SPAdes graph already exists. Will use this graph instead of running SPAdes:
  /data/djs217/PROJECTS/19_vibrio/06_unicycler/11671_EXE_04_2024_2B3.fastq.gz.unicycler/002_depth_filter.gfa


Determining graph multiplicity (2025-07-14 12:08:49)
----------------------------------------------------
    Multiplicity is the number of times a sequence occurs in the underlying sequence. Single-copy contigs (those with a multiplicity of one, occurring only once in the underlying sequence) are particularly useful.


Cleaning graph (2025-07-14 12:08:49)
------------------------------------
    Unicycler now performs various cleaning procedures on the graph to remove overlaps and simplify the graph structure. The end result is a graph ready for bridging.

Graph overlaps removed

Removed zero-length segments:
    72, 74, 75, 91, 96, 102

Merged small segments:
    99, 101

Saving /data/djs217/PROJECTS/19_vibrio/06_unicycler/11671_EXE_04_2024_2B3.fastq.gz.unicycler/003_overlaps_removed.gfa

    Unicycler now selects a set of anchor contigs from the single-copy contigs. These are the contigs which will be connected via bridges to form the final assembly.

28 anchor segments (4,816,728 bp) out of 95 total segments (5,371,131 bp)


Creating SPAdes contig bridges (2025-07-14 12:08:50)
----------------------------------------------------
    SPAdes uses paired-end information to perform repeat resolution (RR) and produce contigs from the assembly graph. SPAdes saves the graph paths corresponding to these contigs in the contigs.paths file. When one of these paths contains two or more anchor contigs, Unicycler can create a bridge from the path.

                                                                                       Bridge
Start                                   Path                                  End     quality
  -27                -68 -> 46 -> -64 -> -54 -> 72 -> -89 -> 52               32         20.9
  -16                                    58                                   30         63.2
   -7   63 -> -86 -> -44 -> -47 -> 56 -> 38 -> 63 -> 84 -> -44 -> -48 -> 56   8           3.1
   -1                             -69 -> -42 -> 65                            5          27.8
    3                                   -67                                   -33        62.3
    4                                    58                                   15         63.2
    5                                   -66                                   24         63.2
    7                -52 -> 92 -> -72 -> -53 -> 64 -> 45 -> 68                -31        21.3
    8                                    71                                   14         63.1
   10                                   -66                                   -20        63.2
   11                             -65 -> -43 -> 69                            33         27.7
   17                                   -71                                   -26        63.0


Creating loop unrolling bridges (2025-07-14 12:08:50)
-----------------------------------------------------
    When a SPAdes contig path connects an anchor contig with the middle contig of a simple loop, Unicycler concludes that the sequences are contiguous (i.e. the loop is not a separate piece of DNA). It then uses the read depth of the middle and repeat contigs to guess the number of times to traverse the loop and makes a bridge.

No loop unrolling bridges made


Loading reads (2025-07-14 12:08:50)
-----------------------------------
63,744 / 63,744 (100.0%) - 535,304,112 bp


Assembling contigs and long reads with miniasm (2025-07-14 12:09:14)
--------------------------------------------------------------------
    Unicycler uses miniasm to construct a string graph assembly using both the short read contigs and the long reads. It will then use the resulting string graph to produce bridges between contigs. This method requires decent coverage of long reads and therefore may not be fruitful if long reads are sparse. However, it does not rely on the short read assembly graph having good connectivity and is able to bridge an assembly graph even when it contains many dead ends.
    Unicycler uses two types of "reads" as assembly input: anchor contigs from the short-read assembly and actual long reads which overlap two or more of these contigs. It then assembles them with miniasm.

Aligning long reads to graph using minimap

Saving to /data/djs217/PROJECTS/19_vibrio/06_unicycler/11671_EXE_04_2024_2B3.fastq.gz.unicycler/miniasm_assembly/01_assembly_reads.fastq:
  28 short-read contigs
  4,019 long reads

Finding overlaps with minimap... 
success
  371,440 overlaps

Assembling reads with miniasm... 
success
  176 segments, 174 links

Saving /data/djs217/PROJECTS/19_vibrio/06_unicycler/11671_EXE_04_2024_2B3.fastq.gz.unicycler/miniasm_assembly/11_branching_paths_removed.gfa
Merging segments into unitigs:
  2 linear unitigs
  total size = 4,890,391 bp
Saving /data/djs217/PROJECTS/19_vibrio/06_unicycler/11671_EXE_04_2024_2B3.fastq.gz.unicycler/miniasm_assembly/12_unitig_graph.gfa


Polishing miniasm assembly with Racon (2025-07-14 12:10:10)
-----------------------------------------------------------
    Unicycler now uses Racon to polish the miniasm assembly. It does multiple rounds of polishing to get the best consensus. Circular unitigs are rotated between rounds such that all parts (including the ends) are polished well.

Saving to /data/djs217/PROJECTS/19_vibrio/06_unicycler/11671_EXE_04_2024_2B3.fastq.gz.unicycler/miniasm_assembly/racon_polish/polishing_reads.fastq:
  28 short-read contigs
  63,744 long reads

Polish       Assembly          Mapping
round            size          quality
begin       4,890,391        54,591.02
1           4,893,455        55,424.28

Best polish: /data/djs217/PROJECTS/19_vibrio/06_unicycler/11671_EXE_04_2024_2B3.fastq.gz.unicycler/miniasm_assembly/racon_polish/006_rotated.fasta
Saving /data/djs217/PROJECTS/19_vibrio/06_unicycler/11671_EXE_04_2024_2B3.fastq.gz.unicycler/miniasm_assembly/13_racon_polished.gfa
Saving /data/djs217/PROJECTS/19_vibrio/06_unicycler/11671_EXE_04_2024_2B3.fastq.gz.unicycler/004_long_read_assembly.gfa

    Contigs in the short-read assembly graph which end in dead ends may contain bogus sequence near the dead end. Unicycler therefore uses the read clipping values from the miniasm assembly to trim these dead ends to only the parts which aligned well to long reads.

                       Trimmed   Trimmed             
            Previous      from      from        Final
Segment       length     start       end       length
21            80,420         -         2       80,418
24            68,491         -        19       68,472
30            46,848         -         2       46,846
9            223,239         3         -      223,236

    Unicycler now places the single copy contigs back into the unitig graph. This serves two purposes: a) it replaces long read assembly sequences (which may be error prone) with Illumina assembly sequence (which is probably quite accurate), improving the assembly quality, and b) it defines inter-contig sequences for use in building bridges.

Searching for contigs using 5,000 bp of contig ends.

Contig   Result              Start pos   End pos   Strand
     1   found in unitig 1      822956   1459630        +
     2   found in unitig 2      774825   1328064        -
     3   found in unitig 2       30539    419096        +
     4   found in unitig 1     1596459   1920418        -
     5   found in unitig 1      552836    822003        -
     6   not found                                       
     7   found in unitig 1     2558049   2793554        +
     8   found in unitig 1     2318970   2553474        -
     9   found in unitig 2     1662693   1885931        +
    10   found in unitig 1      297176    484142        -
    11   found in unitig 2      441341    622846        -
    12   found in unitig 1       36589    209029        +
    14   found in unitig 1     2165937   2318833        -
    15   found in unitig 1     1461000   1596258        -
    16   found in unitig 2     1485189   1615580        -
    17   found in unitig 1     1921788   2038574        +
    18   found in unitig 2      629169    722769        -
    20   found in unitig 1      214527    297018        +
    21   found in unitig 2     1912663   1993139        +
    24   found in unitig 1      484207    552678        -
    26   found in unitig 1     2038711   2097164        -
    27   found in unitig 2     1425925   1479342        +
    28   found in unitig 1     2098532   2151306        +
    30   found in unitig 2     1615781   1662627        +
    31   found in unitig 1     2794997   2835621        -
    32   found in unitig 2     1389603   1424487        -
    33   found in unitig 2      419253    440388        -
    74   not found                                       

Searching for contigs using 2,500 bp of contig ends.

Contig   Result      Start pos   End pos   Strand
     6   not found                               
    74   not found                               

Searching for contigs using 1,000 bp of contig ends.

Contig   Result      Start pos   End pos   Strand
     6   not found                               
    74   not found                               

Searching for contigs using 500 bp of contig ends.

Contig   Result      Start pos   End pos   Strand
     6   not found                               
    74   not found                               

Saving /data/djs217/PROJECTS/19_vibrio/06_unicycler/11671_EXE_04_2024_2B3.fastq.gz.unicycler/miniasm_assembly/14_contigs_placed.gfa


Creating miniasm/Racon bridges (2025-07-14 12:13:56)
----------------------------------------------------
    Now that the miniasm/Racon string graph is complete, Unicycler will use it to build bridges between anchor segments.

       Start -> end   Best path                                 Quality
 1/24    17 -> -26    -71                                        98.248
 2/24   -26 -> 28     -39                                        87.757
 3/24    28 -> -14    -62, -76, 49, 59, 73, 85, 41, -35, 67      49.840
 4/24   -14 -> -8     -71                                        98.363
 5/24    -8 -> 7      -56, 48, 44, -84, -63, -38, -56, 47, 44,   71.151
                      86, -63                                          
 6/24     7 -> -31    -52, 92, -72, -53, 64, 45, 68              87.984
 7/24     3 -> -33    -67                                        97.009
 8/24   -33 -> -11    -69, 43, 65                                90.596
 9/24    12 -> 20     -81, 36                                    69.013
10/24   -11 -> -18    -94, -70, -82, -88, 61, 93, 78, 57, -90,   66.162
                      -70, -82, -88, 61, -91, 78, 57, -90,             
                      -70, -82, -87, 61, -91, 78, 57, -90,             
                      -70, -82, -87, 61, -91, 78, 57, -94,             
                      -70, -82, -87, 61, 93, 77, 57, -94, -70,         
                      -82, -88, 61, 93, 78, 57, -90, -70, -82,         
                      -87, 61, -91, 78, 57, -90, -70, -82,             
                      -87, 61, -91, 78, 57, -94, -70, -82,             
                      -87, 61, 93, 77, 57, -94, -70, -82, -88,         
                      61, 93, 78, 57, -90, -70                         
11/24   -18 -> -2     29                                         28.597
12/24    -2 -> -32    -25                                        27.066
13/24   -32 -> 27     -52, 89, -72, 54, 64, -46, 68              86.058
14/24    27 -> -16    -80, 36, 50                                67.804
15/24   -16 -> 30     58                                         98.022
16/24    30 -> 9                                                 99.339
17/24     9 -> 21     -40, 34, -40, 37, -80, 36, 50, 79          39.460
18/24    20 -> -10    66                                         98.452
19/24   -10 -> -24                                               99.341
20/24   -24 -> -5     66                                         98.453
21/24    -5 -> 1      -65, 42, 69                                91.174
22/24     1 -> -15    39                                         88.507
23/24   -15 -> -4     -58                                        98.030
24/24    -4 -> 17     39                                         87.973


Creating simple long read bridges (2025-07-14 12:14:11)
-------------------------------------------------------
    Unicycler uses long read alignments (from minimap) to resolve simple repeat structures in the graph. This takes care of some "low-hanging fruit" of the graph simplification.

Aligning long reads to graph using minimap

    Two-way junctions are defined as cases where two graph contigs (A and B) join together (C) and then split apart again (D and E). This usually represents a simple 2-copy repeat, and there are two possible options for its resolution: (A->C->D and B->C->E) or (A->C->E and B->C->D). Each read which spans such a junction gets to "vote" for option 1, option 2 or neither. Unicycler creates a bridge at each junction for the most voted for option.

                                                  Op. 1   Op. 2   Neither   Final    Bridge
Junction        Option 1           Option 2       votes   votes     votes     op.   quality
      58    -16 -> 58 -> 15,   -16 -> 58 -> 30,       0     107         1       2      99.1
             4 -> 58 -> 30      4 -> 58 -> 15                                              
      66   -24 -> 66 -> -10,   -24 -> 66 -> -5,       0     138         3       2      97.8
             20 -> 66 -> -5    20 -> 66 -> -10                                             
      71    8 -> 71 -> -17,     8 -> 71 -> 14,        0     159         2       2      98.3
             26 -> 71 -> 14    26 -> 71 -> -17                                             

    Simple loops are parts of the graph where two contigs (A and B) are connected via a repeat (C) which loops back to itself (via D). It is possible to traverse the loop zero times (A->C->B), one time (A->C->D->C->B), two times (A->C->D->C->D->C->B), etc. Long reads which span the loop inform which is the correct number of times through. In this step, such reads are found and each is aligned against alternative loop counts. A reads casts its "vote" for the loop count it agrees best with, and Unicycler creates a bridge using the most voted for count.

                                   Read                         Loop    Bridge
Start   Repeat   Middle     End   count   Read votes           count   quality
   32       25                2       1   0 loops: 1 vote          0      69.8


Determining low score threshold (2025-07-14 12:16:01)
-----------------------------------------------------
    Before conducting semi-global alignment of the long reads to the assembly graph, Unicycler must determine a minimum alignment score threshold such that nonsense alignments are excluded. To choose a threshold automatically, it examines alignments between random sequences and selects a score a few standard deviations above the mean.

Automatically choosing a threshold using random alignment scores.

Random alignment mean score: 61.66
         standard deviation:  1.31
        Low score threshold: 61.66 + (7 x 1.31) = 70.86


Aligning reads (2025-07-14 12:16:10)
------------------------------------
63,744 / 63,744 (100.0%)


Read alignment summary (2025-07-14 13:14:37)
--------------------------------------------
Total read count:             63,744
Fully aligned reads:          61,723
Partially aligned reads:       1,973
Unaligned reads:                  48
Total bases aligned:     533,959,693 bp
Mean alignment identity:          98.0%

Deleting /data/djs217/PROJECTS/19_vibrio/06_unicycler/11671_EXE_04_2024_2B3.fastq.gz.unicycler/read_alignment/


Building long read bridges (2025-07-14 13:14:38)
------------------------------------------------
    Unicycler uses the long read alignments to produce bridges between anchor segments. These bridges can be formed using as few as one long read, giving Unicycler the ability to bridge the graph even when long-read depth is low.

       Start -> end   Best path                                 Quality
 1/24    32 -> 2      25                                         80.166
 2/24     9 -> 21     -40, 34, -40, 37, -80, 36, 50, 79          84.681
 3/24   -27 -> 32     -68, 46, -64, -54, 72, -89, 52             81.525
 4/24    15 -> -1     -39                                        83.889
 5/24   -26 -> 28     -39                                        82.655
 6/24    -1 -> 5      -69, -42, 65                               83.363
 7/24    31 -> -7     -68, -45, -64, 53, 72, -92, 52             83.540
 8/24    11 -> 33     -65, -43, 69                               82.252
 9/24     4 -> 15     58                                         83.712
10/24    20 -> -10    66                                         83.502
11/24   -16 -> 30     58                                         75.741
12/24    33 -> -3     67                                         81.851
13/24    26 -> -17    71                                         83.152
14/24     8 -> 14     71                                         83.426
15/24     5 -> 24     -66                                        82.369
16/24    24 -> 10                                                97.803
17/24    -7 -> 8      63, -86, -44, -47, 56, 38, 63, 84, -44,    82.342
                      -48, 56                                          
18/24    30 -> 9                                                 97.506
19/24    -4 -> 17     39                                         59.488
20/24    28 -> -14    -62, -76, 49, 59, 73, 85, 41, -35, 67      83.135
21/24    27 -> -16    -80, 36, 50                                83.405
22/24    12 -> 20     -81, 36                                    83.572
23/24     6 -> 31     -81, 36, 50, 79                            72.727
24/24    18 -> 11     70, 90, -57, -78, -93, -61, 88, 82, 70,    82.570
                      94, -57, -77, -93, -61, 87, 82, 70, 94,          
                      -57, -78, 91, -61, 87, 82, 70, 90, -57,          
                      -78, 91, -61, 87, 82, 70, 90, -57, -78,          
                      -93, -61, 88, 82, 70, 94, -57, -77, -93,         
                      -61, 87, 82, 70, 94, -57, -78, 91, -61,          
                      87, 82, 70, 90, -57, -78, 91, -61, 87,           
                      82, 70, 90, -57, -78, 91, -61, 88, 82,           
                      70, 90, -57, -78, -93, -61, 88, 82, 70,          
                      94                                               


Applying bridges (2025-07-14 13:14:57)
--------------------------------------
    Unicycler now applies to the graph in decreasing order of quality. This ensures that when multiple, contradictory bridges exist, the most supported option is used.

Bridge type        Start -> end   Path                                       Quality
miniasm             -10 -> -24                                                99.341
miniasm              30 -> 9                                                  99.339
simple long read      4 -> 15     58                                          99.051
simple long read    -16 -> 30     58                                          99.043
simple long read      8 -> 14     71                                          98.455
miniasm             -24 -> -5     66                                          98.453
miniasm              20 -> -10    66                                          98.452
simple long read     26 -> -17    71                                          98.340
miniasm               3 -> -33    -67                                         97.009
miniasm              -5 -> 1      -65, 42, 69                                 91.174
miniasm             -33 -> -11    -69, 43, 65                                 90.596
miniasm               1 -> -15    39                                          88.507
miniasm               7 -> -31    -52, 92, -72, -53, 64, 45, 68               87.984
miniasm              -4 -> 17     39                                          87.973
miniasm             -26 -> 28     -39                                         87.757
miniasm             -32 -> 27     -52, 89, -72, 54, 64, -46, 68               86.058
long read             9 -> 21     -40, 34, -40, 37, -80, 36, 50, 79           84.681
long read            12 -> 20     -81, 36                                     83.572
long read            27 -> -16    -80, 36, 50                                 83.405
long read            28 -> -14    -62, -76, 49, 59, 73, 85, 41, -35, 67       83.135
long read            18 -> 11     70, 90, -57, -78, -93, -61, 88, 82, 70,     82.570
                                  94, -57, -77, -93, -61, 87, 82, 70, 94,           
                                  -57, -78, 91, -61, 87, 82, 70, 90, -57,           
                                  -78, 91, -61, 87, 82, 70, 90, -57, -78,           
                                  -93, -61, 88, 82, 70, 94, -57, -77, -93,          
                                  -61, 87, 82, 70, 94, -57, -78, 91, -61,           
                                  87, 82, 70, 90, -57, -78, 91, -61, 87,            
                                  82, 70, 90, -57, -78, 91, -61, 88, 82,            
                                  70, 90, -57, -78, -93, -61, 88, 82, 70,           
                                  94                                                
long read            -7 -> 8      63, -86, -44, -47, 56, 38, 63, 84, -44,     82.342
                                  -48, 56                                           
long read            32 -> 2      25                                          80.166
long read             6 -> 31     -81, 36, 50, 79                             72.727
miniasm             -18 -> -2     29                                          28.597

Saving /data/djs217/PROJECTS/19_vibrio/06_unicycler/11671_EXE_04_2024_2B3.fastq.gz.unicycler/005_bridges_applied.gfa


Bridged assembly graph (2025-07-14 13:14:58)
--------------------------------------------
    The assembly is now mostly finished and no more structural changes will be made. Ideally the assembly graph should now have one contig per replicon and no erroneous contigs (i.e. a complete assembly). If there are more contigs, then the assembly is not complete.

Saving /data/djs217/PROJECTS/19_vibrio/06_unicycler/11671_EXE_04_2024_2B3.fastq.gz.unicycler/006_final_clean.gfa

Component   Segments   Links   Length      N50         Longest segment   Status    
    total          2       0   5,009,845   3,047,327         3,047,327             
        1          1       0   3,047,327   3,047,327         3,047,327   incomplete
        2          1       0   1,962,518   1,962,518         1,962,518   incomplete


Assembly complete (2025-07-14 13:14:58)
---------------------------------------
Saving /data/djs217/PROJECTS/19_vibrio/06_unicycler/11671_EXE_04_2024_2B3.fastq.gz.unicycler/assembly.gfa
Saving /data/djs217/PROJECTS/19_vibrio/06_unicycler/11671_EXE_04_2024_2B3.fastq.gz.unicycler/assembly.fasta














Starting Unicycler (2025-07-14 19:31:12)
----------------------------------------
    Welcome to Unicycler, an assembly pipeline for bacterial genomes. Since you provided both short and long reads, Unicycler will perform a hybrid assembly. It will first use SPAdes to make a short-read assembly graph, and then it will use various methods to scaffold that graph with the long reads.
    For more information, please see https://github.com/rrwick/Unicycler

Command: /data/djs217/miniconda3/envs/unicycler_env/bin/unicycler -1 ../02_illumina_trimmed/11671_EXE_04_2024_2B3_S468_R1_001_val_1.fq.gz -2 ../02_illumina_trimmed/11671_EXE_04_2024_2B3_S468_R2_001_val_2.fq.gz -l ../04_ont_trimmed/11671_EXE_04_2024_2B3.filtlong.fastq.gz -o 11671_EXE_04_2024_2B3.fastq.gz.unicycler

Unicycler version: v0.5.1
Using 8 threads

The output directory already exists and files may be reused or overwritten:
  /data/djs217/PROJECTS/19_vibrio/06_unicycler/11671_EXE_04_2024_2B3.fastq.gz.unicycler

Dependencies:
  Program       Version   Status
  spades.py     4.0.0     good  
  racon         1.5.0     good  
  makeblastdb   2.16.0+   good  
  tblastn       2.16.0+   good  

SPAdes graph already exists. Will use this graph instead of running SPAdes:
  /data/djs217/PROJECTS/19_vibrio/06_unicycler/11671_EXE_04_2024_2B3.fastq.gz.unicycler/002_depth_filter.gfa


Determining graph multiplicity (2025-07-14 19:31:13)
----------------------------------------------------
    Multiplicity is the number of times a sequence occurs in the underlying sequence. Single-copy contigs (those with a multiplicity of one, occurring only once in the underlying sequence) are particularly useful.


Cleaning graph (2025-07-14 19:31:13)
------------------------------------
    Unicycler now performs various cleaning procedures on the graph to remove overlaps and simplify the graph structure. The end result is a graph ready for bridging.

Graph overlaps removed

Removed zero-length segments:
    72, 74, 75, 91, 96, 102

Merged small segments:
    99, 101

Saving /data/djs217/PROJECTS/19_vibrio/06_unicycler/11671_EXE_04_2024_2B3.fastq.gz.unicycler/003_overlaps_removed.gfa

    Unicycler now selects a set of anchor contigs from the single-copy contigs. These are the contigs which will be connected via bridges to form the final assembly.

28 anchor segments (4,816,728 bp) out of 95 total segments (5,371,131 bp)


Creating SPAdes contig bridges (2025-07-14 19:31:13)
----------------------------------------------------
    SPAdes uses paired-end information to perform repeat resolution (RR) and produce contigs from the assembly graph. SPAdes saves the graph paths corresponding to these contigs in the contigs.paths file. When one of these paths contains two or more anchor contigs, Unicycler can create a bridge from the path.

                                                                                       Bridge
Start                                   Path                                  End     quality
  -27                -68 -> 46 -> -64 -> -54 -> 72 -> -89 -> 52               32         20.9
  -16                                    58                                   30         63.2
   -7   63 -> -86 -> -44 -> -47 -> 56 -> 38 -> 63 -> 84 -> -44 -> -48 -> 56   8           3.1
   -1                             -69 -> -42 -> 65                            5          27.8
    3                                   -67                                   -33        62.3
    4                                    58                                   15         63.2
    5                                   -66                                   24         63.2
    7                -52 -> 92 -> -72 -> -53 -> 64 -> 45 -> 68                -31        21.3
    8                                    71                                   14         63.1
   10                                   -66                                   -20        63.2
   11                             -65 -> -43 -> 69                            33         27.7
   17                                   -71                                   -26        63.0


Creating loop unrolling bridges (2025-07-14 19:31:13)
-----------------------------------------------------
    When a SPAdes contig path connects an anchor contig with the middle contig of a simple loop, Unicycler concludes that the sequences are contiguous (i.e. the loop is not a separate piece of DNA). It then uses the read depth of the middle and repeat contigs to guess the number of times to traverse the loop and makes a bridge.

No loop unrolling bridges made


Loading reads (2025-07-14 19:31:13)
-----------------------------------
63,744 / 63,744 (100.0%) - 535,304,112 bp


Assembling contigs and long reads with miniasm (2025-07-14 19:31:35)
--------------------------------------------------------------------
    Unicycler uses miniasm to construct a string graph assembly using both the short read contigs and the long reads. It will then use the resulting string graph to produce bridges between contigs. This method requires decent coverage of long reads and therefore may not be fruitful if long reads are sparse. However, it does not rely on the short read assembly graph having good connectivity and is able to bridge an assembly graph even when it contains many dead ends.
    Unicycler uses two types of "reads" as assembly input: anchor contigs from the short-read assembly and actual long reads which overlap two or more of these contigs. It then assembles them with miniasm.

Aligning long reads to graph using minimap

Saving to /data/djs217/PROJECTS/19_vibrio/06_unicycler/11671_EXE_04_2024_2B3.fastq.gz.unicycler/miniasm_assembly/01_assembly_reads.fastq:
  28 short-read contigs
  4,019 long reads

Finding overlaps with minimap... 
success
  371,440 overlaps

Assembling reads with miniasm... 
success
  176 segments, 174 links

Saving /data/djs217/PROJECTS/19_vibrio/06_unicycler/11671_EXE_04_2024_2B3.fastq.gz.unicycler/miniasm_assembly/11_branching_paths_removed.gfa
Merging segments into unitigs:
  2 linear unitigs
  total size = 4,890,391 bp
Saving /data/djs217/PROJECTS/19_vibrio/06_unicycler/11671_EXE_04_2024_2B3.fastq.gz.unicycler/miniasm_assembly/12_unitig_graph.gfa


Polishing miniasm assembly with Racon (2025-07-14 19:32:33)
-----------------------------------------------------------
    Unicycler now uses Racon to polish the miniasm assembly. It does multiple rounds of polishing to get the best consensus. Circular unitigs are rotated between rounds such that all parts (including the ends) are polished well.

Saving to /data/djs217/PROJECTS/19_vibrio/06_unicycler/11671_EXE_04_2024_2B3.fastq.gz.unicycler/miniasm_assembly/racon_polish/polishing_reads.fastq:
  28 short-read contigs
  63,744 long reads

Polish       Assembly          Mapping
round            size          quality
begin       4,890,391        54,591.02
1           4,893,455        55,424.28

Best polish: /data/djs217/PROJECTS/19_vibrio/06_unicycler/11671_EXE_04_2024_2B3.fastq.gz.unicycler/miniasm_assembly/racon_polish/006_rotated.fasta
Saving /data/djs217/PROJECTS/19_vibrio/06_unicycler/11671_EXE_04_2024_2B3.fastq.gz.unicycler/miniasm_assembly/13_racon_polished.gfa
Saving /data/djs217/PROJECTS/19_vibrio/06_unicycler/11671_EXE_04_2024_2B3.fastq.gz.unicycler/004_long_read_assembly.gfa

    Contigs in the short-read assembly graph which end in dead ends may contain bogus sequence near the dead end. Unicycler therefore uses the read clipping values from the miniasm assembly to trim these dead ends to only the parts which aligned well to long reads.

                       Trimmed   Trimmed             
            Previous      from      from        Final
Segment       length     start       end       length
21            80,420         -         2       80,418
24            68,491         -        19       68,472
30            46,848         -         2       46,846
9            223,239         3         -      223,236

    Unicycler now places the single copy contigs back into the unitig graph. This serves two purposes: a) it replaces long read assembly sequences (which may be error prone) with Illumina assembly sequence (which is probably quite accurate), improving the assembly quality, and b) it defines inter-contig sequences for use in building bridges.

Searching for contigs using 5,000 bp of contig ends.

Contig   Result              Start pos   End pos   Strand
     1   found in unitig 1      822956   1459630        +
     2   found in unitig 2      774825   1328064        -
     3   found in unitig 2       30539    419096        +
     4   found in unitig 1     1596459   1920418        -
     5   found in unitig 1      552836    822003        -
     6   not found                                       
     7   found in unitig 1     2558049   2793554        +
     8   found in unitig 1     2318970   2553474        -
     9   found in unitig 2     1662693   1885931        +
    10   found in unitig 1      297176    484142        -
    11   found in unitig 2      441341    622846        -
    12   found in unitig 1       36589    209029        +
    14   found in unitig 1     2165937   2318833        -
    15   found in unitig 1     1461000   1596258        -
    16   found in unitig 2     1485189   1615580        -
    17   found in unitig 1     1921788   2038574        +
    18   found in unitig 2      629169    722769        -
    20   found in unitig 1      214527    297018        +
    21   found in unitig 2     1912663   1993139        +
    24   found in unitig 1      484207    552678        -
    26   found in unitig 1     2038711   2097164        -
    27   found in unitig 2     1425925   1479342        +
    28   found in unitig 1     2098532   2151306        +
    30   found in unitig 2     1615781   1662627        +
    31   found in unitig 1     2794997   2835621        -
    32   found in unitig 2     1389603   1424487        -
    33   found in unitig 2      419253    440388        -
    74   not found                                       

Searching for contigs using 2,500 bp of contig ends.

Contig   Result      Start pos   End pos   Strand
     6   not found                               
    74   not found                               

Searching for contigs using 1,000 bp of contig ends.

Contig   Result      Start pos   End pos   Strand
     6   not found                               
    74   not found                               

Searching for contigs using 500 bp of contig ends.

Contig   Result      Start pos   End pos   Strand
     6   not found                               
    74   not found                               

Saving /data/djs217/PROJECTS/19_vibrio/06_unicycler/11671_EXE_04_2024_2B3.fastq.gz.unicycler/miniasm_assembly/14_contigs_placed.gfa


Creating miniasm/Racon bridges (2025-07-14 19:36:20)
----------------------------------------------------
    Now that the miniasm/Racon string graph is complete, Unicycler will use it to build bridges between anchor segments.

       Start -> end   Best path                                 Quality
 1/24    17 -> -26    -71                                        98.248
 2/24   -26 -> 28     -39                                        87.757
 3/24    28 -> -14    -62, -76, 49, 59, 73, 85, 41, -35, 67      49.840
 4/24   -14 -> -8     -71                                        98.363
 5/24    -8 -> 7      -56, 48, 44, -84, -63, -38, -56, 47, 44,   71.151
                      86, -63                                          
 6/24     7 -> -31    -52, 92, -72, -53, 64, 45, 68              87.984
 7/24     3 -> -33    -67                                        97.009
 8/24   -33 -> -11    -69, 43, 65                                90.596
 9/24    12 -> 20     -81, 36                                    69.013
10/24   -11 -> -18    -94, -70, -82, -88, 61, 93, 78, 57, -90,   66.162
                      -70, -82, -88, 61, -91, 78, 57, -90,             
                      -70, -82, -87, 61, -91, 78, 57, -90,             
                      -70, -82, -87, 61, -91, 78, 57, -94,             
                      -70, -82, -87, 61, 93, 77, 57, -94, -70,         
                      -82, -88, 61, 93, 78, 57, -90, -70, -82,         
                      -87, 61, -91, 78, 57, -90, -70, -82,             
                      -87, 61, -91, 78, 57, -94, -70, -82,             
                      -87, 61, 93, 77, 57, -94, -70, -82, -88,         
                      61, 93, 78, 57, -90, -70                         
11/24   -18 -> -2     29                                         28.597
12/24    -2 -> -32    -25                                        27.066
13/24   -32 -> 27     -52, 89, -72, 54, 64, -46, 68              86.058
14/24    27 -> -16    -80, 36, 50                                67.804
15/24   -16 -> 30     58                                         98.022
16/24    30 -> 9                                                 99.339
17/24     9 -> 21     -40, 34, -40, 37, -80, 36, 50, 79          39.460
18/24    20 -> -10    66                                         98.452
19/24   -10 -> -24                                               99.341
20/24   -24 -> -5     66                                         98.453
21/24    -5 -> 1      -65, 42, 69                                91.174
22/24     1 -> -15    39                                         88.507
23/24   -15 -> -4     -58                                        98.030
24/24    -4 -> 17     39                                         87.973


Creating simple long read bridges (2025-07-14 19:36:35)
-------------------------------------------------------
    Unicycler uses long read alignments (from minimap) to resolve simple repeat structures in the graph. This takes care of some "low-hanging fruit" of the graph simplification.

Aligning long reads to graph using minimap

    Two-way junctions are defined as cases where two graph contigs (A and B) join together (C) and then split apart again (D and E). This usually represents a simple 2-copy repeat, and there are two possible options for its resolution: (A->C->D and B->C->E) or (A->C->E and B->C->D). Each read which spans such a junction gets to "vote" for option 1, option 2 or neither. Unicycler creates a bridge at each junction for the most voted for option.

                                                  Op. 1   Op. 2   Neither   Final    Bridge
Junction        Option 1           Option 2       votes   votes     votes     op.   quality
      58    -16 -> 58 -> 15,   -16 -> 58 -> 30,       0     107         1       2      99.1
             4 -> 58 -> 30      4 -> 58 -> 15                                              
      66   -24 -> 66 -> -10,   -24 -> 66 -> -5,       0     138         3       2      97.8
             20 -> 66 -> -5    20 -> 66 -> -10                                             
      71    8 -> 71 -> -17,     8 -> 71 -> 14,        0     159         2       2      98.3
             26 -> 71 -> 14    26 -> 71 -> -17                                             

    Simple loops are parts of the graph where two contigs (A and B) are connected via a repeat (C) which loops back to itself (via D). It is possible to traverse the loop zero times (A->C->B), one time (A->C->D->C->B), two times (A->C->D->C->D->C->B), etc. Long reads which span the loop inform which is the correct number of times through. In this step, such reads are found and each is aligned against alternative loop counts. A reads casts its "vote" for the loop count it agrees best with, and Unicycler creates a bridge using the most voted for count.

                                   Read                         Loop    Bridge
Start   Repeat   Middle     End   count   Read votes           count   quality
   32       25                2       1   0 loops: 1 vote          0      69.8


Determining low score threshold (2025-07-14 19:38:26)
-----------------------------------------------------
    Before conducting semi-global alignment of the long reads to the assembly graph, Unicycler must determine a minimum alignment score threshold such that nonsense alignments are excluded. To choose a threshold automatically, it examines alignments between random sequences and selects a score a few standard deviations above the mean.

Automatically choosing a threshold using random alignment scores.

Random alignment mean score: 61.66
         standard deviation:  1.31
        Low score threshold: 61.66 + (7 x 1.31) = 70.86


Aligning reads (2025-07-14 19:38:35)
------------------------------------
63,744 / 63,744 (100.0%)


Read alignment summary (2025-07-14 20:36:49)
--------------------------------------------
Total read count:             63,744
Fully aligned reads:          61,723
Partially aligned reads:       1,973
Unaligned reads:                  48
Total bases aligned:     533,959,693 bp
Mean alignment identity:          98.0%

Deleting /data/djs217/PROJECTS/19_vibrio/06_unicycler/11671_EXE_04_2024_2B3.fastq.gz.unicycler/read_alignment/


Building long read bridges (2025-07-14 20:36:50)
------------------------------------------------
    Unicycler uses the long read alignments to produce bridges between anchor segments. These bridges can be formed using as few as one long read, giving Unicycler the ability to bridge the graph even when long-read depth is low.

       Start -> end   Best path                                 Quality
 1/24    32 -> 2      25                                         80.166
 2/24     9 -> 21     -40, 34, -40, 37, -80, 36, 50, 79          84.681
 3/24   -27 -> 32     -68, 46, -64, -54, 72, -89, 52             81.525
 4/24    15 -> -1     -39                                        83.889
 5/24   -26 -> 28     -39                                        82.655
 6/24    31 -> -7     -68, -45, -64, 53, 72, -92, 52             83.540
 7/24    -1 -> 5      -69, -42, 65                               83.363
 8/24    11 -> 33     -65, -43, 69                               82.252
 9/24     4 -> 15     58                                         83.712
10/24    20 -> -10    66                                         83.502
11/24   -16 -> 30     58                                         75.741
12/24    33 -> -3     67                                         81.851
13/24    26 -> -17    71                                         83.152
14/24    -7 -> 8      63, -86, -44, -47, 56, 38, 63, 84, -44,    82.342
                      -48, 56                                          
15/24     8 -> 14     71                                         83.426
16/24    24 -> 10                                                97.803
17/24    30 -> 9                                                 97.506
18/24     5 -> 24     -66                                        82.369
19/24    28 -> -14    -62, -76, 49, 59, 73, 85, 41, -35, 67      83.135
20/24    12 -> 20     -81, 36                                    83.572
21/24    -4 -> 17     39                                         59.488
22/24    27 -> -16    -80, 36, 50                                83.405
23/24     6 -> 31     -81, 36, 50, 79                            72.727
24/24    18 -> 11     70, 90, -57, -78, -93, -61, 88, 82, 70,    82.570
                      94, -57, -77, -93, -61, 87, 82, 70, 94,          
                      -57, -78, 91, -61, 87, 82, 70, 90, -57,          
                      -78, 91, -61, 87, 82, 70, 90, -57, -78,          
                      -93, -61, 88, 82, 70, 94, -57, -77, -93,         
                      -61, 87, 82, 70, 94, -57, -78, 91, -61,          
                      87, 82, 70, 90, -57, -78, 91, -61, 87,           
                      82, 70, 90, -57, -78, 91, -61, 88, 82,           
                      70, 90, -57, -78, -93, -61, 88, 82, 70,          
                      94                                               


Applying bridges (2025-07-14 20:37:09)
--------------------------------------
    Unicycler now applies to the graph in decreasing order of quality. This ensures that when multiple, contradictory bridges exist, the most supported option is used.

Bridge type        Start -> end   Path                                       Quality
miniasm             -10 -> -24                                                99.341
miniasm              30 -> 9                                                  99.339
simple long read      4 -> 15     58                                          99.051
simple long read    -16 -> 30     58                                          99.043
simple long read      8 -> 14     71                                          98.455
miniasm             -24 -> -5     66                                          98.453
miniasm              20 -> -10    66                                          98.452
simple long read     26 -> -17    71                                          98.340
miniasm               3 -> -33    -67                                         97.009
miniasm              -5 -> 1      -65, 42, 69                                 91.174
miniasm             -33 -> -11    -69, 43, 65                                 90.596
miniasm               1 -> -15    39                                          88.507
miniasm               7 -> -31    -52, 92, -72, -53, 64, 45, 68               87.984
miniasm              -4 -> 17     39                                          87.973
miniasm             -26 -> 28     -39                                         87.757
miniasm             -32 -> 27     -52, 89, -72, 54, 64, -46, 68               86.058
long read             9 -> 21     -40, 34, -40, 37, -80, 36, 50, 79           84.681
long read            12 -> 20     -81, 36                                     83.572
long read            27 -> -16    -80, 36, 50                                 83.405
long read            28 -> -14    -62, -76, 49, 59, 73, 85, 41, -35, 67       83.135
long read            18 -> 11     70, 90, -57, -78, -93, -61, 88, 82, 70,     82.570
                                  94, -57, -77, -93, -61, 87, 82, 70, 94,           
                                  -57, -78, 91, -61, 87, 82, 70, 90, -57,           
                                  -78, 91, -61, 87, 82, 70, 90, -57, -78,           
                                  -93, -61, 88, 82, 70, 94, -57, -77, -93,          
                                  -61, 87, 82, 70, 94, -57, -78, 91, -61,           
                                  87, 82, 70, 90, -57, -78, 91, -61, 87,            
                                  82, 70, 90, -57, -78, 91, -61, 88, 82,            
                                  70, 90, -57, -78, -93, -61, 88, 82, 70,           
                                  94                                                
long read            -7 -> 8      63, -86, -44, -47, 56, 38, 63, 84, -44,     82.342
                                  -48, 56                                           
long read            32 -> 2      25                                          80.166
long read             6 -> 31     -81, 36, 50, 79                             72.727
miniasm             -18 -> -2     29                                          28.597

Saving /data/djs217/PROJECTS/19_vibrio/06_unicycler/11671_EXE_04_2024_2B3.fastq.gz.unicycler/005_bridges_applied.gfa


Bridged assembly graph (2025-07-14 20:37:09)
--------------------------------------------
    The assembly is now mostly finished and no more structural changes will be made. Ideally the assembly graph should now have one contig per replicon and no erroneous contigs (i.e. a complete assembly). If there are more contigs, then the assembly is not complete.

Saving /data/djs217/PROJECTS/19_vibrio/06_unicycler/11671_EXE_04_2024_2B3.fastq.gz.unicycler/006_final_clean.gfa

Component   Segments   Links   Length      N50         Longest segment   Status    
    total          2       0   5,009,845   3,047,327         3,047,327             
        1          1       0   3,047,327   3,047,327         3,047,327   incomplete
        2          1       0   1,962,518   1,962,518         1,962,518   incomplete


Assembly complete (2025-07-14 20:37:09)
---------------------------------------
Saving /data/djs217/PROJECTS/19_vibrio/06_unicycler/11671_EXE_04_2024_2B3.fastq.gz.unicycler/assembly.gfa
Saving /data/djs217/PROJECTS/19_vibrio/06_unicycler/11671_EXE_04_2024_2B3.fastq.gz.unicycler/assembly.fasta

