[2025-10-17 10:17:21] INFO: Starting Flye 2.9.6-b1802
[2025-10-17 10:17:21] INFO: >>>STAGE: configure
[2025-10-17 10:17:21] INFO: Configuring run
[2025-10-17 10:17:29] INFO: Total read length: 278980109
[2025-10-17 10:17:29] INFO: Reads N50/N90: 32090 / 22326
[2025-10-17 10:17:29] INFO: Minimum overlap set to 10000
[2025-10-17 10:17:29] INFO: >>>STAGE: assembly
[2025-10-17 10:17:29] INFO: Assembling disjointigs
[2025-10-17 10:17:29] INFO: Reading sequences
[2025-10-17 10:17:33] INFO: Building minimizer index
[2025-10-17 10:17:33] INFO: Pre-calculating index storage
0% 10% 20% 30% 40% 50% 60% 70% 80% 90% 100% 
[2025-10-17 10:17:49] INFO: Filling index
0% 10% 20% 30% 40% 50% 60% 70% 80% 90% 100% 
[2025-10-17 10:21:05] INFO: Extending reads
[2025-10-17 10:24:05] INFO: Overlap-based coverage: 63
[2025-10-17 10:24:05] INFO: Median overlap divergence: 0.0134017
0% 70% 90% 100% 
[2025-10-17 10:26:27] INFO: Assembled 2 disjointigs
[2025-10-17 10:26:27] INFO: Generating sequence
0% 10% 20% 30% 40% 50% 60% 70% 80% 90% 100% 
[2025-10-17 10:26:30] INFO: Filtering contained disjointigs
0% 50% 100% 
[2025-10-17 10:26:31] INFO: Contained seqs: 0
[2025-10-17 10:26:31] INFO: >>>STAGE: consensus
[2025-10-17 10:26:31] INFO: Running Minimap2
[2025-10-17 10:28:07] INFO: Computing consensus
[2025-10-17 10:29:43] INFO: Alignment error rate: 0.016829
[2025-10-17 10:29:43] INFO: >>>STAGE: repeat
[2025-10-17 10:29:43] INFO: Building and resolving repeat graph
[2025-10-17 10:29:43] INFO: Parsing disjointigs
[2025-10-17 10:29:43] INFO: Building repeat graph
0% 50% 100% 
[2025-10-17 10:29:46] INFO: Median overlap divergence: 2.20099e-05
[2025-10-17 10:29:46] INFO: Parsing reads
[2025-10-17 10:29:49] INFO: Aligning reads to the graph
0% 10% 20% 30% 40% 50% 60% 70% 80% 90% 100% 
[2025-10-17 10:30:54] INFO: Aligned read sequence: 278745324 / 278980109 (0.999158)
[2025-10-17 10:30:54] INFO: Median overlap divergence: 0.00556153
[2025-10-17 10:30:55] INFO: Mean edge coverage: 55
[2025-10-17 10:30:55] INFO: Simplifying the graph
[2025-10-17 10:30:55] INFO: >>>STAGE: contigger
[2025-10-17 10:30:55] INFO: Generating contigs
[2025-10-17 10:30:55] INFO: Reading sequences
[2025-10-17 10:30:58] INFO: Generated 2 contigs
[2025-10-17 10:30:58] INFO: Added 0 scaffold connections
[2025-10-17 10:30:59] INFO: >>>STAGE: polishing
[2025-10-17 10:30:59] INFO: Polishing genome (1/1)
[2025-10-17 10:30:59] INFO: Running minimap2
[2025-10-17 10:32:39] INFO: Separating alignment into bubbles
[2025-10-17 10:34:44] INFO: Alignment error rate: 0.007747
[2025-10-17 10:34:44] INFO: Correcting bubbles
0% 10% 20% 30% 40% 50% 60% 70% 80% 90% 100% 
[2025-10-17 10:37:04] INFO: >>>STAGE: finalize
[2025-10-17 10:37:04] INFO: Assembly statistics:

	Total length:	5019731
	Fragments:	2
	Fragments N50:	3267360
	Largest frg:	3267360
	Scaffolds:	0
	Mean coverage:	55

[2025-10-17 10:37:04] INFO: Final assembly: /data/djs217/vibrio/P0213_250813_11813/01_raw_reads/hybracter_out/processing/assemblies/11813_EXE_33_2024_F_PBC74148/assembly.fasta
