[2025-10-18 10:59:36] INFO: Starting Flye 2.9.6-b1802
[2025-10-18 10:59:36] INFO: >>>STAGE: configure
[2025-10-18 10:59:36] INFO: Configuring run
[2025-10-18 10:59:38] INFO: Total read length: 37771271
[2025-10-18 10:59:38] INFO: Reads N50/N90: 1453 / 979
[2025-10-18 10:59:38] INFO: Minimum overlap set to 1000
[2025-10-18 10:59:38] INFO: >>>STAGE: assembly
[2025-10-18 10:59:38] INFO: Assembling disjointigs
[2025-10-18 10:59:38] INFO: Reading sequences
[2025-10-18 10:59:39] INFO: Building minimizer index
[2025-10-18 10:59:39] INFO: Pre-calculating index storage
0% 10% 20% 30% 40% 50% 60% 70% 80% 90% 100% 
[2025-10-18 10:59:41] INFO: Filling index
0% 10% 20% 30% 40% 50% 60% 70% 80% 90% 100% 
[2025-10-18 10:59:45] INFO: Extending reads
[2025-10-18 10:59:47] INFO: Overlap-based coverage: 5
[2025-10-18 10:59:47] INFO: Median overlap divergence: 0.0182803
0% 10% 20% 30% 40% 50% 60% 70% 80% 90% 100% 
[2025-10-18 11:00:01] INFO: Assembled 622 disjointigs
[2025-10-18 11:00:02] INFO: Generating sequence
0% 10% 20% 30% 40% 50% 60% 70% 80% 90% 100% 
[2025-10-18 11:00:02] INFO: Filtering contained disjointigs
0% 10% 20% 30% 40% 50% 60% 70% 80% 90% 100% 
[2025-10-18 11:00:02] INFO: Contained seqs: 21
[2025-10-18 11:00:02] INFO: >>>STAGE: consensus
[2025-10-18 11:00:02] INFO: Running Minimap2
[2025-10-18 11:00:13] INFO: Computing consensus
[2025-10-18 11:00:35] INFO: Alignment error rate: 0.028775
[2025-10-18 11:00:35] INFO: >>>STAGE: repeat
[2025-10-18 11:00:35] INFO: Building and resolving repeat graph
[2025-10-18 11:00:35] INFO: Parsing disjointigs
[2025-10-18 11:00:35] INFO: Building repeat graph
0% 10% 20% 30% 40% 50% 60% 70% 80% 90% 100% 
[2025-10-18 11:00:36] INFO: Median overlap divergence: 0.00906344
[2025-10-18 11:00:36] INFO: Parsing reads
[2025-10-18 11:00:36] INFO: Aligning reads to the graph
0% 10% 20% 30% 40% 50% 60% 70% 80% 90% 100% 
[2025-10-18 11:00:44] INFO: Aligned read sequence: 18319893 / 33226757 (0.55136)
[2025-10-18 11:00:44] INFO: Median overlap divergence: 0.00771213
[2025-10-18 11:00:44] INFO: Mean edge coverage: 10
[2025-10-18 11:00:44] INFO: Simplifying the graph
[2025-10-18 11:00:44] INFO: >>>STAGE: contigger
[2025-10-18 11:00:44] INFO: Generating contigs
[2025-10-18 11:00:44] INFO: Reading sequences
[2025-10-18 11:00:45] INFO: Generated 519 contigs
[2025-10-18 11:00:45] INFO: Added 0 scaffold connections
[2025-10-18 11:00:45] INFO: >>>STAGE: polishing
[2025-10-18 11:00:45] INFO: Polishing genome (1/1)
[2025-10-18 11:00:45] INFO: Running minimap2
[2025-10-18 11:00:54] INFO: Separating alignment into bubbles
[2025-10-18 11:01:15] INFO: Alignment error rate: 0.018627
[2025-10-18 11:01:15] INFO: Correcting bubbles
0% 10% 20% 30% 40% 50% 60% 70% 80% 90% 100% 
[2025-10-18 11:01:39] INFO: >>>STAGE: finalize
[2025-10-18 11:01:39] INFO: Assembly statistics:

	Total length:	1629331
	Fragments:	519
	Fragments N50:	2882
	Largest frg:	11939
	Scaffolds:	0
	Mean coverage:	15

[2025-10-18 11:01:39] INFO: Final assembly: /data/djs217/vibrio/P0213_250813_11813/01_raw_reads/hybracter_out/processing/assemblies/11813_EXE_03_2025_A_PBC74148/assembly.fasta
