[2025-10-18 06:16:39] INFO: Starting Flye 2.9.6-b1802
[2025-10-18 06:16:39] INFO: >>>STAGE: configure
[2025-10-18 06:16:39] INFO: Configuring run
[2025-10-18 06:16:48] INFO: Total read length: 272531679
[2025-10-18 06:16:48] INFO: Reads N50/N90: 14776 / 1340
[2025-10-18 06:16:48] INFO: Minimum overlap set to 1000
[2025-10-18 06:16:48] INFO: >>>STAGE: assembly
[2025-10-18 06:16:48] INFO: Assembling disjointigs
[2025-10-18 06:16:48] INFO: Reading sequences
[2025-10-18 06:16:51] INFO: Building minimizer index
[2025-10-18 06:16:51] INFO: Pre-calculating index storage
0% 10% 20% 30% 40% 50% 60% 70% 80% 90% 100% 
[2025-10-18 06:17:09] INFO: Filling index
0% 10% 20% 30% 40% 50% 60% 70% 80% 90% 100% 
[2025-10-18 06:18:00] INFO: Extending reads
[2025-10-18 06:18:18] INFO: Overlap-based coverage: 33
[2025-10-18 06:18:18] INFO: Median overlap divergence: 0.0221948
0% 30% 80% 90% 100% 
[2025-10-18 06:22:15] INFO: Assembled 4 disjointigs
[2025-10-18 06:22:15] INFO: Generating sequence
0% 10% 20% 30% 40% 50% 60% 70% 80% 90% 100% 
[2025-10-18 06:22:19] INFO: Filtering contained disjointigs
0% 20% 50% 70% 100% 
[2025-10-18 06:22:20] INFO: Contained seqs: 1
[2025-10-18 06:22:21] INFO: >>>STAGE: consensus
[2025-10-18 06:22:21] INFO: Running Minimap2
[2025-10-18 06:24:08] INFO: Computing consensus
[2025-10-18 06:25:52] INFO: Alignment error rate: 0.031198
[2025-10-18 06:25:52] INFO: >>>STAGE: repeat
[2025-10-18 06:25:52] INFO: Building and resolving repeat graph
[2025-10-18 06:25:52] INFO: Parsing disjointigs
[2025-10-18 06:25:52] INFO: Building repeat graph
0% 30% 60% 100% 
[2025-10-18 06:25:56] INFO: Median overlap divergence: 0.0173469
[2025-10-18 06:25:57] INFO: Parsing reads
[2025-10-18 06:26:00] INFO: Aligning reads to the graph
0% 10% 20% 30% 40% 50% 60% 70% 80% 90% 100% 
[2025-10-18 06:27:18] INFO: Aligned read sequence: 264440022 / 271999736 (0.972207)
[2025-10-18 06:27:18] INFO: Median overlap divergence: 0.0133053
[2025-10-18 06:27:18] INFO: Mean edge coverage: 42
[2025-10-18 06:27:18] INFO: Simplifying the graph
[2025-10-18 06:27:19] INFO: >>>STAGE: contigger
[2025-10-18 06:27:19] INFO: Generating contigs
[2025-10-18 06:27:19] INFO: Reading sequences
[2025-10-18 06:27:23] INFO: Generated 3 contigs
[2025-10-18 06:27:23] INFO: Added 0 scaffold connections
[2025-10-18 06:27:23] INFO: >>>STAGE: polishing
[2025-10-18 06:27:23] INFO: Polishing genome (1/1)
[2025-10-18 06:27:23] INFO: Running minimap2
[2025-10-18 06:28:59] INFO: Separating alignment into bubbles
[2025-10-18 06:31:06] INFO: Alignment error rate: 0.021044
[2025-10-18 06:31:06] INFO: Correcting bubbles
0% 10% 20% 30% 40% 50% 60% 70% 80% 90% 100% 
[2025-10-18 06:33:47] INFO: >>>STAGE: finalize
[2025-10-18 06:33:47] INFO: Assembly statistics:

	Total length:	6210142
	Fragments:	3
	Fragments N50:	3828698
	Largest frg:	3828698
	Scaffolds:	0
	Mean coverage:	43

[2025-10-18 06:33:47] INFO: Final assembly: /data/djs217/vibrio/P0213_250813_11813/01_raw_reads/hybracter_out/processing/assemblies/11813_EXE_27_2025_A_PBC74148/assembly.fasta
