[2025-10-17 02:13:41] INFO: Starting Flye 2.9.6-b1802
[2025-10-17 02:13:41] INFO: >>>STAGE: configure
[2025-10-17 02:13:41] INFO: Configuring run
[2025-10-17 02:13:50] INFO: Total read length: 279236582
[2025-10-17 02:13:50] INFO: Reads N50/N90: 42767 / 31849
[2025-10-17 02:13:50] INFO: Minimum overlap set to 10000
[2025-10-17 02:13:50] INFO: >>>STAGE: assembly
[2025-10-17 02:13:50] INFO: Assembling disjointigs
[2025-10-17 02:13:50] INFO: Reading sequences
[2025-10-17 02:13:54] INFO: Building minimizer index
[2025-10-17 02:13:54] INFO: Pre-calculating index storage
0% 10% 20% 30% 40% 50% 60% 70% 80% 90% 100% 
[2025-10-17 02:14:10] INFO: Filling index
0% 10% 20% 30% 40% 50% 60% 70% 80% 90% 100% 
[2025-10-17 02:20:48] INFO: Extending reads
[2025-10-17 02:26:51] INFO: Overlap-based coverage: 47
[2025-10-17 02:26:51] INFO: Median overlap divergence: 0.0111709
0% 50% 80% 90% 100% 
[2025-10-17 02:32:24] INFO: Assembled 7 disjointigs
[2025-10-17 02:32:24] INFO: Generating sequence
0% 10% 20% 30% 40% 50% 60% 70% 80% 90% 100% 
[2025-10-17 02:32:27] INFO: Filtering contained disjointigs
0% 10% 20% 40% 50% 70% 80% 100% 
[2025-10-17 02:32:29] INFO: Contained seqs: 0
[2025-10-17 02:32:29] INFO: >>>STAGE: consensus
[2025-10-17 02:32:29] INFO: Running Minimap2
[2025-10-17 02:35:35] INFO: Computing consensus
[2025-10-17 02:37:06] INFO: Alignment error rate: 0.014274
[2025-10-17 02:37:06] INFO: >>>STAGE: repeat
[2025-10-17 02:37:06] INFO: Building and resolving repeat graph
[2025-10-17 02:37:06] INFO: Parsing disjointigs
[2025-10-17 02:37:06] INFO: Building repeat graph
0% 10% 20% 40% 50% 70% 80% 100% 
[2025-10-17 02:37:10] INFO: Median overlap divergence: 0.0044034
[2025-10-17 02:37:10] INFO: Parsing reads
[2025-10-17 02:37:14] INFO: Aligning reads to the graph
0% 10% 20% 30% 40% 50% 60% 70% 80% 90% 100% 
[2025-10-17 02:38:34] INFO: Aligned read sequence: 278095921 / 279236582 (0.995915)
[2025-10-17 02:38:34] INFO: Median overlap divergence: 0.00504243
[2025-10-17 02:38:34] INFO: Mean edge coverage: 53
[2025-10-17 02:38:34] INFO: Simplifying the graph
[2025-10-17 02:38:34] INFO: >>>STAGE: contigger
[2025-10-17 02:38:34] INFO: Generating contigs
[2025-10-17 02:38:34] INFO: Reading sequences
[2025-10-17 02:38:38] INFO: Generated 9 contigs
[2025-10-17 02:38:38] INFO: Added 0 scaffold connections
[2025-10-17 02:38:38] INFO: >>>STAGE: polishing
[2025-10-17 02:38:38] INFO: Polishing genome (1/1)
[2025-10-17 02:38:38] INFO: Running minimap2
[2025-10-17 02:41:06] INFO: Separating alignment into bubbles
[2025-10-17 02:43:10] INFO: Alignment error rate: 0.015564
[2025-10-17 02:43:10] INFO: Correcting bubbles
0% 10% 20% 30% 40% 50% 60% 70% 80% 90% 100% 
[2025-10-17 02:45:58] INFO: >>>STAGE: finalize
[2025-10-17 02:45:58] INFO: Assembly statistics:

	Total length:	5341017
	Fragments:	7
	Fragments N50:	3098160
	Largest frg:	3098160
	Scaffolds:	0
	Mean coverage:	51

[2025-10-17 02:45:58] INFO: Final assembly: /data/djs217/vibrio/P0213_250813_11813/01_raw_reads/hybracter_out/processing/assemblies/11813_EXE_28_2025_A_PBC74148/assembly.fasta
