[2025-10-18 11:39:47] INFO: Starting Flye 2.9.6-b1802
[2025-10-18 11:39:47] INFO: >>>STAGE: configure
[2025-10-18 11:39:47] INFO: Configuring run
[2025-10-18 11:39:47] INFO: Total read length: 777032
[2025-10-18 11:39:47] INFO: Reads N50/N90: 11878 / 2798
[2025-10-18 11:39:47] INFO: Minimum overlap set to 3000
[2025-10-18 11:39:47] INFO: >>>STAGE: assembly
[2025-10-18 11:39:47] INFO: Assembling disjointigs
[2025-10-18 11:39:47] INFO: Reading sequences
[2025-10-18 11:39:47] INFO: Building minimizer index
[2025-10-18 11:39:47] INFO: Pre-calculating index storage
0% 10% 20% 30% 40% 50% 60% 70% 80% 90% 100% 
[2025-10-18 11:39:47] INFO: Filling index
0% 10% 20% 30% 40% 50% 60% 70% 80% 90% 100% 
[2025-10-18 11:39:50] INFO: Extending reads
[2025-10-18 11:39:50] INFO: Overlap-based coverage: 1
[2025-10-18 11:39:50] INFO: Median overlap divergence: 0.145395
0% 10% 60% 100% 
[2025-10-18 11:39:50] INFO: Assembled 2 disjointigs
[2025-10-18 11:39:50] INFO: Generating sequence
0% 50% 100% 
[2025-10-18 11:39:50] INFO: Filtering contained disjointigs
0% 50% 100% 
[2025-10-18 11:39:50] INFO: Contained seqs: 0
[2025-10-18 11:39:50] INFO: >>>STAGE: consensus
[2025-10-18 11:39:50] INFO: Running Minimap2
[2025-10-18 11:39:51] INFO: Computing consensus
[2025-10-18 11:39:51] INFO: Alignment error rate: 0.082796
[2025-10-18 11:39:51] INFO: >>>STAGE: repeat
[2025-10-18 11:39:51] INFO: Building and resolving repeat graph
[2025-10-18 11:39:51] INFO: Parsing disjointigs
[2025-10-18 11:39:51] INFO: Building repeat graph
0% 50% 100% 
[2025-10-18 11:39:51] INFO: Median overlap divergence: 0
[2025-10-18 11:39:51] INFO: Parsing reads
[2025-10-18 11:39:51] INFO: Aligning reads to the graph
0% 10% 20% 30% 40% 50% 60% 70% 80% 90% 100% 
[2025-10-18 11:39:51] INFO: Aligned read sequence: 88403 / 688118 (0.128471)
[2025-10-18 11:39:51] INFO: Median overlap divergence: 0.0360528
[2025-10-18 11:39:51] INFO: Mean edge coverage: 1
[2025-10-18 11:39:51] INFO: Simplifying the graph
[2025-10-18 11:39:51] INFO: >>>STAGE: contigger
[2025-10-18 11:39:51] INFO: Generating contigs
[2025-10-18 11:39:51] INFO: Reading sequences
[2025-10-18 11:39:51] INFO: Generated 0 contigs
[2025-10-18 11:39:51] INFO: Added 0 scaffold connections
[2025-10-18 11:39:51] ERROR: No contigs were assembled - pipeline stopped
[2025-10-18 11:39:51] ERROR: Pipeline aborted
