[2025-10-18 09:14:54] INFO: Starting Flye 2.9.6-b1802
[2025-10-18 09:14:54] INFO: >>>STAGE: configure
[2025-10-18 09:14:54] INFO: Configuring run
[2025-10-18 09:15:02] INFO: Total read length: 276979807
[2025-10-18 09:15:02] INFO: Reads N50/N90: 11161 / 7143
[2025-10-18 09:15:02] INFO: Minimum overlap set to 7000
[2025-10-18 09:15:02] INFO: >>>STAGE: assembly
[2025-10-18 09:15:02] INFO: Assembling disjointigs
[2025-10-18 09:15:02] INFO: Reading sequences
[2025-10-18 09:15:06] INFO: Building minimizer index
[2025-10-18 09:15:06] INFO: Pre-calculating index storage
0% 10% 20% 30% 40% 50% 60% 70% 80% 90% 100% 
[2025-10-18 09:15:22] INFO: Filling index
0% 10% 20% 30% 40% 50% 60% 70% 80% 90% 100% 
[2025-10-18 09:16:30] INFO: Extending reads
[2025-10-18 09:17:19] INFO: Overlap-based coverage: 48
[2025-10-18 09:17:19] INFO: Median overlap divergence: 0.0226995
0% 30% 70% 90% 100% 
[2025-10-18 09:20:26] INFO: Assembled 3 disjointigs
[2025-10-18 09:20:26] INFO: Generating sequence
0% 10% 20% 30% 40% 50% 60% 70% 80% 90% 100% 
[2025-10-18 09:20:30] INFO: Filtering contained disjointigs
0% 30% 60% 100% 
[2025-10-18 09:20:30] INFO: Contained seqs: 0
[2025-10-18 09:20:31] INFO: >>>STAGE: consensus
[2025-10-18 09:20:31] INFO: Running Minimap2
[2025-10-18 09:21:54] INFO: Computing consensus
[2025-10-18 09:23:33] INFO: Alignment error rate: 0.026679
[2025-10-18 09:23:33] INFO: >>>STAGE: repeat
[2025-10-18 09:23:33] INFO: Building and resolving repeat graph
[2025-10-18 09:23:33] INFO: Parsing disjointigs
[2025-10-18 09:23:33] INFO: Building repeat graph
0% 30% 60% 100% 
[2025-10-18 09:23:36] INFO: Median overlap divergence: 0.0338028
[2025-10-18 09:23:36] INFO: Parsing reads
[2025-10-18 09:23:40] INFO: Aligning reads to the graph
0% 10% 20% 30% 40% 50% 60% 70% 80% 90% 100% 
[2025-10-18 09:24:36] INFO: Aligned read sequence: 251209973 / 253420715 (0.991276)
[2025-10-18 09:24:36] INFO: Median overlap divergence: 0.00872433
[2025-10-18 09:24:36] INFO: Mean edge coverage: 46
[2025-10-18 09:24:36] INFO: Simplifying the graph
[2025-10-18 09:24:36] INFO: >>>STAGE: contigger
[2025-10-18 09:24:36] INFO: Generating contigs
[2025-10-18 09:24:36] INFO: Reading sequences
[2025-10-18 09:24:40] INFO: Generated 4 contigs
[2025-10-18 09:24:40] INFO: Added 0 scaffold connections
[2025-10-18 09:24:40] INFO: >>>STAGE: polishing
[2025-10-18 09:24:40] INFO: Polishing genome (1/1)
[2025-10-18 09:24:40] INFO: Running minimap2
[2025-10-18 09:26:04] INFO: Separating alignment into bubbles
[2025-10-18 09:28:08] INFO: Alignment error rate: 0.013755
[2025-10-18 09:28:08] INFO: Correcting bubbles
0% 10% 20% 30% 40% 50% 60% 70% 80% 90% 100% 
[2025-10-18 09:30:28] INFO: >>>STAGE: finalize
[2025-10-18 09:30:28] INFO: Assembly statistics:

	Total length:	5334151
	Fragments:	3
	Fragments N50:	1966451
	Largest frg:	2304110
	Scaffolds:	0
	Mean coverage:	50

[2025-10-18 09:30:28] INFO: Final assembly: /data/djs217/vibrio/P0213_250813_11813/01_raw_reads/hybracter_out/processing/assemblies/11813_EX_23_2024_K_PBC74148/assembly.fasta
