[2025-10-17 15:38:06] INFO: Starting Flye 2.9.6-b1802
[2025-10-17 15:38:06] INFO: >>>STAGE: configure
[2025-10-17 15:38:06] INFO: Configuring run
[2025-10-17 15:38:12] INFO: Total read length: 278203990
[2025-10-17 15:38:12] INFO: Reads N50/N90: 19014 / 13402
[2025-10-17 15:38:12] INFO: Minimum overlap set to 10000
[2025-10-17 15:38:12] INFO: >>>STAGE: assembly
[2025-10-17 15:38:12] INFO: Assembling disjointigs
[2025-10-17 15:38:12] INFO: Reading sequences
[2025-10-17 15:38:16] INFO: Building minimizer index
[2025-10-17 15:38:16] INFO: Pre-calculating index storage
0% 10% 20% 30% 40% 50% 60% 70% 80% 90% 100% 
[2025-10-17 15:38:33] INFO: Filling index
0% 10% 20% 30% 40% 50% 60% 70% 80% 90% 100% 
[2025-10-17 15:40:58] INFO: Extending reads
[2025-10-17 15:43:15] INFO: Overlap-based coverage: 76
[2025-10-17 15:43:15] INFO: Median overlap divergence: 0.014674
0% 70% 90% 100% 
[2025-10-17 15:46:00] INFO: Assembled 3 disjointigs
[2025-10-17 15:46:00] INFO: Generating sequence
0% 10% 20% 30% 40% 50% 60% 70% 80% 90% 100% 
[2025-10-17 15:46:04] INFO: Filtering contained disjointigs
0% 30% 60% 100% 
[2025-10-17 15:46:04] INFO: Contained seqs: 0
[2025-10-17 15:46:05] INFO: >>>STAGE: consensus
[2025-10-17 15:46:05] INFO: Running Minimap2
[2025-10-17 15:47:51] INFO: Computing consensus
[2025-10-17 15:49:28] INFO: Alignment error rate: 0.019217
[2025-10-17 15:49:28] INFO: >>>STAGE: repeat
[2025-10-17 15:49:28] INFO: Building and resolving repeat graph
[2025-10-17 15:49:28] INFO: Parsing disjointigs
[2025-10-17 15:49:28] INFO: Building repeat graph
0% 30% 60% 100% 
[2025-10-17 15:49:30] INFO: Median overlap divergence: 0.00568877
[2025-10-17 15:49:30] INFO: Parsing reads
[2025-10-17 15:49:34] INFO: Aligning reads to the graph
0% 10% 20% 30% 40% 50% 60% 70% 80% 90% 100% 
[2025-10-17 15:50:41] INFO: Aligned read sequence: 277483118 / 278198754 (0.997428)
[2025-10-17 15:50:41] INFO: Median overlap divergence: 0.00605339
[2025-10-17 15:50:41] INFO: Mean edge coverage: 63
[2025-10-17 15:50:41] INFO: Simplifying the graph
[2025-10-17 15:50:41] INFO: >>>STAGE: contigger
[2025-10-17 15:50:41] INFO: Generating contigs
[2025-10-17 15:50:41] INFO: Reading sequences
[2025-10-17 15:50:45] INFO: Generated 3 contigs
[2025-10-17 15:50:45] INFO: Added 0 scaffold connections
[2025-10-17 15:50:45] INFO: >>>STAGE: polishing
[2025-10-17 15:50:45] INFO: Polishing genome (1/1)
[2025-10-17 15:50:45] INFO: Running minimap2
[2025-10-17 15:52:29] INFO: Separating alignment into bubbles
[2025-10-17 15:54:30] INFO: Alignment error rate: 0.009401
[2025-10-17 15:54:30] INFO: Correcting bubbles
0% 10% 20% 30% 40% 50% 60% 70% 80% 90% 100% 
[2025-10-17 15:56:32] INFO: >>>STAGE: finalize
[2025-10-17 15:56:32] INFO: Assembly statistics:

	Total length:	4389324
	Fragments:	3
	Fragments N50:	3211347
	Largest frg:	3211347
	Scaffolds:	0
	Mean coverage:	61

[2025-10-17 15:56:32] INFO: Final assembly: /data/djs217/vibrio/P0213_250813_11813/01_raw_reads/hybracter_out/processing/assemblies/11813_EXE_13_2025_H_PBC74148/assembly.fasta
