[2025-10-18 10:24:15] INFO: Starting Flye 2.9.6-b1802
[2025-10-18 10:24:15] INFO: >>>STAGE: configure
[2025-10-18 10:24:15] INFO: Configuring run
[2025-10-18 10:24:15] INFO: Total read length: 13382863
[2025-10-18 10:24:15] INFO: Reads N50/N90: 13195 / 2554
[2025-10-18 10:24:15] INFO: Minimum overlap set to 3000
[2025-10-18 10:24:15] INFO: >>>STAGE: assembly
[2025-10-18 10:24:15] INFO: Assembling disjointigs
[2025-10-18 10:24:15] INFO: Reading sequences
[2025-10-18 10:24:15] INFO: Building minimizer index
[2025-10-18 10:24:16] INFO: Pre-calculating index storage
0% 10% 20% 30% 40% 50% 60% 70% 80% 90% 100% 
[2025-10-18 10:24:16] INFO: Filling index
0% 10% 20% 30% 40% 50% 60% 70% 80% 90% 100% 
[2025-10-18 10:24:23] INFO: Extending reads
[2025-10-18 10:24:27] INFO: Overlap-based coverage: 2
[2025-10-18 10:24:27] INFO: Median overlap divergence: 0.0190137
0% 10% 20% 30% 40% 50% 60% 70% 80% 90% 100% 
[2025-10-18 10:24:30] INFO: Assembled 91 disjointigs
[2025-10-18 10:24:30] INFO: Generating sequence
0% 10% 20% 30% 40% 50% 60% 70% 80% 90% 100% 
[2025-10-18 10:24:31] INFO: Filtering contained disjointigs
0% 10% 20% 30% 40% 50% 60% 70% 80% 90% 100% 
[2025-10-18 10:24:32] INFO: Contained seqs: 5
[2025-10-18 10:24:32] INFO: >>>STAGE: consensus
[2025-10-18 10:24:32] INFO: Running Minimap2
[2025-10-18 10:24:38] INFO: Computing consensus
[2025-10-18 10:24:53] INFO: Alignment error rate: 0.031573
[2025-10-18 10:24:53] INFO: >>>STAGE: repeat
[2025-10-18 10:24:53] INFO: Building and resolving repeat graph
[2025-10-18 10:24:53] INFO: Parsing disjointigs
[2025-10-18 10:24:53] INFO: Building repeat graph
0% 10% 20% 30% 40% 50% 60% 70% 80% 90% 100% 
[2025-10-18 10:24:55] INFO: Median overlap divergence: 0.0373549
[2025-10-18 10:24:55] INFO: Parsing reads
[2025-10-18 10:24:55] INFO: Aligning reads to the graph
0% 10% 20% 30% 40% 50% 60% 70% 80% 90% 100% 
[2025-10-18 10:25:00] INFO: Aligned read sequence: 10264294 / 11853245 (0.865948)
[2025-10-18 10:25:00] INFO: Median overlap divergence: 0.00877196
[2025-10-18 10:25:00] INFO: Mean edge coverage: 2
[2025-10-18 10:25:00] INFO: Simplifying the graph
[2025-10-18 10:25:00] INFO: >>>STAGE: contigger
[2025-10-18 10:25:00] INFO: Generating contigs
[2025-10-18 10:25:00] INFO: Reading sequences
[2025-10-18 10:25:01] INFO: Generated 44 contigs
[2025-10-18 10:25:01] INFO: Added 0 scaffold connections
[2025-10-18 10:25:01] INFO: >>>STAGE: polishing
[2025-10-18 10:25:01] INFO: Polishing genome (1/1)
[2025-10-18 10:25:01] INFO: Running minimap2
[2025-10-18 10:25:06] INFO: Separating alignment into bubbles
[2025-10-18 10:25:16] INFO: Alignment error rate: 0.023761
[2025-10-18 10:25:16] INFO: Correcting bubbles
0% 10% 20% 30% 40% 50% 60% 70% 80% 90% 100% 
[2025-10-18 10:25:35] INFO: >>>STAGE: finalize
[2025-10-18 10:25:35] INFO: Assembly statistics:

	Total length:	2364317
	Fragments:	44
	Fragments N50:	75099
	Largest frg:	157131
	Scaffolds:	0
	Mean coverage:	3

[2025-10-18 10:25:35] INFO: Final assembly: /data/djs217/vibrio/P0213_250813_11813/01_raw_reads/hybracter_out/processing/assemblies/11813_EXE_01_2025_M_PBC74148/assembly.fasta
