[2025-10-18 04:51:44] INFO: Starting Flye 2.9.6-b1802
[2025-10-18 04:51:44] INFO: >>>STAGE: configure
[2025-10-18 04:51:44] INFO: Configuring run
[2025-10-18 04:51:52] INFO: Total read length: 276593266
[2025-10-18 04:51:52] INFO: Reads N50/N90: 10310 / 6035
[2025-10-18 04:51:52] INFO: Minimum overlap set to 6000
[2025-10-18 04:51:52] INFO: >>>STAGE: assembly
[2025-10-18 04:51:52] INFO: Assembling disjointigs
[2025-10-18 04:51:52] INFO: Reading sequences
[2025-10-18 04:51:56] INFO: Building minimizer index
[2025-10-18 04:51:56] INFO: Pre-calculating index storage
0% 10% 20% 30% 40% 50% 60% 70% 80% 90% 100% 
[2025-10-18 04:52:12] INFO: Filling index
0% 10% 20% 30% 40% 50% 60% 70% 80% 90% 100% 
[2025-10-18 04:53:37] INFO: Extending reads
[2025-10-18 04:54:35] INFO: Overlap-based coverage: 55
[2025-10-18 04:54:35] INFO: Median overlap divergence: 0.0260962
0% 40% 50% 80% 90% 100% 
[2025-10-18 04:58:24] INFO: Assembled 8 disjointigs
[2025-10-18 04:58:24] INFO: Generating sequence
0% 10% 20% 30% 40% 50% 60% 70% 80% 90% 100% 
[2025-10-18 04:58:28] INFO: Filtering contained disjointigs
0% 10% 20% 30% 50% 60% 70% 80% 100% 
[2025-10-18 04:58:29] INFO: Contained seqs: 0
[2025-10-18 04:58:29] INFO: >>>STAGE: consensus
[2025-10-18 04:58:29] INFO: Running Minimap2
[2025-10-18 05:00:01] INFO: Computing consensus
[2025-10-18 05:01:41] INFO: Alignment error rate: 0.028117
[2025-10-18 05:01:41] INFO: >>>STAGE: repeat
[2025-10-18 05:01:41] INFO: Building and resolving repeat graph
[2025-10-18 05:01:41] INFO: Parsing disjointigs
[2025-10-18 05:01:41] INFO: Building repeat graph
0% 10% 20% 30% 50% 60% 70% 80% 100% 
[2025-10-18 05:01:44] INFO: Median overlap divergence: 0.0446323
[2025-10-18 05:01:44] INFO: Parsing reads
[2025-10-18 05:01:48] INFO: Aligning reads to the graph
0% 10% 20% 30% 40% 50% 60% 70% 80% 90% 100% 
[2025-10-18 05:03:09] INFO: Aligned read sequence: 246642221 / 249891387 (0.986998)
[2025-10-18 05:03:09] INFO: Median overlap divergence: 0.00919843
[2025-10-18 05:03:09] INFO: Mean edge coverage: 49
[2025-10-18 05:03:09] INFO: Simplifying the graph
[2025-10-18 05:03:09] INFO: >>>STAGE: contigger
[2025-10-18 05:03:09] INFO: Generating contigs
[2025-10-18 05:03:09] INFO: Reading sequences
[2025-10-18 05:03:13] INFO: Generated 7 contigs
[2025-10-18 05:03:13] INFO: Added 0 scaffold connections
[2025-10-18 05:03:13] INFO: >>>STAGE: polishing
[2025-10-18 05:03:13] INFO: Polishing genome (1/1)
[2025-10-18 05:03:13] INFO: Running minimap2
[2025-10-18 05:04:43] INFO: Separating alignment into bubbles
[2025-10-18 05:06:50] INFO: Alignment error rate: 0.015807
[2025-10-18 05:06:50] INFO: Correcting bubbles
0% 10% 20% 30% 40% 50% 60% 70% 80% 90% 100% 
[2025-10-18 05:09:08] INFO: >>>STAGE: finalize
[2025-10-18 05:09:08] INFO: Assembly statistics:

	Total length:	4968343
	Fragments:	7
	Fragments N50:	1123607
	Largest frg:	2031945
	Scaffolds:	0
	Mean coverage:	48

[2025-10-18 05:09:08] INFO: Final assembly: /data/djs217/vibrio/P0213_250813_11813/01_raw_reads/hybracter_out/processing/assemblies/11813_EXE_32_2024_G_PBC74148/assembly.fasta
