[2025-10-16 04:43:29] INFO: Starting Flye 2.9.6-b1802
[2025-10-16 04:43:29] INFO: >>>STAGE: configure
[2025-10-16 04:43:29] INFO: Configuring run
[2025-10-16 04:43:38] INFO: Total read length: 279399735
[2025-10-16 04:43:38] INFO: Reads N50/N90: 50944 / 37697
[2025-10-16 04:43:38] INFO: Minimum overlap set to 10000
[2025-10-16 04:43:38] INFO: >>>STAGE: assembly
[2025-10-16 04:43:38] INFO: Assembling disjointigs
[2025-10-16 04:43:38] INFO: Reading sequences
[2025-10-16 04:43:42] INFO: Building minimizer index
[2025-10-16 04:43:42] INFO: Pre-calculating index storage
0% 10% 20% 30% 40% 50% 60% 70% 80% 90% 100% 
[2025-10-16 04:43:58] INFO: Filling index
0% 10% 20% 30% 40% 50% 60% 70% 80% 90% 100% 
[2025-10-16 04:48:27] INFO: Extending reads
[2025-10-16 04:52:15] INFO: Overlap-based coverage: 53
[2025-10-16 04:52:15] INFO: Median overlap divergence: 0.00944067
0% 60% 90% 100% 
[2025-10-16 04:54:29] INFO: Assembled 3 disjointigs
[2025-10-16 04:54:29] INFO: Generating sequence
0% 10% 20% 30% 40% 50% 60% 70% 80% 90% 100% 
[2025-10-16 04:54:32] INFO: Filtering contained disjointigs
0% 30% 60% 100% 
[2025-10-16 04:54:32] INFO: Contained seqs: 0
[2025-10-16 04:54:33] INFO: >>>STAGE: consensus
[2025-10-16 04:54:33] INFO: Running Minimap2
[2025-10-16 04:56:15] INFO: Computing consensus
[2025-10-16 04:57:54] INFO: Alignment error rate: 0.012395
[2025-10-16 04:57:54] INFO: >>>STAGE: repeat
[2025-10-16 04:57:54] INFO: Building and resolving repeat graph
[2025-10-16 04:57:54] INFO: Parsing disjointigs
[2025-10-16 04:57:54] INFO: Building repeat graph
0% 30% 60% 100% 
[2025-10-16 04:57:57] INFO: Median overlap divergence: 0.00245107
[2025-10-16 04:57:57] INFO: Parsing reads
[2025-10-16 04:58:00] INFO: Aligning reads to the graph
0% 10% 20% 30% 40% 50% 60% 70% 80% 90% 100% 
[2025-10-16 04:59:07] INFO: Aligned read sequence: 279305519 / 279399735 (0.999663)
[2025-10-16 04:59:07] INFO: Median overlap divergence: 0.00436932
[2025-10-16 04:59:07] INFO: Mean edge coverage: 52
[2025-10-16 04:59:07] INFO: Simplifying the graph
[2025-10-16 04:59:07] INFO: >>>STAGE: contigger
[2025-10-16 04:59:07] INFO: Generating contigs
[2025-10-16 04:59:07] INFO: Reading sequences
[2025-10-16 04:59:11] INFO: Generated 3 contigs
[2025-10-16 04:59:11] INFO: Added 0 scaffold connections
[2025-10-16 04:59:11] INFO: >>>STAGE: polishing
[2025-10-16 04:59:11] INFO: Polishing genome (1/1)
[2025-10-16 04:59:11] INFO: Running minimap2
[2025-10-16 05:00:51] INFO: Separating alignment into bubbles
[2025-10-16 05:02:57] INFO: Alignment error rate: 0.005769
[2025-10-16 05:02:57] INFO: Correcting bubbles
0% 10% 20% 30% 40% 50% 60% 70% 80% 90% 100% 
[2025-10-16 05:05:36] INFO: >>>STAGE: finalize
[2025-10-16 05:05:36] INFO: Assembly statistics:

	Total length:	5285068
	Fragments:	3
	Fragments N50:	3353935
	Largest frg:	3353935
	Scaffolds:	0
	Mean coverage:	52

[2025-10-16 05:05:36] INFO: Final assembly: /data/djs217/vibrio/P0213_250813_11813/01_raw_reads/hybracter_out/processing/assemblies/11813_EXE_22_2025_T1A_PBC74148/assembly.fasta
