[2025-10-18 11:29:02] INFO: Starting Flye 2.9.6-b1802
[2025-10-18 11:29:02] INFO: >>>STAGE: configure
[2025-10-18 11:29:02] INFO: Configuring run
[2025-10-18 11:29:04] INFO: Total read length: 82595501
[2025-10-18 11:29:04] INFO: Reads N50/N90: 1496 / 993
[2025-10-18 11:29:04] INFO: Minimum overlap set to 1000
[2025-10-18 11:29:04] INFO: >>>STAGE: assembly
[2025-10-18 11:29:04] INFO: Assembling disjointigs
[2025-10-18 11:29:04] INFO: Reading sequences
[2025-10-18 11:29:06] INFO: Building minimizer index
[2025-10-18 11:29:06] INFO: Pre-calculating index storage
0% 10% 20% 30% 40% 50% 60% 70% 80% 90% 100% 
[2025-10-18 11:29:11] INFO: Filling index
0% 10% 20% 30% 40% 50% 60% 70% 80% 90% 100% 
[2025-10-18 11:29:20] INFO: Extending reads
[2025-10-18 11:29:23] INFO: Overlap-based coverage: 9
[2025-10-18 11:29:23] INFO: Median overlap divergence: 0.0192053
0% 10% 20% 30% 40% 50% 60% 70% 80% 90% 100% 
[2025-10-18 11:29:57] INFO: Assembled 1022 disjointigs
[2025-10-18 11:29:57] INFO: Generating sequence
0% 10% 20% 30% 40% 50% 60% 70% 80% 90% 100% 
[2025-10-18 11:29:58] INFO: Filtering contained disjointigs
0% 10% 20% 30% 40% 50% 60% 70% 80% 90% 100% 
[2025-10-18 11:29:59] INFO: Contained seqs: 55
[2025-10-18 11:29:59] INFO: >>>STAGE: consensus
[2025-10-18 11:29:59] INFO: Running Minimap2
[2025-10-18 11:30:21] INFO: Computing consensus
[2025-10-18 11:31:09] INFO: Alignment error rate: 0.028943
[2025-10-18 11:31:09] INFO: >>>STAGE: repeat
[2025-10-18 11:31:09] INFO: Building and resolving repeat graph
[2025-10-18 11:31:10] INFO: Parsing disjointigs
[2025-10-18 11:31:10] INFO: Building repeat graph
0% 10% 20% 30% 40% 50% 60% 70% 80% 90% 100% 
[2025-10-18 11:31:11] INFO: Median overlap divergence: 0.00662095
[2025-10-18 11:31:11] INFO: Parsing reads
[2025-10-18 11:31:13] INFO: Aligning reads to the graph
0% 10% 20% 30% 40% 50% 60% 70% 80% 90% 100% 
[2025-10-18 11:31:28] INFO: Aligned read sequence: 50471526 / 73796799 (0.683926)
[2025-10-18 11:31:28] INFO: Median overlap divergence: 0.00785857
[2025-10-18 11:31:28] INFO: Mean edge coverage: 14
[2025-10-18 11:31:28] INFO: Simplifying the graph
[2025-10-18 11:31:28] INFO: >>>STAGE: contigger
[2025-10-18 11:31:28] INFO: Generating contigs
[2025-10-18 11:31:28] INFO: Reading sequences
[2025-10-18 11:31:30] INFO: Generated 868 contigs
[2025-10-18 11:31:30] INFO: Added 0 scaffold connections
[2025-10-18 11:31:30] INFO: >>>STAGE: polishing
[2025-10-18 11:31:30] INFO: Polishing genome (1/1)
[2025-10-18 11:31:30] INFO: Running minimap2
[2025-10-18 11:31:51] INFO: Separating alignment into bubbles
[2025-10-18 11:32:43] INFO: Alignment error rate: 0.018247
[2025-10-18 11:32:43] INFO: Correcting bubbles
0% 10% 20% 30% 40% 50% 60% 70% 80% 90% 100% 
[2025-10-18 11:34:13] INFO: >>>STAGE: finalize
[2025-10-18 11:34:13] INFO: Assembly statistics:

	Total length:	3241101
	Fragments:	867
	Fragments N50:	3833
	Largest frg:	22398
	Scaffolds:	0
	Mean coverage:	21

[2025-10-18 11:34:13] INFO: Final assembly: /data/djs217/vibrio/P0213_250813_11813/01_raw_reads/hybracter_out/processing/assemblies/11813_EXE_33_2024_E_PBC74148/assembly.fasta
