[2025-10-16 21:01:32] INFO: Starting Flye 2.9.6-b1802
[2025-10-16 21:01:32] INFO: >>>STAGE: configure
[2025-10-16 21:01:32] INFO: Configuring run
[2025-10-16 21:01:41] INFO: Total read length: 279157886
[2025-10-16 21:01:41] INFO: Reads N50/N90: 38550 / 28014
[2025-10-16 21:01:41] INFO: Minimum overlap set to 10000
[2025-10-16 21:01:41] INFO: >>>STAGE: assembly
[2025-10-16 21:01:41] INFO: Assembling disjointigs
[2025-10-16 21:01:41] INFO: Reading sequences
[2025-10-16 21:01:45] INFO: Building minimizer index
[2025-10-16 21:01:45] INFO: Pre-calculating index storage
0% 10% 20% 30% 40% 50% 60% 70% 80% 90% 100% 
[2025-10-16 21:02:01] INFO: Filling index
0% 10% 20% 30% 40% 50% 60% 70% 80% 90% 100% 
[2025-10-16 21:05:50] INFO: Extending reads
[2025-10-16 21:09:14] INFO: Overlap-based coverage: 60
[2025-10-16 21:09:14] INFO: Median overlap divergence: 0.0122905
0% 30% 90% 100% 
[2025-10-16 21:11:27] INFO: Assembled 2 disjointigs
[2025-10-16 21:11:27] INFO: Generating sequence
0% 10% 20% 30% 40% 50% 60% 70% 80% 90% 100% 
[2025-10-16 21:11:30] INFO: Filtering contained disjointigs
0% 50% 100% 
[2025-10-16 21:11:31] INFO: Contained seqs: 0
[2025-10-16 21:11:31] INFO: >>>STAGE: consensus
[2025-10-16 21:11:31] INFO: Running Minimap2
[2025-10-16 21:13:11] INFO: Computing consensus
[2025-10-16 21:14:45] INFO: Alignment error rate: 0.015382
[2025-10-16 21:14:45] INFO: >>>STAGE: repeat
[2025-10-16 21:14:45] INFO: Building and resolving repeat graph
[2025-10-16 21:14:45] INFO: Parsing disjointigs
[2025-10-16 21:14:45] INFO: Building repeat graph
0% 50% 100% 
[2025-10-16 21:14:48] INFO: Median overlap divergence: 0.000277975
[2025-10-16 21:14:48] INFO: Parsing reads
[2025-10-16 21:14:52] INFO: Aligning reads to the graph
0% 10% 20% 30% 40% 50% 60% 70% 80% 90% 100% 
[2025-10-16 21:15:58] INFO: Aligned read sequence: 278933222 / 279157886 (0.999195)
[2025-10-16 21:15:58] INFO: Median overlap divergence: 0.00515753
[2025-10-16 21:15:58] INFO: Mean edge coverage: 54
[2025-10-16 21:15:58] INFO: Simplifying the graph
[2025-10-16 21:15:58] INFO: >>>STAGE: contigger
[2025-10-16 21:15:58] INFO: Generating contigs
[2025-10-16 21:15:58] INFO: Reading sequences
[2025-10-16 21:16:02] INFO: Generated 2 contigs
[2025-10-16 21:16:02] INFO: Added 0 scaffold connections
[2025-10-16 21:16:02] INFO: >>>STAGE: polishing
[2025-10-16 21:16:02] INFO: Polishing genome (1/1)
[2025-10-16 21:16:02] INFO: Running minimap2
[2025-10-16 21:17:38] INFO: Separating alignment into bubbles
[2025-10-16 21:19:42] INFO: Alignment error rate: 0.006880
[2025-10-16 21:19:42] INFO: Correcting bubbles
0% 10% 20% 30% 40% 50% 60% 70% 80% 90% 100% 
[2025-10-16 21:22:06] INFO: >>>STAGE: finalize
[2025-10-16 21:22:06] INFO: Assembly statistics:

	Total length:	5125289
	Fragments:	2
	Fragments N50:	3241114
	Largest frg:	3241114
	Scaffolds:	0
	Mean coverage:	55

[2025-10-16 21:22:06] INFO: Final assembly: /data/djs217/vibrio/P0213_250813_11813/01_raw_reads/hybracter_out/processing/assemblies/11813_EXE_12_2025_A_PBC74148/assembly.fasta
