[2025-10-18 02:27:53] INFO: Starting Flye 2.9.6-b1802
[2025-10-18 02:27:53] INFO: >>>STAGE: configure
[2025-10-18 02:27:53] INFO: Configuring run
[2025-10-18 02:28:01] INFO: Total read length: 276751511
[2025-10-18 02:28:01] INFO: Reads N50/N90: 10519 / 6425
[2025-10-18 02:28:01] INFO: Minimum overlap set to 6000
[2025-10-18 02:28:01] INFO: >>>STAGE: assembly
[2025-10-18 02:28:01] INFO: Assembling disjointigs
[2025-10-18 02:28:01] INFO: Reading sequences
[2025-10-18 02:28:05] INFO: Building minimizer index
[2025-10-18 02:28:05] INFO: Pre-calculating index storage
0% 10% 20% 30% 40% 50% 60% 70% 80% 90% 100% 
[2025-10-18 02:28:22] INFO: Filling index
0% 10% 20% 30% 40% 50% 60% 70% 80% 90% 100% 
[2025-10-18 02:29:35] INFO: Extending reads
[2025-10-18 02:30:20] INFO: Overlap-based coverage: 45
[2025-10-18 02:30:20] INFO: Median overlap divergence: 0.0214858
0% 20% 60% 90% 100% 
[2025-10-18 02:33:32] INFO: Assembled 6 disjointigs
[2025-10-18 02:33:32] INFO: Generating sequence
0% 10% 20% 30% 40% 50% 60% 70% 80% 90% 100% 
[2025-10-18 02:33:36] INFO: Filtering contained disjointigs
0% 10% 30% 50% 60% 80% 100% 
[2025-10-18 02:33:38] INFO: Contained seqs: 1
[2025-10-18 02:33:38] INFO: >>>STAGE: consensus
[2025-10-18 02:33:38] INFO: Running Minimap2
[2025-10-18 02:35:14] INFO: Computing consensus
[2025-10-18 02:36:59] INFO: Alignment error rate: 0.026480
[2025-10-18 02:37:00] INFO: >>>STAGE: repeat
[2025-10-18 02:37:00] INFO: Building and resolving repeat graph
[2025-10-18 02:37:00] INFO: Parsing disjointigs
[2025-10-18 02:37:00] INFO: Building repeat graph
0% 20% 40% 60% 80% 100% 
[2025-10-18 02:37:03] INFO: Median overlap divergence: 0.0179974
[2025-10-18 02:37:03] INFO: Parsing reads
[2025-10-18 02:37:07] INFO: Aligning reads to the graph
0% 10% 20% 30% 40% 50% 60% 70% 80% 90% 100% 
[2025-10-18 02:38:22] INFO: Aligned read sequence: 259839790 / 262299059 (0.990624)
[2025-10-18 02:38:22] INFO: Median overlap divergence: 0.00864708
[2025-10-18 02:38:22] INFO: Mean edge coverage: 42
[2025-10-18 02:38:22] INFO: Simplifying the graph
[2025-10-18 02:38:23] INFO: >>>STAGE: contigger
[2025-10-18 02:38:23] INFO: Generating contigs
[2025-10-18 02:38:23] INFO: Reading sequences
[2025-10-18 02:38:27] INFO: Generated 5 contigs
[2025-10-18 02:38:27] INFO: Added 0 scaffold connections
[2025-10-18 02:38:27] INFO: >>>STAGE: polishing
[2025-10-18 02:38:27] INFO: Polishing genome (1/1)
[2025-10-18 02:38:27] INFO: Running minimap2
[2025-10-18 02:40:04] INFO: Separating alignment into bubbles
[2025-10-18 02:42:09] INFO: Alignment error rate: 0.014326
[2025-10-18 02:42:09] INFO: Correcting bubbles
0% 10% 20% 30% 40% 50% 60% 70% 80% 90% 100% 
[2025-10-18 02:44:30] INFO: >>>STAGE: finalize
[2025-10-18 02:44:30] INFO: Assembly statistics:

	Total length:	6140181
	Fragments:	5
	Fragments N50:	1859907
	Largest frg:	2366203
	Scaffolds:	0
	Mean coverage:	41

[2025-10-18 02:44:30] INFO: Final assembly: /data/djs217/vibrio/P0213_250813_11813/01_raw_reads/hybracter_out/processing/assemblies/11813_EXE_30_2024_G_PBC74148/assembly.fasta
