[2025-10-18 11:21:17] INFO: Starting Flye 2.9.6-b1802
[2025-10-18 11:21:17] INFO: >>>STAGE: configure
[2025-10-18 11:21:17] INFO: Configuring run
[2025-10-18 11:21:18] INFO: Total read length: 47092159
[2025-10-18 11:21:18] INFO: Reads N50/N90: 1626 / 1018
[2025-10-18 11:21:18] INFO: Minimum overlap set to 1000
[2025-10-18 11:21:18] INFO: >>>STAGE: assembly
[2025-10-18 11:21:18] INFO: Assembling disjointigs
[2025-10-18 11:21:18] INFO: Reading sequences
[2025-10-18 11:21:19] INFO: Building minimizer index
[2025-10-18 11:21:19] INFO: Pre-calculating index storage
0% 10% 20% 30% 40% 50% 60% 70% 80% 90% 100% 
[2025-10-18 11:21:22] INFO: Filling index
0% 10% 20% 30% 40% 50% 60% 70% 80% 90% 100% 
[2025-10-18 11:21:28] INFO: Extending reads
[2025-10-18 11:21:30] INFO: Overlap-based coverage: 6
[2025-10-18 11:21:30] INFO: Median overlap divergence: 0.0192113
0% 10% 20% 30% 40% 50% 60% 70% 80% 90% 100% 
[2025-10-18 11:21:46] INFO: Assembled 919 disjointigs
[2025-10-18 11:21:46] INFO: Generating sequence
0% 10% 20% 30% 40% 50% 60% 70% 80% 90% 100% 
[2025-10-18 11:21:47] INFO: Filtering contained disjointigs
0% 10% 20% 30% 40% 50% 60% 70% 80% 90% 100% 
[2025-10-18 11:21:48] INFO: Contained seqs: 51
[2025-10-18 11:21:48] INFO: >>>STAGE: consensus
[2025-10-18 11:21:48] INFO: Running Minimap2
[2025-10-18 11:22:01] INFO: Computing consensus
[2025-10-18 11:22:35] INFO: Alignment error rate: 0.027757
[2025-10-18 11:22:35] INFO: >>>STAGE: repeat
[2025-10-18 11:22:35] INFO: Building and resolving repeat graph
[2025-10-18 11:22:35] INFO: Parsing disjointigs
[2025-10-18 11:22:35] INFO: Building repeat graph
0% 10% 20% 30% 40% 50% 60% 70% 80% 90% 100% 
[2025-10-18 11:22:37] INFO: Median overlap divergence: 0.0230352
[2025-10-18 11:22:37] INFO: Parsing reads
[2025-10-18 11:22:37] INFO: Aligning reads to the graph
0% 10% 20% 30% 40% 50% 60% 70% 80% 90% 100% 
[2025-10-18 11:22:48] INFO: Aligned read sequence: 29145717 / 43015088 (0.67757)
[2025-10-18 11:22:48] INFO: Median overlap divergence: 0.00746274
[2025-10-18 11:22:48] INFO: Mean edge coverage: 9
[2025-10-18 11:22:48] INFO: Simplifying the graph
[2025-10-18 11:22:48] INFO: >>>STAGE: contigger
[2025-10-18 11:22:48] INFO: Generating contigs
[2025-10-18 11:22:48] INFO: Reading sequences
[2025-10-18 11:22:49] INFO: Generated 771 contigs
[2025-10-18 11:22:49] INFO: Added 0 scaffold connections
[2025-10-18 11:22:49] INFO: >>>STAGE: polishing
[2025-10-18 11:22:49] INFO: Polishing genome (1/1)
[2025-10-18 11:22:49] INFO: Running minimap2
[2025-10-18 11:23:01] INFO: Separating alignment into bubbles
[2025-10-18 11:23:34] INFO: Alignment error rate: 0.018095
[2025-10-18 11:23:34] INFO: Correcting bubbles
0% 10% 20% 30% 40% 50% 60% 70% 80% 90% 100% 
[2025-10-18 11:24:15] INFO: >>>STAGE: finalize
[2025-10-18 11:24:15] INFO: Assembly statistics:

	Total length:	2778735
	Fragments:	771
	Fragments N50:	3960
	Largest frg:	24354
	Scaffolds:	0
	Mean coverage:	13

[2025-10-18 11:24:15] INFO: Final assembly: /data/djs217/vibrio/P0213_250813_11813/01_raw_reads/hybracter_out/processing/assemblies/11813_EXE_30_2025_R_PBC74148/assembly.fasta
