[2025-10-16 18:44:11] INFO: Starting Flye 2.9.6-b1802
[2025-10-16 18:44:11] INFO: >>>STAGE: configure
[2025-10-16 18:44:11] INFO: Configuring run
[2025-10-16 18:44:18] INFO: Total read length: 278310434
[2025-10-16 18:44:18] INFO: Reads N50/N90: 19740 / 12382
[2025-10-16 18:44:18] INFO: Minimum overlap set to 10000
[2025-10-16 18:44:18] INFO: >>>STAGE: assembly
[2025-10-16 18:44:18] INFO: Assembling disjointigs
[2025-10-16 18:44:18] INFO: Reading sequences
[2025-10-16 18:44:22] INFO: Building minimizer index
[2025-10-16 18:44:22] INFO: Pre-calculating index storage
0% 10% 20% 30% 40% 50% 60% 70% 80% 90% 100% 
[2025-10-16 18:44:38] INFO: Filling index
0% 10% 20% 30% 40% 50% 60% 70% 80% 90% 100% 
[2025-10-16 18:48:01] INFO: Extending reads
[2025-10-16 18:50:46] INFO: Overlap-based coverage: 56
[2025-10-16 18:50:46] INFO: Median overlap divergence: 0.0189732
0% 60% 80% 90% 100% 
[2025-10-16 18:53:58] INFO: Assembled 4 disjointigs
[2025-10-16 18:53:58] INFO: Generating sequence
0% 10% 20% 30% 40% 50% 60% 70% 80% 90% 100% 
[2025-10-16 18:54:02] INFO: Filtering contained disjointigs
0% 20% 50% 70% 100% 
[2025-10-16 18:54:03] INFO: Contained seqs: 0
[2025-10-16 18:54:03] INFO: >>>STAGE: consensus
[2025-10-16 18:54:03] INFO: Running Minimap2
[2025-10-16 18:55:47] INFO: Computing consensus
[2025-10-16 18:57:25] INFO: Alignment error rate: 0.022018
[2025-10-16 18:57:25] INFO: >>>STAGE: repeat
[2025-10-16 18:57:25] INFO: Building and resolving repeat graph
[2025-10-16 18:57:25] INFO: Parsing disjointigs
[2025-10-16 18:57:26] INFO: Building repeat graph
0% 20% 50% 70% 100% 
[2025-10-16 18:57:28] INFO: Median overlap divergence: 0.0141349
[2025-10-16 18:57:28] INFO: Parsing reads
[2025-10-16 18:57:32] INFO: Aligning reads to the graph
0% 10% 20% 30% 40% 50% 60% 70% 80% 90% 100% 
[2025-10-16 18:58:37] INFO: Aligned read sequence: 277221598 / 278152595 (0.996653)
[2025-10-16 18:58:37] INFO: Median overlap divergence: 0.00763881
[2025-10-16 18:58:37] INFO: Mean edge coverage: 52
[2025-10-16 18:58:37] INFO: Simplifying the graph
[2025-10-16 18:58:37] INFO: >>>STAGE: contigger
[2025-10-16 18:58:37] INFO: Generating contigs
[2025-10-16 18:58:37] INFO: Reading sequences
[2025-10-16 18:58:41] INFO: Generated 6 contigs
[2025-10-16 18:58:41] INFO: Added 0 scaffold connections
[2025-10-16 18:58:41] INFO: >>>STAGE: polishing
[2025-10-16 18:58:41] INFO: Polishing genome (1/1)
[2025-10-16 18:58:41] INFO: Running minimap2
[2025-10-16 19:00:09] INFO: Separating alignment into bubbles
[2025-10-16 19:02:15] INFO: Alignment error rate: 0.012749
[2025-10-16 19:02:15] INFO: Correcting bubbles
0% 10% 20% 30% 40% 50% 60% 70% 80% 90% 100% 
[2025-10-16 19:04:40] INFO: >>>STAGE: finalize
[2025-10-16 19:04:40] INFO: Assembly statistics:

	Total length:	5307814
	Fragments:	4
	Fragments N50:	3313269
	Largest frg:	3313269
	Scaffolds:	0
	Mean coverage:	50

[2025-10-16 19:04:40] INFO: Final assembly: /data/djs217/vibrio/P0213_250813_11813/01_raw_reads/hybracter_out/processing/assemblies/11813_EXE_29_2025_V_PBC74148/assembly.fasta
