[2025-10-18 00:24:46] INFO: Starting Flye 2.9.6-b1802
[2025-10-18 00:24:46] INFO: >>>STAGE: configure
[2025-10-18 00:24:46] INFO: Configuring run
[2025-10-18 00:24:51] INFO: Total read length: 277547207
[2025-10-18 00:24:51] INFO: Reads N50/N90: 13933 / 9841
[2025-10-18 00:24:51] INFO: Minimum overlap set to 10000
[2025-10-18 00:24:51] INFO: >>>STAGE: assembly
[2025-10-18 00:24:51] INFO: Assembling disjointigs
[2025-10-18 00:24:51] INFO: Reading sequences
[2025-10-18 00:24:54] INFO: Building minimizer index
[2025-10-18 00:24:54] INFO: Pre-calculating index storage
0% 10% 20% 30% 40% 50% 60% 70% 80% 90% 100% 
[2025-10-18 00:25:09] INFO: Filling index
0% 10% 20% 30% 40% 50% 60% 70% 80% 90% 100% 
[2025-10-18 00:26:39] INFO: Extending reads
[2025-10-18 00:27:51] INFO: Overlap-based coverage: 50
[2025-10-18 00:27:51] INFO: Median overlap divergence: 0.0187385
0% 20% 50% 60% 90% 100% 
[2025-10-18 00:31:03] INFO: Assembled 5 disjointigs
[2025-10-18 00:31:03] INFO: Generating sequence
0% 10% 20% 30% 40% 50% 60% 70% 80% 90% 100% 
[2025-10-18 00:31:07] INFO: Filtering contained disjointigs
0% 20% 40% 60% 80% 100% 
[2025-10-18 00:31:08] INFO: Contained seqs: 0
[2025-10-18 00:31:08] INFO: >>>STAGE: consensus
[2025-10-18 00:31:08] INFO: Running Minimap2
[2025-10-18 00:32:42] INFO: Computing consensus
[2025-10-18 00:34:18] INFO: Alignment error rate: 0.021727
[2025-10-18 00:34:18] INFO: >>>STAGE: repeat
[2025-10-18 00:34:18] INFO: Building and resolving repeat graph
[2025-10-18 00:34:18] INFO: Parsing disjointigs
[2025-10-18 00:34:18] INFO: Building repeat graph
0% 20% 40% 60% 80% 100% 
[2025-10-18 00:34:21] INFO: Median overlap divergence: 0.0269338
[2025-10-18 00:34:21] INFO: Parsing reads
[2025-10-18 00:34:25] INFO: Aligning reads to the graph
0% 10% 20% 30% 40% 50% 60% 70% 80% 90% 100% 
[2025-10-18 00:35:24] INFO: Aligned read sequence: 243155736 / 244883990 (0.992943)
[2025-10-18 00:35:24] INFO: Median overlap divergence: 0.00720763
[2025-10-18 00:35:24] INFO: Mean edge coverage: 45
[2025-10-18 00:35:24] INFO: Simplifying the graph
[2025-10-18 00:35:24] INFO: >>>STAGE: contigger
[2025-10-18 00:35:24] INFO: Generating contigs
[2025-10-18 00:35:24] INFO: Reading sequences
[2025-10-18 00:35:28] INFO: Generated 4 contigs
[2025-10-18 00:35:28] INFO: Added 0 scaffold connections
[2025-10-18 00:35:28] INFO: >>>STAGE: polishing
[2025-10-18 00:35:28] INFO: Polishing genome (1/1)
[2025-10-18 00:35:28] INFO: Running minimap2
[2025-10-18 00:37:01] INFO: Separating alignment into bubbles
[2025-10-18 00:39:06] INFO: Alignment error rate: 0.010656
[2025-10-18 00:39:06] INFO: Correcting bubbles
0% 10% 20% 30% 40% 50% 60% 70% 80% 90% 100% 
[2025-10-18 00:41:27] INFO: >>>STAGE: finalize
[2025-10-18 00:41:27] INFO: Assembly statistics:

	Total length:	5339131
	Fragments:	4
	Fragments N50:	3358991
	Largest frg:	3358991
	Scaffolds:	0
	Mean coverage:	51

[2025-10-18 00:41:27] INFO: Final assembly: /data/djs217/vibrio/P0213_250813_11813/01_raw_reads/hybracter_out/processing/assemblies/11813_EXE_09_2024_B_PBC74148/assembly.fasta
