[2025-10-17 09:36:02] INFO: Starting Flye 2.9.6-b1802
[2025-10-17 09:36:02] INFO: >>>STAGE: configure
[2025-10-17 09:36:02] INFO: Configuring run
[2025-10-17 09:36:10] INFO: Total read length: 277447146
[2025-10-17 09:36:10] INFO: Reads N50/N90: 13008 / 9401
[2025-10-17 09:36:10] INFO: Minimum overlap set to 9000
[2025-10-17 09:36:10] INFO: >>>STAGE: assembly
[2025-10-17 09:36:10] INFO: Assembling disjointigs
[2025-10-17 09:36:10] INFO: Reading sequences
[2025-10-17 09:36:14] INFO: Building minimizer index
[2025-10-17 09:36:14] INFO: Pre-calculating index storage
0% 10% 20% 30% 40% 50% 60% 70% 80% 90% 100% 
[2025-10-17 09:36:30] INFO: Filling index
0% 10% 20% 30% 40% 50% 60% 70% 80% 90% 100% 
[2025-10-17 09:38:07] INFO: Extending reads
[2025-10-17 09:39:26] INFO: Overlap-based coverage: 64
[2025-10-17 09:39:26] INFO: Median overlap divergence: 0.018548
0% 10% 20% 40% 50% 80% 90% 100% 
[2025-10-17 10:03:31] INFO: Assembled 9 disjointigs
[2025-10-17 10:03:31] INFO: Generating sequence
0% 10% 20% 30% 40% 50% 60% 70% 80% 90% 100% 
[2025-10-17 10:03:34] INFO: Filtering contained disjointigs
0% 10% 20% 30% 40% 50% 60% 70% 80% 100% 
[2025-10-17 10:03:35] INFO: Contained seqs: 1
[2025-10-17 10:03:35] INFO: >>>STAGE: consensus
[2025-10-17 10:03:35] INFO: Running Minimap2
[2025-10-17 10:05:06] INFO: Computing consensus
[2025-10-17 10:06:43] INFO: Alignment error rate: 0.022114
[2025-10-17 10:06:43] INFO: >>>STAGE: repeat
[2025-10-17 10:06:43] INFO: Building and resolving repeat graph
[2025-10-17 10:06:43] INFO: Parsing disjointigs
[2025-10-17 10:06:43] INFO: Building repeat graph
0% 10% 20% 30% 50% 60% 70% 80% 100% 
[2025-10-17 10:06:46] INFO: Median overlap divergence: 0.0149952
[2025-10-17 10:06:46] INFO: Parsing reads
[2025-10-17 10:06:50] INFO: Aligning reads to the graph
0% 10% 20% 30% 40% 50% 60% 70% 80% 90% 100% 
[2025-10-17 10:07:49] INFO: Aligned read sequence: 260266889 / 262325607 (0.992152)
[2025-10-17 10:07:49] INFO: Median overlap divergence: 0.00713885
[2025-10-17 10:07:49] INFO: Mean edge coverage: 49
[2025-10-17 10:07:49] INFO: Simplifying the graph
[2025-10-17 10:07:49] INFO: >>>STAGE: contigger
[2025-10-17 10:07:49] INFO: Generating contigs
[2025-10-17 10:07:49] INFO: Reading sequences
[2025-10-17 10:07:53] INFO: Generated 5 contigs
[2025-10-17 10:07:53] INFO: Added 0 scaffold connections
[2025-10-17 10:07:53] INFO: >>>STAGE: polishing
[2025-10-17 10:07:53] INFO: Polishing genome (1/1)
[2025-10-17 10:07:53] INFO: Running minimap2
[2025-10-17 10:09:22] INFO: Separating alignment into bubbles
[2025-10-17 10:11:25] INFO: Alignment error rate: 0.011128
[2025-10-17 10:11:25] INFO: Correcting bubbles
0% 10% 20% 30% 40% 50% 60% 70% 80% 90% 100% 
[2025-10-17 10:13:40] INFO: >>>STAGE: finalize
[2025-10-17 10:13:40] INFO: Assembly statistics:

	Total length:	5108959
	Fragments:	5
	Fragments N50:	1607333
	Largest frg:	2239842
	Scaffolds:	0
	Mean coverage:	48

[2025-10-17 10:13:40] INFO: Final assembly: /data/djs217/vibrio/P0213_250813_11813/01_raw_reads/hybracter_out/processing/assemblies/11813_EXE_29_2025_HH_PBC74148/assembly.fasta
