[2025-10-17 17:35:40] INFO: Starting Flye 2.9.6-b1802
[2025-10-17 17:35:40] INFO: >>>STAGE: configure
[2025-10-17 17:35:40] INFO: Configuring run
[2025-10-17 17:35:47] INFO: Total read length: 277539879
[2025-10-17 17:35:47] INFO: Reads N50/N90: 13747 / 8545
[2025-10-17 17:35:47] INFO: Minimum overlap set to 9000
[2025-10-17 17:35:47] INFO: >>>STAGE: assembly
[2025-10-17 17:35:47] INFO: Assembling disjointigs
[2025-10-17 17:35:47] INFO: Reading sequences
[2025-10-17 17:35:51] INFO: Building minimizer index
[2025-10-17 17:35:51] INFO: Pre-calculating index storage
0% 10% 20% 30% 40% 50% 60% 70% 80% 90% 100% 
[2025-10-17 17:36:06] INFO: Filling index
0% 10% 20% 30% 40% 50% 60% 70% 80% 90% 100% 
[2025-10-17 17:37:35] INFO: Extending reads
[2025-10-17 17:38:43] INFO: Overlap-based coverage: 49
[2025-10-17 17:38:43] INFO: Median overlap divergence: 0.0237609
0% 30% 90% 100% 
[2025-10-17 17:41:37] INFO: Assembled 2 disjointigs
[2025-10-17 17:41:37] INFO: Generating sequence
0% 10% 20% 30% 40% 50% 60% 70% 80% 90% 100% 
[2025-10-17 17:41:40] INFO: Filtering contained disjointigs
0% 50% 100% 
[2025-10-17 17:41:41] INFO: Contained seqs: 0
[2025-10-17 17:41:42] INFO: >>>STAGE: consensus
[2025-10-17 17:41:42] INFO: Running Minimap2
[2025-10-17 17:43:08] INFO: Computing consensus
[2025-10-17 17:44:45] INFO: Alignment error rate: 0.026476
[2025-10-17 17:44:45] INFO: >>>STAGE: repeat
[2025-10-17 17:44:45] INFO: Building and resolving repeat graph
[2025-10-17 17:44:45] INFO: Parsing disjointigs
[2025-10-17 17:44:45] INFO: Building repeat graph
0% 50% 100% 
[2025-10-17 17:44:47] INFO: Median overlap divergence: 0.0332924
[2025-10-17 17:44:47] INFO: Parsing reads
[2025-10-17 17:44:51] INFO: Aligning reads to the graph
0% 10% 20% 30% 40% 50% 60% 70% 80% 90% 100% 
[2025-10-17 17:45:48] INFO: Aligned read sequence: 237286472 / 238877024 (0.993342)
[2025-10-17 17:45:48] INFO: Median overlap divergence: 0.00925255
[2025-10-17 17:45:48] INFO: Mean edge coverage: 45
[2025-10-17 17:45:48] INFO: Simplifying the graph
[2025-10-17 17:45:48] INFO: >>>STAGE: contigger
[2025-10-17 17:45:48] INFO: Generating contigs
[2025-10-17 17:45:48] INFO: Reading sequences
[2025-10-17 17:45:52] INFO: Generated 2 contigs
[2025-10-17 17:45:52] INFO: Added 0 scaffold connections
[2025-10-17 17:45:52] INFO: >>>STAGE: polishing
[2025-10-17 17:45:52] INFO: Polishing genome (1/1)
[2025-10-17 17:45:52] INFO: Running minimap2
[2025-10-17 17:47:22] INFO: Separating alignment into bubbles
[2025-10-17 17:49:25] INFO: Alignment error rate: 0.013311
[2025-10-17 17:49:25] INFO: Correcting bubbles
0% 10% 20% 30% 40% 50% 60% 70% 80% 90% 100% 
[2025-10-17 17:51:41] INFO: >>>STAGE: finalize
[2025-10-17 17:51:41] INFO: Assembly statistics:

	Total length:	5153120
	Fragments:	2
	Fragments N50:	3316642
	Largest frg:	3316642
	Scaffolds:	0
	Mean coverage:	50

[2025-10-17 17:51:41] INFO: Final assembly: /data/djs217/vibrio/P0213_250813_11813/01_raw_reads/hybracter_out/processing/assemblies/11813_EXE_19_2024_M_PBC74148/assembly.fasta
