[2025-10-18 02:48:27] INFO: Starting Flye 2.9.6-b1802
[2025-10-18 02:48:27] INFO: >>>STAGE: configure
[2025-10-18 02:48:27] INFO: Configuring run
[2025-10-18 02:48:35] INFO: Total read length: 277514017
[2025-10-18 02:48:35] INFO: Reads N50/N90: 13828 / 8532
[2025-10-18 02:48:35] INFO: Minimum overlap set to 9000
[2025-10-18 02:48:35] INFO: >>>STAGE: assembly
[2025-10-18 02:48:35] INFO: Assembling disjointigs
[2025-10-18 02:48:35] INFO: Reading sequences
[2025-10-18 02:48:39] INFO: Building minimizer index
[2025-10-18 02:48:39] INFO: Pre-calculating index storage
0% 10% 20% 30% 40% 50% 60% 70% 80% 90% 100% 
[2025-10-18 02:48:56] INFO: Filling index
0% 10% 20% 30% 40% 50% 60% 70% 80% 90% 100% 
[2025-10-18 02:50:33] INFO: Extending reads
[2025-10-18 02:51:48] INFO: Overlap-based coverage: 51
[2025-10-18 02:51:48] INFO: Median overlap divergence: 0.024937
0% 60% 90% 100% 
[2025-10-18 02:55:07] INFO: Assembled 3 disjointigs
[2025-10-18 02:55:08] INFO: Generating sequence
0% 10% 20% 30% 40% 50% 60% 70% 80% 90% 100% 
[2025-10-18 02:55:12] INFO: Filtering contained disjointigs
0% 30% 60% 100% 
[2025-10-18 02:55:13] INFO: Contained seqs: 0
[2025-10-18 02:55:13] INFO: >>>STAGE: consensus
[2025-10-18 02:55:13] INFO: Running Minimap2
[2025-10-18 02:56:45] INFO: Computing consensus
[2025-10-18 02:58:23] INFO: Alignment error rate: 0.027517
[2025-10-18 02:58:23] INFO: >>>STAGE: repeat
[2025-10-18 02:58:23] INFO: Building and resolving repeat graph
[2025-10-18 02:58:23] INFO: Parsing disjointigs
[2025-10-18 02:58:23] INFO: Building repeat graph
0% 30% 60% 100% 
[2025-10-18 02:58:26] INFO: Median overlap divergence: 0.0287087
[2025-10-18 02:58:26] INFO: Parsing reads
[2025-10-18 02:58:30] INFO: Aligning reads to the graph
0% 10% 20% 30% 40% 50% 60% 70% 80% 90% 100% 
[2025-10-18 02:59:26] INFO: Aligned read sequence: 237068469 / 238665850 (0.993307)
[2025-10-18 02:59:26] INFO: Median overlap divergence: 0.00976396
[2025-10-18 02:59:26] INFO: Mean edge coverage: 45
[2025-10-18 02:59:26] INFO: Simplifying the graph
[2025-10-18 02:59:27] INFO: >>>STAGE: contigger
[2025-10-18 02:59:27] INFO: Generating contigs
[2025-10-18 02:59:27] INFO: Reading sequences
[2025-10-18 02:59:30] INFO: Generated 3 contigs
[2025-10-18 02:59:31] INFO: Added 0 scaffold connections
[2025-10-18 02:59:31] INFO: >>>STAGE: polishing
[2025-10-18 02:59:31] INFO: Polishing genome (1/1)
[2025-10-18 02:59:31] INFO: Running minimap2
[2025-10-18 03:01:06] INFO: Separating alignment into bubbles
[2025-10-18 03:03:10] INFO: Alignment error rate: 0.014060
[2025-10-18 03:03:10] INFO: Correcting bubbles
0% 10% 20% 30% 40% 50% 60% 70% 80% 90% 100% 
[2025-10-18 03:05:22] INFO: >>>STAGE: finalize
[2025-10-18 03:05:22] INFO: Assembly statistics:

	Total length:	5257348
	Fragments:	3
	Fragments N50:	3368906
	Largest frg:	3368906
	Scaffolds:	0
	Mean coverage:	50

[2025-10-18 03:05:22] INFO: Final assembly: /data/djs217/vibrio/P0213_250813_11813/01_raw_reads/hybracter_out/processing/assemblies/11813_EXE_30_2025_L_PBC74148/assembly.fasta
