[2025-10-17 21:38:54] INFO: Starting Flye 2.9.6-b1802
[2025-10-17 21:38:54] INFO: >>>STAGE: configure
[2025-10-17 21:38:54] INFO: Configuring run
[2025-10-17 21:39:02] INFO: Total read length: 277164210
[2025-10-17 21:39:02] INFO: Reads N50/N90: 12939 / 6691
[2025-10-17 21:39:02] INFO: Minimum overlap set to 7000
[2025-10-17 21:39:02] INFO: >>>STAGE: assembly
[2025-10-17 21:39:02] INFO: Assembling disjointigs
[2025-10-17 21:39:02] INFO: Reading sequences
[2025-10-17 21:39:06] INFO: Building minimizer index
[2025-10-17 21:39:06] INFO: Pre-calculating index storage
0% 10% 20% 30% 40% 50% 60% 70% 80% 90% 100% 
[2025-10-17 21:39:21] INFO: Filling index
0% 10% 20% 30% 40% 50% 60% 70% 80% 90% 100% 
[2025-10-17 21:40:51] INFO: Extending reads
[2025-10-17 21:42:07] INFO: Overlap-based coverage: 46
[2025-10-17 21:42:07] INFO: Median overlap divergence: 0.0334398
0% 20% 60% 80% 90% 100% 
[2025-10-17 21:46:48] INFO: Assembled 6 disjointigs
[2025-10-17 21:46:48] INFO: Generating sequence
0% 10% 20% 30% 40% 50% 60% 70% 80% 90% 100% 
[2025-10-17 21:46:52] INFO: Filtering contained disjointigs
0% 10% 30% 50% 60% 80% 100% 
[2025-10-17 21:46:53] INFO: Contained seqs: 2
[2025-10-17 21:46:53] INFO: >>>STAGE: consensus
[2025-10-17 21:46:53] INFO: Running Minimap2
[2025-10-17 21:48:29] INFO: Computing consensus
[2025-10-17 21:50:09] INFO: Alignment error rate: 0.037777
[2025-10-17 21:50:09] INFO: >>>STAGE: repeat
[2025-10-17 21:50:09] INFO: Building and resolving repeat graph
[2025-10-17 21:50:09] INFO: Parsing disjointigs
[2025-10-17 21:50:09] INFO: Building repeat graph
0% 20% 50% 70% 100% 
[2025-10-17 21:50:12] INFO: Median overlap divergence: 0.0327893
[2025-10-17 21:50:12] INFO: Parsing reads
[2025-10-17 21:50:16] INFO: Aligning reads to the graph
0% 10% 20% 30% 40% 50% 60% 70% 80% 90% 100% 
[2025-10-17 21:51:13] INFO: Aligned read sequence: 239589410 / 243535285 (0.983798)
[2025-10-17 21:51:13] INFO: Median overlap divergence: 0.0128552
[2025-10-17 21:51:13] INFO: Mean edge coverage: 44
[2025-10-17 21:51:13] INFO: Simplifying the graph
[2025-10-17 21:51:13] INFO: >>>STAGE: contigger
[2025-10-17 21:51:13] INFO: Generating contigs
[2025-10-17 21:51:13] INFO: Reading sequences
[2025-10-17 21:51:17] INFO: Generated 3 contigs
[2025-10-17 21:51:17] INFO: Added 0 scaffold connections
[2025-10-17 21:51:17] INFO: >>>STAGE: polishing
[2025-10-17 21:51:17] INFO: Polishing genome (1/1)
[2025-10-17 21:51:17] INFO: Running minimap2
[2025-10-17 21:52:51] INFO: Separating alignment into bubbles
[2025-10-17 21:54:57] INFO: Alignment error rate: 0.019835
[2025-10-17 21:54:57] INFO: Correcting bubbles
0% 10% 20% 30% 40% 50% 60% 70% 80% 90% 100% 
[2025-10-17 21:57:14] INFO: >>>STAGE: finalize
[2025-10-17 21:57:15] INFO: Assembly statistics:

	Total length:	5392450
	Fragments:	3
	Fragments N50:	3588088
	Largest frg:	3588088
	Scaffolds:	0
	Mean coverage:	46

[2025-10-17 21:57:15] INFO: Final assembly: /data/djs217/vibrio/P0213_250813_11813/01_raw_reads/hybracter_out/processing/assemblies/11813_EXE_26_2025_C_PBC74148/assembly.fasta
