[2025-10-17 13:54:48] INFO: Starting Flye 2.9.6-b1802
[2025-10-17 13:54:48] INFO: >>>STAGE: configure
[2025-10-17 13:54:48] INFO: Configuring run
[2025-10-17 13:54:56] INFO: Total read length: 278436642
[2025-10-17 13:54:56] INFO: Reads N50/N90: 21076 / 16157
[2025-10-17 13:54:56] INFO: Minimum overlap set to 10000
[2025-10-17 13:54:56] INFO: >>>STAGE: assembly
[2025-10-17 13:54:56] INFO: Assembling disjointigs
[2025-10-17 13:54:56] INFO: Reading sequences
[2025-10-17 13:55:00] INFO: Building minimizer index
[2025-10-17 13:55:00] INFO: Pre-calculating index storage
0% 10% 20% 30% 40% 50% 60% 70% 80% 90% 100% 
[2025-10-17 13:55:16] INFO: Filling index
0% 10% 20% 30% 40% 50% 60% 70% 80% 90% 100% 
[2025-10-17 13:57:48] INFO: Extending reads
[2025-10-17 14:00:08] INFO: Overlap-based coverage: 72
[2025-10-17 14:00:08] INFO: Median overlap divergence: 0.0139303
0% 70% 90% 100% 
[2025-10-17 14:03:04] INFO: Assembled 2 disjointigs
[2025-10-17 14:03:04] INFO: Generating sequence
0% 10% 20% 30% 40% 50% 60% 70% 80% 90% 100% 
[2025-10-17 14:03:08] INFO: Filtering contained disjointigs
0% 50% 100% 
[2025-10-17 14:03:08] INFO: Contained seqs: 0
[2025-10-17 14:03:09] INFO: >>>STAGE: consensus
[2025-10-17 14:03:09] INFO: Running Minimap2
[2025-10-17 14:04:41] INFO: Computing consensus
[2025-10-17 14:06:15] INFO: Alignment error rate: 0.018071
[2025-10-17 14:06:15] INFO: >>>STAGE: repeat
[2025-10-17 14:06:15] INFO: Building and resolving repeat graph
[2025-10-17 14:06:15] INFO: Parsing disjointigs
[2025-10-17 14:06:15] INFO: Building repeat graph
0% 50% 100% 
[2025-10-17 14:06:18] INFO: Median overlap divergence: 0.0197643
[2025-10-17 14:06:18] INFO: Parsing reads
[2025-10-17 14:06:22] INFO: Aligning reads to the graph
0% 10% 20% 30% 40% 50% 60% 70% 80% 90% 100% 
[2025-10-17 14:07:25] INFO: Aligned read sequence: 277996900 / 278432795 (0.998434)
[2025-10-17 14:07:25] INFO: Median overlap divergence: 0.00592637
[2025-10-17 14:07:25] INFO: Mean edge coverage: 55
[2025-10-17 14:07:25] INFO: Simplifying the graph
[2025-10-17 14:07:25] INFO: >>>STAGE: contigger
[2025-10-17 14:07:25] INFO: Generating contigs
[2025-10-17 14:07:25] INFO: Reading sequences
[2025-10-17 14:07:29] INFO: Generated 2 contigs
[2025-10-17 14:07:29] INFO: Added 0 scaffold connections
[2025-10-17 14:07:29] INFO: >>>STAGE: polishing
[2025-10-17 14:07:29] INFO: Polishing genome (1/1)
[2025-10-17 14:07:29] INFO: Running minimap2
[2025-10-17 14:09:07] INFO: Separating alignment into bubbles
[2025-10-17 14:11:08] INFO: Alignment error rate: 0.008485
[2025-10-17 14:11:08] INFO: Correcting bubbles
0% 10% 20% 30% 40% 50% 60% 70% 80% 90% 100% 
[2025-10-17 14:13:12] INFO: >>>STAGE: finalize
[2025-10-17 14:13:12] INFO: Assembly statistics:

	Total length:	5025639
	Fragments:	2
	Fragments N50:	3267387
	Largest frg:	3267387
	Scaffolds:	0
	Mean coverage:	49

[2025-10-17 14:13:12] INFO: Final assembly: /data/djs217/vibrio/P0213_250813_11813/01_raw_reads/hybracter_out/processing/assemblies/11813_EXE_34_2024_P_PBC74148/assembly.fasta
