[2025-10-18 10:27:40] INFO: Starting Flye 2.9.6-b1802
[2025-10-18 10:27:40] INFO: >>>STAGE: configure
[2025-10-18 10:27:40] INFO: Configuring run
[2025-10-18 10:27:43] INFO: Total read length: 113994791
[2025-10-18 10:27:43] INFO: Reads N50/N90: 1928 / 975
[2025-10-18 10:27:43] INFO: Minimum overlap set to 1000
[2025-10-18 10:27:43] INFO: >>>STAGE: assembly
[2025-10-18 10:27:43] INFO: Assembling disjointigs
[2025-10-18 10:27:43] INFO: Reading sequences
[2025-10-18 10:27:45] INFO: Building minimizer index
[2025-10-18 10:27:45] INFO: Pre-calculating index storage
0% 10% 20% 30% 40% 50% 60% 70% 80% 90% 100% 
[2025-10-18 10:27:51] INFO: Filling index
0% 10% 20% 30% 40% 50% 60% 70% 80% 90% 100% 
[2025-10-18 10:28:03] INFO: Extending reads
[2025-10-18 10:28:07] INFO: Overlap-based coverage: 11
[2025-10-18 10:28:07] INFO: Median overlap divergence: 0.0288018
0% 20% 50% 70% 80% 90% 100% 
[2025-10-18 10:29:00] INFO: Assembled 6 disjointigs
[2025-10-18 10:29:00] INFO: Generating sequence
0% 10% 20% 30% 40% 50% 60% 70% 80% 90% 100% 
[2025-10-18 10:29:02] INFO: Filtering contained disjointigs
0% 10% 30% 50% 60% 80% 100% 
[2025-10-18 10:29:04] INFO: Contained seqs: 1
[2025-10-18 10:29:04] INFO: >>>STAGE: consensus
[2025-10-18 10:29:04] INFO: Running Minimap2
[2025-10-18 10:29:42] INFO: Computing consensus
[2025-10-18 10:30:36] INFO: Alignment error rate: 0.039519
[2025-10-18 10:30:36] INFO: >>>STAGE: repeat
[2025-10-18 10:30:36] INFO: Building and resolving repeat graph
[2025-10-18 10:30:36] INFO: Parsing disjointigs
[2025-10-18 10:30:36] INFO: Building repeat graph
0% 20% 40% 60% 80% 100% 
[2025-10-18 10:30:41] INFO: Median overlap divergence: 0.013373
[2025-10-18 10:30:41] INFO: Parsing reads
[2025-10-18 10:30:43] INFO: Aligning reads to the graph
0% 10% 20% 30% 40% 50% 60% 70% 80% 90% 100% 
[2025-10-18 10:36:27] INFO: Aligned read sequence: 92367251 / 99825964 (0.925283)
[2025-10-18 10:36:27] INFO: Median overlap divergence: 0.0186615
[2025-10-18 10:36:27] INFO: Mean edge coverage: 15
[2025-10-18 10:36:27] INFO: Simplifying the graph
[2025-10-18 10:36:27] INFO: >>>STAGE: contigger
[2025-10-18 10:36:27] INFO: Generating contigs
[2025-10-18 10:36:28] INFO: Reading sequences
[2025-10-18 10:36:29] INFO: Generated 7 contigs
[2025-10-18 10:36:30] INFO: Added 0 scaffold connections
[2025-10-18 10:36:30] INFO: >>>STAGE: polishing
[2025-10-18 10:36:30] INFO: Polishing genome (1/1)
[2025-10-18 10:36:30] INFO: Running minimap2
[2025-10-18 10:37:09] INFO: Separating alignment into bubbles
[2025-10-18 10:38:11] INFO: Alignment error rate: 0.029423
[2025-10-18 10:38:11] INFO: Correcting bubbles
0% 10% 20% 30% 40% 50% 60% 70% 80% 90% 100% 
[2025-10-18 10:39:33] INFO: >>>STAGE: finalize
[2025-10-18 10:39:33] INFO: Assembly statistics:

	Total length:	5967522
	Fragments:	7
	Fragments N50:	1837177
	Largest frg:	2281654
	Scaffolds:	0
	Mean coverage:	19

[2025-10-18 10:39:33] INFO: Final assembly: /data/djs217/vibrio/P0213_250813_11813/01_raw_reads/hybracter_out/processing/assemblies/11813_EXE_26_2025_A_PBC74148/assembly.fasta
