[2025-11-25 14:22:11] INFO: Starting Flye 2.9.6-b1802
[2025-11-25 14:22:11] INFO: >>>STAGE: configure
[2025-11-25 14:22:11] INFO: Configuring run
[2025-11-25 14:22:11] INFO: Total read length: 5342404
[2025-11-25 14:22:11] INFO: Reads N50/N90: 6428 / 1810
[2025-11-25 14:22:11] INFO: Minimum overlap set to 2000
[2025-11-25 14:22:11] INFO: >>>STAGE: assembly
[2025-11-25 14:22:11] INFO: Assembling disjointigs
[2025-11-25 14:22:12] INFO: Reading sequences
[2025-11-25 14:22:12] INFO: Building minimizer index
[2025-11-25 14:22:12] INFO: Pre-calculating index storage
0% 10% 20% 30% 40% 50% 60% 70% 80% 90% 100% 
[2025-11-25 14:22:12] INFO: Filling index
0% 10% 20% 30% 40% 50% 60% 70% 80% 90% 100% 
[2025-11-25 14:22:12] INFO: Extending reads
[2025-11-25 14:22:14] INFO: Overlap-based coverage: 1
[2025-11-25 14:22:14] INFO: Median overlap divergence: 0.0298451
0% 10% 20% 30% 40% 50% 60% 70% 80% 90% 100% 
[2025-11-25 14:22:14] INFO: Assembled 98 disjointigs
[2025-11-25 14:22:14] INFO: Generating sequence
0% 10% 20% 30% 40% 50% 60% 70% 80% 90% 100% 
[2025-11-25 14:22:14] INFO: Filtering contained disjointigs
0% 10% 20% 30% 40% 50% 60% 70% 80% 90% 100% 
[2025-11-25 14:22:14] INFO: Contained seqs: 1
[2025-11-25 14:22:14] INFO: >>>STAGE: consensus
[2025-11-25 14:22:14] INFO: Running Minimap2
[2025-11-25 14:22:15] INFO: Computing consensus
[2025-11-25 14:22:16] INFO: Alignment error rate: 0.034638
[2025-11-25 14:22:16] INFO: >>>STAGE: repeat
[2025-11-25 14:22:16] INFO: Building and resolving repeat graph
[2025-11-25 14:22:16] INFO: Parsing disjointigs
[2025-11-25 14:22:16] INFO: Building repeat graph
0% 10% 20% 30% 40% 50% 60% 70% 80% 90% 100% 
[2025-11-25 14:22:16] INFO: Median overlap divergence: 0.0681818
[2025-11-25 14:22:16] INFO: Parsing reads
[2025-11-25 14:22:16] INFO: Aligning reads to the graph
0% 10% 20% 30% 40% 50% 60% 70% 80% 90% 100% 
[2025-11-25 14:22:17] INFO: Aligned read sequence: 1920765 / 4678096 (0.410587)
[2025-11-25 14:22:17] INFO: Median overlap divergence: 0.0115554
[2025-11-25 14:22:17] INFO: Mean edge coverage: 1
[2025-11-25 14:22:17] INFO: Simplifying the graph
[2025-11-25 14:22:17] INFO: >>>STAGE: contigger
[2025-11-25 14:22:17] INFO: Generating contigs
[2025-11-25 14:22:17] INFO: Reading sequences
[2025-11-25 14:22:17] INFO: Generated 8 contigs
[2025-11-25 14:22:17] INFO: Added 0 scaffold connections
[2025-11-25 14:22:17] INFO: >>>STAGE: polishing
[2025-11-25 14:22:17] INFO: Polishing genome (1/1)
[2025-11-25 14:22:17] INFO: Running minimap2
[2025-11-25 14:22:17] INFO: Separating alignment into bubbles
[2025-11-25 14:22:18] INFO: Alignment error rate: 0.024419
[2025-11-25 14:22:18] INFO: Correcting bubbles
0% 10% 20% 30% 40% 50% 60% 70% 80% 90% 100% 
[2025-11-25 14:22:19] INFO: >>>STAGE: finalize
[2025-11-25 14:22:19] INFO: Assembly statistics:

	Total length:	123501
	Fragments:	8
	Fragments N50:	18236
	Largest frg:	26611
	Scaffolds:	0
	Mean coverage:	3

[2025-11-25 14:22:19] INFO: Final assembly: /data/djs217/PROJECTS/vibrio/P0213_250813_11813/02_hybracter/hybracter_out/processing/assemblies/11813_EXE_13_2025_A_PBC74148/assembly.fasta
