[2025-10-18 09:34:03] INFO: Starting Flye 2.9.6-b1802
[2025-10-18 09:34:03] INFO: >>>STAGE: configure
[2025-10-18 09:34:03] INFO: Configuring run
[2025-10-18 09:34:05] INFO: Total read length: 99405394
[2025-10-18 09:34:05] INFO: Reads N50/N90: 12159 / 3412
[2025-10-18 09:34:05] INFO: Minimum overlap set to 3000
[2025-10-18 09:34:05] INFO: >>>STAGE: assembly
[2025-10-18 09:34:05] INFO: Assembling disjointigs
[2025-10-18 09:34:05] INFO: Reading sequences
[2025-10-18 09:34:07] INFO: Building minimizer index
[2025-10-18 09:34:07] INFO: Pre-calculating index storage
0% 10% 20% 30% 40% 50% 60% 70% 80% 90% 100% 
[2025-10-18 09:34:13] INFO: Filling index
0% 10% 20% 30% 40% 50% 60% 70% 80% 90% 100% 
[2025-10-18 09:34:37] INFO: Extending reads
[2025-10-18 09:34:52] INFO: Overlap-based coverage: 14
[2025-10-18 09:34:52] INFO: Median overlap divergence: 0.0170189
0% 60% 90% 100% 
[2025-10-18 09:35:31] INFO: Assembled 2 disjointigs
[2025-10-18 09:35:31] INFO: Generating sequence
0% 10% 20% 30% 40% 50% 60% 70% 80% 90% 100% 
[2025-10-18 09:35:34] INFO: Filtering contained disjointigs
0% 50% 100% 
[2025-10-18 09:35:35] INFO: Contained seqs: 0
[2025-10-18 09:35:35] INFO: >>>STAGE: consensus
[2025-10-18 09:35:35] INFO: Running Minimap2
[2025-10-18 09:36:07] INFO: Computing consensus
[2025-10-18 09:36:51] INFO: Alignment error rate: 0.027120
[2025-10-18 09:36:52] INFO: >>>STAGE: repeat
[2025-10-18 09:36:52] INFO: Building and resolving repeat graph
[2025-10-18 09:36:52] INFO: Parsing disjointigs
[2025-10-18 09:36:52] INFO: Building repeat graph
0% 50% 100% 
[2025-10-18 09:36:54] INFO: Median overlap divergence: 0.0484718
[2025-10-18 09:36:54] INFO: Parsing reads
[2025-10-18 09:36:56] INFO: Aligning reads to the graph
0% 10% 20% 30% 40% 50% 60% 70% 80% 90% 100% 
[2025-10-18 09:37:17] INFO: Aligned read sequence: 87904619 / 91152121 (0.964373)
[2025-10-18 09:37:17] INFO: Median overlap divergence: 0.00705379
[2025-10-18 09:37:17] INFO: Mean edge coverage: 16
[2025-10-18 09:37:17] INFO: Simplifying the graph
[2025-10-18 09:37:17] INFO: >>>STAGE: contigger
[2025-10-18 09:37:17] INFO: Generating contigs
[2025-10-18 09:37:17] INFO: Reading sequences
[2025-10-18 09:37:19] INFO: Generated 2 contigs
[2025-10-18 09:37:19] INFO: Added 0 scaffold connections
[2025-10-18 09:37:19] INFO: >>>STAGE: polishing
[2025-10-18 09:37:19] INFO: Polishing genome (1/1)
[2025-10-18 09:37:19] INFO: Running minimap2
[2025-10-18 09:37:50] INFO: Separating alignment into bubbles
[2025-10-18 09:38:48] INFO: Alignment error rate: 0.017932
[2025-10-18 09:38:48] INFO: Correcting bubbles
0% 10% 20% 30% 40% 50% 60% 70% 80% 90% 100% 
[2025-10-18 09:40:01] INFO: >>>STAGE: finalize
[2025-10-18 09:40:01] INFO: Assembly statistics:

	Total length:	5193335
	Fragments:	2
	Fragments N50:	3389647
	Largest frg:	3389647
	Scaffolds:	0
	Mean coverage:	18

[2025-10-18 09:40:01] INFO: Final assembly: /data/djs217/vibrio/P0213_250813_11813/01_raw_reads/hybracter_out/processing/assemblies/11813_EXE_33_2024_C_PBC74148/assembly.fasta
