[2025-11-25 14:36:39] INFO: Starting Flye 2.9.6-b1802
[2025-11-25 14:36:39] INFO: >>>STAGE: configure
[2025-11-25 14:36:39] INFO: Configuring run
[2025-11-25 14:36:43] INFO: Total read length: 279089089
[2025-11-25 14:36:43] INFO: Reads N50/N90: 35844 / 27704
[2025-11-25 14:36:43] INFO: Minimum overlap set to 10000
[2025-11-25 14:36:43] INFO: >>>STAGE: assembly
[2025-11-25 14:36:43] INFO: Assembling disjointigs
[2025-11-25 14:36:43] INFO: Reading sequences
[2025-11-25 14:36:46] INFO: Building minimizer index
[2025-11-25 14:36:46] INFO: Pre-calculating index storage
0% 10% 20% 30% 40% 50% 60% 70% 80% 90% 100% 
[2025-11-25 14:36:49] INFO: Filling index
0% 10% 20% 30% 40% 50% 60% 70% 80% 90% 100% 
[2025-11-25 14:37:08] INFO: Extending reads
[2025-11-25 14:40:25] INFO: Overlap-based coverage: 54
[2025-11-25 14:40:25] INFO: Median overlap divergence: 0.0117228
0% 60% 90% 100% 
[2025-11-25 14:40:54] INFO: Assembled 3 disjointigs
[2025-11-25 14:40:54] INFO: Generating sequence
0% 10% 20% 30% 40% 50% 60% 70% 80% 90% 100% 
[2025-11-25 14:40:55] INFO: Filtering contained disjointigs
0% 30% 60% 100% 
[2025-11-25 14:40:56] INFO: Contained seqs: 0
[2025-11-25 14:40:57] INFO: >>>STAGE: consensus
[2025-11-25 14:40:57] INFO: Running Minimap2
[2025-11-25 14:41:14] INFO: Computing consensus
[2025-11-25 14:41:51] INFO: Alignment error rate: 0.014898
[2025-11-25 14:41:51] INFO: >>>STAGE: repeat
[2025-11-25 14:41:51] INFO: Building and resolving repeat graph
[2025-11-25 14:41:51] INFO: Parsing disjointigs
[2025-11-25 14:41:51] INFO: Building repeat graph
0% 30% 60% 100% 
[2025-11-25 14:41:54] INFO: Median overlap divergence: 0.00750888
[2025-11-25 14:41:54] INFO: Parsing reads
[2025-11-25 14:41:58] INFO: Aligning reads to the graph
0% 10% 20% 30% 40% 50% 60% 70% 80% 90% 100% 
[2025-11-25 14:42:07] INFO: Aligned read sequence: 278707696 / 279089089 (0.998634)
[2025-11-25 14:42:07] INFO: Median overlap divergence: 0.00537843
[2025-11-25 14:42:07] INFO: Mean edge coverage: 45
[2025-11-25 14:42:07] INFO: Simplifying the graph
[2025-11-25 14:42:08] INFO: >>>STAGE: contigger
[2025-11-25 14:42:08] INFO: Generating contigs
[2025-11-25 14:42:08] INFO: Reading sequences
[2025-11-25 14:42:11] INFO: Generated 3 contigs
[2025-11-25 14:42:11] INFO: Added 0 scaffold connections
[2025-11-25 14:42:11] INFO: >>>STAGE: polishing
[2025-11-25 14:42:11] INFO: Polishing genome (1/1)
[2025-11-25 14:42:11] INFO: Running minimap2
[2025-11-25 14:42:28] INFO: Separating alignment into bubbles
[2025-11-25 14:43:14] INFO: Alignment error rate: 0.008201
[2025-11-25 14:43:14] INFO: Correcting bubbles
0% 10% 20% 30% 40% 50% 60% 70% 80% 90% 100% 
[2025-11-25 14:44:37] INFO: >>>STAGE: finalize
[2025-11-25 14:44:37] INFO: Assembly statistics:

	Total length:	6100650
	Fragments:	3
	Fragments N50:	3681781
	Largest frg:	3681781
	Scaffolds:	0
	Mean coverage:	42

[2025-11-25 14:44:37] INFO: Final assembly: /data/djs217/PROJECTS/vibrio/P0213_250813_11813/02_hybracter/hybracter_out/processing/assemblies/11813_EXE_13_2025_P_PBC74148/assembly.fasta
