[2025-10-16 11:46:09] INFO: Starting Flye 2.9.6-b1802
[2025-10-16 11:46:09] INFO: >>>STAGE: configure
[2025-10-16 11:46:09] INFO: Configuring run
[2025-10-16 11:46:18] INFO: Total read length: 276390109
[2025-10-16 11:46:18] INFO: Reads N50/N90: 9680 / 5588
[2025-10-16 11:46:18] INFO: Minimum overlap set to 6000
[2025-10-16 11:46:18] INFO: >>>STAGE: assembly
[2025-10-16 11:46:18] INFO: Assembling disjointigs
[2025-10-16 11:46:18] INFO: Reading sequences
[2025-10-16 11:46:21] INFO: Building minimizer index
[2025-10-16 11:46:21] INFO: Pre-calculating index storage
0% 10% 20% 30% 40% 50% 60% 70% 80% 90% 100% 
[2025-10-16 11:46:37] INFO: Filling index
0% 10% 20% 30% 40% 50% 60% 70% 80% 90% 100% 
[2025-10-16 11:47:37] INFO: Extending reads
[2025-10-16 11:48:21] INFO: Overlap-based coverage: 39
[2025-10-16 11:48:21] INFO: Median overlap divergence: 0.0258568
0% 50% 60% 70% 80% 90% 100% 
[2025-10-16 11:51:52] INFO: Assembled 17 disjointigs
[2025-10-16 11:51:52] INFO: Generating sequence
0% 10% 20% 30% 40% 50% 60% 70% 80% 90% 100% 
[2025-10-16 11:51:56] INFO: Filtering contained disjointigs
0% 10% 20% 30% 40% 50% 60% 70% 80% 90% 100% 
[2025-10-16 11:51:58] INFO: Contained seqs: 0
[2025-10-16 11:51:58] INFO: >>>STAGE: consensus
[2025-10-16 11:51:58] INFO: Running Minimap2
[2025-10-16 11:53:35] INFO: Computing consensus
[2025-10-16 11:55:17] INFO: Alignment error rate: 0.030328
[2025-10-16 11:55:17] INFO: >>>STAGE: repeat
[2025-10-16 11:55:17] INFO: Building and resolving repeat graph
[2025-10-16 11:55:17] INFO: Parsing disjointigs
[2025-10-16 11:55:17] INFO: Building repeat graph
0% 10% 20% 30% 40% 50% 60% 70% 80% 90% 100% 
[2025-10-16 11:55:20] INFO: Median overlap divergence: 0.0347726
[2025-10-16 11:55:20] INFO: Parsing reads
[2025-10-16 11:55:23] INFO: Aligning reads to the graph
0% 10% 20% 30% 40% 50% 60% 70% 80% 90% 100% 
[2025-10-16 11:56:32] INFO: Aligned read sequence: 231597796 / 235941685 (0.981589)
[2025-10-16 11:56:32] INFO: Median overlap divergence: 0.0104049
[2025-10-16 11:56:32] INFO: Mean edge coverage: 37
[2025-10-16 11:56:32] INFO: Simplifying the graph
[2025-10-16 11:56:32] INFO: >>>STAGE: contigger
[2025-10-16 11:56:32] INFO: Generating contigs
[2025-10-16 11:56:32] INFO: Reading sequences
[2025-10-16 11:56:36] INFO: Generated 22 contigs
[2025-10-16 11:56:36] INFO: Added 1 scaffold connections
[2025-10-16 11:56:36] INFO: >>>STAGE: polishing
[2025-10-16 11:56:36] INFO: Polishing genome (1/1)
[2025-10-16 11:56:36] INFO: Running minimap2
[2025-10-16 11:58:19] INFO: Separating alignment into bubbles
[2025-10-16 12:00:27] INFO: Alignment error rate: 0.017160
[2025-10-16 12:00:27] INFO: Correcting bubbles
0% 10% 20% 30% 40% 50% 60% 70% 80% 90% 100% 
[2025-10-16 12:02:48] INFO: >>>STAGE: finalize
[2025-10-16 12:02:48] INFO: Assembly statistics:

	Total length:	6142419
	Fragments:	21
	Fragments N50:	396705
	Largest frg:	1147298
	Scaffolds:	0
	Mean coverage:	40

[2025-10-16 12:02:48] INFO: Final assembly: /data/djs217/vibrio/P0213_250813_11813/01_raw_reads/hybracter_out/processing/assemblies/11813_EXE22_2025_IVF5LA_PBC74148/assembly.fasta
