[2025-10-17 12:02:03] INFO: Starting Flye 2.9.6-b1802
[2025-10-17 12:02:03] INFO: >>>STAGE: configure
[2025-10-17 12:02:03] INFO: Configuring run
[2025-10-17 12:02:10] INFO: Total read length: 279060127
[2025-10-17 12:02:10] INFO: Reads N50/N90: 34854 / 24624
[2025-10-17 12:02:10] INFO: Minimum overlap set to 10000
[2025-10-17 12:02:10] INFO: >>>STAGE: assembly
[2025-10-17 12:02:10] INFO: Assembling disjointigs
[2025-10-17 12:02:10] INFO: Reading sequences
[2025-10-17 12:02:13] INFO: Building minimizer index
[2025-10-17 12:02:13] INFO: Pre-calculating index storage
0% 10% 20% 30% 40% 50% 60% 70% 80% 90% 100% 
[2025-10-17 12:02:29] INFO: Filling index
0% 10% 20% 30% 40% 50% 60% 70% 80% 90% 100% 
[2025-10-17 12:05:33] INFO: Extending reads
[2025-10-17 12:08:11] INFO: Overlap-based coverage: 54
[2025-10-17 12:08:11] INFO: Median overlap divergence: 0.012038
0% 30% 90% 100% 
[2025-10-17 12:10:16] INFO: Assembled 3 disjointigs
[2025-10-17 12:10:16] INFO: Generating sequence
0% 10% 20% 30% 40% 50% 60% 70% 80% 90% 100% 
[2025-10-17 12:10:18] INFO: Filtering contained disjointigs
0% 30% 60% 100% 
[2025-10-17 12:10:19] INFO: Contained seqs: 0
[2025-10-17 12:10:20] INFO: >>>STAGE: consensus
[2025-10-17 12:10:20] INFO: Running Minimap2
[2025-10-17 12:11:56] INFO: Computing consensus
[2025-10-17 12:13:32] INFO: Alignment error rate: 0.014370
[2025-10-17 12:13:32] INFO: >>>STAGE: repeat
[2025-10-17 12:13:32] INFO: Building and resolving repeat graph
[2025-10-17 12:13:32] INFO: Parsing disjointigs
[2025-10-17 12:13:32] INFO: Building repeat graph
0% 30% 60% 100% 
[2025-10-17 12:13:34] INFO: Median overlap divergence: 0.0119403
[2025-10-17 12:13:34] INFO: Parsing reads
[2025-10-17 12:13:37] INFO: Aligning reads to the graph
0% 10% 20% 30% 40% 50% 60% 70% 80% 90% 100% 
[2025-10-17 12:14:44] INFO: Aligned read sequence: 278818738 / 279055882 (0.99915)
[2025-10-17 12:14:44] INFO: Median overlap divergence: 0.00517654
[2025-10-17 12:14:44] INFO: Mean edge coverage: 52
[2025-10-17 12:14:44] INFO: Simplifying the graph
[2025-10-17 12:14:44] INFO: >>>STAGE: contigger
[2025-10-17 12:14:44] INFO: Generating contigs
[2025-10-17 12:14:44] INFO: Reading sequences
[2025-10-17 12:14:48] INFO: Generated 3 contigs
[2025-10-17 12:14:48] INFO: Added 0 scaffold connections
[2025-10-17 12:14:48] INFO: >>>STAGE: polishing
[2025-10-17 12:14:48] INFO: Polishing genome (1/1)
[2025-10-17 12:14:48] INFO: Running minimap2
[2025-10-17 12:16:27] INFO: Separating alignment into bubbles
[2025-10-17 12:18:33] INFO: Alignment error rate: 0.007465
[2025-10-17 12:18:33] INFO: Correcting bubbles
0% 10% 20% 30% 40% 50% 60% 70% 80% 90% 100% 
[2025-10-17 12:21:09] INFO: >>>STAGE: finalize
[2025-10-17 12:21:09] INFO: Assembly statistics:

	Total length:	5331080
	Fragments:	3
	Fragments N50:	3352929
	Largest frg:	3352929
	Scaffolds:	0
	Mean coverage:	53

[2025-10-17 12:21:09] INFO: Final assembly: /data/djs217/vibrio/P0213_250813_11813/01_raw_reads/hybracter_out/processing/assemblies/11813_EXE_30_2024_F_PBC74148/assembly.fasta
