[2025-10-18 05:12:47] INFO: Starting Flye 2.9.6-b1802
[2025-10-18 05:12:47] INFO: >>>STAGE: configure
[2025-10-18 05:12:47] INFO: Configuring run
[2025-10-18 05:12:51] INFO: Total read length: 100683528
[2025-10-18 05:12:51] INFO: Reads N50/N90: 14487 / 1672
[2025-10-18 05:12:51] INFO: Minimum overlap set to 2000
[2025-10-18 05:12:51] INFO: >>>STAGE: assembly
[2025-10-18 05:12:51] INFO: Assembling disjointigs
[2025-10-18 05:12:51] INFO: Reading sequences
[2025-10-18 05:12:53] INFO: Building minimizer index
[2025-10-18 05:12:53] INFO: Pre-calculating index storage
0% 10% 20% 30% 40% 50% 60% 70% 80% 90% 100% 
[2025-10-18 05:12:58] INFO: Filling index
0% 10% 20% 30% 40% 50% 60% 70% 80% 90% 100% 
[2025-10-18 05:13:23] INFO: Extending reads
[2025-10-18 05:14:01] INFO: Overlap-based coverage: 14
[2025-10-18 05:14:01] INFO: Median overlap divergence: 0.0181488
0% 30% 80% 100% 
[2025-10-18 05:15:10] INFO: Assembled 2 disjointigs
[2025-10-18 05:15:11] INFO: Generating sequence
0% 10% 20% 30% 40% 50% 60% 70% 80% 90% 100% 
[2025-10-18 05:15:13] INFO: Filtering contained disjointigs
0% 50% 100% 
[2025-10-18 05:15:14] INFO: Contained seqs: 0
[2025-10-18 05:15:14] INFO: >>>STAGE: consensus
[2025-10-18 05:15:14] INFO: Running Minimap2
[2025-10-18 05:15:48] INFO: Computing consensus
[2025-10-18 05:16:34] INFO: Alignment error rate: 0.032239
[2025-10-18 05:16:34] INFO: >>>STAGE: repeat
[2025-10-18 05:16:34] INFO: Building and resolving repeat graph
[2025-10-18 05:16:34] INFO: Parsing disjointigs
[2025-10-18 05:16:34] INFO: Building repeat graph
0% 50% 100% 
[2025-10-18 05:16:37] INFO: Median overlap divergence: 0.0480266
[2025-10-18 05:16:37] INFO: Parsing reads
[2025-10-18 05:16:38] INFO: Aligning reads to the graph
0% 10% 20% 30% 40% 50% 60% 70% 80% 90% 100% 
[2025-10-18 05:16:59] INFO: Aligned read sequence: 86479073 / 89195924 (0.969541)
[2025-10-18 05:16:59] INFO: Median overlap divergence: 0.00767457
[2025-10-18 05:16:59] INFO: Mean edge coverage: 16
[2025-10-18 05:16:59] INFO: Simplifying the graph
[2025-10-18 05:16:59] INFO: >>>STAGE: contigger
[2025-10-18 05:16:59] INFO: Generating contigs
[2025-10-18 05:16:59] INFO: Reading sequences
[2025-10-18 05:17:01] INFO: Generated 2 contigs
[2025-10-18 05:17:01] INFO: Added 0 scaffold connections
[2025-10-18 05:17:01] INFO: >>>STAGE: polishing
[2025-10-18 05:17:01] INFO: Polishing genome (1/1)
[2025-10-18 05:17:01] INFO: Running minimap2
[2025-10-18 05:17:34] INFO: Separating alignment into bubbles
[2025-10-18 05:18:26] INFO: Alignment error rate: 0.023023
[2025-10-18 05:18:26] INFO: Correcting bubbles
0% 10% 20% 30% 40% 50% 60% 70% 80% 90% 100% 
[2025-10-18 05:19:40] INFO: >>>STAGE: finalize
[2025-10-18 05:19:40] INFO: Assembly statistics:

	Total length:	5192873
	Fragments:	2
	Fragments N50:	3375298
	Largest frg:	3375298
	Scaffolds:	0
	Mean coverage:	19

[2025-10-18 05:19:40] INFO: Final assembly: /data/djs217/vibrio/P0213_250813_11813/01_raw_reads/hybracter_out/processing/assemblies/11813_EXE_34_2024_C_PBC74148/assembly.fasta
