[2025-10-18 10:26:54] INFO: Starting Flye 2.9.6-b1802
[2025-10-18 10:26:54] INFO: >>>STAGE: configure
[2025-10-18 10:26:54] INFO: Configuring run
[2025-10-18 10:26:55] INFO: Total read length: 3708810
[2025-10-18 10:26:55] INFO: Reads N50/N90: 25369 / 6417
[2025-10-18 10:26:55] INFO: Minimum overlap set to 6000
[2025-10-18 10:26:55] INFO: >>>STAGE: assembly
[2025-10-18 10:26:55] INFO: Assembling disjointigs
[2025-10-18 10:26:55] INFO: Reading sequences
[2025-10-18 10:26:55] INFO: Building minimizer index
[2025-10-18 10:26:55] INFO: Pre-calculating index storage
0% 10% 20% 30% 40% 50% 60% 70% 80% 90% 100% 
[2025-10-18 10:26:55] INFO: Filling index
0% 10% 20% 30% 40% 50% 60% 70% 80% 90% 100% 
[2025-10-18 10:27:02] INFO: Extending reads
[2025-10-18 10:27:03] INFO: Overlap-based coverage: 1
[2025-10-18 10:27:03] INFO: Median overlap divergence: 0.0188232
0% 10% 20% 30% 40% 50% 60% 70% 80% 90% 100% 
[2025-10-18 10:27:03] INFO: Assembled 17 disjointigs
[2025-10-18 10:27:04] INFO: Generating sequence
0% 10% 20% 30% 40% 50% 60% 70% 80% 90% 100% 
[2025-10-18 10:27:04] INFO: Filtering contained disjointigs
0% 10% 20% 30% 40% 50% 60% 70% 80% 90% 100% 
[2025-10-18 10:27:04] INFO: Contained seqs: 0
[2025-10-18 10:27:04] INFO: >>>STAGE: consensus
[2025-10-18 10:27:04] INFO: Running Minimap2
[2025-10-18 10:27:05] INFO: Computing consensus
[2025-10-18 10:27:08] INFO: Alignment error rate: 0.025034
[2025-10-18 10:27:08] INFO: >>>STAGE: repeat
[2025-10-18 10:27:08] INFO: Building and resolving repeat graph
[2025-10-18 10:27:08] INFO: Parsing disjointigs
[2025-10-18 10:27:08] INFO: Building repeat graph
0% 10% 20% 30% 40% 50% 60% 70% 80% 90% 100% 
[2025-10-18 10:27:09] INFO: Median overlap divergence: 0.0353285
[2025-10-18 10:27:09] INFO: Parsing reads
[2025-10-18 10:27:09] INFO: Aligning reads to the graph
0% 10% 20% 30% 40% 50% 60% 70% 80% 90% 100% 
[2025-10-18 10:27:10] INFO: Aligned read sequence: 1339799 / 3372884 (0.397227)
[2025-10-18 10:27:10] INFO: Median overlap divergence: 0.00853533
[2025-10-18 10:27:10] INFO: Mean edge coverage: 2
[2025-10-18 10:27:10] INFO: Simplifying the graph
[2025-10-18 10:27:10] INFO: >>>STAGE: contigger
[2025-10-18 10:27:10] INFO: Generating contigs
[2025-10-18 10:27:10] INFO: Reading sequences
[2025-10-18 10:27:10] INFO: Generated 5 contigs
[2025-10-18 10:27:10] INFO: Added 0 scaffold connections
[2025-10-18 10:27:10] INFO: >>>STAGE: polishing
[2025-10-18 10:27:10] INFO: Polishing genome (1/1)
[2025-10-18 10:27:10] INFO: Running minimap2
[2025-10-18 10:27:11] INFO: Separating alignment into bubbles
[2025-10-18 10:27:11] INFO: Alignment error rate: 0.017044
[2025-10-18 10:27:11] INFO: Correcting bubbles
0% 10% 20% 30% 40% 50% 60% 70% 80% 90% 100% 
[2025-10-18 10:27:12] INFO: >>>STAGE: finalize
[2025-10-18 10:27:12] INFO: Assembly statistics:

	Total length:	124524
	Fragments:	3
	Fragments N50:	76867
	Largest frg:	76867
	Scaffolds:	0
	Mean coverage:	5

[2025-10-18 10:27:12] INFO: Final assembly: /data/djs217/vibrio/P0213_250813_11813/01_raw_reads/hybracter_out/processing/assemblies/11813_EXE_24_2025_E_PBC74148/assembly.fasta
