[2025-10-18 10:42:26] INFO: Starting Flye 2.9.6-b1802
[2025-10-18 10:42:26] INFO: >>>STAGE: configure
[2025-10-18 10:42:26] INFO: Configuring run
[2025-10-18 10:42:32] INFO: Total read length: 182366711
[2025-10-18 10:42:32] INFO: Reads N50/N90: 2175 / 1106
[2025-10-18 10:42:32] INFO: Minimum overlap set to 1000
[2025-10-18 10:42:32] INFO: >>>STAGE: assembly
[2025-10-18 10:42:32] INFO: Assembling disjointigs
[2025-10-18 10:42:32] INFO: Reading sequences
[2025-10-18 10:42:35] INFO: Building minimizer index
[2025-10-18 10:42:35] INFO: Pre-calculating index storage
0% 10% 20% 30% 40% 50% 60% 70% 80% 90% 100% 
[2025-10-18 10:42:47] INFO: Filling index
0% 10% 20% 30% 40% 50% 60% 70% 80% 90% 100% 
[2025-10-18 10:43:08] INFO: Extending reads
[2025-10-18 10:43:13] INFO: Overlap-based coverage: 20
[2025-10-18 10:43:13] INFO: Median overlap divergence: 0.0214461
0% 10% 20% 30% 40% 50% 60% 70% 80% 90% 100% 
[2025-10-18 10:45:07] INFO: Assembled 472 disjointigs
[2025-10-18 10:45:07] INFO: Generating sequence
0% 10% 20% 30% 40% 50% 60% 70% 80% 90% 100% 
[2025-10-18 10:45:09] INFO: Filtering contained disjointigs
0% 10% 20% 30% 40% 50% 60% 70% 80% 90% 100% 
[2025-10-18 10:45:11] INFO: Contained seqs: 32
[2025-10-18 10:45:11] INFO: >>>STAGE: consensus
[2025-10-18 10:45:11] INFO: Running Minimap2
[2025-10-18 10:46:36] INFO: Computing consensus
[2025-10-18 10:48:09] INFO: Alignment error rate: 0.033855
[2025-10-18 10:48:09] INFO: >>>STAGE: repeat
[2025-10-18 10:48:09] INFO: Building and resolving repeat graph
[2025-10-18 10:48:09] INFO: Parsing disjointigs
[2025-10-18 10:48:09] INFO: Building repeat graph
0% 10% 20% 30% 40% 50% 60% 70% 80% 90% 100% 
[2025-10-18 10:48:14] INFO: Median overlap divergence: 0.0217227
[2025-10-18 10:48:14] INFO: Parsing reads
[2025-10-18 10:48:17] INFO: Aligning reads to the graph
0% 10% 20% 30% 40% 50% 60% 70% 80% 90% 100% 
[2025-10-18 10:49:09] INFO: Aligned read sequence: 157120155 / 173089318 (0.90774)
[2025-10-18 10:49:09] INFO: Median overlap divergence: 0.00940073
[2025-10-18 10:49:09] INFO: Mean edge coverage: 25
[2025-10-18 10:49:09] INFO: Simplifying the graph
[2025-10-18 10:49:09] INFO: >>>STAGE: contigger
[2025-10-18 10:49:09] INFO: Generating contigs
[2025-10-18 10:49:09] INFO: Reading sequences
[2025-10-18 10:49:12] INFO: Generated 351 contigs
[2025-10-18 10:49:12] INFO: Added 0 scaffold connections
[2025-10-18 10:49:12] INFO: >>>STAGE: polishing
[2025-10-18 10:49:12] INFO: Polishing genome (1/1)
[2025-10-18 10:49:12] INFO: Running minimap2
[2025-10-18 10:50:26] INFO: Separating alignment into bubbles
[2025-10-18 10:52:02] INFO: Alignment error rate: 0.022602
[2025-10-18 10:52:02] INFO: Correcting bubbles
0% 10% 20% 30% 40% 50% 60% 70% 80% 90% 100% 
[2025-10-18 10:54:57] INFO: >>>STAGE: finalize
[2025-10-18 10:54:57] INFO: Assembly statistics:

	Total length:	5808266
	Fragments:	338
	Fragments N50:	36457
	Largest frg:	231334
	Scaffolds:	0
	Mean coverage:	29

[2025-10-18 10:54:57] INFO: Final assembly: /data/djs217/vibrio/P0213_250813_11813/01_raw_reads/hybracter_out/processing/assemblies/11813_EXE_22_2025_DG1LF_PBC7/assembly.fasta
