2026-03-26 22:30:39.734 | INFO     | plassembler:begin_plassembler:101 - You are using Plassembler version 1.8.1

2026-03-26 22:30:39.734 | INFO     | plassembler:begin_plassembler:102 - Repository homepage is https://github.com/gbouras13/plassembler
2026-03-26 22:30:39.734 | INFO     | plassembler:begin_plassembler:103 - Written by George Bouras: george.bouras@adelaide.edu.au
2026-03-26 22:30:39.734 | INFO     | plassembler:long:1371 - Database directory is /data/djs217/miniconda3/envs/hybracter_env/lib/python3.11/site-packages/hybracter/workflow/../databases
2026-03-26 22:30:39.734 | INFO     | plassembler:long:1372 - Longreads file is hybracter_out/processing/qc/EXE_23_2025_L_filt_trim.fastq.gz
2026-03-26 22:30:39.734 | INFO     | plassembler:long:1373 - Chromosome length threshold is 2800000
2026-03-26 22:30:39.734 | INFO     | plassembler:long:1374 - Output directory is hybracter_out/processing/plassembler/EXE_23_2025_L
2026-03-26 22:30:39.734 | INFO     | plassembler:long:1375 - Min long read length is 500
2026-03-26 22:30:39.734 | INFO     | plassembler:long:1376 - Min long read quality is 9
2026-03-26 22:30:39.734 | INFO     | plassembler:long:1377 - Thread count is 1
2026-03-26 22:30:39.734 | INFO     | plassembler:long:1378 - --force is True
2026-03-26 22:30:39.734 | INFO     | plassembler:long:1379 - --skip_qc is True
2026-03-26 22:30:39.734 | INFO     | plassembler:long:1380 - --raw_flag is False
2026-03-26 22:30:39.734 | INFO     | plassembler:long:1381 - --keep_fastqs is False
2026-03-26 22:30:39.734 | INFO     | plassembler:long:1382 - --pacbio_model is nothing
2026-03-26 22:30:39.734 | INFO     | plassembler:long:1383 - --keep_chromosome is False
2026-03-26 22:30:39.734 | INFO     | plassembler:long:1384 - --flye_directory is hybracter_out/processing/assemblies/EXE_23_2025_L
2026-03-26 22:30:39.734 | INFO     | plassembler:long:1385 - --flye_assembly is nothing
2026-03-26 22:30:39.734 | INFO     | plassembler:long:1386 - --flye_info is nothing
2026-03-26 22:30:39.734 | INFO     | plassembler:long:1387 - --corrected_error_rate is 0.12
2026-03-26 22:30:39.734 | INFO     | plassembler:long:1388 - --no_chromosome is False
2026-03-26 22:30:39.734 | INFO     | plassembler:long:1389 - --depth_filter is 0.25
2026-03-26 22:30:39.734 | INFO     | plassembler:long:1390 - --unicycler_options is None
2026-03-26 22:30:39.735 | INFO     | plassembler:long:1391 - --spades_options is None
2026-03-26 22:30:39.735 | INFO     | plassembler:long:1392 - --skip_mash is False
2026-03-26 22:30:39.735 | INFO     | plassembler:long:1396 - Checking dependencies
2026-03-26 22:30:39.837 | INFO     | plassembler.utils.input_commands:check_dependencies:199 - Flye version found is v2.9.6-b1802.
2026-03-26 22:30:39.837 | INFO     | plassembler.utils.input_commands:check_dependencies:209 - Flye version is ok.
2026-03-26 22:30:39.843 | INFO     | plassembler.utils.input_commands:check_dependencies:218 - Raven v1.8.3 found.
2026-03-26 22:30:39.843 | INFO     | plassembler.utils.input_commands:check_dependencies:220 - Raven version is ok.
2026-03-26 22:30:40.062 | INFO     | plassembler.utils.input_commands:check_dependencies:242 - Unicycler version found is v0.5.1.
2026-03-26 22:30:40.062 | INFO     | plassembler.utils.input_commands:check_dependencies:255 - Unicycler version is ok.
2026-03-26 22:30:40.162 | INFO     | plassembler.utils.input_commands:check_dependencies:265 - SPAdes v4.2.0 found.
2026-03-26 22:30:40.180 | INFO     | plassembler.utils.input_commands:check_dependencies:278 - Samtools v1.22.1 found.
2026-03-26 22:30:40.184 | INFO     | plassembler.utils.input_commands:check_dependencies:289 - minimap2 v2.30-r1287 found.
2026-03-26 22:30:40.190 | INFO     | plassembler.utils.input_commands:check_dependencies:300 - fastp v1.0.1 found.
2026-03-26 22:30:40.194 | INFO     | plassembler.utils.input_commands:check_dependencies:311 - chopper v0.11.0 found.
2026-03-26 22:30:40.208 | INFO     | plassembler.utils.input_commands:check_dependencies:326 - mash v2.3 found.
2026-03-26 22:30:40.461 | INFO     | plassembler.utils.input_commands:check_dependencies:337 - canu v2.2 found.
2026-03-26 22:30:41.348 | INFO     | plassembler.utils.input_commands:check_dependencies:348 - dnaapler v1.3.0 found.
2026-03-26 22:30:41.451 | INFO     | plassembler.utils.input_commands:check_dependencies:365 - BLAST version found is v2.17.0.
2026-03-26 22:30:41.451 | INFO     | plassembler.utils.input_commands:check_dependencies:371 - All dependencies found.
2026-03-26 22:30:41.451 | INFO     | plassembler:long:1405 - Checking database installation.
2026-03-26 22:30:41.452 | INFO     | plassembler.utils.db:check_db_installation:52 - PLSDB Database mash sketch at /data/djs217/miniconda3/envs/hybracter_env/lib/python3.11/site-packages/hybracter/workflow/../databases/plsdb_2023_11_03_v2.msh exists.
2026-03-26 22:30:41.452 | INFO     | plassembler.utils.db:check_db_installation:53 - PLSDB Database tsv metadata file at /data/djs217/miniconda3/envs/hybracter_env/lib/python3.11/site-packages/hybracter/workflow/../databases/plsdb_2023_11_03_v2.tsv exists.
2026-03-26 22:30:41.452 | INFO     | plassembler.utils.db:check_db_installation:54 - PLSDB Database at /data/djs217/miniconda3/envs/hybracter_env/lib/python3.11/site-packages/hybracter/workflow/../databases has already been downloaded
2026-03-26 22:30:41.452 | INFO     | plassembler:long:1413 - Database successfully checked.
2026-03-26 22:30:41.452 | INFO     | plassembler:long:1416 - Checking input fastqs.
2026-03-26 22:30:41.454 | INFO     | plassembler.utils.input_commands:validate_fastq:24 - FASTQ hybracter_out/processing/qc/EXE_23_2025_L_filt_trim.fastq.gz checked
2026-03-26 22:30:41.558 | INFO     | plassembler:long:1474 - You have specified a hybracter_out/processing/assemblies/EXE_23_2025_L with an existing flye assembly.
2026-03-26 22:30:41.558 | INFO     | plassembler:long:1477 - Copying files.
2026-03-26 22:30:41.562 | INFO     | plassembler:long:1518 - Counting Contigs.
2026-03-26 22:30:41.586 | INFO     | plassembler.utils.plass_class:get_contig_count:87 - Assembled 3 contigs.
2026-03-26 22:30:41.660 | INFO     | plassembler:long:1563 - Mapping long reads.
2026-03-26 22:30:41.660 | INFO     | plassembler.utils.external_tools:run_to_stdout:67 - Started running minimap2 -ax map-ont -t 1 hybracter_out/processing/plassembler/EXE_23_2025_L/flye_renamed.fasta hybracter_out/processing/plassembler/EXE_23_2025_L/chopper_long_reads.fastq.gz ...
2026-03-26 22:31:38.126 | INFO     | plassembler.utils.external_tools:run_to_stdout:69 - Done running minimap2 -ax map-ont -t 1 hybracter_out/processing/plassembler/EXE_23_2025_L/flye_renamed.fasta hybracter_out/processing/plassembler/EXE_23_2025_L/chopper_long_reads.fastq.gz
2026-03-26 22:31:38.127 | INFO     | plassembler:long:1572 - Processing Sam/Bam Files and extracting Fastqs.
2026-03-26 22:31:38.666 | INFO     | plassembler:long:1635 - Removing junk low entropy repeat reads.
2026-03-26 22:32:26.588 | INFO     | plassembler:long:1643 - Correcting reads with canu prior to running Unicycler.
2026-03-26 22:32:26.589 | INFO     | plassembler.utils.external_tools:run:58 - Started running canu -correct -p canu -d hybracter_out/processing/plassembler/EXE_23_2025_L/canu genomeSize=1.36654m maxInputCoverage=50 stopOnLowCoverage=1 maxThreads=1 -nanopore correctedErrorRate=0.12 hybracter_out/processing/plassembler/EXE_23_2025_L/plasmid_long_entropy_filtered.fastq ...
2026-03-26 22:32:28.002 | WARNING  | plassembler.utils.external_tools:run_tool:129 - Canu failed to correct any reads.
2026-03-26 22:32:28.002 | WARNING  | plassembler.utils.external_tools:run_tool:130 - This probably means there is low depth, don't be too concerned.
2026-03-26 22:32:28.002 | WARNING  | plassembler.utils.external_tools:run_tool:133 - If you are concerned, check stdout log file: hybracter_out/processing/plassembler/EXE_23_2025_L/logs/canu__correct_f997ef0fdbfda5ef467a20712493a6807c82844c6eab9b19bec09114e884699d.out and stderr log file: hybracter_out/processing/plassembler/EXE_23_2025_L/logs/canu__correct_f997ef0fdbfda5ef467a20712493a6807c82844c6eab9b19bec09114e884699d.err.
2026-03-26 22:32:28.003 | WARNING  | plassembler:long:1663 - Advancing with uncorrected reads
2026-03-26 22:32:28.004 | INFO     | plassembler.utils.external_tools:run:58 - Started running unicycler -s hybracter_out/processing/plassembler/EXE_23_2025_L/plasmid_long_entropy_filtered.fastq -l hybracter_out/processing/plassembler/EXE_23_2025_L/plasmid_long_entropy_filtered.fastq -t 1 -o hybracter_out/processing/plassembler/EXE_23_2025_L/unicycler_output ...
2026-03-27 00:05:08.175 | INFO     | plassembler.utils.external_tools:run:60 - Done running unicycler -s hybracter_out/processing/plassembler/EXE_23_2025_L/plasmid_long_entropy_filtered.fastq -l hybracter_out/processing/plassembler/EXE_23_2025_L/plasmid_long_entropy_filtered.fastq -t 1 -o hybracter_out/processing/plassembler/EXE_23_2025_L/unicycler_output
2026-03-27 00:05:08.241 | INFO     | plassembler:long:1701 - unicycler assembled 2 contigs.
2026-03-27 00:05:08.389 | INFO     | plassembler.utils.external_tools:run_to_stdout:67 - Started running minimap2 -ax map-ont -t 1 hybracter_out/processing/plassembler/EXE_23_2025_L/long_combined.fasta hybracter_out/processing/plassembler/EXE_23_2025_L/chopper_long_reads.fastq.gz ...
2026-03-27 00:06:08.142 | INFO     | plassembler.utils.external_tools:run_to_stdout:69 - Done running minimap2 -ax map-ont -t 1 hybracter_out/processing/plassembler/EXE_23_2025_L/long_combined.fasta hybracter_out/processing/plassembler/EXE_23_2025_L/chopper_long_reads.fastq.gz
2026-03-27 00:06:08.143 | INFO     | plassembler.utils.external_tools:run:58 - Started running samtools sort -@ 1 hybracter_out/processing/plassembler/EXE_23_2025_L/combined_long.sam -o hybracter_out/processing/plassembler/EXE_23_2025_L/combined_sorted_long.bam ...
2026-03-27 00:06:14.979 | INFO     | plassembler.utils.external_tools:run:60 - Done running samtools sort -@ 1 hybracter_out/processing/plassembler/EXE_23_2025_L/combined_long.sam -o hybracter_out/processing/plassembler/EXE_23_2025_L/combined_sorted_long.bam
2026-03-27 00:06:21.199 | INFO     | plassembler:long:1720 - Calculating mash distances to PLSDB.
2026-03-27 00:06:21.201 | INFO     | plassembler.utils.external_tools:run:58 - Started running mash sketch hybracter_out/processing/plassembler/EXE_23_2025_L/plasmids.fasta -i ...
2026-03-27 00:06:21.287 | INFO     | plassembler.utils.external_tools:run:60 - Done running mash sketch hybracter_out/processing/plassembler/EXE_23_2025_L/plasmids.fasta -i
2026-03-27 00:06:21.288 | INFO     | plassembler.utils.external_tools:run_to_stdout:67 - Started running mash dist hybracter_out/processing/plassembler/EXE_23_2025_L/plasmids.fasta.msh /data/djs217/miniconda3/envs/hybracter_env/lib/python3.11/site-packages/hybracter/workflow/../databases/plsdb_2023_11_03_v2.msh -v 0.1 -d 0.1 -i ...
2026-03-27 00:06:23.373 | INFO     | plassembler.utils.external_tools:run_to_stdout:69 - Done running mash dist hybracter_out/processing/plassembler/EXE_23_2025_L/plasmids.fasta.msh /data/djs217/miniconda3/envs/hybracter_env/lib/python3.11/site-packages/hybracter/workflow/../databases/plsdb_2023_11_03_v2.msh -v 0.1 -d 0.1 -i
2026-03-27 00:06:27.868 | INFO     | plassembler.utils.plass_class:combine_depth_mash_tsvs:754 - Filtering contigs below depth filter: 0.25.
2026-03-27 00:06:27.868 | INFO     | plassembler.utils.plass_class:combine_depth_mash_tsvs:760 - All plasmids whose long read copy numbers are below 0.25 will be removed.
2026-03-27 00:06:27.868 | INFO     | plassembler.utils.plass_class:combine_depth_mash_tsvs:772 - No plasmids were filtered due to low depth.
2026-03-27 00:06:28.022 | INFO     | plassembler:end_plassembler:118 - Plassembler has finished
2026-03-27 00:06:28.022 | INFO     | plassembler:end_plassembler:119 - Elapsed time: 5748.3 seconds
