2026-03-26 17:24:11.262 | INFO     | plassembler:begin_plassembler:101 - You are using Plassembler version 1.8.1

2026-03-26 17:24:11.262 | INFO     | plassembler:begin_plassembler:102 - Repository homepage is https://github.com/gbouras13/plassembler
2026-03-26 17:24:11.262 | INFO     | plassembler:begin_plassembler:103 - Written by George Bouras: george.bouras@adelaide.edu.au
2026-03-26 17:24:11.262 | INFO     | plassembler:long:1371 - Database directory is /data/djs217/miniconda3/envs/hybracter_env/lib/python3.11/site-packages/hybracter/workflow/../databases
2026-03-26 17:24:11.262 | INFO     | plassembler:long:1372 - Longreads file is hybracter_out/processing/qc/EXE_33_2024_E_filt_trim.fastq.gz
2026-03-26 17:24:11.262 | INFO     | plassembler:long:1373 - Chromosome length threshold is 2800000
2026-03-26 17:24:11.262 | INFO     | plassembler:long:1374 - Output directory is hybracter_out/processing/plassembler/EXE_33_2024_E
2026-03-26 17:24:11.262 | INFO     | plassembler:long:1375 - Min long read length is 500
2026-03-26 17:24:11.262 | INFO     | plassembler:long:1376 - Min long read quality is 9
2026-03-26 17:24:11.262 | INFO     | plassembler:long:1377 - Thread count is 1
2026-03-26 17:24:11.262 | INFO     | plassembler:long:1378 - --force is True
2026-03-26 17:24:11.262 | INFO     | plassembler:long:1379 - --skip_qc is True
2026-03-26 17:24:11.262 | INFO     | plassembler:long:1380 - --raw_flag is False
2026-03-26 17:24:11.262 | INFO     | plassembler:long:1381 - --keep_fastqs is False
2026-03-26 17:24:11.262 | INFO     | plassembler:long:1382 - --pacbio_model is nothing
2026-03-26 17:24:11.262 | INFO     | plassembler:long:1383 - --keep_chromosome is False
2026-03-26 17:24:11.262 | INFO     | plassembler:long:1384 - --flye_directory is hybracter_out/processing/assemblies/EXE_33_2024_E
2026-03-26 17:24:11.263 | INFO     | plassembler:long:1385 - --flye_assembly is nothing
2026-03-26 17:24:11.263 | INFO     | plassembler:long:1386 - --flye_info is nothing
2026-03-26 17:24:11.263 | INFO     | plassembler:long:1387 - --corrected_error_rate is 0.12
2026-03-26 17:24:11.263 | INFO     | plassembler:long:1388 - --no_chromosome is False
2026-03-26 17:24:11.263 | INFO     | plassembler:long:1389 - --depth_filter is 0.25
2026-03-26 17:24:11.263 | INFO     | plassembler:long:1390 - --unicycler_options is None
2026-03-26 17:24:11.263 | INFO     | plassembler:long:1391 - --spades_options is None
2026-03-26 17:24:11.263 | INFO     | plassembler:long:1392 - --skip_mash is False
2026-03-26 17:24:11.263 | INFO     | plassembler:long:1396 - Checking dependencies
2026-03-26 17:24:11.355 | INFO     | plassembler.utils.input_commands:check_dependencies:199 - Flye version found is v2.9.6-b1802.
2026-03-26 17:24:11.355 | INFO     | plassembler.utils.input_commands:check_dependencies:209 - Flye version is ok.
2026-03-26 17:24:11.359 | INFO     | plassembler.utils.input_commands:check_dependencies:218 - Raven v1.8.3 found.
2026-03-26 17:24:11.359 | INFO     | plassembler.utils.input_commands:check_dependencies:220 - Raven version is ok.
2026-03-26 17:24:11.436 | INFO     | plassembler.utils.input_commands:check_dependencies:242 - Unicycler version found is v0.5.1.
2026-03-26 17:24:11.437 | INFO     | plassembler.utils.input_commands:check_dependencies:255 - Unicycler version is ok.
2026-03-26 17:24:11.550 | INFO     | plassembler.utils.input_commands:check_dependencies:265 - SPAdes v4.2.0 found.
2026-03-26 17:24:11.559 | INFO     | plassembler.utils.input_commands:check_dependencies:278 - Samtools v1.22.1 found.
2026-03-26 17:24:11.562 | INFO     | plassembler.utils.input_commands:check_dependencies:289 - minimap2 v2.30-r1287 found.
2026-03-26 17:24:11.565 | INFO     | plassembler.utils.input_commands:check_dependencies:300 - fastp v1.0.1 found.
2026-03-26 17:24:11.570 | INFO     | plassembler.utils.input_commands:check_dependencies:311 - chopper v0.11.0 found.
2026-03-26 17:24:11.578 | INFO     | plassembler.utils.input_commands:check_dependencies:326 - mash v2.3 found.
2026-03-26 17:24:11.708 | INFO     | plassembler.utils.input_commands:check_dependencies:337 - canu v2.2 found.
2026-03-26 17:24:12.375 | INFO     | plassembler.utils.input_commands:check_dependencies:348 - dnaapler v1.3.0 found.
2026-03-26 17:24:12.499 | INFO     | plassembler.utils.input_commands:check_dependencies:365 - BLAST version found is v2.17.0.
2026-03-26 17:24:12.500 | INFO     | plassembler.utils.input_commands:check_dependencies:371 - All dependencies found.
2026-03-26 17:24:12.500 | INFO     | plassembler:long:1405 - Checking database installation.
2026-03-26 17:24:12.500 | INFO     | plassembler.utils.db:check_db_installation:52 - PLSDB Database mash sketch at /data/djs217/miniconda3/envs/hybracter_env/lib/python3.11/site-packages/hybracter/workflow/../databases/plsdb_2023_11_03_v2.msh exists.
2026-03-26 17:24:12.501 | INFO     | plassembler.utils.db:check_db_installation:53 - PLSDB Database tsv metadata file at /data/djs217/miniconda3/envs/hybracter_env/lib/python3.11/site-packages/hybracter/workflow/../databases/plsdb_2023_11_03_v2.tsv exists.
2026-03-26 17:24:12.501 | INFO     | plassembler.utils.db:check_db_installation:54 - PLSDB Database at /data/djs217/miniconda3/envs/hybracter_env/lib/python3.11/site-packages/hybracter/workflow/../databases has already been downloaded
2026-03-26 17:24:12.501 | INFO     | plassembler:long:1413 - Database successfully checked.
2026-03-26 17:24:12.501 | INFO     | plassembler:long:1416 - Checking input fastqs.
2026-03-26 17:24:12.503 | INFO     | plassembler.utils.input_commands:validate_fastq:24 - FASTQ hybracter_out/processing/qc/EXE_33_2024_E_filt_trim.fastq.gz checked
2026-03-26 17:24:12.725 | INFO     | plassembler:long:1474 - You have specified a hybracter_out/processing/assemblies/EXE_33_2024_E with an existing flye assembly.
2026-03-26 17:24:12.725 | INFO     | plassembler:long:1477 - Copying files.
2026-03-26 17:24:12.731 | INFO     | plassembler:long:1518 - Counting Contigs.
2026-03-26 17:24:12.765 | INFO     | plassembler.utils.plass_class:get_contig_count:87 - Assembled 2 contigs.
2026-03-26 17:24:12.858 | INFO     | plassembler:long:1563 - Mapping long reads.
2026-03-26 17:24:12.859 | INFO     | plassembler.utils.external_tools:run_to_stdout:67 - Started running minimap2 -ax map-ont -t 1 hybracter_out/processing/plassembler/EXE_33_2024_E/flye_renamed.fasta hybracter_out/processing/plassembler/EXE_33_2024_E/chopper_long_reads.fastq.gz ...
2026-03-26 17:25:36.803 | INFO     | plassembler.utils.external_tools:run_to_stdout:69 - Done running minimap2 -ax map-ont -t 1 hybracter_out/processing/plassembler/EXE_33_2024_E/flye_renamed.fasta hybracter_out/processing/plassembler/EXE_33_2024_E/chopper_long_reads.fastq.gz
2026-03-26 17:25:36.803 | INFO     | plassembler:long:1572 - Processing Sam/Bam Files and extracting Fastqs.
2026-03-26 17:25:37.689 | INFO     | plassembler:long:1635 - Removing junk low entropy repeat reads.
2026-03-26 17:26:42.245 | INFO     | plassembler:long:1643 - Correcting reads with canu prior to running Unicycler.
2026-03-26 17:26:42.246 | INFO     | plassembler.utils.external_tools:run:58 - Started running canu -correct -p canu -d hybracter_out/processing/plassembler/EXE_33_2024_E/canu genomeSize=1.75237m maxInputCoverage=50 stopOnLowCoverage=1 maxThreads=1 -nanopore correctedErrorRate=0.12 hybracter_out/processing/plassembler/EXE_33_2024_E/plasmid_long_entropy_filtered.fastq ...
2026-03-26 17:26:42.607 | WARNING  | plassembler.utils.external_tools:run_tool:129 - Canu failed to correct any reads.
2026-03-26 17:26:42.607 | WARNING  | plassembler.utils.external_tools:run_tool:130 - This probably means there is low depth, don't be too concerned.
2026-03-26 17:26:42.607 | WARNING  | plassembler.utils.external_tools:run_tool:133 - If you are concerned, check stdout log file: hybracter_out/processing/plassembler/EXE_33_2024_E/logs/canu__correct_26ee03f2560ff0cf3b174bb0337102c2463a6ece172173d6fa5f16943535c0f9.out and stderr log file: hybracter_out/processing/plassembler/EXE_33_2024_E/logs/canu__correct_26ee03f2560ff0cf3b174bb0337102c2463a6ece172173d6fa5f16943535c0f9.err.
2026-03-26 17:26:42.608 | WARNING  | plassembler:long:1663 - Advancing with uncorrected reads
2026-03-26 17:26:42.609 | INFO     | plassembler.utils.external_tools:run:58 - Started running unicycler -s hybracter_out/processing/plassembler/EXE_33_2024_E/plasmid_long_entropy_filtered.fastq -l hybracter_out/processing/plassembler/EXE_33_2024_E/plasmid_long_entropy_filtered.fastq -t 1 -o hybracter_out/processing/plassembler/EXE_33_2024_E/unicycler_output ...
2026-03-26 18:50:14.712 | INFO     | plassembler.utils.external_tools:run:60 - Done running unicycler -s hybracter_out/processing/plassembler/EXE_33_2024_E/plasmid_long_entropy_filtered.fastq -l hybracter_out/processing/plassembler/EXE_33_2024_E/plasmid_long_entropy_filtered.fastq -t 1 -o hybracter_out/processing/plassembler/EXE_33_2024_E/unicycler_output
2026-03-26 18:50:14.763 | INFO     | plassembler:long:1701 - unicycler assembled 4 contigs.
2026-03-26 18:50:14.806 | INFO     | plassembler.utils.external_tools:run_to_stdout:67 - Started running minimap2 -ax map-ont -t 1 hybracter_out/processing/plassembler/EXE_33_2024_E/long_combined.fasta hybracter_out/processing/plassembler/EXE_33_2024_E/chopper_long_reads.fastq.gz ...
2026-03-26 18:51:39.155 | INFO     | plassembler.utils.external_tools:run_to_stdout:69 - Done running minimap2 -ax map-ont -t 1 hybracter_out/processing/plassembler/EXE_33_2024_E/long_combined.fasta hybracter_out/processing/plassembler/EXE_33_2024_E/chopper_long_reads.fastq.gz
2026-03-26 18:51:39.156 | INFO     | plassembler.utils.external_tools:run:58 - Started running samtools sort -@ 1 hybracter_out/processing/plassembler/EXE_33_2024_E/combined_long.sam -o hybracter_out/processing/plassembler/EXE_33_2024_E/combined_sorted_long.bam ...
2026-03-26 18:51:51.380 | INFO     | plassembler.utils.external_tools:run:60 - Done running samtools sort -@ 1 hybracter_out/processing/plassembler/EXE_33_2024_E/combined_long.sam -o hybracter_out/processing/plassembler/EXE_33_2024_E/combined_sorted_long.bam
2026-03-26 18:51:58.742 | INFO     | plassembler:long:1720 - Calculating mash distances to PLSDB.
2026-03-26 18:51:58.745 | INFO     | plassembler.utils.external_tools:run:58 - Started running mash sketch hybracter_out/processing/plassembler/EXE_33_2024_E/plasmids.fasta -i ...
2026-03-26 18:51:59.016 | INFO     | plassembler.utils.external_tools:run:60 - Done running mash sketch hybracter_out/processing/plassembler/EXE_33_2024_E/plasmids.fasta -i
2026-03-26 18:51:59.017 | INFO     | plassembler.utils.external_tools:run_to_stdout:67 - Started running mash dist hybracter_out/processing/plassembler/EXE_33_2024_E/plasmids.fasta.msh /data/djs217/miniconda3/envs/hybracter_env/lib/python3.11/site-packages/hybracter/workflow/../databases/plsdb_2023_11_03_v2.msh -v 0.1 -d 0.1 -i ...
2026-03-26 18:52:02.124 | INFO     | plassembler.utils.external_tools:run_to_stdout:69 - Done running mash dist hybracter_out/processing/plassembler/EXE_33_2024_E/plasmids.fasta.msh /data/djs217/miniconda3/envs/hybracter_env/lib/python3.11/site-packages/hybracter/workflow/../databases/plsdb_2023_11_03_v2.msh -v 0.1 -d 0.1 -i
2026-03-26 18:52:02.869 | INFO     | plassembler.utils.plass_class:combine_depth_mash_tsvs:754 - Filtering contigs below depth filter: 0.25.
2026-03-26 18:52:02.869 | INFO     | plassembler.utils.plass_class:combine_depth_mash_tsvs:760 - All plasmids whose long read copy numbers are below 0.25 will be removed.
2026-03-26 18:52:02.869 | INFO     | plassembler.utils.plass_class:combine_depth_mash_tsvs:772 - No plasmids were filtered due to low depth.
2026-03-26 18:52:03.204 | INFO     | plassembler:end_plassembler:118 - Plassembler has finished
2026-03-26 18:52:03.204 | INFO     | plassembler:end_plassembler:119 - Elapsed time: 5271.95 seconds
