2026-03-26 19:19:32.737 | INFO     | plassembler:begin_plassembler:101 - You are using Plassembler version 1.8.1

2026-03-26 19:19:32.737 | INFO     | plassembler:begin_plassembler:102 - Repository homepage is https://github.com/gbouras13/plassembler
2026-03-26 19:19:32.738 | INFO     | plassembler:begin_plassembler:103 - Written by George Bouras: george.bouras@adelaide.edu.au
2026-03-26 19:19:32.738 | INFO     | plassembler:long:1371 - Database directory is /data/djs217/miniconda3/envs/hybracter_env/lib/python3.11/site-packages/hybracter/workflow/../databases
2026-03-26 19:19:32.738 | INFO     | plassembler:long:1372 - Longreads file is hybracter_out/processing/qc/EXE_08_2024_A_filt_trim.fastq.gz
2026-03-26 19:19:32.738 | INFO     | plassembler:long:1373 - Chromosome length threshold is 2800000
2026-03-26 19:19:32.738 | INFO     | plassembler:long:1374 - Output directory is hybracter_out/processing/plassembler/EXE_08_2024_A
2026-03-26 19:19:32.738 | INFO     | plassembler:long:1375 - Min long read length is 500
2026-03-26 19:19:32.738 | INFO     | plassembler:long:1376 - Min long read quality is 9
2026-03-26 19:19:32.738 | INFO     | plassembler:long:1377 - Thread count is 1
2026-03-26 19:19:32.738 | INFO     | plassembler:long:1378 - --force is True
2026-03-26 19:19:32.738 | INFO     | plassembler:long:1379 - --skip_qc is True
2026-03-26 19:19:32.738 | INFO     | plassembler:long:1380 - --raw_flag is False
2026-03-26 19:19:32.738 | INFO     | plassembler:long:1381 - --keep_fastqs is False
2026-03-26 19:19:32.738 | INFO     | plassembler:long:1382 - --pacbio_model is nothing
2026-03-26 19:19:32.738 | INFO     | plassembler:long:1383 - --keep_chromosome is False
2026-03-26 19:19:32.738 | INFO     | plassembler:long:1384 - --flye_directory is hybracter_out/processing/assemblies/EXE_08_2024_A
2026-03-26 19:19:32.738 | INFO     | plassembler:long:1385 - --flye_assembly is nothing
2026-03-26 19:19:32.738 | INFO     | plassembler:long:1386 - --flye_info is nothing
2026-03-26 19:19:32.738 | INFO     | plassembler:long:1387 - --corrected_error_rate is 0.12
2026-03-26 19:19:32.738 | INFO     | plassembler:long:1388 - --no_chromosome is False
2026-03-26 19:19:32.738 | INFO     | plassembler:long:1389 - --depth_filter is 0.25
2026-03-26 19:19:32.738 | INFO     | plassembler:long:1390 - --unicycler_options is None
2026-03-26 19:19:32.738 | INFO     | plassembler:long:1391 - --spades_options is None
2026-03-26 19:19:32.738 | INFO     | plassembler:long:1392 - --skip_mash is False
2026-03-26 19:19:32.738 | INFO     | plassembler:long:1396 - Checking dependencies
2026-03-26 19:19:32.822 | INFO     | plassembler.utils.input_commands:check_dependencies:199 - Flye version found is v2.9.6-b1802.
2026-03-26 19:19:32.823 | INFO     | plassembler.utils.input_commands:check_dependencies:209 - Flye version is ok.
2026-03-26 19:19:32.852 | INFO     | plassembler.utils.input_commands:check_dependencies:218 - Raven v1.8.3 found.
2026-03-26 19:19:32.852 | INFO     | plassembler.utils.input_commands:check_dependencies:220 - Raven version is ok.
2026-03-26 19:19:32.942 | INFO     | plassembler.utils.input_commands:check_dependencies:242 - Unicycler version found is v0.5.1.
2026-03-26 19:19:32.942 | INFO     | plassembler.utils.input_commands:check_dependencies:255 - Unicycler version is ok.
2026-03-26 19:19:33.043 | INFO     | plassembler.utils.input_commands:check_dependencies:265 - SPAdes v4.2.0 found.
2026-03-26 19:19:33.050 | INFO     | plassembler.utils.input_commands:check_dependencies:278 - Samtools v1.22.1 found.
2026-03-26 19:19:33.053 | INFO     | plassembler.utils.input_commands:check_dependencies:289 - minimap2 v2.30-r1287 found.
2026-03-26 19:19:33.107 | INFO     | plassembler.utils.input_commands:check_dependencies:300 - fastp v1.0.1 found.
2026-03-26 19:19:33.142 | INFO     | plassembler.utils.input_commands:check_dependencies:311 - chopper v0.11.0 found.
2026-03-26 19:19:33.164 | INFO     | plassembler.utils.input_commands:check_dependencies:326 - mash v2.3 found.
2026-03-26 19:19:33.437 | INFO     | plassembler.utils.input_commands:check_dependencies:337 - canu v2.2 found.
2026-03-26 19:19:33.995 | INFO     | plassembler.utils.input_commands:check_dependencies:348 - dnaapler v1.3.0 found.
2026-03-26 19:19:34.742 | INFO     | plassembler.utils.input_commands:check_dependencies:365 - BLAST version found is v2.17.0.
2026-03-26 19:19:34.742 | INFO     | plassembler.utils.input_commands:check_dependencies:371 - All dependencies found.
2026-03-26 19:19:34.743 | INFO     | plassembler:long:1405 - Checking database installation.
2026-03-26 19:19:34.743 | INFO     | plassembler.utils.db:check_db_installation:52 - PLSDB Database mash sketch at /data/djs217/miniconda3/envs/hybracter_env/lib/python3.11/site-packages/hybracter/workflow/../databases/plsdb_2023_11_03_v2.msh exists.
2026-03-26 19:19:34.743 | INFO     | plassembler.utils.db:check_db_installation:53 - PLSDB Database tsv metadata file at /data/djs217/miniconda3/envs/hybracter_env/lib/python3.11/site-packages/hybracter/workflow/../databases/plsdb_2023_11_03_v2.tsv exists.
2026-03-26 19:19:34.743 | INFO     | plassembler.utils.db:check_db_installation:54 - PLSDB Database at /data/djs217/miniconda3/envs/hybracter_env/lib/python3.11/site-packages/hybracter/workflow/../databases has already been downloaded
2026-03-26 19:19:34.743 | INFO     | plassembler:long:1413 - Database successfully checked.
2026-03-26 19:19:34.744 | INFO     | plassembler:long:1416 - Checking input fastqs.
2026-03-26 19:19:34.745 | INFO     | plassembler.utils.input_commands:validate_fastq:24 - FASTQ hybracter_out/processing/qc/EXE_08_2024_A_filt_trim.fastq.gz checked
2026-03-26 19:19:34.902 | INFO     | plassembler:long:1474 - You have specified a hybracter_out/processing/assemblies/EXE_08_2024_A with an existing flye assembly.
2026-03-26 19:19:34.902 | INFO     | plassembler:long:1477 - Copying files.
2026-03-26 19:19:34.906 | INFO     | plassembler:long:1518 - Counting Contigs.
2026-03-26 19:19:34.934 | INFO     | plassembler.utils.plass_class:get_contig_count:87 - Assembled 2 contigs.
2026-03-26 19:19:35.020 | INFO     | plassembler:long:1563 - Mapping long reads.
2026-03-26 19:19:35.020 | INFO     | plassembler.utils.external_tools:run_to_stdout:67 - Started running minimap2 -ax map-ont -t 1 hybracter_out/processing/plassembler/EXE_08_2024_A/flye_renamed.fasta hybracter_out/processing/plassembler/EXE_08_2024_A/chopper_long_reads.fastq.gz ...
2026-03-26 19:20:58.077 | INFO     | plassembler.utils.external_tools:run_to_stdout:69 - Done running minimap2 -ax map-ont -t 1 hybracter_out/processing/plassembler/EXE_08_2024_A/flye_renamed.fasta hybracter_out/processing/plassembler/EXE_08_2024_A/chopper_long_reads.fastq.gz
2026-03-26 19:20:58.078 | INFO     | plassembler:long:1572 - Processing Sam/Bam Files and extracting Fastqs.
2026-03-26 19:20:58.934 | INFO     | plassembler:long:1635 - Removing junk low entropy repeat reads.
2026-03-26 19:22:05.739 | INFO     | plassembler:long:1643 - Correcting reads with canu prior to running Unicycler.
2026-03-26 19:22:05.740 | INFO     | plassembler.utils.external_tools:run:58 - Started running canu -correct -p canu -d hybracter_out/processing/plassembler/EXE_08_2024_A/canu genomeSize=1.83646m maxInputCoverage=50 stopOnLowCoverage=1 maxThreads=1 -nanopore correctedErrorRate=0.12 hybracter_out/processing/plassembler/EXE_08_2024_A/plasmid_long_entropy_filtered.fastq ...
2026-03-26 19:22:06.205 | WARNING  | plassembler.utils.external_tools:run_tool:129 - Canu failed to correct any reads.
2026-03-26 19:22:06.205 | WARNING  | plassembler.utils.external_tools:run_tool:130 - This probably means there is low depth, don't be too concerned.
2026-03-26 19:22:06.205 | WARNING  | plassembler.utils.external_tools:run_tool:133 - If you are concerned, check stdout log file: hybracter_out/processing/plassembler/EXE_08_2024_A/logs/canu__correct_6a1aaf326935c2d08ee3c4d8a8e2c6bee3b3222c46394aacccdadae5d8be6b57.out and stderr log file: hybracter_out/processing/plassembler/EXE_08_2024_A/logs/canu__correct_6a1aaf326935c2d08ee3c4d8a8e2c6bee3b3222c46394aacccdadae5d8be6b57.err.
2026-03-26 19:22:06.206 | WARNING  | plassembler:long:1663 - Advancing with uncorrected reads
2026-03-26 19:22:06.207 | INFO     | plassembler.utils.external_tools:run:58 - Started running unicycler -s hybracter_out/processing/plassembler/EXE_08_2024_A/plasmid_long_entropy_filtered.fastq -l hybracter_out/processing/plassembler/EXE_08_2024_A/plasmid_long_entropy_filtered.fastq -t 1 -o hybracter_out/processing/plassembler/EXE_08_2024_A/unicycler_output ...
2026-03-26 20:40:45.304 | INFO     | plassembler.utils.external_tools:run:60 - Done running unicycler -s hybracter_out/processing/plassembler/EXE_08_2024_A/plasmid_long_entropy_filtered.fastq -l hybracter_out/processing/plassembler/EXE_08_2024_A/plasmid_long_entropy_filtered.fastq -t 1 -o hybracter_out/processing/plassembler/EXE_08_2024_A/unicycler_output
2026-03-26 20:40:45.340 | INFO     | plassembler:long:1701 - unicycler assembled 13 contigs.
2026-03-26 20:40:45.384 | INFO     | plassembler.utils.external_tools:run_to_stdout:67 - Started running minimap2 -ax map-ont -t 1 hybracter_out/processing/plassembler/EXE_08_2024_A/long_combined.fasta hybracter_out/processing/plassembler/EXE_08_2024_A/chopper_long_reads.fastq.gz ...
2026-03-26 20:42:09.727 | INFO     | plassembler.utils.external_tools:run_to_stdout:69 - Done running minimap2 -ax map-ont -t 1 hybracter_out/processing/plassembler/EXE_08_2024_A/long_combined.fasta hybracter_out/processing/plassembler/EXE_08_2024_A/chopper_long_reads.fastq.gz
2026-03-26 20:42:09.729 | INFO     | plassembler.utils.external_tools:run:58 - Started running samtools sort -@ 1 hybracter_out/processing/plassembler/EXE_08_2024_A/combined_long.sam -o hybracter_out/processing/plassembler/EXE_08_2024_A/combined_sorted_long.bam ...
2026-03-26 20:42:20.991 | INFO     | plassembler.utils.external_tools:run:60 - Done running samtools sort -@ 1 hybracter_out/processing/plassembler/EXE_08_2024_A/combined_long.sam -o hybracter_out/processing/plassembler/EXE_08_2024_A/combined_sorted_long.bam
2026-03-26 20:42:28.833 | INFO     | plassembler:long:1720 - Calculating mash distances to PLSDB.
2026-03-26 20:42:28.835 | INFO     | plassembler.utils.external_tools:run:58 - Started running mash sketch hybracter_out/processing/plassembler/EXE_08_2024_A/plasmids.fasta -i ...
2026-03-26 20:42:29.167 | INFO     | plassembler.utils.external_tools:run:60 - Done running mash sketch hybracter_out/processing/plassembler/EXE_08_2024_A/plasmids.fasta -i
2026-03-26 20:42:29.169 | INFO     | plassembler.utils.external_tools:run_to_stdout:67 - Started running mash dist hybracter_out/processing/plassembler/EXE_08_2024_A/plasmids.fasta.msh /data/djs217/miniconda3/envs/hybracter_env/lib/python3.11/site-packages/hybracter/workflow/../databases/plsdb_2023_11_03_v2.msh -v 0.1 -d 0.1 -i ...
2026-03-26 20:42:48.266 | INFO     | plassembler.utils.external_tools:run_to_stdout:69 - Done running mash dist hybracter_out/processing/plassembler/EXE_08_2024_A/plasmids.fasta.msh /data/djs217/miniconda3/envs/hybracter_env/lib/python3.11/site-packages/hybracter/workflow/../databases/plsdb_2023_11_03_v2.msh -v 0.1 -d 0.1 -i
2026-03-26 20:42:49.192 | INFO     | plassembler.utils.plass_class:combine_depth_mash_tsvs:754 - Filtering contigs below depth filter: 0.25.
2026-03-26 20:42:49.192 | INFO     | plassembler.utils.plass_class:combine_depth_mash_tsvs:760 - All plasmids whose long read copy numbers are below 0.25 will be removed.
2026-03-26 20:42:49.192 | INFO     | plassembler.utils.plass_class:combine_depth_mash_tsvs:768 - 1 plasmids were filtered as they were below the depth filter.
2026-03-26 20:42:49.539 | INFO     | plassembler:end_plassembler:118 - Plassembler has finished
2026-03-26 20:42:49.539 | INFO     | plassembler:end_plassembler:119 - Elapsed time: 4996.81 seconds
