[2026-03-26 08:50:37] root: INFO: Starting Flye 2.9.6-b1802
[2026-03-26 08:50:37] root: DEBUG: Cmd: /data/djs217/miniconda3/envs/hybracter_env/lib/python3.11/site-packages/hybracter/workflow/conda/867e79b85cea33b7804e36b625a69929_/bin/flye --nano-hq hybracter_out/processing/qc/EXE_03_2025_A_filt_trim.fastq.gz -t 1 --out-dir hybracter_out/processing/assemblies/EXE_03_2025_A
[2026-03-26 08:50:37] root: DEBUG: Python version: 3.12.12 | packaged by conda-forge | (main, Oct 22 2025, 23:25:55) [GCC 14.3.0]
[2026-03-26 08:50:37] root: INFO: >>>STAGE: configure
[2026-03-26 08:50:37] root: INFO: Configuring run
[2026-03-26 08:50:41] root: INFO: Total read length: 274953337
[2026-03-26 08:50:41] root: INFO: Reads N50/N90: 22125 / 9857
[2026-03-26 08:50:41] root: INFO: Minimum overlap set to 10000
[2026-03-26 08:50:41] root: INFO: >>>STAGE: assembly
[2026-03-26 08:50:41] root: INFO: Assembling disjointigs
[2026-03-26 08:50:41] root: DEBUG: -----Begin assembly log------
[2026-03-26 08:50:41] root: DEBUG: Running: flye-modules assemble --reads /data/djs217/PROJECTS/vibrio/P0232_251203_11813_10386/12_filtlong/02_hybracter/hybracter_out/processing/qc/EXE_03_2025_A_filt_trim.fastq.gz --out-asm /data/djs217/PROJECTS/vibrio/P0232_251203_11813_10386/12_filtlong/02_hybracter/hybracter_out/processing/assemblies/EXE_03_2025_A/00-assembly/draft_assembly.fasta --config /data/djs217/miniconda3/envs/hybracter_env/lib/python3.11/site-packages/hybracter/workflow/conda/867e79b85cea33b7804e36b625a69929_/lib/python3.12/site-packages/flye/config/bin_cfg/asm_nano_hq.cfg --log /data/djs217/PROJECTS/vibrio/P0232_251203_11813_10386/12_filtlong/02_hybracter/hybracter_out/processing/assemblies/EXE_03_2025_A/flye.log --threads 1 --min-ovlp 10000
[2026-03-26 08:50:41] DEBUG: Build date: May  4 2025 23:17:52
[2026-03-26 08:50:41] DEBUG: Total RAM: 31 Gb
[2026-03-26 08:50:41] DEBUG: Available RAM: 29 Gb
[2026-03-26 08:50:41] DEBUG: Total CPUs: 16
[2026-03-26 08:50:41] DEBUG: Loading /data/djs217/miniconda3/envs/hybracter_env/lib/python3.11/site-packages/hybracter/workflow/conda/867e79b85cea33b7804e36b625a69929_/lib/python3.12/site-packages/flye/config/bin_cfg/asm_nano_hq.cfg
[2026-03-26 08:50:41] DEBUG: Loading /data/djs217/miniconda3/envs/hybracter_env/lib/python3.11/site-packages/hybracter/workflow/conda/867e79b85cea33b7804e36b625a69929_/lib/python3.12/site-packages/flye/config/bin_cfg/asm_defaults.cfg
[2026-03-26 08:50:41] DEBUG: 	big_genome_threshold=29000000
[2026-03-26 08:50:41] DEBUG: 	meta_read_filter_kmer_freq=100
[2026-03-26 08:50:41] DEBUG: 	chain_large_gap_penalty=2
[2026-03-26 08:50:41] DEBUG: 	chain_small_gap_penalty=0.5
[2026-03-26 08:50:41] DEBUG: 	chain_gap_jump_threshold=100
[2026-03-26 08:50:41] DEBUG: 	max_jump_gap=500
[2026-03-26 08:50:41] DEBUG: 	max_coverage_drop_rate=5
[2026-03-26 08:50:41] DEBUG: 	max_extensions_drop_rate=5
[2026-03-26 08:50:41] DEBUG: 	chimera_window=100
[2026-03-26 08:50:41] DEBUG: 	chimera_overhang=1000
[2026-03-26 08:50:41] DEBUG: 	min_reads_in_disjointig=4
[2026-03-26 08:50:41] DEBUG: 	max_inner_reads=10
[2026-03-26 08:50:41] DEBUG: 	max_inner_fraction=0.25
[2026-03-26 08:50:41] DEBUG: 	aggressive_dup_filter=1
[2026-03-26 08:50:41] DEBUG: 	max_separation=500
[2026-03-26 08:50:41] DEBUG: 	unique_edge_length=50000
[2026-03-26 08:50:41] DEBUG: 	min_repeat_res_support=0.51
[2026-03-26 08:50:41] DEBUG: 	out_paths_ratio=5
[2026-03-26 08:50:41] DEBUG: 	graph_cov_drop_rate=5
[2026-03-26 08:50:41] DEBUG: 	coverage_estimate_window=100
[2026-03-26 08:50:41] DEBUG: 	max_bubble_length=50000
[2026-03-26 08:50:41] DEBUG: 	loop_coverage_rate=1.5
[2026-03-26 08:50:41] DEBUG: 	repeat_edge_cov_mult=1.75
[2026-03-26 08:50:41] DEBUG: 	weak_detach_rate=5
[2026-03-26 08:50:41] DEBUG: 	tip_coverage_rate=2
[2026-03-26 08:50:41] DEBUG: 	tip_length_rate=2
[2026-03-26 08:50:41] DEBUG: 	output_gfa_before_rr=1
[2026-03-26 08:50:41] DEBUG: 	remove_alt_edges=0
[2026-03-26 08:50:41] DEBUG: 	low_cutoff_warning=0
[2026-03-26 08:50:41] DEBUG: 	kmer_size=17
[2026-03-26 08:50:41] DEBUG: 	use_minimizers=1
[2026-03-26 08:50:41] DEBUG: 	minimizer_window=10
[2026-03-26 08:50:41] DEBUG: 	reads_base_alignment=1
[2026-03-26 08:50:41] DEBUG: 	meta_read_top_kmer_rate=0.75
[2026-03-26 08:50:41] DEBUG: 	maximum_jump=1500
[2026-03-26 08:50:41] DEBUG: 	maximum_overhang=1500
[2026-03-26 08:50:41] DEBUG: 	repeat_kmer_rate=100
[2026-03-26 08:50:41] DEBUG: 	assemble_ovlp_divergence=0.03
[2026-03-26 08:50:41] DEBUG: 	assemble_divergence_relative=1
[2026-03-26 08:50:41] DEBUG: 	repeat_graph_ovlp_divergence=0.03
[2026-03-26 08:50:41] DEBUG: 	read_align_ovlp_divergence=0.10
[2026-03-26 08:50:41] DEBUG: 	hpc_scoring_on=1
[2026-03-26 08:50:41] DEBUG: 	add_unassembled_reads=0
[2026-03-26 08:50:41] DEBUG: 	extend_contigs_with_repeats=0
[2026-03-26 08:50:41] DEBUG: 	min_read_cov_cutoff=3
[2026-03-26 08:50:41] DEBUG: 	short_tip_length=20000
[2026-03-26 08:50:41] DEBUG: 	long_tip_length=100000
[2026-03-26 08:50:41] DEBUG: Running with k-mer size: 17
[2026-03-26 08:50:41] DEBUG: Running with minimum overlap 10000
[2026-03-26 08:50:41] DEBUG: Metagenome mode: N
[2026-03-26 08:50:41] DEBUG: Short mode: N
[2026-03-26 08:50:41] INFO: Reading sequences
[2026-03-26 08:50:45] DEBUG: Building positional index
[2026-03-26 08:50:45] DEBUG: Total sequence: 245766922 bp
[2026-03-26 08:50:45] INFO: Building minimizer index
[2026-03-26 08:50:45] INFO: Pre-calculating index storage
[2026-03-26 08:51:02] DEBUG: Mean k-mer frequency: 12.444
[2026-03-26 08:51:02] DEBUG: Repetitive k-mer frequency: 1244
[2026-03-26 08:51:02] DEBUG: Filtered 6763 repetitive k-mers (0.000151396)
[2026-03-26 08:51:02] INFO: Filling index
[2026-03-26 08:51:24] DEBUG: Sorting k-mer index
[2026-03-26 08:51:25] DEBUG: Selected k-mers: 3589750
[2026-03-26 08:51:25] DEBUG: K-mer index size: 44664028
[2026-03-26 08:51:25] DEBUG: Mean k-mer frequency: 12.4421
[2026-03-26 08:51:25] DEBUG: Minimizer rate: 5.50257
[2026-03-26 08:51:25] DEBUG: Peak RAM usage: 0 Gb
[2026-03-26 08:51:25] DEBUG: Estimating k-mer identity bias
[2026-03-26 08:52:39] DEBUG: Initial divergence estimate : 0.00939165
[2026-03-26 08:52:39] DEBUG: Relative threshold: Y
[2026-03-26 08:52:39] DEBUG: Max divergence threshold set to 0.0393916
[2026-03-26 08:52:39] INFO: Extending reads
[2026-03-26 08:52:39] DEBUG: Estimating overlap coverage
[2026-03-26 08:53:55] INFO: Overlap-based coverage: 38
[2026-03-26 08:53:55] INFO: Median overlap divergence: 0.0100056
[2026-03-26 08:53:55] DEBUG: Sequence divergence distribution: 

    | *     |                                                                                            
    | *     |                                                                                            
    | *     |                                                                                            
    | *     |                                                                                            
    | *     |                                                                                            
    | *     |                                                                                            
    | *     |                                                                                            
    | *     |                                                                                            
    | *     |                                                                                            
    | **    |                                                                                            
    | **    |                                                                                            
    | **    |                                                                                            
    | **    |                                                                                            
    |***    |                                                                                            
    |***    |                                                                                            
    |****   |                                                                                            
    |*****  |                                                                                            
    |****** |                                                                                            
    |********                                                                                            
    |****************  * **                                                                              
    ----------------------------------------------------------------------------------------------------
    0%        5%        10%       15%       20%       25%       30%       35%       40%       45%       

    Q25 = 0.0065, Q50 = 0.01, Q75 = 0.018

[2026-03-26 08:54:51] DEBUG: Assembled disjointig 1
	With 310 reads
	Start read: +f463f63c-212d-44b2-8066-29bb165d2fd1
	At position: 305
	leftTip: 0 rightTip: 0
	Suspicious: 1
	Short ext: 1
	Mean extensions: 35
	Avg overlap len: 37290
	Min overlap len: 1775
	Inner reads: 0
	Length: 3797923
[2026-03-26 08:54:51] DEBUG: Inner: 14022 covered: 14186 total: 22554
[2026-03-26 08:55:17] DEBUG: Assembled disjointig 2
	With 179 reads
	Start read: +6d85f622-e223-4fec-9f13-cd0900bd2b99
	At position: 177
	leftTip: 0 rightTip: 0
	Suspicious: 1
	Short ext: 0
	Mean extensions: 29
	Avg overlap len: 36951
	Min overlap len: 18265
	Inner reads: 0
	Length: 2446361
[2026-03-26 08:55:17] DEBUG: Inner: 21180 covered: 21442 total: 22554
[2026-03-26 08:55:20] DEBUG: Assembled disjointig 3
	With 18 reads
	Start read: +9c80c987-5652-4dc0-bd04-244711122ce3
	At position: 11
	leftTip: 0 rightTip: 0
	Suspicious: 2
	Short ext: 2
	Mean extensions: 46
	Avg overlap len: 35225
	Min overlap len: 1784
	Inner reads: 0
	Length: 192130
[2026-03-26 08:55:20] DEBUG: Inner: 21636 covered: 21912 total: 22554
[2026-03-26 08:56:01] INFO: Assembled 3 disjointigs
[2026-03-26 08:56:01] INFO: Generating sequence
[2026-03-26 08:56:03] DEBUG: Building positional index
[2026-03-26 08:56:03] DEBUG: Total sequence: 6436566 bp
[2026-03-26 08:56:04] DEBUG: Mean k-mer frequency: 1.08595
[2026-03-26 08:56:04] DEBUG: Repetitive k-mer frequency: 108
[2026-03-26 08:56:04] DEBUG: Filtered 0 repetitive k-mers (0)
[2026-03-26 08:56:05] DEBUG: Sorting k-mer index
[2026-03-26 08:56:05] DEBUG: Selected k-mers: 1078153
[2026-03-26 08:56:05] DEBUG: K-mer index size: 1170818
[2026-03-26 08:56:05] DEBUG: Mean k-mer frequency: 1.08595
[2026-03-26 08:56:05] DEBUG: Minimizer rate: 5.49749
[2026-03-26 08:56:05] INFO: Filtering contained disjointigs
[2026-03-26 08:56:08] DEBUG: Computing transitive closure for overlaps
[2026-03-26 08:56:08] DEBUG: Found 8 overlaps
[2026-03-26 08:56:08] DEBUG: Left 8 overlaps after filtering
[2026-03-26 08:56:08] INFO: Contained seqs: 0
[2026-03-26 08:56:08] DEBUG: Writing FASTA
[2026-03-26 08:56:08] DEBUG: Peak RAM usage: 0 Gb
-----------End assembly log------------
[2026-03-26 08:56:08] root: DEBUG: Disjointigs length: 6436566, N50: 3798012
[2026-03-26 08:56:08] root: INFO: >>>STAGE: consensus
[2026-03-26 08:56:08] root: INFO: Running Minimap2
[2026-03-26 08:57:56] root: INFO: Computing consensus
[2026-03-26 08:59:38] root: INFO: Alignment error rate: 0.014122
[2026-03-26 08:59:38] root: INFO: >>>STAGE: repeat
[2026-03-26 08:59:38] root: INFO: Building and resolving repeat graph
[2026-03-26 08:59:38] root: DEBUG: -----Begin repeat analyser log------
[2026-03-26 08:59:38] root: DEBUG: Running: flye-modules repeat --disjointigs /data/djs217/PROJECTS/vibrio/P0232_251203_11813_10386/12_filtlong/02_hybracter/hybracter_out/processing/assemblies/EXE_03_2025_A/10-consensus/consensus.fasta --reads /data/djs217/PROJECTS/vibrio/P0232_251203_11813_10386/12_filtlong/02_hybracter/hybracter_out/processing/qc/EXE_03_2025_A_filt_trim.fastq.gz --out-dir /data/djs217/PROJECTS/vibrio/P0232_251203_11813_10386/12_filtlong/02_hybracter/hybracter_out/processing/assemblies/EXE_03_2025_A/20-repeat --config /data/djs217/miniconda3/envs/hybracter_env/lib/python3.11/site-packages/hybracter/workflow/conda/867e79b85cea33b7804e36b625a69929_/lib/python3.12/site-packages/flye/config/bin_cfg/asm_nano_hq.cfg --log /data/djs217/PROJECTS/vibrio/P0232_251203_11813_10386/12_filtlong/02_hybracter/hybracter_out/processing/assemblies/EXE_03_2025_A/flye.log --threads 1 --min-ovlp 10000
[2026-03-26 08:59:38] DEBUG: Build date: May  4 2025 23:18:08
[2026-03-26 08:59:38] DEBUG: Total RAM: 31 Gb
[2026-03-26 08:59:38] DEBUG: Available RAM: 29 Gb
[2026-03-26 08:59:38] DEBUG: Total CPUs: 16
[2026-03-26 08:59:38] DEBUG: Loading /data/djs217/miniconda3/envs/hybracter_env/lib/python3.11/site-packages/hybracter/workflow/conda/867e79b85cea33b7804e36b625a69929_/lib/python3.12/site-packages/flye/config/bin_cfg/asm_nano_hq.cfg
[2026-03-26 08:59:38] DEBUG: Loading /data/djs217/miniconda3/envs/hybracter_env/lib/python3.11/site-packages/hybracter/workflow/conda/867e79b85cea33b7804e36b625a69929_/lib/python3.12/site-packages/flye/config/bin_cfg/asm_defaults.cfg
[2026-03-26 08:59:38] DEBUG: 	big_genome_threshold=29000000
[2026-03-26 08:59:38] DEBUG: 	meta_read_filter_kmer_freq=100
[2026-03-26 08:59:38] DEBUG: 	chain_large_gap_penalty=2
[2026-03-26 08:59:38] DEBUG: 	chain_small_gap_penalty=0.5
[2026-03-26 08:59:38] DEBUG: 	chain_gap_jump_threshold=100
[2026-03-26 08:59:38] DEBUG: 	max_jump_gap=500
[2026-03-26 08:59:38] DEBUG: 	max_coverage_drop_rate=5
[2026-03-26 08:59:38] DEBUG: 	max_extensions_drop_rate=5
[2026-03-26 08:59:38] DEBUG: 	chimera_window=100
[2026-03-26 08:59:38] DEBUG: 	chimera_overhang=1000
[2026-03-26 08:59:38] DEBUG: 	min_reads_in_disjointig=4
[2026-03-26 08:59:38] DEBUG: 	max_inner_reads=10
[2026-03-26 08:59:38] DEBUG: 	max_inner_fraction=0.25
[2026-03-26 08:59:38] DEBUG: 	aggressive_dup_filter=1
[2026-03-26 08:59:38] DEBUG: 	max_separation=500
[2026-03-26 08:59:38] DEBUG: 	unique_edge_length=50000
[2026-03-26 08:59:38] DEBUG: 	min_repeat_res_support=0.51
[2026-03-26 08:59:38] DEBUG: 	out_paths_ratio=5
[2026-03-26 08:59:38] DEBUG: 	graph_cov_drop_rate=5
[2026-03-26 08:59:38] DEBUG: 	coverage_estimate_window=100
[2026-03-26 08:59:38] DEBUG: 	max_bubble_length=50000
[2026-03-26 08:59:38] DEBUG: 	loop_coverage_rate=1.5
[2026-03-26 08:59:38] DEBUG: 	repeat_edge_cov_mult=1.75
[2026-03-26 08:59:38] DEBUG: 	weak_detach_rate=5
[2026-03-26 08:59:38] DEBUG: 	tip_coverage_rate=2
[2026-03-26 08:59:38] DEBUG: 	tip_length_rate=2
[2026-03-26 08:59:38] DEBUG: 	output_gfa_before_rr=1
[2026-03-26 08:59:38] DEBUG: 	remove_alt_edges=0
[2026-03-26 08:59:38] DEBUG: 	low_cutoff_warning=0
[2026-03-26 08:59:38] DEBUG: 	kmer_size=17
[2026-03-26 08:59:38] DEBUG: 	use_minimizers=1
[2026-03-26 08:59:38] DEBUG: 	minimizer_window=10
[2026-03-26 08:59:38] DEBUG: 	reads_base_alignment=1
[2026-03-26 08:59:38] DEBUG: 	meta_read_top_kmer_rate=0.75
[2026-03-26 08:59:38] DEBUG: 	maximum_jump=1500
[2026-03-26 08:59:38] DEBUG: 	maximum_overhang=1500
[2026-03-26 08:59:38] DEBUG: 	repeat_kmer_rate=100
[2026-03-26 08:59:38] DEBUG: 	assemble_ovlp_divergence=0.03
[2026-03-26 08:59:38] DEBUG: 	assemble_divergence_relative=1
[2026-03-26 08:59:38] DEBUG: 	repeat_graph_ovlp_divergence=0.03
[2026-03-26 08:59:38] DEBUG: 	read_align_ovlp_divergence=0.10
[2026-03-26 08:59:38] DEBUG: 	hpc_scoring_on=1
[2026-03-26 08:59:38] DEBUG: 	add_unassembled_reads=0
[2026-03-26 08:59:38] DEBUG: 	extend_contigs_with_repeats=0
[2026-03-26 08:59:38] DEBUG: 	min_read_cov_cutoff=3
[2026-03-26 08:59:38] DEBUG: 	short_tip_length=20000
[2026-03-26 08:59:38] DEBUG: 	long_tip_length=100000
[2026-03-26 08:59:38] DEBUG: Running with k-mer size: 17
[2026-03-26 08:59:38] DEBUG: Selected minimum overlap 10000
[2026-03-26 08:59:38] DEBUG: Metagenome mode: N
[2026-03-26 08:59:38] INFO: Parsing disjointigs
[2026-03-26 08:59:38] DEBUG: Building positional index
[2026-03-26 08:59:38] DEBUG: Total sequence: 6439857 bp
[2026-03-26 08:59:38] INFO: Building repeat graph
[2026-03-26 08:59:38] DEBUG: Mean k-mer frequency: 1.0919
[2026-03-26 08:59:38] DEBUG: Repetitive k-mer frequency: 109
[2026-03-26 08:59:38] DEBUG: Filtered 0 repetitive k-mers (0)
[2026-03-26 08:59:39] DEBUG: Sorting k-mer index
[2026-03-26 08:59:39] DEBUG: Selected k-mers: 1072713
[2026-03-26 08:59:39] DEBUG: K-mer index size: 1171301
[2026-03-26 08:59:39] DEBUG: Mean k-mer frequency: 1.09191
[2026-03-26 08:59:39] DEBUG: Minimizer rate: 5.49804
[2026-03-26 08:59:42] DEBUG: Computing transitive closure for overlaps
[2026-03-26 08:59:42] DEBUG: Found 44 overlaps
[2026-03-26 08:59:42] DEBUG: Left 20 overlaps after filtering
[2026-03-26 08:59:42] INFO: Median overlap divergence: 0.000952488
[2026-03-26 08:59:42] DEBUG: Sequence divergence distribution: 

    |*     |                                                                                             
    |*     |                                                                                             
    |*     |                                                                                             
    |*     |                                                                                             
    |*     |                                                                                             
    |*     |                                                                                             
    |*     |                                                                                             
    |*     |                                                                                             
    |*     |                                                                                             
    |*     |                                                                                             
    |*     |                                                                                             
    |*     |                                                                                             
    |*     |                                                                                             
    |*    *|                                                                                             
    |*    *|                                                                                             
    |*    *|                                                                                             
    |*   **|                                                                                             
    |*   **|                                                                                             
    |*   **|                                                                                             
    |*   **|                                                                                             
    ----------------------------------------------------------------------------------------------------
    0%        5%        10%       15%       20%       25%       30%       35%       40%       45%       

    Q25 = 0.0005, Q50 = 0.00095, Q75 = 0.021

[2026-03-26 08:59:42] DEBUG: Computing gluepoints
[2026-03-26 08:59:42] DEBUG: Added 0 gluepoint projections
[2026-03-26 08:59:42] DEBUG: Created 36 gluepoints
[2026-03-26 08:59:42] DEBUG: Artificial loops removed: 0 left, 0 right, 0 both
[2026-03-26 08:59:42] DEBUG: Initializing edges
[2026-03-26 08:59:42] DEBUG: Edges length checksum: 1744026161
[2026-03-26 08:59:42] DEBUG: Filtered 0 singleton segments
[2026-03-26 08:59:42] DEBUG: Removed 0 simple and 1 double chimeric junctions
[2026-03-26 08:59:42] DEBUG: Collapsed 3 edges
[2026-03-26 08:59:42] DEBUG: *	12	+disjointig_1	95997	3018472	2922475	
[2026-03-26 08:59:42] DEBUG:  	4	+disjointig_1	3018472	3029683	11211	
[2026-03-26 08:59:42] DEBUG: *	-5	+disjointig_1	3029683	3205989	176306	
[2026-03-26 08:59:42] DEBUG:  	4	+disjointig_1	3205989	3217071	11082	
[2026-03-26 08:59:42] DEBUG: *	11	+disjointig_1	3217071	3800078	583007	
[2026-03-26 08:59:42] DEBUG: *	6	+disjointig_2	0	13175	13175	
[2026-03-26 08:59:42] DEBUG: *	-13	+disjointig_2	153285	2447500	2294215	
[2026-03-26 08:59:42] DEBUG: *	14	+disjointig_3	93120	192266	99146	
[2026-03-26 08:59:42] DEBUG: Total edges: 14
[2026-03-26 08:59:42] INFO: Parsing reads
[2026-03-26 08:59:46] DEBUG: Building positional index
[2026-03-26 08:59:46] DEBUG: Total sequence: 274953337 bp
[2026-03-26 08:59:46] DEBUG: Building positional index
[2026-03-26 08:59:46] DEBUG: Total sequence: 6110617 bp
[2026-03-26 08:59:46] INFO: Aligning reads to the graph
[2026-03-26 08:59:46] DEBUG: Mean k-mer frequency: 1.03807
[2026-03-26 08:59:46] DEBUG: Repetitive k-mer frequency: 103
[2026-03-26 08:59:46] DEBUG: Filtered 0 repetitive k-mers (0)
[2026-03-26 08:59:47] DEBUG: Sorting k-mer index
[2026-03-26 08:59:47] DEBUG: Selected k-mers: 1070754
[2026-03-26 08:59:47] DEBUG: K-mer index size: 1111518
[2026-03-26 08:59:47] DEBUG: Mean k-mer frequency: 1.03807
[2026-03-26 08:59:47] DEBUG: Minimizer rate: 5.49754
[2026-03-26 09:01:07] DEBUG: Total reads : 11277
[2026-03-26 09:01:07] DEBUG: Read with aligned parts : 11141
[2026-03-26 09:01:07] DEBUG: Aligned in one piece : 11003
[2026-03-26 09:01:07] INFO: Aligned read sequence: 242982762 / 245766922 (0.988672)
[2026-03-26 09:01:07] INFO: Median overlap divergence: 0.00426507
[2026-03-26 09:01:07] DEBUG: Sequence divergence distribution: 

    |*                   |                                                                               
    |*                   |                                                                               
    |*                   |                                                                               
    |*                   |                                                                               
    |*                   |                                                                               
    |*                   |                                                                               
    |*                   |                                                                               
    |*                   |                                                                               
    |*                   |                                                                               
    |*                   |                                                                               
    |*                   |                                                                               
    |**                  |                                                                               
    |**                  |                                                                               
    |**                  |                                                                               
    |**                  |                                                                               
    |**                  |                                                                               
    |**                  |                                                                               
    |***                 |                                                                               
    |****                |                                                                               
    |************** **  *|        *                                                                      
    ----------------------------------------------------------------------------------------------------
    0%        5%        10%       15%       20%       25%       30%       35%       40%       45%       

    Q25 = 0.0027, Q50 = 0.0043, Q75 = 0.0077

[2026-03-26 09:01:07] INFO: Mean edge coverage: 39
[2026-03-26 09:01:07] DEBUG: 4	len:11146	cov:102	mult:2.61538
[2026-03-26 09:01:07] DEBUG: -4	len:11146	cov:102	mult:2.61538
[2026-03-26 09:01:07] DEBUG: 5	len:176306	cov:47	mult:1.20513
[2026-03-26 09:01:07] DEBUG: -5	len:176306	cov:47	mult:1.20513
[2026-03-26 09:01:07] DEBUG: 6	len:13175	cov:7	mult:0.179487
[2026-03-26 09:01:07] DEBUG: -6	len:13175	cov:7	mult:0.179487
[2026-03-26 09:01:07] DEBUG: 11	len:583007	cov:43	mult:1.10256
[2026-03-26 09:01:07] DEBUG: -11	len:583007	cov:43	mult:1.10256
[2026-03-26 09:01:07] DEBUG: 12	len:2922475	cov:41	mult:1.05128
[2026-03-26 09:01:07] DEBUG: -12	len:2922475	cov:41	mult:1.05128
[2026-03-26 09:01:07] DEBUG: 13	len:2294215	cov:35	mult:0.897436
[2026-03-26 09:01:07] DEBUG: -13	len:2294215	cov:35	mult:0.897436
[2026-03-26 09:01:07] DEBUG: 14	len:99146	cov:54	mult:1.38462
[2026-03-26 09:01:07] DEBUG: -14	len:99146	cov:54	mult:1.38462
[2026-03-26 09:01:07] DEBUG: Unique coverage threshold 82
[2026-03-26 09:01:07] INFO: Simplifying the graph
[2026-03-26 09:01:07] DEBUG: Read coverage cutoff: 8
[2026-03-26 09:01:07] DEBUG: [SIMPL] Removed 0 paths with low coverage
[2026-03-26 09:01:07] DEBUG: [SIMPL] Masked 0 heterozygous loops
[2026-03-26 09:01:07] DEBUG: [SIMPL] Masked 0 simple bubbles
[2026-03-26 09:01:07] DEBUG: Finding repeats
[2026-03-26 09:01:07] DEBUG: Read coverage cutoff: 8
[2026-03-26 09:01:07] DEBUG: Low-coverage: 6 7
[2026-03-26 09:01:07] DEBUG: High-cov: 4	11146	102
[2026-03-26 09:01:07] DEBUG: Repeat detection iteration 1
[2026-03-26 09:01:07] DEBUG: Writing Dot
[2026-03-26 09:01:07] DEBUG: Writing FASTA
[2026-03-26 09:01:07] DEBUG: Writing Gfa
[2026-03-26 09:01:07] DEBUG: [SIMPL] == Iteration 1 ==
[2026-03-26 09:01:07] DEBUG: Splitting nodes
[2026-03-26 09:01:07] DEBUG: [SIMPL] Split 0 nodes
[2026-03-26 09:01:07] DEBUG: Tip -6 len:13175 cov:7
[2026-03-26 09:01:07] DEBUG: [SIMPL] Clipped 1 short and 0 long tips
[2026-03-26 09:01:07] DEBUG: [SIMPL] Masked 0 heterozygous loops
[2026-03-26 09:01:07] DEBUG: [SIMPL] Masked 0 simple bubbles
[2026-03-26 09:01:07] DEBUG: Finding repeats
[2026-03-26 09:01:07] DEBUG: Read coverage cutoff: 8
[2026-03-26 09:01:07] DEBUG: Low-coverage: 6 7
[2026-03-26 09:01:07] DEBUG: High-cov: 4	11146	102
[2026-03-26 09:01:07] DEBUG: Repeat detection iteration 1
[2026-03-26 09:01:07] DEBUG: Total unique edges: 5
[2026-03-26 09:01:07] DEBUG: 	Connection 12	-5	25	1
[2026-03-26 09:01:07] DEBUG: 	Connection -5	11	18	1
[2026-03-26 09:01:07] DEBUG: [SIMPL] Resolved repeats: 2
[2026-03-26 09:01:07] DEBUG: RR links: 86
[2026-03-26 09:01:07] DEBUG: Unresolved: 0
[2026-03-26 09:01:07] DEBUG: Removed 0 simple and 0 double chimeric junctions
[2026-03-26 09:01:07] DEBUG: [SIMPL] == Iteration 2 ==
[2026-03-26 09:01:07] DEBUG: Splitting nodes
[2026-03-26 09:01:07] DEBUG: [SIMPL] Split 0 nodes
[2026-03-26 09:01:07] DEBUG: [SIMPL] Clipped 0 short and 0 long tips
[2026-03-26 09:01:07] DEBUG: [SIMPL] Masked 0 heterozygous loops
[2026-03-26 09:01:07] DEBUG: [SIMPL] Masked 0 simple bubbles
[2026-03-26 09:01:07] DEBUG: Finding repeats
[2026-03-26 09:01:07] DEBUG: Read coverage cutoff: 8
[2026-03-26 09:01:07] DEBUG: Low-coverage: 6 7
[2026-03-26 09:01:07] DEBUG: Repeat detection iteration 1
[2026-03-26 09:01:07] DEBUG: Total unique edges: 7
[2026-03-26 09:01:07] DEBUG: [SIMPL] Resolved repeats: 0
[2026-03-26 09:01:07] DEBUG: RR links: 0
[2026-03-26 09:01:07] DEBUG: Unresolved: 0
[2026-03-26 09:01:07] DEBUG: Removed 0 simple and 0 double chimeric junctions
[2026-03-26 09:01:07] DEBUG: [SIMPL] Collapsed 0 haplotypes
[2026-03-26 09:01:07] DEBUG: [SIMPL] Resolved 0 simple repeats
[2026-03-26 09:01:07] DEBUG: Read coverage cutoff: 8
[2026-03-26 09:01:07] DEBUG: [SIMPL] Removed 1 paths with low coverage
[2026-03-26 09:01:07] DEBUG: Finding repeats
[2026-03-26 09:01:07] DEBUG: Read coverage cutoff: 8
[2026-03-26 09:01:07] DEBUG: Repeat detection iteration 1
[2026-03-26 09:01:07] DEBUG: Writing Dot
[2026-03-26 09:01:07] DEBUG: Writing FASTA
[2026-03-26 09:01:07] DEBUG: Peak RAM usage: 0 Gb
-----------End assembly log------------
[2026-03-26 09:01:07] root: INFO: >>>STAGE: contigger
[2026-03-26 09:01:07] root: INFO: Generating contigs
[2026-03-26 09:01:07] root: DEBUG: -----Begin contigger analyser log------
[2026-03-26 09:01:07] root: DEBUG: Running: flye-modules contigger --graph-edges /data/djs217/PROJECTS/vibrio/P0232_251203_11813_10386/12_filtlong/02_hybracter/hybracter_out/processing/assemblies/EXE_03_2025_A/20-repeat/repeat_graph_edges.fasta --reads /data/djs217/PROJECTS/vibrio/P0232_251203_11813_10386/12_filtlong/02_hybracter/hybracter_out/processing/qc/EXE_03_2025_A_filt_trim.fastq.gz --out-dir /data/djs217/PROJECTS/vibrio/P0232_251203_11813_10386/12_filtlong/02_hybracter/hybracter_out/processing/assemblies/EXE_03_2025_A/30-contigger --config /data/djs217/miniconda3/envs/hybracter_env/lib/python3.11/site-packages/hybracter/workflow/conda/867e79b85cea33b7804e36b625a69929_/lib/python3.12/site-packages/flye/config/bin_cfg/asm_nano_hq.cfg --repeat-graph /data/djs217/PROJECTS/vibrio/P0232_251203_11813_10386/12_filtlong/02_hybracter/hybracter_out/processing/assemblies/EXE_03_2025_A/20-repeat/repeat_graph_dump --graph-aln /data/djs217/PROJECTS/vibrio/P0232_251203_11813_10386/12_filtlong/02_hybracter/hybracter_out/processing/assemblies/EXE_03_2025_A/20-repeat/read_alignment_dump --log /data/djs217/PROJECTS/vibrio/P0232_251203_11813_10386/12_filtlong/02_hybracter/hybracter_out/processing/assemblies/EXE_03_2025_A/flye.log --threads 1 --min-ovlp 10000
[2026-03-26 09:01:07] DEBUG: Build date: May  4 2025 23:18:25
[2026-03-26 09:01:07] DEBUG: Total RAM: 31 Gb
[2026-03-26 09:01:07] DEBUG: Available RAM: 29 Gb
[2026-03-26 09:01:07] DEBUG: Total CPUs: 16
[2026-03-26 09:01:07] DEBUG: Loading /data/djs217/miniconda3/envs/hybracter_env/lib/python3.11/site-packages/hybracter/workflow/conda/867e79b85cea33b7804e36b625a69929_/lib/python3.12/site-packages/flye/config/bin_cfg/asm_nano_hq.cfg
[2026-03-26 09:01:07] DEBUG: Loading /data/djs217/miniconda3/envs/hybracter_env/lib/python3.11/site-packages/hybracter/workflow/conda/867e79b85cea33b7804e36b625a69929_/lib/python3.12/site-packages/flye/config/bin_cfg/asm_defaults.cfg
[2026-03-26 09:01:07] DEBUG: 	big_genome_threshold=29000000
[2026-03-26 09:01:07] DEBUG: 	meta_read_filter_kmer_freq=100
[2026-03-26 09:01:07] DEBUG: 	chain_large_gap_penalty=2
[2026-03-26 09:01:07] DEBUG: 	chain_small_gap_penalty=0.5
[2026-03-26 09:01:07] DEBUG: 	chain_gap_jump_threshold=100
[2026-03-26 09:01:07] DEBUG: 	max_jump_gap=500
[2026-03-26 09:01:07] DEBUG: 	max_coverage_drop_rate=5
[2026-03-26 09:01:07] DEBUG: 	max_extensions_drop_rate=5
[2026-03-26 09:01:07] DEBUG: 	chimera_window=100
[2026-03-26 09:01:07] DEBUG: 	chimera_overhang=1000
[2026-03-26 09:01:07] DEBUG: 	min_reads_in_disjointig=4
[2026-03-26 09:01:07] DEBUG: 	max_inner_reads=10
[2026-03-26 09:01:07] DEBUG: 	max_inner_fraction=0.25
[2026-03-26 09:01:07] DEBUG: 	aggressive_dup_filter=1
[2026-03-26 09:01:07] DEBUG: 	max_separation=500
[2026-03-26 09:01:07] DEBUG: 	unique_edge_length=50000
[2026-03-26 09:01:07] DEBUG: 	min_repeat_res_support=0.51
[2026-03-26 09:01:07] DEBUG: 	out_paths_ratio=5
[2026-03-26 09:01:07] DEBUG: 	graph_cov_drop_rate=5
[2026-03-26 09:01:07] DEBUG: 	coverage_estimate_window=100
[2026-03-26 09:01:07] DEBUG: 	max_bubble_length=50000
[2026-03-26 09:01:07] DEBUG: 	loop_coverage_rate=1.5
[2026-03-26 09:01:07] DEBUG: 	repeat_edge_cov_mult=1.75
[2026-03-26 09:01:07] DEBUG: 	weak_detach_rate=5
[2026-03-26 09:01:07] DEBUG: 	tip_coverage_rate=2
[2026-03-26 09:01:07] DEBUG: 	tip_length_rate=2
[2026-03-26 09:01:07] DEBUG: 	output_gfa_before_rr=1
[2026-03-26 09:01:07] DEBUG: 	remove_alt_edges=0
[2026-03-26 09:01:07] DEBUG: 	low_cutoff_warning=0
[2026-03-26 09:01:07] DEBUG: 	kmer_size=17
[2026-03-26 09:01:07] DEBUG: 	use_minimizers=1
[2026-03-26 09:01:07] DEBUG: 	minimizer_window=10
[2026-03-26 09:01:07] DEBUG: 	reads_base_alignment=1
[2026-03-26 09:01:07] DEBUG: 	meta_read_top_kmer_rate=0.75
[2026-03-26 09:01:07] DEBUG: 	maximum_jump=1500
[2026-03-26 09:01:07] DEBUG: 	maximum_overhang=1500
[2026-03-26 09:01:07] DEBUG: 	repeat_kmer_rate=100
[2026-03-26 09:01:07] DEBUG: 	assemble_ovlp_divergence=0.03
[2026-03-26 09:01:07] DEBUG: 	assemble_divergence_relative=1
[2026-03-26 09:01:07] DEBUG: 	repeat_graph_ovlp_divergence=0.03
[2026-03-26 09:01:07] DEBUG: 	read_align_ovlp_divergence=0.10
[2026-03-26 09:01:07] DEBUG: 	hpc_scoring_on=1
[2026-03-26 09:01:07] DEBUG: 	add_unassembled_reads=0
[2026-03-26 09:01:07] DEBUG: 	extend_contigs_with_repeats=0
[2026-03-26 09:01:07] DEBUG: 	min_read_cov_cutoff=3
[2026-03-26 09:01:07] DEBUG: 	short_tip_length=20000
[2026-03-26 09:01:07] DEBUG: 	long_tip_length=100000
[2026-03-26 09:01:07] DEBUG: Running with k-mer size: 17
[2026-03-26 09:01:07] DEBUG: Selected minimum overlap 10000
[2026-03-26 09:01:07] INFO: Reading sequences
[2026-03-26 09:01:10] DEBUG: Building positional index
[2026-03-26 09:01:10] DEBUG: Total sequence: 274953337 bp
[2026-03-26 09:01:10] DEBUG: Flipped 0
[2026-03-26 09:01:10] DEBUG: UPath 1: -15 -> -12 -> -11 -> 16 -> 5
[2026-03-26 09:01:10] DEBUG: UPath 2: 13
[2026-03-26 09:01:10] DEBUG: UPath 3: 14
[2026-03-26 09:01:10] DEBUG: Final graph contains 3 egdes
[2026-03-26 09:01:10] DEBUG: Extending contigs into repeats
[2026-03-26 09:01:10] DEBUG: Covered 0 repetitive contigs
[2026-03-26 09:01:10] INFO: Generated 3 contigs
[2026-03-26 09:01:10] DEBUG: Writing FASTA
[2026-03-26 09:01:10] DEBUG: Generating scaffold connections
[2026-03-26 09:01:10] INFO: Added 0 scaffold connections
[2026-03-26 09:01:10] DEBUG: Writing Dot
[2026-03-26 09:01:10] DEBUG: Writing FASTA
[2026-03-26 09:01:11] DEBUG: Writing Gfa
[2026-03-26 09:01:11] DEBUG: Peak RAM usage: 0 Gb
-----------End assembly log------------
[2026-03-26 09:01:11] root: INFO: >>>STAGE: polishing
[2026-03-26 09:01:11] root: INFO: Polishing genome (1/1)
[2026-03-26 09:01:11] root: INFO: Running minimap2
[2026-03-26 09:02:58] root: INFO: Separating alignment into bubbles
[2026-03-26 09:05:14] root: DEBUG: Generated 425471 bubbles
[2026-03-26 09:05:14] root: DEBUG: Split 0 long bubbles
[2026-03-26 09:05:14] root: DEBUG: Skipped 0 empty bubbles
[2026-03-26 09:05:14] root: DEBUG: Skipped 0 bubbles with long branches
[2026-03-26 09:05:14] root: INFO: Alignment error rate: 0.007669
[2026-03-26 09:05:14] root: INFO: Correcting bubbles
[2026-03-26 09:07:55] root: DEBUG: Mean contig coverage: 45, selected threshold: 9
[2026-03-26 09:07:55] root: DEBUG: Filtered 0 contigs of total length 0
[2026-03-26 09:07:55] root: DEBUG: Generating polished GFA
[2026-03-26 09:08:00] root: DEBUG: 0 sequences remained unpolished
[2026-03-26 09:08:00] root: INFO: >>>STAGE: finalize
[2026-03-26 09:08:00] root: DEBUG: ---Output dir contents:----
[2026-03-26 09:08:00] root: DEBUG: EXE_03_2025_A/
[2026-03-26 09:08:00] root: DEBUG:     423.0 B     assembly_graph.gv
[2026-03-26 09:08:00] root: DEBUG:     5.0 M       assembly.fasta
[2026-03-26 09:08:00] root: DEBUG:     33.0 K      flye.log
[2026-03-26 09:08:00] root: DEBUG:     93.0 B      params.json
[2026-03-26 09:08:00] root: DEBUG:     5.0 M       assembly_graph.gfa
[2026-03-26 09:08:00] root: DEBUG:     40-polishing/
[2026-03-26 09:08:00] root: DEBUG:         86.0 B      filtered_contigs.fasta.fai
[2026-03-26 09:08:00] root: DEBUG:         5.0 M       filtered_contigs.fasta
[2026-03-26 09:08:00] root: DEBUG:         84.0 B      contigs_stats.txt
[2026-03-26 09:08:00] root: DEBUG:         2.0 M       base_coverage.bed.gz
[2026-03-26 09:08:00] root: DEBUG:         5.0 M       polished_edges.gfa
[2026-03-26 09:08:00] root: DEBUG:         22.0 K      minimap_1.bam.csi
[2026-03-26 09:08:00] root: DEBUG:         84.0 B      filtered_stats.txt
[2026-03-26 09:08:00] root: DEBUG:         130.0 B     edges_aln.bam.csi
[2026-03-26 09:08:00] root: DEBUG:         1.0 K       minimap.stderr
[2026-03-26 09:08:00] root: DEBUG:     30-contigger/
[2026-03-26 09:08:00] root: DEBUG:         0.0 B       scaffolds_links.txt
[2026-03-26 09:08:00] root: DEBUG:         5.0 M       contigs.fasta
[2026-03-26 09:08:00] root: DEBUG:         5.0 M       graph_final.gfa
[2026-03-26 09:08:00] root: DEBUG:         180.0 B     contigs_stats.txt
[2026-03-26 09:08:00] root: DEBUG:         86.0 B      contigs.fasta.fai
[2026-03-26 09:08:00] root: DEBUG:         423.0 B     graph_final.gv
[2026-03-26 09:08:00] root: DEBUG:         5.0 M       graph_final.fasta
[2026-03-26 09:08:00] root: DEBUG:     00-assembly/
[2026-03-26 09:08:00] root: DEBUG:         6.0 M       draft_assembly.fasta
[2026-03-26 09:08:00] root: DEBUG:         99.0 B      draft_assembly.fasta.fai
[2026-03-26 09:08:00] root: DEBUG:     10-consensus/
[2026-03-26 09:08:00] root: DEBUG:         6.0 M       consensus.fasta
[2026-03-26 09:08:00] root: DEBUG:         21.0 K      minimap.bam.csi
[2026-03-26 09:08:00] root: DEBUG:         1.0 K       minimap.stderr
[2026-03-26 09:08:00] root: DEBUG:     20-repeat/
[2026-03-26 09:08:00] root: DEBUG:         899.0 B     graph_after_rr.gv
[2026-03-26 09:08:00] root: DEBUG:         1.0 K       graph_before_rr.gv
[2026-03-26 09:08:00] root: DEBUG:         5.0 M       graph_before_rr.fasta
[2026-03-26 09:08:00] root: DEBUG:         1.0 K       repeat_graph_dump
[2026-03-26 09:08:00] root: DEBUG:         5.0 M       graph_before_rr.gfa
[2026-03-26 09:08:00] root: DEBUG:         3.0 M       read_alignment_dump
[2026-03-26 09:08:00] root: DEBUG:         5.0 M       repeat_graph_edges.fasta
[2026-03-26 09:08:00] root: DEBUG: --------------------------
[2026-03-26 09:08:00] root: INFO: Assembly statistics:

	Total length:	6097470
	Fragments:	3
	Fragments N50:	3704101
	Largest frg:	3704101
	Scaffolds:	0
	Mean coverage:	45

[2026-03-26 09:08:00] root: INFO: Final assembly: /data/djs217/PROJECTS/vibrio/P0232_251203_11813_10386/12_filtlong/02_hybracter/hybracter_out/processing/assemblies/EXE_03_2025_A/assembly.fasta
