Error: could not find /data/djs217/PROJECTS/19_vibrio/02_illumina_trimmed/11671_EXE_23_2024_1_R1_001_val_1.fq.gz













Starting Unicycler (2025-07-14 14:04:36)
----------------------------------------
    Welcome to Unicycler, an assembly pipeline for bacterial genomes. Since you provided both short and long reads, Unicycler will perform a hybrid assembly. It will first use SPAdes to make a short-read assembly graph, and then it will use various methods to scaffold that graph with the long reads.
    For more information, please see https://github.com/rrwick/Unicycler

Command: /data/djs217/miniconda3/envs/unicycler_env/bin/unicycler -1 ../02_illumina_trimmed/11671_EXE_23_2024_1_S464_R1_001_val_1.fq.gz -2 ../02_illumina_trimmed/11671_EXE_23_2024_1_S464_R2_001_val_2.fq.gz -l ../04_ont_trimmed/11671_EXE_23_2024_1.filtlong.fastq.gz -o 11671_EXE_23_2024_1.unicycler

Unicycler version: v0.5.1
Using 8 threads

The output directory already exists and files may be reused or overwritten:
  /data/djs217/PROJECTS/19_vibrio/06_unicycler/11671_EXE_23_2024_1.unicycler

Dependencies:
  Program       Version   Status
  spades.py     4.0.0     good  
  racon         1.5.0     good  
  makeblastdb   2.16.0+   good  
  tblastn       2.16.0+   good  













Starting Unicycler (2025-07-14 14:04:50)
----------------------------------------
    Welcome to Unicycler, an assembly pipeline for bacterial genomes. Since you provided both short and long reads, Unicycler will perform a hybrid assembly. It will first use SPAdes to make a short-read assembly graph, and then it will use various methods to scaffold that graph with the long reads.
    For more information, please see https://github.com/rrwick/Unicycler

Command: /data/djs217/miniconda3/envs/unicycler_env/bin/unicycler -1 ../02_illumina_trimmed/11671_EXE_23_2024_1_S464_R1_001_val_1.fq.gz -2 ../02_illumina_trimmed/11671_EXE_23_2024_1_S464_R2_001_val_2.fq.gz -l ../04_ont_trimmed/11671_EXE_23_2024_1.filtlong.fastq.gz -o 11671_EXE_23_2024_1.unicycler

Unicycler version: v0.5.1
Using 8 threads

The output directory already exists and files may be reused or overwritten:
  /data/djs217/PROJECTS/19_vibrio/06_unicycler/11671_EXE_23_2024_1.unicycler

Dependencies:
  Program       Version   Status
  spades.py     4.0.0     good  
  racon         1.5.0     good  
  makeblastdb   2.16.0+   good  
  tblastn       2.16.0+   good  


Choosing k-mer range for assembly (2025-07-14 14:05:12)

-------------------------------------------------------

Choosing k-mer range for assembly (2025-07-14 14:05:12)
-------------------------------------------------------
    Unicycler chooses a k-mer range for SPAdes based on the length of the input reads. It uses a wide range of many k-mer sizes to maximise the chance of finding an ideal assembly.

    Unicycler chooses a k-mer range for SPAdes based on the length of the input reads. It uses a wide range of many k-mer sizes to maximise the chance of finding an ideal assembly.

SPAdes maximum k-mer: 127
SPAdes maximum k-mer: 127
Median read length: 150
K-mer range: 27, 53, 71, 87, 99, 111, 119, 127


SPAdes assemblies (2025-07-14 14:05:25)
---------------------------------------
    Unicycler now uses SPAdes to assemble the short reads. It scores the assembly graph for each k-mer using the number of contigs (fewer is better) and the number of dead ends (fewer is better). The score function is 1/(c*(d+2)), where c is the contig count and d is the dead end count.

spades.py -o /data/djs217/PROJECTS/19_vibrio/06_unicycler/11671_EXE_23_2024_1.unicycler/spades_assembly -k 27 --threads 8 --gfa11 --isolate -1 /data/djs217/PROJECTS/19_vibrio/02_illumina_trimmed/11671_EXE_23_2024_1_S464_R1_001_val_1.fq.gz -2 /data/djs217/PROJECTS/19_vibrio/02_illumina_trimmed/11671_EXE_23_2024_1_S464_R2_001_val_2.fq.gz -m 1024
Median read length: 150
K-mer range: 27, 53, 71, 87, 99, 111, 119, 127


SPAdes assemblies (2025-07-14 14:05:25)
---------------------------------------
    Unicycler now uses SPAdes to assemble the short reads. It scores the assembly graph for each k-mer using the number of contigs (fewer is better) and the number of dead ends (fewer is better). The score function is 1/(c*(d+2)), where c is the contig count and d is the dead end count.

spades.py -o /data/djs217/PROJECTS/19_vibrio/06_unicycler/11671_EXE_23_2024_1.unicycler/spades_assembly -k 27 --threads 8 --gfa11 --isolate -1 /data/djs217/PROJECTS/19_vibrio/02_illumina_trimmed/11671_EXE_23_2024_1_S464_R1_001_val_1.fq.gz -2 /data/djs217/PROJECTS/19_vibrio/02_illumina_trimmed/11671_EXE_23_2024_1_S464_R2_001_val_2.fq.gz -m 1024
Error: SPAdes encountered an error:


spades.py -o /data/djs217/PROJECTS/19_vibrio/06_unicycler/11671_EXE_23_2024_1.unicycler/spades_assembly -k 27,53 --threads 8 --gfa11 --restart-from k27 -m 1024

spades.py -o /data/djs217/PROJECTS/19_vibrio/06_unicycler/11671_EXE_23_2024_1.unicycler/spades_assembly -k 27,53,71 --threads 8 --gfa11 --restart-from k53 -m 1024

spades.py -o /data/djs217/PROJECTS/19_vibrio/06_unicycler/11671_EXE_23_2024_1.unicycler/spades_assembly -k 27,53,71,87 --threads 8 --gfa11 --restart-from k71 -m 1024

spades.py -o /data/djs217/PROJECTS/19_vibrio/06_unicycler/11671_EXE_23_2024_1.unicycler/spades_assembly -k 27,53,71,87,99 --threads 8 --gfa11 --restart-from k87 -m 1024

spades.py -o /data/djs217/PROJECTS/19_vibrio/06_unicycler/11671_EXE_23_2024_1.unicycler/spades_assembly -k 27,53,71,87,99,111 --threads 8 --gfa11 --restart-from k99 -m 1024

spades.py -o /data/djs217/PROJECTS/19_vibrio/06_unicycler/11671_EXE_23_2024_1.unicycler/spades_assembly -k 27,53,71,87,99,111,119 --threads 8 --gfa11 --restart-from k111 -m 1024

spades.py -o /data/djs217/PROJECTS/19_vibrio/06_unicycler/11671_EXE_23_2024_1.unicycler/spades_assembly -k 27,53,71,87,99,111,119,127 --threads 8 --gfa11 --restart-from k119 -m 1024

K-mer   Contigs   Dead ends   Score      
   27                         too complex
   53       869           3      2.30e-04
   71       588           2      4.25e-04
   87       398           2      6.28e-04
   99       333           2      7.51e-04
  111       288           2      8.68e-04
  119       266           2      9.40e-04
  127       245           2      1.02e-03 <-best

Read depth filter: removed 6 contigs totalling 1745 bp
Deleting /data/djs217/PROJECTS/19_vibrio/06_unicycler/11671_EXE_23_2024_1.unicycler/spades_assembly/


Determining graph multiplicity (2025-07-14 14:31:37)
----------------------------------------------------
    Multiplicity is the number of times a sequence occurs in the underlying sequence. Single-copy contigs (those with a multiplicity of one, occurring only once in the underlying sequence) are particularly useful.

Saving /data/djs217/PROJECTS/19_vibrio/06_unicycler/11671_EXE_23_2024_1.unicycler/002_depth_filter.gfa


Cleaning graph (2025-07-14 14:31:37)
------------------------------------
    Unicycler now performs various cleaning procedures on the graph to remove overlaps and simplify the graph structure. The end result is a graph ready for bridging.

Graph overlaps removed

Removed zero-length segments:
    145, 148, 149, 162, 163, 172, 173, 176, 179, 180, 182, 185, 187, 188, 189, 190, 193, 202, 212, 217, 242

Removed zero-length segments:
    198, 201, 207, 221, 230

Merged small segments:
    226, 229, 232, 233, 234, 237, 238, 239

Saving /data/djs217/PROJECTS/19_vibrio/06_unicycler/11671_EXE_23_2024_1.unicycler/003_overlaps_removed.gfa

    Unicycler now selects a set of anchor contigs from the single-copy contigs. These are the contigs which will be connected via bridges to form the final assembly.

43 anchor segments (5,070,677 bp) out of 211 total segments (5,121,755 bp)


Creating SPAdes contig bridges (2025-07-14 14:31:38)
----------------------------------------------------
    SPAdes uses paired-end information to perform repeat resolution (RR) and produce contigs from the assembly graph. SPAdes saves the graph paths corresponding to these contigs in the contigs.paths file. When one of these paths contains two or more anchor contigs, Unicycler can create a bridge from the path.

                                                                                                                                                                                  Bridge
Start                                                                                Path                                                                                End     quality
  -32                                                                                -130                                                                                36         63.0
  -28                                                                 -68 -> -48 -> -124 -> -116 -> -133                                                                 35         15.8
  -21                                                                         85 -> -197 -> -122                                                                         23         62.8
   -9                                                                        -112 -> 145 -> -111                                                                         10         58.5
    1                                                                   121 -> -71 -> 100 -> 149 -> 78                                                                   18         24.5
    3                                                                                -70                                                                                 41         58.1
    5   -151 -> -201 -> 84 -> 79 -> -144 -> 140 -> 156 -> 155 -> -151 -> 199 -> 84 -> 140 -> 156 -> -80 -> -144 -> 140 -> 156 -> 155 -> -74 -> 143 -> 65 -> 140 -> 143   -21         0.2
    6                                                                                 95                                                                                 42         62.7
    9                                                                                -113                                                                                27         62.2
   16                                                                                 70                                                                                 -41        58.0
   23                                                                         85 -> 200 -> -122                                                                          24         63.2
   24                                                                 -78 -> -150 -> -100 -> -72 -> -121                                                                 6          22.2
   25                                                                        -112 -> 146 -> -111                                                                         5          58.6
   27                                                                                -113                                                                                7          62.5
   28                                                                   133 -> 115 -> 124 -> 46 -> 62                                                                    -29        12.6
   33                                                                                117                                                                                 25         60.3
   35                                                                         123 -> 182 -> -119                                                                         -42        63.2


Creating loop unrolling bridges (2025-07-14 14:31:38)
-----------------------------------------------------
    When a SPAdes contig path connects an anchor contig with the middle contig of a simple loop, Unicycler concludes that the sequences are contiguous (i.e. the loop is not a separate piece of DNA). It then uses the read depth of the middle and repeat contigs to guess the number of times to traverse the loop and makes a bridge.

                                  Loop count   Loop count    Loop    Bridge
Start   Repeat   Middle     End    by repeat    by middle   count   quality
    3      -70       41     -16         0.95         0.95       1      43.5
   11      101       87     -18         0.00         0.69       1      27.7


Loading reads (2025-07-14 14:31:38)
-----------------------------------
66,527 / 66,527 (100.0%) - 429,350,997 bp


Assembling contigs and long reads with miniasm (2025-07-14 14:32:21)
--------------------------------------------------------------------
    Unicycler uses miniasm to construct a string graph assembly using both the short read contigs and the long reads. It will then use the resulting string graph to produce bridges between contigs. This method requires decent coverage of long reads and therefore may not be fruitful if long reads are sparse. However, it does not rely on the short read assembly graph having good connectivity and is able to bridge an assembly graph even when it contains many dead ends.
    Unicycler uses two types of "reads" as assembly input: anchor contigs from the short-read assembly and actual long reads which overlap two or more of these contigs. It then assembles them with miniasm.

Aligning long reads to graph using minimap

Saving to /data/djs217/PROJECTS/19_vibrio/06_unicycler/11671_EXE_23_2024_1.unicycler/miniasm_assembly/01_assembly_reads.fastq:
  43 short-read contigs
  4,378 long reads

Finding overlaps with minimap... 
success
  902,863 overlaps

Assembling reads with miniasm... 
success
  140 segments, 141 links

Saving /data/djs217/PROJECTS/19_vibrio/06_unicycler/11671_EXE_23_2024_1.unicycler/miniasm_assembly/11_branching_paths_removed.gfa
Merging segments into unitigs:
  1 circular unitig
  2 linear unitigs
  total size = 5,181,328 bp
Saving /data/djs217/PROJECTS/19_vibrio/06_unicycler/11671_EXE_23_2024_1.unicycler/miniasm_assembly/12_unitig_graph.gfa


Polishing miniasm assembly with Racon (2025-07-14 14:32:43)
-----------------------------------------------------------
    Unicycler now uses Racon to polish the miniasm assembly. It does multiple rounds of polishing to get the best consensus. Circular unitigs are rotated between rounds such that all parts (including the ends) are polished well.

Saving to /data/djs217/PROJECTS/19_vibrio/06_unicycler/11671_EXE_23_2024_1.unicycler/miniasm_assembly/racon_polish/polishing_reads.fastq:
  43 short-read contigs
  66,527 long reads

Polish       Assembly          Mapping
round            size          quality
begin       5,181,328        62,796.17
1           5,182,229        63,493.23

Best polish: /data/djs217/PROJECTS/19_vibrio/06_unicycler/11671_EXE_23_2024_1.unicycler/miniasm_assembly/racon_polish/006_rotated.fasta
Saving /data/djs217/PROJECTS/19_vibrio/06_unicycler/11671_EXE_23_2024_1.unicycler/miniasm_assembly/13_racon_polished.gfa
Saving /data/djs217/PROJECTS/19_vibrio/06_unicycler/11671_EXE_23_2024_1.unicycler/004_long_read_assembly.gfa

    Contigs in the short-read assembly graph which end in dead ends may contain bogus sequence near the dead end. Unicycler therefore uses the read clipping values from the miniasm assembly to trim these dead ends to only the parts which aligned well to long reads.

No dead ends required trimming.

    Unicycler now places the single copy contigs back into the unitig graph. This serves two purposes: a) it replaces long read assembly sequences (which may be error prone) with Illumina assembly sequence (which is probably quite accurate), improving the assembly quality, and b) it defines inter-contig sequences for use in building bridges.

Searching for contigs using 5,000 bp of contig ends.

Contig   Result              Start pos   End pos   Strand
     1   found in unitig 1     2261592   2954255        -
     2   found in unitig 1     1503996   2016672        +
     3   found in unitig 2      878901   1342306        +
     4   found in unitig 2     -328026    122894        +
     5   found in unitig 1      524278    929678        -
     6   found in unitig 1       23719    427482        -
     7   found in unitig 2      527849    874764        +
     8   found in unitig 1     2958696   3182904        +
     9   found in unitig 2      314394    515595        +
    10   found in unitig 2      123092    313946        -
    11   found in unitig 1     2022090   2208270        +
    12   found in unitig 1     3199932   3358926        +
    13   found in unitig 1     1131662   1253844        +
    14   found in unitig 1      962631   1068605        -
    15   found in unitig 1     1416644   1498258        +
    16   found in unitig 2     1346532   1425110        -
    17   found in unitig 1     1314936   1369538        -
    18   found in unitig 1     2208953   2260376        -
    19   found in unitig 1     1079519   1130721        -
    20   found in unitig 1     1374934   1410339        -
    21   found in unitig 1      487480    520812        +
    22   found in unitig 1     1264915   1296870        +
    23   found in unitig 1      456773    487061        -
    24   found in unitig 1      428698    456354        -
    25   found in unitig 1      930126    951425        -
    26   not found                                       
    27   found in unitig 2      515770    527674        +
    28   not found                                       
    29   not found                                       
    30   found in unitig 1     3187658   3195622        +
    31   found in unitig 1     1297811   1304137        -
    32   not found                                       
    33   found in unitig 1      951966    957368        -
    34   not found                                       
    35   found in unitig 1       15204     19892        +
    36   not found                                       
    37   not found                                       
    38   not found                                       
    39   found in unitig 1     3375971   3379330        +
    40   found in unitig 1     3365439   3368830        -
    41   found in unitig 2     1342753   1346085        +
    42   found in unitig 1       20205     23489        -
   132   not found                                       

Searching for contigs using 2,500 bp of contig ends.

Contig   Result      Start pos   End pos   Strand
    26   not found                               
    28   not found                               
    29   not found                               
    32   not found                               
    34   not found                               
    36   not found                               
    37   not found                               
    38   not found                               
   132   not found                               

Searching for contigs using 1,000 bp of contig ends.

Contig   Result      Start pos   End pos   Strand
    26   not found                               
    28   not found                               
    29   not found                               
    32   not found                               
    34   not found                               
    36   not found                               
    37   not found                               
    38   not found                               
   132   not found                               

Searching for contigs using 500 bp of contig ends.

Contig   Result              Start pos   End pos   Strand
    26   not found                                       
    28   found in unitig 3       17615     28806        -
    29   not found                                       
    32   not found                                       
    34   not found                                       
    36   not found                                       
    37   not found                                       
    38   not found                                       
   132   not found                                       

Saving /data/djs217/PROJECTS/19_vibrio/06_unicycler/11671_EXE_23_2024_1.unicycler/miniasm_assembly/14_contigs_placed.gfa


Creating miniasm/Racon bridges (2025-07-14 14:35:08)
----------------------------------------------------
    Now that the miniasm/Racon string graph is complete, Unicycler will use it to build bridges between anchor segments.

       Start -> end    Best path                                 Quality
 1/33   -33 -> -14     -159, 152, -60, -206, -67, 203, -109,      67.069
                       -209, 51, 172, -89, -166, -81, -185,             
                       -170, 49, 174, -175                              
 2/33   -14 -> -19     -190, -118, -160, -202, 153, -60, -206,    56.042
                       -67, -205, -109, 210, 51, 169, -89,              
                       -166, -81, 192, 186, 167, 49, 174, 171,          
                       189, 90, -159, 196, 178, -176, -60,              
                       -206, -67, -205, -109, 210, 51, 169,             
                       -89, -166, -135, -136, 184, 186, 167,            
                       49, 174, 171, 154                                
 3/33   -19 -> 13      -110, -207, 57                             91.739
 4/33    13 -> 22      107, -86, -190, -118, -160, -202, 153,     55.752
                       -60, 204, -67, -205, -109, 210, 51, 169,         
                       -89, -166, -81, 192, 186, 167, 49, 174,          
                       171, 189, 90, -159, 196, 178, -176, -60,         
                       -206, -67, -205, -109, 210, 51, 169,             
                       -89, -166, 173, -179, 167, 49, 174               
 5/33    22 -> -31     -110, -208, 57                             91.158
 6/33   -31 -> -17     -162, -118, -160, -202, 153, -60, 204,     55.683
                       -67, -205, -109, -209, 51, 172, -89,             
                       -166, 83, 141, -147, 184, 186, 167, 49,          
                       174, 171, 189, 90, -160, -177, -176,             
                       -60, 204, -67, -205, -109, 210, 51, 172,         
                       -89, 165, -157, -170, 49                         
 7/33   -17 -> -20     -125, -168, 158, -160, -202, 153, -60,     68.990
                       204, -67, 203, -109, 210, 51, 169, -89,          
                       -77, 186, 167, 49                                
 8/33   -20 -> 15      107, -98, -162, -118, -160, -202, 153,     66.486
                       -60, 204, -67, -205, -109, -209, 51,             
                       172, -89, -166, 173, 103, 141, -147,             
                       184, 186, 167, 49, 174, 171, 154, 97             
 9/33    15 -> 2       -97, -154, -171, -174, -49, -167, -186,    68.011
                       -184, 147, -141, -103, -173, 166, 89,            
                       -172, -51, 209, 109, -203, 67, 206, 60,          
                       176, -178, 202, 160, -158                        
10/33     2 -> 11      175, -174, -49, -167, -104, 135, -165,     69.278
                       89, -169, -51, 209, 109, 205, 67, -204,          
                       60, -153, 202, 160, 118, 190                     
11/33    35 -> -42     123, 182, -119                             96.974
12/33    11 -> -18     101, 87, 101                               93.526
13/33   -18 -> -1      -78, -149, -100, 71, -121                  89.606
14/33    -1 -> 8       139, -181, -96, 127, 164, -163, 139,       72.405
                       -181, -76, -163, 139, -180, -142, -131,          
                       -148, 194, -120, -134, -142, -131, -148,         
                       198, -120, 139, -181, -96, 127, 88,              
                       -161, -131, -195, 127, 88, -137, -129,           
                       -69, -129                                        
15/33     8 -> 30      94, 126, 94, 126, 94, -47, -188, -108,     71.393
                       -114, -188, -108, -114, -187, -108,              
                       -114, -188, -108, -114, -188, -108,              
                       -114, -187, -108                                 
16/33    30 -> 12      99, 91, -75, -93, 99, 91, -75, -93, 99,    73.245
                       -92, -75, -93, 99, -92, -75                      
17/33    12 -> -40     82, -50, -130, -43, -55, 82, -193          64.225
18/33   -40 -> 39      -55, 82, -193, -68, -59, 73, -56, -44,     63.958
                       -95                                              
19/33     4 -> -10     191, 191, 191, 191, 191, 191, 191, 191,    81.952
                       191, 191, 191, 191, 191, 191, 191, 191,          
                       191, 191, 191, 191, 191, 191, 191, 191,          
                       191, 191, 191, 191                               
20/33   -10 -> 9       111, -145, 112                             95.695
21/33   -42 -> -6      -95                                        96.944
22/33     9 -> 27      -113                                       96.664
23/33    27 -> 7       -113                                       97.198
24/33     7 -> 3       -128, -105, -53, 54, -128, -106, -53       73.917
25/33     3 -> 41      -70                                        94.682
26/33    41 -> -16     -70                                        94.515
27/33   -16 -> 4       -125, -138, -159, -177, -176, -60, -206,   68.241
                       -67, 203, -109, -209, 51, 172, -89,              
                       -166, 83, 141, -136, 184, 186, 167, 49,          
                       174, 171, 189                                    
28/33    -6 -> -24     121, 72, 100, 150, 78                      81.072
29/33   -24 -> -23     122, -200, -85                             96.009
30/33   -23 -> 21      122, 197, -85                              95.402
31/33    21 -> -5      -143, -140, -65, -143, 74, -155, -156,     67.791
                       -140, 144, 80, -156, -140, -84, -199,            
                       151, -155, -156, -140, 144, -79, -84,            
                       201, 151                                         
32/33    -5 -> -25     111, -146, 112                             95.794
33/33   -25 -> -33     -117, 102, -117                            90.555


Creating simple long read bridges (2025-07-14 14:35:50)
-------------------------------------------------------
    Unicycler uses long read alignments (from minimap) to resolve simple repeat structures in the graph. This takes care of some "low-hanging fruit" of the graph simplification.

Aligning long reads to graph using minimap

    Two-way junctions are defined as cases where two graph contigs (A and B) join together (C) and then split apart again (D and E). This usually represents a simple 2-copy repeat, and there are two possible options for its resolution: (A->C->D and B->C->E) or (A->C->E and B->C->D). Each read which spans such a junction gets to "vote" for option 1, option 2 or neither. Unicycler creates a bridge at each junction for the most voted for option.

                                                    Op. 1   Op. 2   Neither   Final    Bridge
Junction        Option 1             Option 2       votes   votes     votes     op.   quality
     113   -27 -> 113 -> -27,   -27 -> 113 -> -9,       0      83         0       2      98.9
            -7 -> 113 -> -9      -7 -> 113 -> -27                                            
      70   -41 -> 70 -> -41,     -41 -> 70 -> -3,       0      98         1       2      97.6
             16 -> 70 -> -3      16 -> 70 -> -41                                             

    Simple loops are parts of the graph where two contigs (A and B) are connected via a repeat (C) which loops back to itself (via D). It is possible to traverse the loop zero times (A->C->B), one time (A->C->D->C->B), two times (A->C->D->C->D->C->B), etc. Long reads which span the loop inform which is the correct number of times through. In this step, such reads are found and each is aligned against alternative loop counts. A reads casts its "vote" for the loop count it agrees best with, and Unicycler creates a bridge using the most voted for count.

                                   Read                         Loop    Bridge
Start   Repeat   Middle     End   count   Read votes           count   quality
  -25     -117      102     -33      72   1 loop: 72 votes         1      95.3
    3      -70       41     -16      22   1 loop: 22 votes         1     100.0
    4      191              -10      75   28 loops: 1 vote        32      70.1
                                          29 loops: 1 vote                    
                                          31 loops: 5 votes                   
                                          32 loops: 56 votes                  
                                          33 loops: 11 votes                  
                                          34 loops: 1 vote                    
   11      101       87     -18      60   0 loops: 1 vote          1      98.1
                                          1 loop: 59 votes                    


Determining low score threshold (2025-07-14 14:36:17)
-----------------------------------------------------
    Before conducting semi-global alignment of the long reads to the assembly graph, Unicycler must determine a minimum alignment score threshold such that nonsense alignments are excluded. To choose a threshold automatically, it examines alignments between random sequences and selects a score a few standard deviations above the mean.

Automatically choosing a threshold using random alignment scores.

Random alignment mean score: 61.66
         standard deviation:  1.31
        Low score threshold: 61.66 + (7 x 1.31) = 70.86


Aligning reads (2025-07-14 14:36:24)
------------------------------------
66,527 / 66,527 (100.0%)


Read alignment summary (2025-07-14 15:02:22)
--------------------------------------------
Total read count:             66,527
Fully aligned reads:          63,381
Partially aligned reads:       3,100
Unaligned reads:                  46
Total bases aligned:     427,465,626 bp
Mean alignment identity:          97.8%

Deleting /data/djs217/PROJECTS/19_vibrio/06_unicycler/11671_EXE_23_2024_1.unicycler/read_alignment/


Building long read bridges (2025-07-14 15:02:23)
------------------------------------------------
    Unicycler uses the long read alignments to produce bridges between anchor segments. These bridges can be formed using as few as one long read, giving Unicycler the ability to bridge the graph even when long-read depth is low.

       Start -> end    Best path                                 Quality
 1/59     8 -> 12      94, 126, 94, 126, 94, -47, -188, -108,     32.565
                       -114, -188, -108, -114, -187, -108,              
                       -114, -188, -108, -114, -188, -108,              
                       -114, -187, -108, 30, 99, 91, -75, -93,          
                       99, 91, -75, -93, 99, -92, -75, -93, 99,         
                       -92, -75                                         
 2/59    36 -> -26     -63, 61, -55, 82, 64, -56, 66, -55, 82     79.859
 3/59   -15 -> 20      -97, -154, -171, -174, -49, -167, -186,    82.796
                       -184, 147, -141, -103, -173, 166, 89,            
                       -172, -51, 209, 109, 205, 67, -204, 60,          
                       -153, 202, 160, 118, 162, 98, -107               
 4/59    19 -> 14      -154, -171, -174, -49, -167, -186, -184,   85.162
                       136, 135, 166, 89, -169, -51, -210, 109,         
                       205, 67, 206, 60, 176, -178, -196, 159,          
                       -90, -189, -171, -174, -49, -167, -186,          
                       -192, 81, 166, 89, -169, -51, -210, 109,         
                       205, 67, 206, 60, -153, 202, 160, 118,           
                       190                                              
 5/59     9 -> 7       -113, 27, -113                             11.758
 6/59    13 -> 22      107, -86, -190, -118, -160, -202, 153,     84.331
                       -60, 204, -67, -205, -109, 210, 51, 169,         
                       -89, -166, -81, 192, 186, 167, 49, 174,          
                       171, 189, 90, -159, 196, 178, -176, -60,         
                       -206, -67, -205, -109, 210, 51, 169,             
                       -89, -166, 173, -179, 167, 49, 174               
 7/59    14 -> 25      175, -174, -49, 170, 185, 81, 166, 89,     52.481
                       -172, -51, 209, 109, -203, 67, 206, 60,          
                       -152, 159, 33, 117, -102, 117                    
 8/59    20 -> 17      -49, -167, -186, 77, 89, -169, -51,        83.429
                       -210, 109, -203, 67, -204, 60, -153,             
                       202, 160, -158, 168, 125                         
 9/59    17 -> 31      -49, 170, 157, -165, 89, -172, -51,        68.630
                       -210, 109, 205, 67, -204, 60, 176, 177,          
                       160, -90, -189, -171, -174, -49, -167,           
                       -186, -184, 147, -141, -83, 166, 89,             
                       -172, -51, 209, 109, 205, 67, -204, 60,          
                       -153, 202, 160, 118, 162                         
10/59    26 -> 32      -82, 55, -66, 56, -64, -82, 55, -61, 63,   62.654
                       -36, 130                                         
11/59    37 -> 40      63, -39, 95, 44, 56, -73, 59, 68, 193,     45.322
                       -82, 55                                          
12/59     6 -> 28      95, 42, 119, -182, -123, -35, 133, 116,    48.258
                       124, 48, 68                                      
13/59    40 -> -12     193, -82, 55, 43, 130, 50, -82             77.410
14/59    22 -> -17     -110, -208, 57, -31, -162, -118, -160,     55.863
                       -202, 153, -60, 204, -67, -205, -109,            
                       -209, 51, 172, -89, -166, 83, 141, -147,         
                       184, 186, 167, 49, 174, 171, 189, 90,            
                       -160, -177, -176, -60, 204, -67, -205,           
                       -109, 210, 51, 172, -89, 165, -157,              
                       -170, 49                                         
15/59    21 -> -5      -143, -140, -65, -143, 74, -155, -156,     73.718
                       -140, 144, 80, -156, -140, -84, -199,            
                       151, -155, -156, -140, 144, -79, -84,            
                       201, 151                                         
16/59   -26 -> 29      -55, 82, 58, -62                           80.749
17/59    34 -> 37      193, -82, 55, 45, 59, 38, 193, -82, 55     42.092
18/59    34 -> 38      193, -82, 55, 45, 59                       76.555
19/59    14 -> 33      175, -174, -49, 170, 185, 81, 166, 89,     68.653
                       -172, -51, 209, 109, -203, 67, 206, 60,          
                       -152, 159                                        
20/59   -39 -> 40      95, 44, 56, -73, 59, 68, 193, -82, 55      68.386
21/59    15 -> 2       -97, -154, -171, -174, -49, -167, -186,    83.310
                       -184, 147, -141, -103, -173, 166, 89,            
                       -172, -51, 209, 109, -203, 67, 206, 60,          
                       176, -178, 202, 160, -158                        
22/59     8 -> 30      94, 126, 94, 126, 94, -47, -188, -108,     51.394
                       -114, -188, -108, -114, -187, -108,              
                       -114, -188, -108, -114, -188, -108,              
                       -114, -187, -108                                 
23/59    29 -> -28     -62, -46, -124, -115, -133                 81.037
24/59   -34 -> 36                                                 11.470
25/59   -28 -> 35      -68, -48, -124, -116, -133                 79.193
26/59    30 -> 12      99, 91, -75, -93, 99, 91, -75, -93, 99,    82.011
                       -92, -75, -93, 99, -92, -75                      
27/59     7 -> 3       -128, -105, -53, 54, -128, -106, -53       84.148
28/59    39 -> -38     -63, -37, -55, 82, -193                    11.397
29/59    20 -> 20      -49, -167, -186, -184, 147, -141, -103,    10.666
                       -173, 166, 89, -172, -51, 209, 109, 205,         
                       67, -204, 60, -153, 202, 160, 118, 162,          
                       98, -107                                         
30/59    -1 -> 8       139, -181, -96, 127, 164, -163, 139,       84.020
                       -181, -76, -163, 139, -180, -142, -131,          
                       -148, 194, -120, -134, -142, -131, -148,         
                       198, -120, 139, -181, -96, 127, 88,              
                       -161, -131, -195, 127, 88, -137, -129,           
                       -69, -129                                        
31/59    -4 -> 16      -189, -171, -174, -49, -167, -186, -184,   81.786
                       136, -141, -83, 166, 89, -172, -51, 209,         
                       109, -203, 67, 206, 60, 176, 177, 159,           
                       138, 125                                         
32/59    35 -> -6      123, 182, -119, -42, -95                   63.744
33/59    17 -> 16      -49, -167, -186, -184, 136, -141, -83,     10.516
                       166, 89, -172, -51, 209, 109, -203, 67,          
                       206, 60, 176, 177, 159, 138, 125                 
34/59    16 -> -3      70, -41, 70                                45.403
35/59     2 -> 11      175, -174, -49, -167, -104, 135, -165,     80.885
                       89, -169, -51, 209, 109, 205, 67, -204,          
                       60, -153, 202, 160, 118, 190                     
36/59   -13 -> 19      -57, 207, 110                              83.435
37/59    20 -> 2       -49, -167, -186, -184, 147, -141, -103,     5.835
                       -173, 166, 89, -172, -51, 209, 109,              
                       -203, 67, 206, 60, 176, -178, 202, 160,          
                       -158                                             
38/59    24 -> 6       -78, -150, -100, -72, -121                 75.492
39/59    38 -> 37      193, -82, 55                               73.900
40/59    32 -> 34                                                 56.694
41/59    33 -> 25      117, -102, 117                             76.580
42/59    25 -> 5       -112, 146, -111                            83.208
43/59    18 -> -11     -101, -87, -101                            83.555
44/59    39 -> -37     -63                                        75.758
45/59     1 -> 18      121, -71, 100, 149, 78                     83.320
46/59    -9 -> 10      -112, 145, -111                            83.511
47/59   -21 -> 23      85, -197, -122                             82.474
48/59    42 -> -35     119, -182, -123                            75.992
49/59     6 -> 42      95                                         78.298
50/59     3 -> 41      -70                                        77.614
51/59    41 -> -16     -70                                        75.056
52/59    31 -> -22     -57, 208, 110                              80.773
53/59     9 -> 27      -113                                       77.341
54/59    10 -> -4      -191, -191, -191, -191, -191, -191,        22.419
                       -191, -191, -191, -191, -191, -191,              
                       -191, -191, -191, -191, -191, -191,              
                       -191, -191, -191, -191, -191, -191,              
                       -191, -191, -191, -191                           
55/59    27 -> 7       -113                                       73.070
56/59    23 -> 24      85, 200, -122                              68.728
57/59   -32 -> 36      -130                                       77.443
58/59    39 -> -34     -63, -37, -55, 82, -193, -38, -59, -45,     7.300
                       -55, 82, -193                                    
59/59    28 -> 26      133, 115, 124, 46, 62, -29, 62, -58,       32.803
                       -82, 55                                          


Applying bridges (2025-07-14 15:03:59)
--------------------------------------
    Unicycler now applies to the graph in decreasing order of quality. This ensures that when multiple, contradictory bridges exist, the most supported option is used.

Bridge type        Start -> end   Path                                       Quality
simple long read      3 -> -16    -70, 41, -70                                99.994
simple long read     -7 -> -27    113                                         98.885
simple long read    -27 -> -9     113                                         98.341
simple long read     11 -> -18    101, 87, 101                                98.112
miniasm              35 -> -42    123, 182, -119                              96.974
miniasm             -42 -> -6     -95                                         96.944
miniasm             -24 -> -23    122, -200, -85                              96.009
miniasm              -5 -> -25    111, -146, 112                              95.794
miniasm             -10 -> 9      111, -145, 112                              95.695
miniasm             -23 -> 21     122, 197, -85                               95.402
simple long read    -25 -> -33    -117, 102, -117                             95.328
miniasm             -19 -> 13     -110, -207, 57                              91.739
miniasm              22 -> -31    -110, -208, 57                              91.158
miniasm             -18 -> -1     -78, -149, -100, 71, -121                   89.606
long read            19 -> 14     -154, -171, -174, -49, -167, -186, -184,    85.162
                                  136, 135, 166, 89, -169, -51, -210, 109,          
                                  205, 67, 206, 60, 176, -178, -196, 159,           
                                  -90, -189, -171, -174, -49, -167, -186,           
                                  -192, 81, 166, 89, -169, -51, -210, 109,          
                                  205, 67, 206, 60, -153, 202, 160, 118,            
                                  190                                               
long read            13 -> 22     107, -86, -190, -118, -160, -202, 153,      84.331
                                  -60, 204, -67, -205, -109, 210, 51, 169,          
                                  -89, -166, -81, 192, 186, 167, 49, 174,           
                                  171, 189, 90, -159, 196, 178, -176, -60,          
                                  -206, -67, -205, -109, 210, 51, 169,              
                                  -89, -166, 173, -179, 167, 49, 174                
long read             7 -> 3      -128, -105, -53, 54, -128, -106, -53        84.148
long read            -1 -> 8      139, -181, -96, 127, 164, -163, 139,        84.020
                                  -181, -76, -163, 139, -180, -142, -131,           
                                  -148, 194, -120, -134, -142, -131, -148,          
                                  198, -120, 139, -181, -96, 127, 88,               
                                  -161, -131, -195, 127, 88, -137, -129,            
                                  -69, -129                                         
long read            20 -> 17     -49, -167, -186, 77, 89, -169, -51,         83.429
                                  -210, 109, -203, 67, -204, 60, -153,              
                                  202, 160, -158, 168, 125                          
long read            15 -> 2      -97, -154, -171, -174, -49, -167, -186,     83.310
                                  -184, 147, -141, -103, -173, 166, 89,             
                                  -172, -51, 209, 109, -203, 67, 206, 60,           
                                  176, -178, 202, 160, -158                         
long read           -15 -> 20     -97, -154, -171, -174, -49, -167, -186,     82.796
                                  -184, 147, -141, -103, -173, 166, 89,             
                                  -172, -51, 209, 109, 205, 67, -204, 60,           
                                  -153, 202, 160, 118, 162, 98, -107                
long read            30 -> 12     99, 91, -75, -93, 99, 91, -75, -93, 99,     82.011
                                  -92, -75, -93, 99, -92, -75                       
miniasm               4 -> -10    191, 191, 191, 191, 191, 191, 191, 191,     81.952
                                  191, 191, 191, 191, 191, 191, 191, 191,           
                                  191, 191, 191, 191, 191, 191, 191, 191,           
                                  191, 191, 191, 191                                
long read            -4 -> 16     -189, -171, -174, -49, -167, -186, -184,    81.786
                                  136, -141, -83, 166, 89, -172, -51, 209,          
                                  109, -203, 67, 206, 60, 176, 177, 159,            
                                  138, 125                                          
miniasm              -6 -> -24    121, 72, 100, 150, 78                       81.072
long read            29 -> -28    -62, -46, -124, -115, -133                  81.037
long read             2 -> 11     175, -174, -49, -167, -104, 135, -165,      80.885
                                  89, -169, -51, 209, 109, 205, 67, -204,           
                                  60, -153, 202, 160, 118, 190                      
long read           -26 -> 29     -55, 82, 58, -62                            80.749
long read            36 -> -26    -63, 61, -55, 82, 64, -56, 66, -55, 82      79.859
long read           -28 -> 35     -68, -48, -124, -116, -133                  79.193
long read           -32 -> 36     -130                                        77.443
long read            40 -> -12    193, -82, 55, 43, 130, 50, -82              77.410
long read            34 -> 38     193, -82, 55, 45, 59                        76.555
long read            39 -> -37    -63                                         75.758
long read            38 -> 37     193, -82, 55                                73.900
long read            21 -> -5     -143, -140, -65, -143, 74, -155, -156,      73.718
                                  -140, 144, 80, -156, -140, -84, -199,             
                                  151, -155, -156, -140, 144, -79, -84,             
                                  201, 151                                          
miniasm               8 -> 30     94, 126, 94, 126, 94, -47, -188, -108,      71.393
                                  -114, -188, -108, -114, -187, -108,               
                                  -114, -188, -108, -114, -188, -108,               
                                  -114, -187, -108                                  
long read            14 -> 33     175, -174, -49, 170, 185, 81, 166, 89,      68.653
                                  -172, -51, 209, 109, -203, 67, 206, 60,           
                                  -152, 159                                         
long read            17 -> 31     -49, 170, 157, -165, 89, -172, -51,         68.630
                                  -210, 109, 205, 67, -204, 60, 176, 177,           
                                  160, -90, -189, -171, -174, -49, -167,            
                                  -186, -184, 147, -141, -83, 166, 89,              
                                  -172, -51, 209, 109, 205, 67, -204, 60,           
                                  -153, 202, 160, 118, 162                          
long read           -39 -> 40     95, 44, 56, -73, 59, 68, 193, -82, 55       68.386
long read            32 -> 34                                                 56.694

Saving /data/djs217/PROJECTS/19_vibrio/06_unicycler/11671_EXE_23_2024_1.unicycler/005_bridges_applied.gfa


Bridged assembly graph (2025-07-14 15:03:59)
--------------------------------------------
    The assembly is now mostly finished and no more structural changes will be made. Ideally the assembly graph should now have one contig per replicon and no erroneous contigs (i.e. a complete assembly). If there are more contigs, then the assembly is not complete.

Saving /data/djs217/PROJECTS/19_vibrio/06_unicycler/11671_EXE_23_2024_1.unicycler/006_final_clean.gfa

Component   Segments   Links   Length      N50         Longest segment   Status  
    total          2       2   5,204,226   3,445,399         3,445,399           
        1          1       1   3,445,399   3,445,399         3,445,399   complete
        2          1       1   1,758,827   1,758,827         1,758,827   complete


Rotating completed replicons (2025-07-14 15:03:59)
--------------------------------------------------
    Any completed circular contigs (i.e. single contigs which have one link connecting end to start) can have their start position changed without altering the sequence. For consistency, Unicycler now searches for a starting gene (dnaA or repA) in each such contig, and if one is found, the contig is rotated to start with that gene on the forward strand.

Segment   Length      Depth   Starting gene     Position    Strand    Identity   Coverage
      1   3,445,399   1.00x   UniRef90_P49996   1,511,315   forward      97.7%     100.0%
      2   1,758,827   0.99x   none found                                                 

Saving /data/djs217/PROJECTS/19_vibrio/06_unicycler/11671_EXE_23_2024_1.unicycler/007_rotated.gfa


Assembly complete (2025-07-14 15:05:18)
---------------------------------------
Saving /data/djs217/PROJECTS/19_vibrio/06_unicycler/11671_EXE_23_2024_1.unicycler/assembly.gfa
Saving /data/djs217/PROJECTS/19_vibrio/06_unicycler/11671_EXE_23_2024_1.unicycler/assembly.fasta

