Create directory hybracter_out/processing/complete/dnaapler/EXE_33_2024_E_pre_chrom/tmp_MMseqs2_output
easy-search hybracter_out/processing/complete/dnaapler/EXE_33_2024_E_pre_chrom/rotated_input.fasta /data/djs217/miniconda3/envs/hybracter_env/lib/python3.11/site-packages/hybracter/workflow/conda/2e20c9685892c8c53c04f44043c92cbf_/lib/python3.13/site-packages/dnaapler/db/all_db hybracter_out/processing/complete/dnaapler/EXE_33_2024_E_pre_chrom/EXE_33_2024_E_MMseqs2_output.txt hybracter_out/processing/complete/dnaapler/EXE_33_2024_E_pre_chrom/tmp_MMseqs2_output --search-type 2 --threads 1 -e 1e-10 --format-output query,qlen,target,tlen,alnlen,qstart,qend,tstart,tend,fident,nident,gapopen,mismatch,evalue,bits,qaln,taln 

MMseqs Version:                        	18.8cc5c
Substitution matrix                    	aa:blosum62.out,nucl:nucleotide.out
Add backtrace                          	false
Alignment mode                         	3
Alignment mode                         	0
Allow wrapped scoring                  	false
E-value threshold                      	1e-10
Seq. id. threshold                     	0
Min alignment length                   	0
Seq. id. mode                          	0
Alternative alignments                 	0
Coverage threshold                     	0
Coverage mode                          	0
Max sequence length                    	65535
Compositional bias                     	1
Compositional bias scale               	1
Max reject                             	2147483647
Max accept                             	2147483647
Include identical seq. id.             	false
Preload mode                           	0
Pseudo count a                         	substitution:1.100,context:1.400
Pseudo count b                         	substitution:4.100,context:5.800
Score bias                             	0
Realign hits                           	false
Realign score bias                     	-0.2
Realign max seqs                       	2147483647
Correlation score weight               	0
Gap open cost                          	aa:11,nucl:5
Gap extension cost                     	aa:1,nucl:2
Zdrop                                  	40
Threads                                	1
Compressed                             	0
Verbosity                              	3
Seed substitution matrix               	aa:VTML80.out,nucl:nucleotide.out
Sensitivity                            	5.7
k-mer length                           	0
Target search mode                     	0
k-score                                	seq:2147483647,prof:2147483647
Alphabet size                          	aa:21,nucl:5
Max results per query                  	300
Split database                         	0
Split mode                             	2
Split memory limit                     	0
Diagonal scoring                       	true
Exact k-mer matching                   	0
Mask residues                          	1
Mask residues probability              	0.9
Mask lower case residues               	0
Mask lower letter repeating N times    	0
Minimum diagonal score                 	15
Selected taxa                          	
Spaced k-mers                          	1
Spaced k-mer pattern                   	
Local temporary path                   	
Use GPU                                	0
Use GPU server                         	0
Wait for GPU server                    	600
Prefilter mode                         	0
Rescore mode                           	0
Remove hits by seq. id. and coverage   	false
Sort results                           	0
Mask profile                           	1
Profile E-value threshold              	0.001
Global sequence weighting              	false
Allow deletions                        	false
Filter MSA                             	1
Use filter only at N seqs              	0
Maximum seq. id. threshold             	0.9
Minimum seq. id.                       	0.0
Minimum score per column               	-20
Minimum coverage                       	0
Select N most diverse seqs             	1000
Pseudo count mode                      	0
Profile output mode                    	0
Min codons in orf                      	30
Max codons in length                   	32734
Max orf gaps                           	2147483647
Contig start mode                      	2
Contig end mode                        	2
Orf start mode                         	1
Forward frames                         	1,2,3
Reverse frames                         	1,2,3
Translation table                      	1
Translate orf                          	0
Use all table starts                   	false
Offset of numeric ids                  	0
Create lookup                          	0
Overlap between sequences              	0
Sequence split mode                    	1
Header split mode                      	0
Chain overlapping alignments           	0
Merge query                            	1
Search type                            	2
Search iterations                      	1
Start sensitivity                      	4
Search steps                           	1
Exhaustive search mode                 	false
Filter results during exhaustive search	0
Strand selection                       	1
LCA search mode                        	false
Disk space limit                       	0
MPI runner                             	
Force restart with latest tmp          	false
Remove temporary files                 	true
Translation mode                       	0
Alignment format                       	0
Format alignment output                	query,qlen,target,tlen,alnlen,qstart,qend,tstart,tend,fident,nident,gapopen,mismatch,evalue,bits,qaln,taln
Database output                        	false
Overlap threshold                      	0
Database type                          	0
Shuffle input database                 	true
Createdb mode                          	0
Write lookup file                      	0
Greedy best hits                       	false

Alignment backtraces will be computed, since they were requested by output format.
createdb hybracter_out/processing/complete/dnaapler/EXE_33_2024_E_pre_chrom/rotated_input.fasta hybracter_out/processing/complete/dnaapler/EXE_33_2024_E_pre_chrom/tmp_MMseqs2_output/14099849751289657401/query --threads 1 

Converting sequences
[
Time for merging to query_h: 0h 0m 0s 1ms
Time for merging to query: 0h 0m 0s 6ms
Database type: Nucleotide
Time for processing: 0h 0m 0s 50ms
Create directory hybracter_out/processing/complete/dnaapler/EXE_33_2024_E_pre_chrom/tmp_MMseqs2_output/14099849751289657401/search_tmp
search hybracter_out/processing/complete/dnaapler/EXE_33_2024_E_pre_chrom/tmp_MMseqs2_output/14099849751289657401/query /data/djs217/miniconda3/envs/hybracter_env/lib/python3.11/site-packages/hybracter/workflow/conda/2e20c9685892c8c53c04f44043c92cbf_/lib/python3.13/site-packages/dnaapler/db/all_db hybracter_out/processing/complete/dnaapler/EXE_33_2024_E_pre_chrom/tmp_MMseqs2_output/14099849751289657401/result hybracter_out/processing/complete/dnaapler/EXE_33_2024_E_pre_chrom/tmp_MMseqs2_output/14099849751289657401/search_tmp -a 1 --alignment-mode 3 -e 1e-10 --threads 1 -s 5.7 --search-type 2 --remove-tmp-files 1 

extractorfs hybracter_out/processing/complete/dnaapler/EXE_33_2024_E_pre_chrom/tmp_MMseqs2_output/14099849751289657401/query hybracter_out/processing/complete/dnaapler/EXE_33_2024_E_pre_chrom/tmp_MMseqs2_output/14099849751289657401/search_tmp/2377620014684439646/q_orfs_aa --min-length 30 --max-length 32734 --max-gaps 2147483647 --contig-start-mode 2 --contig-end-mode 2 --orf-start-mode 1 --forward-frames 1,2,3 --reverse-frames 1,2,3 --translation-table 1 --translate 1 --use-all-table-starts 0 --id-offset 0 --create-lookup 0 --threads 1 --compressed 0 -v 3 

[=================================================================] 2 0s 128ms
Time for merging to q_orfs_aa_h: 0h 0m 0s 6ms
Time for merging to q_orfs_aa: 0h 0m 0s 6ms
Time for processing: 0h 0m 0s 274ms
prefilter hybracter_out/processing/complete/dnaapler/EXE_33_2024_E_pre_chrom/tmp_MMseqs2_output/14099849751289657401/search_tmp/2377620014684439646/q_orfs_aa /data/djs217/miniconda3/envs/hybracter_env/lib/python3.11/site-packages/hybracter/workflow/conda/2e20c9685892c8c53c04f44043c92cbf_/lib/python3.13/site-packages/dnaapler/db/all_db hybracter_out/processing/complete/dnaapler/EXE_33_2024_E_pre_chrom/tmp_MMseqs2_output/14099849751289657401/search_tmp/2377620014684439646/search/pref_0 --sub-mat 'aa:blosum62.out,nucl:nucleotide.out' --seed-sub-mat 'aa:VTML80.out,nucl:nucleotide.out' -k 0 --target-search-mode 0 --k-score seq:2147483647,prof:2147483647 --alph-size aa:21,nucl:5 --max-seq-len 65535 --max-seqs 300 --split 0 --split-mode 2 --split-memory-limit 0 -c 0 --cov-mode 0 --comp-bias-corr 1 --comp-bias-corr-scale 1 --diag-score 1 --exact-kmer-matching 0 --mask 1 --mask-prob 0.9 --mask-lower-case 0 --mask-n-repeat 0 --min-ungapped-score 15 --add-self-matches 0 --spaced-kmer-mode 1 --db-load-mode 0 --pca substitution:1.100,context:1.400 --pcb substitution:4.100,context:5.800 --threads 1 --compressed 0 -v 3 -s 5.7 

Query database size: 114319 type: Aminoacid
Estimated memory consumption: 1008M
Target database size: 9142 type: Aminoacid
Index table k-mer threshold: 112 at k-mer size 6 
Index table: counting k-mers
[=================================================================] 9.14K 0s 621ms
Index table: Masked residues: 5801
Index table: fill
[=================================================================] 9.14K 0s 819ms
Index statistics
Entries:          4369288
DB size:          513 MB
Avg k-mer size:   0.068270
Top 10 k-mers
    GSTLKR	505
    RFVCCG	502
    PKIGPK	502
    PTLDIE	500
    DKIGWP	500
    PWGKDN	498
    WPSRTP	498
    VWKIST	498
    KRESPK	497
    EGVPIR	497
Time for index table init: 0h 0m 2s 51ms
Process prefiltering step 1 of 1

k-mer similarity threshold: 112
Starting prefiltering scores calculation (step 1 of 1)
Query db start 1 to 114319
Target db start 1 to 9142
[=================================================================] 114.32K 1m 2s 902ms

275.487624 k-mers per position
903 DB matches per sequence
0 overflows
7 sequences passed prefiltering per query sequence
2 median result list length
36480 sequences with 0 size result lists
Time for merging to pref_0: 0h 0m 0s 10ms
Time for processing: 0h 1m 7s 53ms
align hybracter_out/processing/complete/dnaapler/EXE_33_2024_E_pre_chrom/tmp_MMseqs2_output/14099849751289657401/search_tmp/2377620014684439646/q_orfs_aa /data/djs217/miniconda3/envs/hybracter_env/lib/python3.11/site-packages/hybracter/workflow/conda/2e20c9685892c8c53c04f44043c92cbf_/lib/python3.13/site-packages/dnaapler/db/all_db hybracter_out/processing/complete/dnaapler/EXE_33_2024_E_pre_chrom/tmp_MMseqs2_output/14099849751289657401/search_tmp/2377620014684439646/search/pref_0 hybracter_out/processing/complete/dnaapler/EXE_33_2024_E_pre_chrom/tmp_MMseqs2_output/14099849751289657401/search_tmp/2377620014684439646/aln --sub-mat 'aa:blosum62.out,nucl:nucleotide.out' -a 1 --alignment-mode 3 --alignment-output-mode 0 --wrapped-scoring 0 -e 1e-10 --min-seq-id 0 --min-aln-len 0 --seq-id-mode 0 --alt-ali 0 -c 0 --cov-mode 0 --max-seq-len 65535 --comp-bias-corr 1 --comp-bias-corr-scale 1 --max-rejected 2147483647 --max-accept 2147483647 --add-self-matches 0 --db-load-mode 0 --pca substitution:1.100,context:1.400 --pcb substitution:4.100,context:5.800 --score-bias 0 --realign 0 --realign-score-bias -0.2 --realign-max-seqs 2147483647 --corr-score-weight 0 --gap-open aa:11,nucl:5 --gap-extend aa:1,nucl:2 --zdrop 40 --threads 1 --compressed 0 -v 3 

Compute score, coverage and sequence identity
Query database size: 114319 type: Aminoacid
Target database size: 9142 type: Aminoacid
Calculation of alignments
[=================================================================] 114.32K 14s 543ms
Time for merging to aln: 0h 0m 0s 8ms
820410 alignments calculated
946 sequence pairs passed the thresholds (0.001153 of overall calculated)
0.008275 hits per query sequence
Time for processing: 0h 0m 14s 586ms
rmdb hybracter_out/processing/complete/dnaapler/EXE_33_2024_E_pre_chrom/tmp_MMseqs2_output/14099849751289657401/search_tmp/2377620014684439646/search/pref_0 -v 3 

Time for processing: 0h 0m 0s 5ms
rmdb hybracter_out/processing/complete/dnaapler/EXE_33_2024_E_pre_chrom/tmp_MMseqs2_output/14099849751289657401/search_tmp/2377620014684439646/search/aln_0 -v 3 

Time for processing: 0h 0m 0s 0ms
rmdb hybracter_out/processing/complete/dnaapler/EXE_33_2024_E_pre_chrom/tmp_MMseqs2_output/14099849751289657401/search_tmp/2377620014684439646/search/input_0 -v 3 

Time for processing: 0h 0m 0s 0ms
rmdb hybracter_out/processing/complete/dnaapler/EXE_33_2024_E_pre_chrom/tmp_MMseqs2_output/14099849751289657401/search_tmp/2377620014684439646/search/aln_merge -v 3 

Time for processing: 0h 0m 0s 0ms
offsetalignment hybracter_out/processing/complete/dnaapler/EXE_33_2024_E_pre_chrom/tmp_MMseqs2_output/14099849751289657401/query hybracter_out/processing/complete/dnaapler/EXE_33_2024_E_pre_chrom/tmp_MMseqs2_output/14099849751289657401/search_tmp/2377620014684439646/q_orfs_aa /data/djs217/miniconda3/envs/hybracter_env/lib/python3.11/site-packages/hybracter/workflow/conda/2e20c9685892c8c53c04f44043c92cbf_/lib/python3.13/site-packages/dnaapler/db/all_db /data/djs217/miniconda3/envs/hybracter_env/lib/python3.11/site-packages/hybracter/workflow/conda/2e20c9685892c8c53c04f44043c92cbf_/lib/python3.13/site-packages/dnaapler/db/all_db hybracter_out/processing/complete/dnaapler/EXE_33_2024_E_pre_chrom/tmp_MMseqs2_output/14099849751289657401/search_tmp/2377620014684439646/aln hybracter_out/processing/complete/dnaapler/EXE_33_2024_E_pre_chrom/tmp_MMseqs2_output/14099849751289657401/result --chain-alignments 0 --merge-query 1 --search-type 2 --threads 1 --compressed 0 --db-load-mode 0 -v 3 

Computing ORF lookup
Computing contig offsets
Computing contig lookup
Time for contig lookup: 0h 0m 0s 15ms
Writing results to: hybracter_out/processing/complete/dnaapler/EXE_33_2024_E_pre_chrom/tmp_MMseqs2_output/14099849751289657401/result
[=================================================================] 2 0s 10ms

Time for merging to result: 0h 0m 0s 0ms
Time for processing: 0h 0m 0s 67ms
rmdb hybracter_out/processing/complete/dnaapler/EXE_33_2024_E_pre_chrom/tmp_MMseqs2_output/14099849751289657401/search_tmp/2377620014684439646/q_orfs_aa -v 3 

Time for processing: 0h 0m 0s 4ms
rmdb hybracter_out/processing/complete/dnaapler/EXE_33_2024_E_pre_chrom/tmp_MMseqs2_output/14099849751289657401/search_tmp/2377620014684439646/t_orfs_aa -v 3 

Time for processing: 0h 0m 0s 0ms
rmdb hybracter_out/processing/complete/dnaapler/EXE_33_2024_E_pre_chrom/tmp_MMseqs2_output/14099849751289657401/search_tmp/2377620014684439646/aln -v 3 

Time for processing: 0h 0m 0s 1ms
convertalis hybracter_out/processing/complete/dnaapler/EXE_33_2024_E_pre_chrom/tmp_MMseqs2_output/14099849751289657401/query /data/djs217/miniconda3/envs/hybracter_env/lib/python3.11/site-packages/hybracter/workflow/conda/2e20c9685892c8c53c04f44043c92cbf_/lib/python3.13/site-packages/dnaapler/db/all_db hybracter_out/processing/complete/dnaapler/EXE_33_2024_E_pre_chrom/tmp_MMseqs2_output/14099849751289657401/result hybracter_out/processing/complete/dnaapler/EXE_33_2024_E_pre_chrom/EXE_33_2024_E_MMseqs2_output.txt --sub-mat 'aa:blosum62.out,nucl:nucleotide.out' --format-mode 0 --format-output query,qlen,target,tlen,alnlen,qstart,qend,tstart,tend,fident,nident,gapopen,mismatch,evalue,bits,qaln,taln --translation-table 1 --gap-open aa:11,nucl:5 --gap-extend aa:1,nucl:2 --db-output 0 --db-load-mode 0 --search-type 2 --threads 1 --compressed 0 -v 3 

[=================================================================] 2 0s 9ms
Time for merging to EXE_33_2024_E_MMseqs2_output.txt: 0h 0m 0s 0ms
Time for processing: 0h 0m 0s 25ms
rmdb hybracter_out/processing/complete/dnaapler/EXE_33_2024_E_pre_chrom/tmp_MMseqs2_output/14099849751289657401/result -v 3 

Time for processing: 0h 0m 0s 1ms
rmdb hybracter_out/processing/complete/dnaapler/EXE_33_2024_E_pre_chrom/tmp_MMseqs2_output/14099849751289657401/query -v 3 

Time for processing: 0h 0m 0s 3ms
rmdb hybracter_out/processing/complete/dnaapler/EXE_33_2024_E_pre_chrom/tmp_MMseqs2_output/14099849751289657401/query_h -v 3 

Time for processing: 0h 0m 0s 0ms
