
Starting Unicycler (2026-03-27 00:33:12)
----------------------------------------
    Welcome to Unicycler, an assembly pipeline for bacterial genomes. Since you provided only long reads, Unicycler will assemble the reads with miniasm and then run repeated polishing rounds using Racon.
    For more information, please see https://github.com/rrwick/Unicycler

Command: /data/djs217/miniconda3/envs/hybracter_env/lib/python3.11/site-packages/hybracter/workflow/conda/78019da34467f1ccbd2a1e2321558605_/bin/unicycler -s hybracter_out/processing/plassembler/EXE_20_2025_B/plasmid_long_entropy_filtered.fastq -l hybracter_out/processing/plassembler/EXE_20_2025_B/plasmid_long_entropy_filtered.fastq -t 1 -o hybracter_out/processing/plassembler/EXE_20_2025_B/unicycler_output

Unicycler version: v0.5.1
Using 1 thread

Making output directory:
  /data/djs217/PROJECTS/vibrio/P0232_251203_11813_10386/12_filtlong/02_hybracter/hybracter_out/processing/plassembler/EXE_20_2025_B/unicycler_output

Dependencies:
  Program       Version   Status
  spades.py     4.2.0     good  
  racon         1.5.0     good  
  makeblastdb   2.17.0+   good  
  tblastn       2.17.0+   good  


Choosing k-mer range for assembly (2026-03-27 00:33:13)
-------------------------------------------------------
    Unicycler chooses a k-mer range for SPAdes based on the length of the input reads. It uses a wide range of many k-mer sizes to maximise the chance of finding an ideal assembly.

SPAdes maximum k-mer: 127
Median read length: 1935
K-mer range: 27, 53, 71, 87, 99, 111, 119, 127


SPAdes assemblies (2026-03-27 00:33:13)
---------------------------------------
    Unicycler now uses SPAdes to assemble the short reads. It scores the assembly graph for each k-mer using the number of contigs (fewer is better) and the number of dead ends (fewer is better). The score function is 1/(c*(d+2)), where c is the contig count and d is the dead end count.

spades.py -o /data/djs217/PROJECTS/vibrio/P0232_251203_11813_10386/12_filtlong/02_hybracter/hybracter_out/processing/plassembler/EXE_20_2025_B/unicycler_output/spades_assembly -k 27 --threads 1 --gfa11 --isolate -s /data/djs217/PROJECTS/vibrio/P0232_251203_11813_10386/12_filtlong/02_hybracter/hybracter_out/processing/plassembler/EXE_20_2025_B/plasmid_long_entropy_filtered.fastq -m 1024

spades.py -o /data/djs217/PROJECTS/vibrio/P0232_251203_11813_10386/12_filtlong/02_hybracter/hybracter_out/processing/plassembler/EXE_20_2025_B/unicycler_output/spades_assembly -k 27,53 --threads 1 --gfa11 --restart-from k27 -m 1024

spades.py -o /data/djs217/PROJECTS/vibrio/P0232_251203_11813_10386/12_filtlong/02_hybracter/hybracter_out/processing/plassembler/EXE_20_2025_B/unicycler_output/spades_assembly -k 27,53,71 --threads 1 --gfa11 --restart-from k53 -m 1024

spades.py -o /data/djs217/PROJECTS/vibrio/P0232_251203_11813_10386/12_filtlong/02_hybracter/hybracter_out/processing/plassembler/EXE_20_2025_B/unicycler_output/spades_assembly -k 27,53,71,87 --threads 1 --gfa11 --restart-from k71 -m 1024

spades.py -o /data/djs217/PROJECTS/vibrio/P0232_251203_11813_10386/12_filtlong/02_hybracter/hybracter_out/processing/plassembler/EXE_20_2025_B/unicycler_output/spades_assembly -k 27,53,71,87,99 --threads 1 --gfa11 --restart-from k87 -m 1024

spades.py -o /data/djs217/PROJECTS/vibrio/P0232_251203_11813_10386/12_filtlong/02_hybracter/hybracter_out/processing/plassembler/EXE_20_2025_B/unicycler_output/spades_assembly -k 27,53,71,87,99,111 --threads 1 --gfa11 --restart-from k99 -m 1024

spades.py -o /data/djs217/PROJECTS/vibrio/P0232_251203_11813_10386/12_filtlong/02_hybracter/hybracter_out/processing/plassembler/EXE_20_2025_B/unicycler_output/spades_assembly -k 27,53,71,87,99,111,119 --threads 1 --gfa11 --restart-from k111 -m 1024

spades.py -o /data/djs217/PROJECTS/vibrio/P0232_251203_11813_10386/12_filtlong/02_hybracter/hybracter_out/processing/plassembler/EXE_20_2025_B/unicycler_output/spades_assembly -k 27,53,71,87,99,111,119,127 --threads 1 --gfa11 --restart-from k119 -m 1024

K-mer   Contigs   Dead ends   Score      
   27                         too complex
   53       232           3      8.62e-04
   71       171           3      1.17e-03
   87       153           3      1.31e-03
   99       128           3      1.56e-03
  111       109           2      2.29e-03
  119       100           2      2.50e-03 <-best
  127       102           2      2.45e-03

Read depth filter: removed 3 contigs totalling 974 bp
Deleting /data/djs217/PROJECTS/vibrio/P0232_251203_11813_10386/12_filtlong/02_hybracter/hybracter_out/processing/plassembler/EXE_20_2025_B/unicycler_output/spades_assembly/


Determining graph multiplicity (2026-03-27 01:20:49)
----------------------------------------------------
    Multiplicity is the number of times a sequence occurs in the underlying sequence. Single-copy contigs (those with a multiplicity of one, occurring only once in the underlying sequence) are particularly useful.

Saving /data/djs217/PROJECTS/vibrio/P0232_251203_11813_10386/12_filtlong/02_hybracter/hybracter_out/processing/plassembler/EXE_20_2025_B/unicycler_output/002_depth_filter.gfa


Cleaning graph (2026-03-27 01:20:49)
------------------------------------
    Unicycler now performs various cleaning procedures on the graph to remove overlaps and simplify the graph structure. The end result is a graph ready for bridging.

Graph overlaps removed

Removed zero-length segments:
    42, 43, 45, 50, 51, 53, 54, 55, 56, 57, 62, 63, 67, 71, 88, 93, 94, 96

Removed zero-length segments:
    66, 75, 78, 83

Saving /data/djs217/PROJECTS/vibrio/P0232_251203_11813_10386/12_filtlong/02_hybracter/hybracter_out/processing/plassembler/EXE_20_2025_B/unicycler_output/003_overlaps_removed.gfa

    Unicycler now selects a set of anchor contigs from the single-copy contigs. These are the contigs which will be connected via bridges to form the final assembly.

14 anchor segments (1,291,335 bp) out of 79 total segments (1,976,661 bp)


Creating SPAdes contig bridges (2026-03-27 01:20:49)
----------------------------------------------------
    SPAdes uses paired-end information to perform repeat resolution (RR) and produce contigs from the assembly graph. SPAdes saves the graph paths corresponding to these contigs in the contigs.paths file. When one of these paths contains two or more anchor contigs, Unicycler can create a bridge from the path.

                                  Bridge
Start        Path        End     quality
   -4   23 -> 26 -> 23   7          41.3


Creating loop unrolling bridges (2026-03-27 01:20:49)
-----------------------------------------------------
    When a SPAdes contig path connects an anchor contig with the middle contig of a simple loop, Unicycler concludes that the sequences are contiguous (i.e. the loop is not a separate piece of DNA). It then uses the read depth of the middle and repeat contigs to guess the number of times to traverse the loop and makes a bridge.

                                  Loop count   Loop count    Loop    Bridge
Start   Repeat   Middle     End    by repeat    by middle   count   quality
   -4       23       26       7         1.13         1.08       1      39.2


Loading reads (2026-03-27 01:20:49)
-----------------------------------
23,122 / 23,122 (100.0%) - 83,355,719 bp


Assembling contigs and long reads with miniasm (2026-03-27 01:20:50)
--------------------------------------------------------------------
    Unicycler uses miniasm to construct a string graph assembly using both the short read contigs and the long reads. It will then use the resulting string graph to produce bridges between contigs. This method requires decent coverage of long reads and therefore may not be fruitful if long reads are sparse. However, it does not rely on the short read assembly graph having good connectivity and is able to bridge an assembly graph even when it contains many dead ends.
    Unicycler uses two types of "reads" as assembly input: anchor contigs from the short-read assembly and actual long reads which overlap two or more of these contigs. It then assembles them with miniasm.

Aligning long reads to graph using minimap

Saving to /data/djs217/PROJECTS/vibrio/P0232_251203_11813_10386/12_filtlong/02_hybracter/hybracter_out/processing/plassembler/EXE_20_2025_B/unicycler_output/miniasm_assembly/01_assembly_reads.fastq:
  8 short-read contigs
  698 long reads

Finding overlaps with minimap... 
success
  20,994 overlaps

Assembling reads with miniasm... 
success
  39 segments, 37 links

Saving /data/djs217/PROJECTS/vibrio/P0232_251203_11813_10386/12_filtlong/02_hybracter/hybracter_out/processing/plassembler/EXE_20_2025_B/unicycler_output/miniasm_assembly/11_branching_paths_removed.gfa
Merging segments into unitigs:
  1 circular unitig
  2 linear unitigs
  total size = 1,448,447 bp
Saving /data/djs217/PROJECTS/vibrio/P0232_251203_11813_10386/12_filtlong/02_hybracter/hybracter_out/processing/plassembler/EXE_20_2025_B/unicycler_output/miniasm_assembly/12_unitig_graph.gfa


Polishing miniasm assembly with Racon (2026-03-27 01:20:58)
-----------------------------------------------------------
    Unicycler now uses Racon to polish the miniasm assembly. It does multiple rounds of polishing to get the best consensus. Circular unitigs are rotated between rounds such that all parts (including the ends) are polished well.

Saving to /data/djs217/PROJECTS/vibrio/P0232_251203_11813_10386/12_filtlong/02_hybracter/hybracter_out/processing/plassembler/EXE_20_2025_B/unicycler_output/miniasm_assembly/racon_polish/polishing_reads.fastq:
  8 short-read contigs
  23,122 long reads

Polish       Assembly          Mapping
round            size          quality
begin       1,448,447        17,275.83
1           1,449,192        17,444.34

Best polish: /data/djs217/PROJECTS/vibrio/P0232_251203_11813_10386/12_filtlong/02_hybracter/hybracter_out/processing/plassembler/EXE_20_2025_B/unicycler_output/miniasm_assembly/racon_polish/006_rotated.fasta
Saving /data/djs217/PROJECTS/vibrio/P0232_251203_11813_10386/12_filtlong/02_hybracter/hybracter_out/processing/plassembler/EXE_20_2025_B/unicycler_output/miniasm_assembly/13_racon_polished.gfa
Saving /data/djs217/PROJECTS/vibrio/P0232_251203_11813_10386/12_filtlong/02_hybracter/hybracter_out/processing/plassembler/EXE_20_2025_B/unicycler_output/004_long_read_assembly.gfa

    Contigs in the short-read assembly graph which end in dead ends may contain bogus sequence near the dead end. Unicycler therefore uses the read clipping values from the miniasm assembly to trim these dead ends to only the parts which aligned well to long reads.

No dead ends required trimming.

    Unicycler now places the single copy contigs back into the unitig graph. This serves two purposes: a) it replaces long read assembly sequences (which may be error prone) with Illumina assembly sequence (which is probably quite accurate), improving the assembly quality, and b) it defines inter-contig sequences for use in building bridges.

Searching for contigs using 5,000 bp of contig ends.

Contig   Result              Start pos   End pos   Strand
     1   found in unitig 2       29566    337163        +
     2   found in unitig 1      645456    893274        -
     3   found in unitig 1      407255    645455        -
     4   found in unitig 1       36952    268158        -
     7   found in unitig 1      268573    407201        +
     9   found in unitig 3      -71134     56742        -
    27   not found                                       
    29   not found                                       

Searching for contigs using 2,500 bp of contig ends.

Contig   Result      Start pos   End pos   Strand
    27   not found                               
    29   not found                               

Searching for contigs using 1,000 bp of contig ends.

Contig   Result      Start pos   End pos   Strand
    27   not found                               
    29   not found                               

Searching for contigs using 500 bp of contig ends.

Contig   Result      Start pos   End pos   Strand
    27   not found                               
    29   not found                               

Saving /data/djs217/PROJECTS/vibrio/P0232_251203_11813_10386/12_filtlong/02_hybracter/hybracter_out/processing/plassembler/EXE_20_2025_B/unicycler_output/miniasm_assembly/14_contigs_placed.gfa


Creating miniasm/Racon bridges (2026-03-27 01:23:04)
----------------------------------------------------
    Now that the miniasm/Racon string graph is complete, Unicycler will use it to build bridges between anchor segments.

     Start -> end   Best path                                 Quality
1/4    -4 -> 7      23, 26, 23                                 95.168
2/4     7 -> -3     51, 51, 51, 51, 51, 51, 51, 51, 51         99.066
3/4    -3 -> -2                                                82.854
4/4    -9 -> -9     -44, -74, -25, 31, -21, 39, 37, -53,       56.807
                    -44, -74, -25, -18, 42, -48, -50, 35,            
                    -45, 36, -30, -18, 42, -48, -38, 37,             
                    -53, -44, -74, -25, -18, 42, -48, -38,           
                    37, -53, -44, -74, -25, -18, -41, 52,            
                    46, 35, -45, 36, -30, -18, -41, 52, 46,          
                    35, 47, -40, -25, 31, 60, 22, 34, 37,            
                    -53, -44, -74, -25, 31, 60, 22, 34, 37,          
                    -53, -44, -74, -25, -18, -41, 52, 46,            
                    35, -45, 36, -30, -18, -41, 52, 46, 35,          
                    47, -40, -25, 31, 60, 22, 34, 37, -53,           
                    -44, -74, -25, 31, 60, 22, 34, 37, -53,          
                    -44, -74, -25, -18, -41, -48, -38, -49,          
                    -45, -17, -40, -25, 31, 60, 22, 34, 32,          
                    -74, -25, 31, 60, 22, 34, 32, -16, -28,          
                    -30, -18, -41, -48, -38, -49, -45, 36,           
                    -30, -33, -43, 22, 46, 35, -45, 20, -28,         
                    -30, -18, -41, -48, -50, 39, 37, 36,             
                    -30, -33                                         


Creating simple long read bridges (2026-03-27 01:23:15)
-------------------------------------------------------
    Unicycler uses long read alignments (from minimap) to resolve simple repeat structures in the graph. This takes care of some "low-hanging fruit" of the graph simplification.

Aligning long reads to graph using minimap

    Two-way junctions are defined as cases where two graph contigs (A and B) join together (C) and then split apart again (D and E). This usually represents a simple 2-copy repeat, and there are two possible options for its resolution: (A->C->D and B->C->E) or (A->C->E and B->C->D). Each read which spans such a junction gets to "vote" for option 1, option 2 or neither. Unicycler creates a bridge at each junction for the most voted for option.

No suitable two-way junctions present

    Simple loops are parts of the graph where two contigs (A and B) are connected via a repeat (C) which loops back to itself (via D). It is possible to traverse the loop zero times (A->C->B), one time (A->C->D->C->B), two times (A->C->D->C->D->C->B), etc. Long reads which span the loop inform which is the correct number of times through. In this step, such reads are found and each is aligned against alternative loop counts. A reads casts its "vote" for the loop count it agrees best with, and Unicycler creates a bridge using the most voted for count.

                                   Read                         Loop    Bridge
Start   Repeat   Middle     End   count   Read votes           count   quality
   -4       23       26       7      37   1 loop: 37 votes         1      99.0
    7       51               -3      32   7 loops: 2 votes         8      82.6
                                          8 loops: 27 votes                   
                                          9 loops: 3 votes                    


Determining low score threshold (2026-03-27 01:23:32)
-----------------------------------------------------
    Before conducting semi-global alignment of the long reads to the assembly graph, Unicycler must determine a minimum alignment score threshold such that nonsense alignments are excluded. To choose a threshold automatically, it examines alignments between random sequences and selects a score a few standard deviations above the mean.

Automatically choosing a threshold using random alignment scores.

Random alignment mean score: 61.66
         standard deviation:  1.31
        Low score threshold: 61.66 + (7 x 1.31) = 70.86


Aligning reads (2026-03-27 01:23:37)
------------------------------------
23,122 / 23,122 (100.0%)


Read alignment summary (2026-03-27 01:51:35)
--------------------------------------------
Total read count:            23,122
Fully aligned reads:         22,505
Partially aligned reads:        548
Unaligned reads:                 69
Total bases aligned:     82,008,011 bp
Mean alignment identity:         97.1%

Deleting /data/djs217/PROJECTS/vibrio/P0232_251203_11813_10386/12_filtlong/02_hybracter/hybracter_out/processing/plassembler/EXE_20_2025_B/unicycler_output/read_alignment/


Building long read bridges (2026-03-27 01:51:35)
------------------------------------------------
    Unicycler uses the long read alignments to produce bridges between anchor segments. These bridges can be formed using as few as one long read, giving Unicycler the ability to bridge the graph even when long-read depth is low.

     Start -> end   Best path                                 Quality
1/4    -4 -> 7      23, 26, 23                                 83.296
2/4     2 -> 3      68                                         83.412
3/4     7 -> -3     51, 51, 51, 51, 51, 51, 51, 51, 51         83.380
4/4     9 -> 9      33, 30, -36, -37, -39, 50, 48, 41, 18,     62.214
                    30, 28, -20, 45, -35, -46, -22, 43, 33,          
                    30, -36, 45, 49, 38, 48, 41, 18, 30, 28,         
                    16, -32, -34, -22, -60, -31, 25, 74,             
                    -32, -34, -22, -60, -31, 25, 40, 17, 45,         
                    49, 38, 48, 41, 18, 25, 74, 44, 53, -37,         
                    -34, -22, -60, -31, 25, 74, 44, 53, -37,         
                    -34, -22, -60, -31, 25, 40, -47, -35,            
                    -46, -52, 41, 18, 30, -36, 45, -35, -46,         
                    -52, 41, 18, 25, 74, 44, 53, -37, -34,           
                    -22, -60, -31, 25, 74, 44, 53, -37, -34,         
                    -22, -60, -31, 25, 40, -47, -35, -46,            
                    -52, 41, 18, 30, -36, 45, -35, -46, -52,         
                    41, 18, 25, 74, 44, 53, -37, 38, 48,             
                    -42, 18, 25, 74, 44, 53, -37, 38, 48,            
                    -42, 18, 30, -36, 45, -35, 50, 48, -42,          
                    18, 25, 74, 44, 53, -37, -39, 21, -31,           
                    25, 74, 44                                       


Applying bridges (2026-03-27 01:51:46)
--------------------------------------
    Unicycler now applies to the graph in decreasing order of quality. This ensures that when multiple, contradictory bridges exist, the most supported option is used.

Bridge type        Start -> end   Path                                       Quality
miniasm               7 -> -3     51, 51, 51, 51, 51, 51, 51, 51, 51          99.066
simple long read     -4 -> 7      23, 26, 23                                  99.038
long read             2 -> 3      68                                          83.412
long read             9 -> 9      33, 30, -36, -37, -39, 50, 48, 41, 18,      62.214
                                  30, 28, -20, 45, -35, -46, -22, 43, 33,           
                                  30, -36, 45, 49, 38, 48, 41, 18, 30, 28,          
                                  16, -32, -34, -22, -60, -31, 25, 74,              
                                  -32, -34, -22, -60, -31, 25, 40, 17, 45,          
                                  49, 38, 48, 41, 18, 25, 74, 44, 53, -37,          
                                  -34, -22, -60, -31, 25, 74, 44, 53, -37,          
                                  -34, -22, -60, -31, 25, 40, -47, -35,             
                                  -46, -52, 41, 18, 30, -36, 45, -35, -46,          
                                  -52, 41, 18, 25, 74, 44, 53, -37, -34,            
                                  -22, -60, -31, 25, 74, 44, 53, -37, -34,          
                                  -22, -60, -31, 25, 40, -47, -35, -46,             
                                  -52, 41, 18, 30, -36, 45, -35, -46, -52,          
                                  41, 18, 25, 74, 44, 53, -37, 38, 48,              
                                  -42, 18, 25, 74, 44, 53, -37, 38, 48,             
                                  -42, 18, 30, -36, 45, -35, 50, 48, -42,           
                                  18, 25, 74, 44, 53, -37, -39, 21, -31,            
                                  25, 74, 44                                        

Saving /data/djs217/PROJECTS/vibrio/P0232_251203_11813_10386/12_filtlong/02_hybracter/hybracter_out/processing/plassembler/EXE_20_2025_B/unicycler_output/005_bridges_applied.gfa


Bridged assembly graph (2026-03-27 01:51:46)
--------------------------------------------
    The assembly is now mostly finished and no more structural changes will be made. Ideally the assembly graph should now have one contig per replicon and no erroneous contigs (i.e. a complete assembly). If there are more contigs, then the assembly is not complete.

Saving /data/djs217/PROJECTS/vibrio/P0232_251203_11813_10386/12_filtlong/02_hybracter/hybracter_out/processing/plassembler/EXE_20_2025_B/unicycler_output/006_final_clean.gfa

Component   Segments   Links   Length      N50       Longest segment   Status    
    total         27      36   1,984,504   307,597           856,326             
        1         26      35   1,846,383   307,597           856,326   incomplete
        2          1       1     138,121   138,121           138,121     complete


Rotating completed replicons (2026-03-27 01:51:46)
--------------------------------------------------
    Any completed circular contigs (i.e. single contigs which have one link connecting end to start) can have their start position changed without altering the sequence. For consistency, Unicycler now searches for a starting gene (dnaA or repA) in each such contig, and if one is found, the contig is rotated to start with that gene on the forward strand.

Segment   Length    Depth   Starting gene   Position   Strand   Identity   Coverage
      5   138,121   0.81x   none found                                             


Assembly complete (2026-03-27 01:52:04)
---------------------------------------
Saving /data/djs217/PROJECTS/vibrio/P0232_251203_11813_10386/12_filtlong/02_hybracter/hybracter_out/processing/plassembler/EXE_20_2025_B/unicycler_output/assembly.gfa
Saving /data/djs217/PROJECTS/vibrio/P0232_251203_11813_10386/12_filtlong/02_hybracter/hybracter_out/processing/plassembler/EXE_20_2025_B/unicycler_output/assembly.fasta

