Error: could not find /data/djs217/PROJECTS/19_vibrio/02_illumina_trimmed/11671_EXE_04_2024_1B1_R1_001_val_1.fq.gz













Starting Unicycler (2025-07-14 10:12:09)
----------------------------------------
    Welcome to Unicycler, an assembly pipeline for bacterial genomes. Since you provided both short and long reads, Unicycler will perform a hybrid assembly. It will first use SPAdes to make a short-read assembly graph, and then it will use various methods to scaffold that graph with the long reads.
    For more information, please see https://github.com/rrwick/Unicycler

Command: /data/djs217/miniconda3/envs/unicycler_env/bin/unicycler -1 ../02_illumina_trimmed/11671_EXE_04_2024_1B1_S466_R1_001_val_1.fq.gz -2 ../02_illumina_trimmed/11671_EXE_04_2024_1B1_S466_R2_001_val_2.fq.gz -l ../04_ont_trimmed/11671_EXE_04_2024_1B1.filtlong.fastq.gz -o 11671_EXE_04_2024_1B1.unicycler

Unicycler version: v0.5.1
Using 8 threads

The output directory already exists and files may be reused or overwritten:
  /data/djs217/PROJECTS/19_vibrio/06_unicycler/11671_EXE_04_2024_1B1.unicycler

Dependencies:
  Program       Version   Status
  spades.py     4.0.0     good  
  racon         1.5.0     good  
  makeblastdb   2.16.0+   good  
  tblastn       2.16.0+   good  


Choosing k-mer range for assembly (2025-07-14 10:12:25)
-------------------------------------------------------
    Unicycler chooses a k-mer range for SPAdes based on the length of the input reads. It uses a wide range of many k-mer sizes to maximise the chance of finding an ideal assembly.

SPAdes maximum k-mer: 127
Median read length: 150
K-mer range: 27, 53, 71, 87, 99, 111, 119, 127


SPAdes assemblies (2025-07-14 10:12:37)
---------------------------------------
    Unicycler now uses SPAdes to assemble the short reads. It scores the assembly graph for each k-mer using the number of contigs (fewer is better) and the number of dead ends (fewer is better). The score function is 1/(c*(d+2)), where c is the contig count and d is the dead end count.

spades.py -o /data/djs217/PROJECTS/19_vibrio/06_unicycler/11671_EXE_04_2024_1B1.unicycler/spades_assembly -k 27 --threads 8 --gfa11 --isolate -1 /data/djs217/PROJECTS/19_vibrio/02_illumina_trimmed/11671_EXE_04_2024_1B1_S466_R1_001_val_1.fq.gz -2 /data/djs217/PROJECTS/19_vibrio/02_illumina_trimmed/11671_EXE_04_2024_1B1_S466_R2_001_val_2.fq.gz -m 1024

spades.py -o /data/djs217/PROJECTS/19_vibrio/06_unicycler/11671_EXE_04_2024_1B1.unicycler/spades_assembly -k 27,53 --threads 8 --gfa11 --restart-from k27 -m 1024

spades.py -o /data/djs217/PROJECTS/19_vibrio/06_unicycler/11671_EXE_04_2024_1B1.unicycler/spades_assembly -k 27,53,71 --threads 8 --gfa11 --restart-from k53 -m 1024

spades.py -o /data/djs217/PROJECTS/19_vibrio/06_unicycler/11671_EXE_04_2024_1B1.unicycler/spades_assembly -k 27,53,71,87 --threads 8 --gfa11 --restart-from k71 -m 1024

spades.py -o /data/djs217/PROJECTS/19_vibrio/06_unicycler/11671_EXE_04_2024_1B1.unicycler/spades_assembly -k 27,53,71,87,99 --threads 8 --gfa11 --restart-from k87 -m 1024

spades.py -o /data/djs217/PROJECTS/19_vibrio/06_unicycler/11671_EXE_04_2024_1B1.unicycler/spades_assembly -k 27,53,71,87,99,111 --threads 8 --gfa11 --restart-from k99 -m 1024

spades.py -o /data/djs217/PROJECTS/19_vibrio/06_unicycler/11671_EXE_04_2024_1B1.unicycler/spades_assembly -k 27,53,71,87,99,111,119 --threads 8 --gfa11 --restart-from k111 -m 1024

spades.py -o /data/djs217/PROJECTS/19_vibrio/06_unicycler/11671_EXE_04_2024_1B1.unicycler/spades_assembly -k 27,53,71,87,99,111,119,127 --threads 8 --gfa11 --restart-from k119 -m 1024

K-mer   Contigs   Dead ends   Score      
   27                         too complex
   53       987          37      2.60e-05
   71       608          34      4.57e-05
   87       422          33      6.77e-05
   99       332          34      8.37e-05
  111       277          34      1.00e-04
  119       247          34      1.12e-04
  127       228          32      1.29e-04 <-best

Read depth filter: removed 22 contigs totalling 6582 bp
Deleting /data/djs217/PROJECTS/19_vibrio/06_unicycler/11671_EXE_04_2024_1B1.unicycler/spades_assembly/


Determining graph multiplicity (2025-07-14 10:38:44)
----------------------------------------------------
    Multiplicity is the number of times a sequence occurs in the underlying sequence. Single-copy contigs (those with a multiplicity of one, occurring only once in the underlying sequence) are particularly useful.

Saving /data/djs217/PROJECTS/19_vibrio/06_unicycler/11671_EXE_04_2024_1B1.unicycler/002_depth_filter.gfa


Cleaning graph (2025-07-14 10:38:44)
------------------------------------
    Unicycler now performs various cleaning procedures on the graph to remove overlaps and simplify the graph structure. The end result is a graph ready for bridging.

Graph overlaps removed

Removed zero-length segments:
    183, 219, 227

Merged small segments:
    217, 220, 221, 223, 224, 225

Saving /data/djs217/PROJECTS/19_vibrio/06_unicycler/11671_EXE_04_2024_1B1.unicycler/003_overlaps_removed.gfa

    Unicycler now selects a set of anchor contigs from the single-copy contigs. These are the contigs which will be connected via bridges to form the final assembly.

59 anchor segments (6,338,487 bp) out of 219 total segments (6,402,874 bp)


Creating SPAdes contig bridges (2025-07-14 10:38:44)
----------------------------------------------------
    SPAdes uses paired-end information to perform repeat resolution (RR) and produce contigs from the assembly graph. SPAdes saves the graph paths corresponding to these contigs in the contigs.paths file. When one of these paths contains two or more anchor contigs, Unicycler can create a bridge from the path.

                                                                                      Bridge
Start                                  Path                                  End     quality
  -43   -147 -> -204 -> 154 -> -108 -> -122 -> 184 -> -133 -> -195 -> -125   52         22.6
  -31                                  155                                   49         62.1
  -21             -126 -> 196 -> 96 -> 62 -> -126 -> -217 -> 96              40          5.0
   -4            138 -> 181 -> 153 -> -201 -> 134 -> -114 -> 135             41         28.2
   -3                                  150                                   16         63.2
    2                                  -129                                  27         63.2
    5          -135 -> -112 -> -134 -> 199 -> -153 -> -182 -> -138           -38        28.2
    6                                  155                                   45         63.2
   15           -152 -> 187 -> 124 -> -207 -> -100 -> -167 -> 110            5          26.9
   18             115 -> 209 -> 98 -> -161 -> 94 -> 104 -> -143              34         20.8
   20                              -92 -> -186                               1          58.3
   22                                  -129                                  -30        62.9
   26                -140 -> 64 -> -145 -> 77 -> -165 -> -140                -28        11.0
   27            -152 -> -190 -> 124 -> 206 -> -100 -> 166 -> 110            22         27.0
   33            143 -> 105 -> -94 -> -160 -> -98 -> -191 -> -115            -51        20.6
   36                           146 -> 173 -> 101                            9          45.9
   37                           146 -> -172 -> 101                           32         46.1
   45                    -144 -> 78 -> -111 -> 68 -> -113                    30         13.0
   48                          -145 -> -76 -> -165                           -50        25.5
   49                    -144 -> 79 -> -111 -> 67 -> -113                    28         11.6
   53                            -90 -> 65 -> -90                            11          7.5
   54                                  -150                                  18         62.3
   58                 149 -> 74 -> -179 -> -121 -> 63 -> 69                  60          9.4


Creating loop unrolling bridges (2025-07-14 10:38:44)
-----------------------------------------------------
    When a SPAdes contig path connects an anchor contig with the middle contig of a simple loop, Unicycler concludes that the sequences are contiguous (i.e. the loop is not a separate piece of DNA). It then uses the read depth of the middle and repeat contigs to guess the number of times to traverse the loop and makes a bridge.

                                  Loop count   Loop count    Loop    Bridge
Start   Repeat   Middle     End    by repeat    by middle   count   quality
   53      -90       65      11         1.10         1.15       1      37.1


Loading reads (2025-07-14 10:38:44)
-----------------------------------
64,455 / 64,455 (100.0%) - 528,540,262 bp


Assembling contigs and long reads with miniasm (2025-07-14 10:39:06)
--------------------------------------------------------------------
    Unicycler uses miniasm to construct a string graph assembly using both the short read contigs and the long reads. It will then use the resulting string graph to produce bridges between contigs. This method requires decent coverage of long reads and therefore may not be fruitful if long reads are sparse. However, it does not rely on the short read assembly graph having good connectivity and is able to bridge an assembly graph even when it contains many dead ends.
    Unicycler uses two types of "reads" as assembly input: anchor contigs from the short-read assembly and actual long reads which overlap two or more of these contigs. It then assembles them with miniasm.

Aligning long reads to graph using minimap

Saving to /data/djs217/PROJECTS/19_vibrio/06_unicycler/11671_EXE_04_2024_1B1.unicycler/miniasm_assembly/01_assembly_reads.fastq:
  59 short-read contigs
  5,226 long reads

Finding overlaps with minimap... 
success
  486,527 overlaps

Assembling reads with miniasm... 
success
  236 segments, 236 links

Saving /data/djs217/PROJECTS/19_vibrio/06_unicycler/11671_EXE_04_2024_1B1.unicycler/miniasm_assembly/11_branching_paths_removed.gfa
Merging segments into unitigs:
  1 circular unitig
  total size = 6,447,446 bp
Saving /data/djs217/PROJECTS/19_vibrio/06_unicycler/11671_EXE_04_2024_1B1.unicycler/miniasm_assembly/12_unitig_graph.gfa


Polishing miniasm assembly with Racon (2025-07-14 10:40:36)
-----------------------------------------------------------
    Unicycler now uses Racon to polish the miniasm assembly. It does multiple rounds of polishing to get the best consensus. Circular unitigs are rotated between rounds such that all parts (including the ends) are polished well.

Saving to /data/djs217/PROJECTS/19_vibrio/06_unicycler/11671_EXE_04_2024_1B1.unicycler/miniasm_assembly/racon_polish/polishing_reads.fastq:
  59 short-read contigs
  64,455 long reads

Polish       Assembly          Mapping
round            size          quality
begin       6,447,446        61,061.61
1           6,451,386        61,994.03

Best polish: /data/djs217/PROJECTS/19_vibrio/06_unicycler/11671_EXE_04_2024_1B1.unicycler/miniasm_assembly/racon_polish/006_rotated.fasta
Saving /data/djs217/PROJECTS/19_vibrio/06_unicycler/11671_EXE_04_2024_1B1.unicycler/miniasm_assembly/13_racon_polished.gfa
Saving /data/djs217/PROJECTS/19_vibrio/06_unicycler/11671_EXE_04_2024_1B1.unicycler/004_long_read_assembly.gfa

    Contigs in the short-read assembly graph which end in dead ends may contain bogus sequence near the dead end. Unicycler therefore uses the read clipping values from the miniasm assembly to trim these dead ends to only the parts which aligned well to long reads.

                       Trimmed   Trimmed             
            Previous      from      from        Final
Segment       length     start       end       length
12           148,865         2         1      148,862
14           135,329         -         1      135,328
17           122,676         1         3      122,672
19           108,627         2         -      108,625
21            96,977         -         1       96,976
24            86,886         4         -       86,882
26            86,327        23         -       86,304
29            67,077         2         -       67,075
2            615,052        30         -      615,022
31            58,281         -         1       58,280
35            50,776         6         -       50,770
38            43,850         1         -       43,849
42            31,485         4        10       31,471
43            30,575         -         4       30,571
44            28,743        23         3       28,717
46            24,967         4         -       24,963
47            23,105         2         -       23,103
55             9,266         3         -        9,263
56             7,694         3         4        7,687
7            271,400         -         2      271,398
8            220,917         4         -      220,913
9            194,097         -         4      194,093

    Unicycler now places the single copy contigs back into the unitig graph. This serves two purposes: a) it replaces long read assembly sequences (which may be error prone) with Illumina assembly sequence (which is probably quite accurate), improving the assembly quality, and b) it defines inter-contig sequences for use in building bridges.

Searching for contigs using 5,000 bp of contig ends.

Contig   Result              Start pos   End pos   Strand
     1   found in unitig 1       58315    731312        +
     2   found in unitig 1     4306804   4922090        -
     3   found in unitig 1     2236506   2612214        +
     4   found in unitig 1     5511846   5810492        -
     5   found in unitig 1     2776666   3051985        -
     6   found in unitig 1     3771513   4043841        +
     7   found in unitig 1     1442279   1713677        +
     8   found in unitig 1     3325880   3546789        -
     9   found in unitig 1     6153524   6347617        -
    10   found in unitig 1     1272678   1441015        +
    11   found in unitig 1     3588900   3754941        -
    12   found in unitig 1     4922149   5071011        -
    13   found in unitig 1      824997    961796        -
    14   found in unitig 1      963124   1098452        +
    15   found in unitig 1     3052947   3187994        -
    16   found in unitig 1     2102204   2236370        -
    17   found in unitig 1     1889599   2012268        +
    18   found in unitig 1     5124560   5247078        -
    19   found in unitig 1     1713757   1822382        -
    20   found in unitig 1      -48412     57911        +
    21   found in unitig 1     1127310   1224283        -
    22   found in unitig 1     4137742   4232070        -
    23   found in unitig 1     5417346   5510582        -
    24   found in unitig 1     2012349   2099231        +
    25   found in unitig 1      737064    823729        +
    26   found in unitig 1     6067169   6153472        -
    27   found in unitig 1     4233032   4306605        -
    28   found in unitig 1     5995174   6062677        +
    29   found in unitig 1     1822470   1889554        +
    30   found in unitig 1     4073463   4137543        +
    31   found in unitig 1     5912808   5971088        -
    32   found in unitig 1     3214675   3272899        -
    33   found in unitig 1     2659780   2714952        +
    34   found in unitig 1     5071083   5123121        -
    35   found in unitig 1     5261199   5311969        -
    36   found in unitig 1     6348111   6397449        -
    37   found in unitig 1     3273393   3321424        -
    38   found in unitig 1     2731918   2775767        +
    39   found in unitig 1     2618418   2658516        +
    40   found in unitig 1     1228700   1267092        +
    41   found in unitig 1     5811391   5847212        +
    42   found in unitig 1     5881254   5912725        -
    43   found in unitig 1     5360347   5390918        -
    44   found in unitig 1     1098567   1127284        -
    45   found in unitig 1     4043971   4070173        +
    46   found in unitig 1     5312042   5337003        +
    47   found in unitig 1     5858085   5881188        -
    48   found in unitig 1     3567076   3587636        -
    49   found in unitig 1     5971218   5991118        +
    50   found in unitig 1     3546880   3566032        +
    51   found in unitig 1     2716391   2731817        -
    52   found in unitig 1     5392051   5407423        +
    53   found in unitig 1     3758882   3770185        -
    54   found in unitig 1     5247214   5256745        -
    55   found in unitig 1     5343213   5352476        -
    56   found in unitig 1     5352556   5360243        +
    57   found in unitig 1     5850186   5856757        +
    58   found in unitig 1     3207094   3213362        -
    60   found in unitig 1     3196111   3200993        -

Saving /data/djs217/PROJECTS/19_vibrio/06_unicycler/11671_EXE_04_2024_1B1.unicycler/miniasm_assembly/14_contigs_placed.gfa


Creating miniasm/Racon bridges (2025-07-14 10:44:23)
----------------------------------------------------
    Now that the miniasm/Racon string graph is complete, Unicycler will use it to build bridges between anchor segments.

       Start -> end    Best path                                 Quality
 1/59    20 -> 1       -92, -186                                  96.189
 2/59     7 -> -19                                                98.853
 3/59   -19 -> 29                                                 98.079
 4/59    29 -> 17                                                 99.177
 5/59    17 -> 24                                                 99.066
 6/59    24 -> -16     93, 200, 156, -176, -136, 103, 127, 174,   79.174
                       -148, 163, -137, 205, -106, -216, 99,            
                       123, 92, 157                                     
 7/59   -16 -> 3       -150                                       98.644
 8/59     3 -> 39      107, 83, -95, -158, -61, 119, 84           66.301
 9/59    39 -> 33      -73                                        88.289
10/59    33 -> -51     143, 105, -94, -160, -98, -191, -115       87.261
11/59   -51 -> 38                                                 98.997
12/59     1 -> 25      -132, 88, -214, -59, 171                   68.189
13/59    38 -> -5      138, 182, 153, -199, 134, 112, 135         92.052
14/59    -5 -> -15     -110, 167, 100, 207, -124, -187, 152       91.467
15/59   -15 -> -60     118, -202, 89, 86, -139, 188, -97, 71,     59.322
                       118, -197, 89, -85, -139, -189, -97, 70,         
                       -69                                              
16/59   -60 -> -58     -69, -63, 121, 179, -74, -149              67.066
17/59   -58 -> -32     121, 180, -74, -149                        83.710
18/59   -32 -> -37     -101, 172, -146                            95.223
19/59   -37 -> -8      -87, 116, -91, -218, 81, 141, 75, -208,    72.073
                       130, 193, 72                                     
20/59    -8 -> 50                                                 98.837
21/59    50 -> -48     165, 76, 145                               90.887
22/59   -48 -> -11     73                                         87.851
23/59    25 -> -13     131, -162, -151, -162, -151, -162, -151,   88.815
                       -178, 131, -162                                  
24/59   -11 -> -53     90, -65, 90                                73.436
25/59   -53 -> 6       -73, 168                                   88.588
26/59     6 -> 45      155                                        98.614
27/59    45 -> 30      -144, 78, -111, 68, -113                   77.465
28/59    30 -> -22     129                                        97.590
29/59   -22 -> -27     -110, -166, 100, -206, -124, 190, 152      91.575
30/59   -27 -> -2      129                                        97.955
31/59    -2 -> -12                                                99.298
32/59   -12 -> -34                                                99.267
33/59   -34 -> -18     143, -104, -94, 161, -98, -209, -115       88.004
34/59   -13 -> 14      -73, 168                                   88.828
35/59   -18 -> -54     150                                        97.218
36/59   -54 -> -35     -87, -117, -91, -192, 81, 142, 75, -211,   72.606
                       130, -194, 72                                    
37/59   -35 -> 46                                                 99.238
38/59    46 -> -55     107, 82, -95, -159, -61, -120, 84          64.923
39/59   -55 -> 56                                                 93.944
40/59    56 -> -43                                                75.459
41/59   -43 -> 52      -147, -204, 154, -108, -122, 184, -133,    84.290
                       -195, -125                                       
42/59    52 -> -23     -147, -212, 154, 109, -122, 185, -133,     55.958
                       203, -125, -66, -171, 59, 215, -88, 132          
43/59   -23 -> -4      -73                                        89.120
44/59    -4 -> 41      138, 181, 153, -201, 134, -114, 135        92.057
45/59    14 -> -44                                                98.869
46/59    41 -> 57      -157, -92, -186, 128, -99, 213, 106,       75.726
                       -210, 137, -164, 148, 175, -127, 102,            
                       136, 177, -156, 198, -93                         
47/59    57 -> -47     -168, 73                                   85.666
48/59   -47 -> -42                                                99.301
49/59   -42 -> -31                                                98.926
50/59   -31 -> 49      155                                        96.979
51/59    49 -> 28      -144, 79, -111, 67, -113                   74.271
52/59    28 -> -26     140, 165, -77, 145, -64, 140               72.113
53/59   -26 -> -9                                                 98.634
54/59    -9 -> -36     -101, -173, -146                           94.817
55/59   -36 -> 20      183, 88, -214, -59                         68.923
56/59   -44 -> -21                                                98.245
57/59   -21 -> 40      -126, 196, 96, 62, -126, -217, 96          72.831
58/59    40 -> 10      183, 88, -215, -59, 171                    68.723
59/59    10 -> 7       73                                         88.040


Creating simple long read bridges (2025-07-14 10:44:40)
-------------------------------------------------------
    Unicycler uses long read alignments (from minimap) to resolve simple repeat structures in the graph. This takes care of some "low-hanging fruit" of the graph simplification.

Aligning long reads to graph using minimap

    Two-way junctions are defined as cases where two graph contigs (A and B) join together (C) and then split apart again (D and E). This usually represents a simple 2-copy repeat, and there are two possible options for its resolution: (A->C->D and B->C->E) or (A->C->E and B->C->D). Each read which spans such a junction gets to "vote" for option 1, option 2 or neither. Unicycler creates a bridge at each junction for the most voted for option.

                                                    Op. 1   Op. 2   Neither   Final    Bridge
Junction        Option 1             Option 2       votes   votes     votes     op.   quality
     155   -31 -> 155 -> 45,    -31 -> 155 -> 49,       0     131         0       2      99.9
             6 -> 155 -> 49       6 -> 155 -> 45                                             
     129   -27 -> 129 -> -22,   -27 -> 129 -> -2,       0     122         0       2      99.5
            30 -> 129 -> -2      30 -> 129 -> -22                                            
     150   -18 -> 150 -> -54,   -18 -> 150 -> 16,     110       0         2       1      98.2
            -3 -> 150 -> 16      -3 -> 150 -> -54                                            

    Simple loops are parts of the graph where two contigs (A and B) are connected via a repeat (C) which loops back to itself (via D). It is possible to traverse the loop zero times (A->C->B), one time (A->C->D->C->B), two times (A->C->D->C->D->C->B), etc. Long reads which span the loop inform which is the correct number of times through. In this step, such reads are found and each is aligned against alternative loop counts. A reads casts its "vote" for the loop count it agrees best with, and Unicycler creates a bridge using the most voted for count.

                                   Read                         Loop    Bridge
Start   Repeat   Middle     End   count   Read votes           count   quality
   53      -90       65      11      24   1 loop: 24 votes         1      98.2


Determining low score threshold (2025-07-14 10:46:02)
-----------------------------------------------------
    Before conducting semi-global alignment of the long reads to the assembly graph, Unicycler must determine a minimum alignment score threshold such that nonsense alignments are excluded. To choose a threshold automatically, it examines alignments between random sequences and selects a score a few standard deviations above the mean.

Automatically choosing a threshold using random alignment scores.

Random alignment mean score: 61.66
         standard deviation:  1.31
        Low score threshold: 61.66 + (7 x 1.31) = 70.86


Aligning reads (2025-07-14 10:46:11)
------------------------------------
64,455 / 64,455 (100.0%)


Read alignment summary (2025-07-14 12:03:33)
--------------------------------------------
Total read count:             64,455
Fully aligned reads:          60,761
Partially aligned reads:       3,667
Unaligned reads:                  27
Total bases aligned:     527,665,971 bp
Mean alignment identity:          98.2%

Deleting /data/djs217/PROJECTS/19_vibrio/06_unicycler/11671_EXE_04_2024_1B1.unicycler/read_alignment/


Building long read bridges (2025-07-14 12:03:34)
------------------------------------------------
    Unicycler uses the long read alignments to produce bridges between anchor segments. These bridges can be formed using as few as one long read, giving Unicycler the ability to bridge the graph even when long-read depth is low.

       Start -> end    Best path                                 Quality
 1/65    33 -> 38                                                  8.296
 2/65    35 -> 18      -72, 194, -130, 211, -75, -142, -81,       46.849
                       192, 91, 117, 87, 54, -150                       
 3/65    28 -> -26     140, 165, -77, 145, -64, 140               83.376
 4/65    35 -> 54      -72, 194, -130, 211, -75, -142, -81,       82.128
                       192, 91, 117, 87                                 
 5/65     3 -> 39      107, 83, -95, -158, -61, 119, 84           83.244
 6/65    58 -> 60      149, 74, -179, -121, 63, 69                78.534
 7/65    45 -> 30      -144, 78, -111, 68, -113                   82.649
 8/65    52 -> -23     -147, -212, 154, 109, -122, 185, -133,     76.122
                       203, -125, -66, -171, 59, 215, -88, 132          
 9/65   -21 -> 40      -126, 196, 96, 62, -126, -217, 96          83.701
10/65    60 -> 15      69, -70, 97, 189, 139, 85, -89, 197,       77.083
                       -118, -71, 97, -188, 139, -86, -89, 202,         
                       -118                                             
11/65    55 -> -46     -84, 120, 61, 159, 95, -82, -107           80.028
12/65    43 -> 55                                                 21.892
13/65    49 -> 28      -144, 79, -111, 67, -113                   82.867
14/65   -20 -> 36      59, 214, -88, -183                         67.981
15/65    40 -> 10      183, 88, -215, -59, 171                    77.338
16/65    53 -> 11      -90, 65, -90                               67.197
17/65     1 -> 25      -132, 88, -214, -59, 171                   74.032
18/65    41 -> 57      -157, -92, -186, 128, -99, 213, 106,       77.499
                       -210, 137, -164, 148, 175, -127, 102,            
                       136, 177, -156, 198, -93                         
19/65    50 -> -26     165, -77, 145, -64, 140                    10.552
20/65    18 -> 34      115, 209, 98, -161, 94, 104, -143          83.596
21/65    57 -> -47     -168, 73                                   77.267
22/65   -13 -> 14      -73, 168                                   83.636
23/65    32 -> 58      149, 74, -180, -121                        50.191
24/65     8 -> 37      -72, -193, -130, 208, -75, -141, -81,      58.068
                       218, 91, -116, 87                                
25/65     4 -> 23      73                                         83.448
26/65    11 -> 48      -73                                        81.483
27/65    -6 -> 53      -168, 73                                   82.404
28/65    51 -> -33     115, 191, 98, 160, 94, -105, -143          82.041
29/65    24 -> -16     93, 200, 156, -176, -136, 103, 127, 174,   80.751
                       -148, 163, -137, 205, -106, -216, 99,            
                       123, 92, 157                                     
30/65    27 -> 22      -152, -190, 124, 206, -100, 166, 110       83.537
31/65   -43 -> 52      -147, -204, 154, -108, -122, 184, -133,    76.918
                       -195, -125                                       
32/65    10 -> 7       73                                         81.922
33/65    15 -> 5       -152, 187, 124, -207, -100, -167, 110      83.629
34/65    25 -> -13     131, -162, -151, -162, -151, -162, -151,   76.273
                       -178, 131, -162                                  
35/65    36 -> 9       146, 173, 101                              82.958
36/65    50 -> -48     165, 76, 145                               82.629
37/65     2 -> 27      -129                                       83.867
38/65    20 -> 1       -92, -186                                  83.729
39/65    37 -> 32      146, -172, 101                             83.232
40/65    54 -> 18      -150                                       80.897
41/65    30 -> -22     129                                        83.418
42/65   -31 -> 49      155                                        81.399
43/65    -3 -> 16      150                                        83.719
44/65     6 -> 45      155                                        83.274
45/65    56 -> -43                                                71.960
46/65   -38 -> 51                                                 95.537
47/65    44 -> -14                                                96.074
48/65   -19 -> 29                                                 96.104
49/65   -55 -> 56                                                 88.586
50/65    -8 -> 50                                                 96.166
51/65    42 -> 47                                                 96.805
52/65    31 -> 42                                                 96.780
53/65    17 -> 24                                                 97.364
54/65    19 -> -7                                                 97.220
55/65   -35 -> 46                                                 97.022
56/65    34 -> 12                                                 97.598
57/65     9 -> 26                                                 97.315
58/65    21 -> 44                                                 96.728
59/65    29 -> 17                                                 80.093
60/65    12 -> 2                                                  98.053
61/65    -4 -> 41      138, 181, 153, -201, 134, -114, 135        83.355
62/65    39 -> 33      -73                                        77.427
63/65    38 -> -5      138, 182, 153, -199, 134, 112, 135         83.408
64/65    47 -> -41     -73, 168, -57, 93, -198, 156, -177,        35.049
                       -136, -102, 127, -175, -148, 164, -137,          
                       210, -106, -213, 99, -128, 186, 92, 157          
65/65    58 -> 15      149, 74, -179, -121, 63, 69, 60, 69,       11.973
                       -70, 97, 189, 139, 85, -89, 197, -118,           
                       -71, 97, -188, 139, -86, -89, 202, -118          


Applying bridges (2025-07-14 12:06:11)
--------------------------------------
    Unicycler now applies to the graph in decreasing order of quality. This ensures that when multiple, contradictory bridges exist, the most supported option is used.

Bridge type        Start -> end   Path                                       Quality
simple long read      6 -> 45     155                                         99.888
simple long read    -27 -> -2     129                                         99.885
simple long read     30 -> -22    129                                         99.513
miniasm             -47 -> -42                                                99.301
miniasm              -2 -> -12                                                99.298
miniasm             -12 -> -34                                                99.267
miniasm             -35 -> 46                                                 99.238
miniasm              29 -> 17                                                 99.177
miniasm              17 -> 24                                                 99.066
miniasm             -51 -> 38                                                 98.997
miniasm             -42 -> -31                                                98.926
miniasm              14 -> -44                                                98.869
miniasm               7 -> -19                                                98.853
miniasm              -8 -> 50                                                 98.837
miniasm             -16 -> 3      -150                                        98.644
miniasm             -26 -> -9                                                 98.634
miniasm             -44 -> -21                                                98.245
simple long read    -31 -> 49     155                                         98.232
simple long read     53 -> 11     -90, 65, -90                                98.201
miniasm             -19 -> 29                                                 98.079
miniasm             -18 -> -54    150                                         97.218
miniasm              20 -> 1      -92, -186                                   96.189
miniasm             -32 -> -37    -101, 172, -146                             95.223
miniasm              -9 -> -36    -101, -173, -146                            94.817
miniasm             -55 -> 56                                                 93.944
miniasm              -4 -> 41     138, 181, 153, -201, 134, -114, 135         92.057
miniasm              38 -> -5     138, 182, 153, -199, 134, 112, 135          92.052
miniasm             -22 -> -27    -110, -166, 100, -206, -124, 190, 152       91.575
miniasm              -5 -> -15    -110, 167, 100, 207, -124, -187, 152        91.467
miniasm              50 -> -48    165, 76, 145                                90.887
miniasm             -23 -> -4     -73                                         89.120
miniasm             -13 -> 14     -73, 168                                    88.828
miniasm              25 -> -13    131, -162, -151, -162, -151, -162, -151,    88.815
                                  -178, 131, -162                                   
miniasm             -53 -> 6      -73, 168                                    88.588
miniasm              39 -> 33     -73                                         88.289
miniasm              10 -> 7      73                                          88.040
miniasm             -34 -> -18    143, -104, -94, 161, -98, -209, -115        88.004
miniasm             -48 -> -11    73                                          87.851
miniasm              33 -> -51    143, 105, -94, -160, -98, -191, -115        87.261
miniasm              57 -> -47    -168, 73                                    85.666
miniasm             -43 -> 52     -147, -204, 154, -108, -122, 184, -133,     84.290
                                  -195, -125                                        
miniasm             -58 -> -32    121, 180, -74, -149                         83.710
long read           -21 -> 40     -126, 196, 96, 62, -126, -217, 96           83.701
long read            28 -> -26    140, 165, -77, 145, -64, 140                83.376
long read             3 -> 39     107, 83, -95, -158, -61, 119, 84            83.244
long read            49 -> 28     -144, 79, -111, 67, -113                    82.867
long read            45 -> 30     -144, 78, -111, 68, -113                    82.649
long read            35 -> 54     -72, 194, -130, 211, -75, -142, -81,        82.128
                                  192, 91, 117, 87                                  
long read            24 -> -16    93, 200, 156, -176, -136, 103, 127, 174,    80.751
                                  -148, 163, -137, 205, -106, -216, 99,             
                                  123, 92, 157                                      
long read            55 -> -46    -84, 120, 61, 159, 95, -82, -107            80.028
long read            58 -> 60     149, 74, -179, -121, 63, 69                 78.534
long read            41 -> 57     -157, -92, -186, 128, -99, 213, 106,        77.499
                                  -210, 137, -164, 148, 175, -127, 102,             
                                  136, 177, -156, 198, -93                          
long read            40 -> 10     183, 88, -215, -59, 171                     77.338
long read            60 -> 15     69, -70, 97, 189, 139, 85, -89, 197,        77.083
                                  -118, -71, 97, -188, 139, -86, -89, 202,          
                                  -118                                              
long read            52 -> -23    -147, -212, 154, 109, -122, 185, -133,      76.122
                                  203, -125, -66, -171, 59, 215, -88, 132           
miniasm              56 -> -43                                                75.459
long read             1 -> 25     -132, 88, -214, -59, 171                    74.032
miniasm             -37 -> -8     -87, 116, -91, -218, 81, 141, 75, -208,     72.073
                                  130, 193, 72                                      
miniasm             -36 -> 20     183, 88, -214, -59                          68.923

Saving /data/djs217/PROJECTS/19_vibrio/06_unicycler/11671_EXE_04_2024_1B1.unicycler/005_bridges_applied.gfa


Bridged assembly graph (2025-07-14 12:06:11)
--------------------------------------------
    The assembly is now mostly finished and no more structural changes will be made. Ideally the assembly graph should now have one contig per replicon and no erroneous contigs (i.e. a complete assembly). If there are more contigs, then the assembly is not complete.

Saving /data/djs217/PROJECTS/19_vibrio/06_unicycler/11671_EXE_04_2024_1B1.unicycler/006_final_clean.gfa

Component   Segments   Links   Length      N50         Longest segment   Status  
        1          1       1   6,450,750   6,450,750         6,450,750   complete


Rotating completed replicons (2025-07-14 12:06:11)
--------------------------------------------------
    Any completed circular contigs (i.e. single contigs which have one link connecting end to start) can have their start position changed without altering the sequence. For consistency, Unicycler now searches for a starting gene (dnaA or repA) in each such contig, and if one is found, the contig is rotated to start with that gene on the forward strand.

Segment   Length      Depth   Starting gene     Position    Strand    Identity   Coverage
      1   6,450,750   1.00x   UniRef90_B7V0N6   6,118,510   reverse      99.8%     100.0%

Saving /data/djs217/PROJECTS/19_vibrio/06_unicycler/11671_EXE_04_2024_1B1.unicycler/007_rotated.gfa


Assembly complete (2025-07-14 12:08:48)
---------------------------------------
Saving /data/djs217/PROJECTS/19_vibrio/06_unicycler/11671_EXE_04_2024_1B1.unicycler/assembly.gfa
Saving /data/djs217/PROJECTS/19_vibrio/06_unicycler/11671_EXE_04_2024_1B1.unicycler/assembly.fasta

