[2026-03-26 17:02:25] root: INFO: Starting Flye 2.9.6-b1802
[2026-03-26 17:02:25] root: DEBUG: Cmd: /data/djs217/miniconda3/envs/hybracter_env/lib/python3.11/site-packages/hybracter/workflow/conda/867e79b85cea33b7804e36b625a69929_/bin/flye --nano-hq hybracter_out/processing/qc/EXE_33_2024_E_filt_trim.fastq.gz -t 1 --out-dir hybracter_out/processing/assemblies/EXE_33_2024_E
[2026-03-26 17:02:25] root: DEBUG: Python version: 3.12.12 | packaged by conda-forge | (main, Oct 22 2025, 23:25:55) [GCC 14.3.0]
[2026-03-26 17:02:25] root: INFO: >>>STAGE: configure
[2026-03-26 17:02:25] root: INFO: Configuring run
[2026-03-26 17:02:33] root: INFO: Total read length: 275645668
[2026-03-26 17:02:33] root: INFO: Reads N50/N90: 17938 / 3636
[2026-03-26 17:02:33] root: INFO: Minimum overlap set to 4000
[2026-03-26 17:02:33] root: INFO: >>>STAGE: assembly
[2026-03-26 17:02:33] root: INFO: Assembling disjointigs
[2026-03-26 17:02:33] root: DEBUG: -----Begin assembly log------
[2026-03-26 17:02:33] root: DEBUG: Running: flye-modules assemble --reads /data/djs217/PROJECTS/vibrio/P0232_251203_11813_10386/12_filtlong/02_hybracter/hybracter_out/processing/qc/EXE_33_2024_E_filt_trim.fastq.gz --out-asm /data/djs217/PROJECTS/vibrio/P0232_251203_11813_10386/12_filtlong/02_hybracter/hybracter_out/processing/assemblies/EXE_33_2024_E/00-assembly/draft_assembly.fasta --config /data/djs217/miniconda3/envs/hybracter_env/lib/python3.11/site-packages/hybracter/workflow/conda/867e79b85cea33b7804e36b625a69929_/lib/python3.12/site-packages/flye/config/bin_cfg/asm_nano_hq.cfg --log /data/djs217/PROJECTS/vibrio/P0232_251203_11813_10386/12_filtlong/02_hybracter/hybracter_out/processing/assemblies/EXE_33_2024_E/flye.log --threads 1 --min-ovlp 4000
[2026-03-26 17:02:33] DEBUG: Build date: May  4 2025 23:17:52
[2026-03-26 17:02:33] DEBUG: Total RAM: 31 Gb
[2026-03-26 17:02:33] DEBUG: Available RAM: 29 Gb
[2026-03-26 17:02:33] DEBUG: Total CPUs: 16
[2026-03-26 17:02:33] DEBUG: Loading /data/djs217/miniconda3/envs/hybracter_env/lib/python3.11/site-packages/hybracter/workflow/conda/867e79b85cea33b7804e36b625a69929_/lib/python3.12/site-packages/flye/config/bin_cfg/asm_nano_hq.cfg
[2026-03-26 17:02:33] DEBUG: Loading /data/djs217/miniconda3/envs/hybracter_env/lib/python3.11/site-packages/hybracter/workflow/conda/867e79b85cea33b7804e36b625a69929_/lib/python3.12/site-packages/flye/config/bin_cfg/asm_defaults.cfg
[2026-03-26 17:02:33] DEBUG: 	big_genome_threshold=29000000
[2026-03-26 17:02:33] DEBUG: 	meta_read_filter_kmer_freq=100
[2026-03-26 17:02:33] DEBUG: 	chain_large_gap_penalty=2
[2026-03-26 17:02:33] DEBUG: 	chain_small_gap_penalty=0.5
[2026-03-26 17:02:33] DEBUG: 	chain_gap_jump_threshold=100
[2026-03-26 17:02:33] DEBUG: 	max_jump_gap=500
[2026-03-26 17:02:33] DEBUG: 	max_coverage_drop_rate=5
[2026-03-26 17:02:33] DEBUG: 	max_extensions_drop_rate=5
[2026-03-26 17:02:33] DEBUG: 	chimera_window=100
[2026-03-26 17:02:33] DEBUG: 	chimera_overhang=1000
[2026-03-26 17:02:33] DEBUG: 	min_reads_in_disjointig=4
[2026-03-26 17:02:33] DEBUG: 	max_inner_reads=10
[2026-03-26 17:02:33] DEBUG: 	max_inner_fraction=0.25
[2026-03-26 17:02:33] DEBUG: 	aggressive_dup_filter=1
[2026-03-26 17:02:33] DEBUG: 	max_separation=500
[2026-03-26 17:02:33] DEBUG: 	unique_edge_length=50000
[2026-03-26 17:02:33] DEBUG: 	min_repeat_res_support=0.51
[2026-03-26 17:02:33] DEBUG: 	out_paths_ratio=5
[2026-03-26 17:02:33] DEBUG: 	graph_cov_drop_rate=5
[2026-03-26 17:02:33] DEBUG: 	coverage_estimate_window=100
[2026-03-26 17:02:33] DEBUG: 	max_bubble_length=50000
[2026-03-26 17:02:33] DEBUG: 	loop_coverage_rate=1.5
[2026-03-26 17:02:33] DEBUG: 	repeat_edge_cov_mult=1.75
[2026-03-26 17:02:33] DEBUG: 	weak_detach_rate=5
[2026-03-26 17:02:33] DEBUG: 	tip_coverage_rate=2
[2026-03-26 17:02:33] DEBUG: 	tip_length_rate=2
[2026-03-26 17:02:33] DEBUG: 	output_gfa_before_rr=1
[2026-03-26 17:02:33] DEBUG: 	remove_alt_edges=0
[2026-03-26 17:02:33] DEBUG: 	low_cutoff_warning=0
[2026-03-26 17:02:33] DEBUG: 	kmer_size=17
[2026-03-26 17:02:33] DEBUG: 	use_minimizers=1
[2026-03-26 17:02:33] DEBUG: 	minimizer_window=10
[2026-03-26 17:02:33] DEBUG: 	reads_base_alignment=1
[2026-03-26 17:02:33] DEBUG: 	meta_read_top_kmer_rate=0.75
[2026-03-26 17:02:33] DEBUG: 	maximum_jump=1500
[2026-03-26 17:02:33] DEBUG: 	maximum_overhang=1500
[2026-03-26 17:02:33] DEBUG: 	repeat_kmer_rate=100
[2026-03-26 17:02:33] DEBUG: 	assemble_ovlp_divergence=0.03
[2026-03-26 17:02:33] DEBUG: 	assemble_divergence_relative=1
[2026-03-26 17:02:33] DEBUG: 	repeat_graph_ovlp_divergence=0.03
[2026-03-26 17:02:33] DEBUG: 	read_align_ovlp_divergence=0.10
[2026-03-26 17:02:33] DEBUG: 	hpc_scoring_on=1
[2026-03-26 17:02:33] DEBUG: 	add_unassembled_reads=0
[2026-03-26 17:02:33] DEBUG: 	extend_contigs_with_repeats=0
[2026-03-26 17:02:33] DEBUG: 	min_read_cov_cutoff=3
[2026-03-26 17:02:33] DEBUG: 	short_tip_length=20000
[2026-03-26 17:02:33] DEBUG: 	long_tip_length=100000
[2026-03-26 17:02:33] DEBUG: Running with k-mer size: 17
[2026-03-26 17:02:33] DEBUG: Running with minimum overlap 4000
[2026-03-26 17:02:33] DEBUG: Metagenome mode: N
[2026-03-26 17:02:33] DEBUG: Short mode: N
[2026-03-26 17:02:33] INFO: Reading sequences
[2026-03-26 17:02:37] DEBUG: Building positional index
[2026-03-26 17:02:37] DEBUG: Total sequence: 244091975 bp
[2026-03-26 17:02:37] INFO: Building minimizer index
[2026-03-26 17:02:37] INFO: Pre-calculating index storage
[2026-03-26 17:02:53] DEBUG: Mean k-mer frequency: 11.5956
[2026-03-26 17:02:53] DEBUG: Repetitive k-mer frequency: 1159
[2026-03-26 17:02:53] DEBUG: Filtered 72484 repetitive k-mers (0.00163701)
[2026-03-26 17:02:53] INFO: Filling index
[2026-03-26 17:03:13] DEBUG: Sorting k-mer index
[2026-03-26 17:03:14] DEBUG: Selected k-mers: 3818542
[2026-03-26 17:03:14] DEBUG: K-mer index size: 44205895
[2026-03-26 17:03:14] DEBUG: Mean k-mer frequency: 11.5766
[2026-03-26 17:03:14] DEBUG: Minimizer rate: 5.52171
[2026-03-26 17:03:14] DEBUG: Peak RAM usage: 0 Gb
[2026-03-26 17:03:14] DEBUG: Estimating k-mer identity bias
[2026-03-26 17:04:11] DEBUG: Initial divergence estimate : 0.00896508
[2026-03-26 17:04:11] DEBUG: Relative threshold: Y
[2026-03-26 17:04:11] DEBUG: Max divergence threshold set to 0.0389651
[2026-03-26 17:04:11] INFO: Extending reads
[2026-03-26 17:04:11] DEBUG: Estimating overlap coverage
[2026-03-26 17:05:11] INFO: Overlap-based coverage: 42
[2026-03-26 17:05:11] INFO: Median overlap divergence: 0.00916061
[2026-03-26 17:05:11] DEBUG: Sequence divergence distribution: 

    | *     |                                                                                            
    | *     |                                                                                            
    | *     |                                                                                            
    | *     |                                                                                            
    | *     |                                                                                            
    |**     |                                                                                            
    |**     |                                                                                            
    |**     |                                                                                            
    |**     |                                                                                            
    |**     |                                                                                            
    |***    |                                                                                            
    |***    |                                                                                            
    |***    |                                                                                            
    |***    |                                                                                            
    |***    |                                                                                            
    |****   |                                                                                            
    |****   |                                                                                            
    |*****  *                                                                                            
    |*********                                                                                           
    |******************************* ***                                                 *               
    ----------------------------------------------------------------------------------------------------
    0%        5%        10%       15%       20%       25%       30%       35%       40%       45%       

    Q25 = 0.0053, Q50 = 0.0092, Q75 = 0.021

[2026-03-26 17:05:35] DEBUG: Assembled disjointig 1
	With 153 reads
	Start read: +b5fd2249-5b26-41da-b1ab-47ebef613215
	At position: 146
	leftTip: 0 rightTip: 0
	Suspicious: 1
	Short ext: 1
	Mean extensions: 33
	Avg overlap len: 34444
	Min overlap len: 2363
	Inner reads: 0
	Length: 1836201
[2026-03-26 17:05:35] DEBUG: Inner: 9592 covered: 9754 total: 33416
[2026-03-26 17:06:31] DEBUG: Assembled disjointig 2
	With 257 reads
	Start read: +4dbe3a1e-9b79-4823-9531-aa1cd754316e
	At position: 251
	leftTip: 1 rightTip: 0
	Suspicious: 0
	Short ext: 0
	Mean extensions: 36
	Avg overlap len: 36789
	Min overlap len: 5920
	Inner reads: 0
	Length: 3316299
[2026-03-26 17:06:31] DEBUG: Inner: 30258 covered: 30694 total: 33416
[2026-03-26 17:13:09] INFO: Assembled 2 disjointigs
[2026-03-26 17:13:09] INFO: Generating sequence
[2026-03-26 17:13:10] DEBUG: Building positional index
[2026-03-26 17:13:10] DEBUG: Total sequence: 5152586 bp
[2026-03-26 17:13:11] DEBUG: Mean k-mer frequency: 1.04619
[2026-03-26 17:13:11] DEBUG: Repetitive k-mer frequency: 104
[2026-03-26 17:13:11] DEBUG: Filtered 0 repetitive k-mers (0)
[2026-03-26 17:13:11] DEBUG: Sorting k-mer index
[2026-03-26 17:13:11] DEBUG: Selected k-mers: 895331
[2026-03-26 17:13:11] DEBUG: K-mer index size: 936686
[2026-03-26 17:13:11] DEBUG: Mean k-mer frequency: 1.04619
[2026-03-26 17:13:11] DEBUG: Minimizer rate: 5.50087
[2026-03-26 17:13:12] INFO: Filtering contained disjointigs
[2026-03-26 17:13:13] DEBUG: Computing transitive closure for overlaps
[2026-03-26 17:13:13] DEBUG: Found 8 overlaps
[2026-03-26 17:13:13] DEBUG: Left 8 overlaps after filtering
[2026-03-26 17:13:13] INFO: Contained seqs: 0
[2026-03-26 17:13:13] DEBUG: Writing FASTA
[2026-03-26 17:13:13] DEBUG: Peak RAM usage: 0 Gb
-----------End assembly log------------
[2026-03-26 17:13:13] root: DEBUG: Disjointigs length: 5152586, N50: 3316353
[2026-03-26 17:13:13] root: INFO: >>>STAGE: consensus
[2026-03-26 17:13:13] root: INFO: Running Minimap2
[2026-03-26 17:14:54] root: INFO: Computing consensus
[2026-03-26 17:16:32] root: INFO: Alignment error rate: 0.016067
[2026-03-26 17:16:32] root: INFO: >>>STAGE: repeat
[2026-03-26 17:16:32] root: INFO: Building and resolving repeat graph
[2026-03-26 17:16:32] root: DEBUG: -----Begin repeat analyser log------
[2026-03-26 17:16:32] root: DEBUG: Running: flye-modules repeat --disjointigs /data/djs217/PROJECTS/vibrio/P0232_251203_11813_10386/12_filtlong/02_hybracter/hybracter_out/processing/assemblies/EXE_33_2024_E/10-consensus/consensus.fasta --reads /data/djs217/PROJECTS/vibrio/P0232_251203_11813_10386/12_filtlong/02_hybracter/hybracter_out/processing/qc/EXE_33_2024_E_filt_trim.fastq.gz --out-dir /data/djs217/PROJECTS/vibrio/P0232_251203_11813_10386/12_filtlong/02_hybracter/hybracter_out/processing/assemblies/EXE_33_2024_E/20-repeat --config /data/djs217/miniconda3/envs/hybracter_env/lib/python3.11/site-packages/hybracter/workflow/conda/867e79b85cea33b7804e36b625a69929_/lib/python3.12/site-packages/flye/config/bin_cfg/asm_nano_hq.cfg --log /data/djs217/PROJECTS/vibrio/P0232_251203_11813_10386/12_filtlong/02_hybracter/hybracter_out/processing/assemblies/EXE_33_2024_E/flye.log --threads 1 --min-ovlp 4000
[2026-03-26 17:16:32] DEBUG: Build date: May  4 2025 23:18:08
[2026-03-26 17:16:32] DEBUG: Total RAM: 31 Gb
[2026-03-26 17:16:32] DEBUG: Available RAM: 30 Gb
[2026-03-26 17:16:32] DEBUG: Total CPUs: 16
[2026-03-26 17:16:32] DEBUG: Loading /data/djs217/miniconda3/envs/hybracter_env/lib/python3.11/site-packages/hybracter/workflow/conda/867e79b85cea33b7804e36b625a69929_/lib/python3.12/site-packages/flye/config/bin_cfg/asm_nano_hq.cfg
[2026-03-26 17:16:32] DEBUG: Loading /data/djs217/miniconda3/envs/hybracter_env/lib/python3.11/site-packages/hybracter/workflow/conda/867e79b85cea33b7804e36b625a69929_/lib/python3.12/site-packages/flye/config/bin_cfg/asm_defaults.cfg
[2026-03-26 17:16:32] DEBUG: 	big_genome_threshold=29000000
[2026-03-26 17:16:32] DEBUG: 	meta_read_filter_kmer_freq=100
[2026-03-26 17:16:32] DEBUG: 	chain_large_gap_penalty=2
[2026-03-26 17:16:32] DEBUG: 	chain_small_gap_penalty=0.5
[2026-03-26 17:16:32] DEBUG: 	chain_gap_jump_threshold=100
[2026-03-26 17:16:32] DEBUG: 	max_jump_gap=500
[2026-03-26 17:16:32] DEBUG: 	max_coverage_drop_rate=5
[2026-03-26 17:16:32] DEBUG: 	max_extensions_drop_rate=5
[2026-03-26 17:16:32] DEBUG: 	chimera_window=100
[2026-03-26 17:16:32] DEBUG: 	chimera_overhang=1000
[2026-03-26 17:16:32] DEBUG: 	min_reads_in_disjointig=4
[2026-03-26 17:16:32] DEBUG: 	max_inner_reads=10
[2026-03-26 17:16:32] DEBUG: 	max_inner_fraction=0.25
[2026-03-26 17:16:32] DEBUG: 	aggressive_dup_filter=1
[2026-03-26 17:16:32] DEBUG: 	max_separation=500
[2026-03-26 17:16:32] DEBUG: 	unique_edge_length=50000
[2026-03-26 17:16:32] DEBUG: 	min_repeat_res_support=0.51
[2026-03-26 17:16:32] DEBUG: 	out_paths_ratio=5
[2026-03-26 17:16:32] DEBUG: 	graph_cov_drop_rate=5
[2026-03-26 17:16:32] DEBUG: 	coverage_estimate_window=100
[2026-03-26 17:16:32] DEBUG: 	max_bubble_length=50000
[2026-03-26 17:16:32] DEBUG: 	loop_coverage_rate=1.5
[2026-03-26 17:16:32] DEBUG: 	repeat_edge_cov_mult=1.75
[2026-03-26 17:16:32] DEBUG: 	weak_detach_rate=5
[2026-03-26 17:16:32] DEBUG: 	tip_coverage_rate=2
[2026-03-26 17:16:32] DEBUG: 	tip_length_rate=2
[2026-03-26 17:16:32] DEBUG: 	output_gfa_before_rr=1
[2026-03-26 17:16:32] DEBUG: 	remove_alt_edges=0
[2026-03-26 17:16:32] DEBUG: 	low_cutoff_warning=0
[2026-03-26 17:16:32] DEBUG: 	kmer_size=17
[2026-03-26 17:16:32] DEBUG: 	use_minimizers=1
[2026-03-26 17:16:32] DEBUG: 	minimizer_window=10
[2026-03-26 17:16:32] DEBUG: 	reads_base_alignment=1
[2026-03-26 17:16:32] DEBUG: 	meta_read_top_kmer_rate=0.75
[2026-03-26 17:16:32] DEBUG: 	maximum_jump=1500
[2026-03-26 17:16:32] DEBUG: 	maximum_overhang=1500
[2026-03-26 17:16:32] DEBUG: 	repeat_kmer_rate=100
[2026-03-26 17:16:32] DEBUG: 	assemble_ovlp_divergence=0.03
[2026-03-26 17:16:32] DEBUG: 	assemble_divergence_relative=1
[2026-03-26 17:16:32] DEBUG: 	repeat_graph_ovlp_divergence=0.03
[2026-03-26 17:16:32] DEBUG: 	read_align_ovlp_divergence=0.10
[2026-03-26 17:16:32] DEBUG: 	hpc_scoring_on=1
[2026-03-26 17:16:32] DEBUG: 	add_unassembled_reads=0
[2026-03-26 17:16:32] DEBUG: 	extend_contigs_with_repeats=0
[2026-03-26 17:16:32] DEBUG: 	min_read_cov_cutoff=3
[2026-03-26 17:16:32] DEBUG: 	short_tip_length=20000
[2026-03-26 17:16:32] DEBUG: 	long_tip_length=100000
[2026-03-26 17:16:32] DEBUG: Running with k-mer size: 17
[2026-03-26 17:16:32] DEBUG: Selected minimum overlap 4000
[2026-03-26 17:16:32] DEBUG: Metagenome mode: N
[2026-03-26 17:16:32] INFO: Parsing disjointigs
[2026-03-26 17:16:32] DEBUG: Building positional index
[2026-03-26 17:16:32] DEBUG: Total sequence: 5155077 bp
[2026-03-26 17:16:32] INFO: Building repeat graph
[2026-03-26 17:16:32] DEBUG: Mean k-mer frequency: 1.05074
[2026-03-26 17:16:32] DEBUG: Repetitive k-mer frequency: 105
[2026-03-26 17:16:32] DEBUG: Filtered 0 repetitive k-mers (0)
[2026-03-26 17:16:33] DEBUG: Sorting k-mer index
[2026-03-26 17:16:33] DEBUG: Selected k-mers: 891954
[2026-03-26 17:16:33] DEBUG: K-mer index size: 937211
[2026-03-26 17:16:33] DEBUG: Mean k-mer frequency: 1.05074
[2026-03-26 17:16:33] DEBUG: Minimizer rate: 5.50044
[2026-03-26 17:16:35] DEBUG: Computing transitive closure for overlaps
[2026-03-26 17:16:35] DEBUG: Found 212 overlaps
[2026-03-26 17:16:35] DEBUG: Left 88 overlaps after filtering
[2026-03-26 17:16:35] INFO: Median overlap divergence: 0.0205853
[2026-03-26 17:16:35] DEBUG: Sequence divergence distribution: 

    |*     |                                                                                             
    |*     |                                                                                             
    |*     |                                                                                             
    |*     |                                                                                             
    |*     |                                                                                             
    |*     |    *                                                                                        
    |*     |    *                                                                                        
    |*     |    *                                                                                        
    |*     |    *                                                                                        
    |*     |    *                                                                                        
    |**  * *    *                *                                                                       
    |**  * *    *                *                                                                       
    |**  * *    *                *                                                                       
    |**  * *    *                *                                                                       
    |**  * *    *                *                                                                       
    |***** **   * *              *                                                                       
    |***** **   * *              *                                                                       
    |***** **   * *              *                                                                       
    |***** **   * *              *                                                                       
    |***** **   * *              *                                                                       
    ----------------------------------------------------------------------------------------------------
    0%        5%        10%       15%       20%       25%       30%       35%       40%       45%       

    Q25 = 0.0071, Q50 = 0.021, Q75 = 0.056

[2026-03-26 17:16:35] DEBUG: Computing gluepoints
[2026-03-26 17:16:35] DEBUG: Added 0 gluepoint projections
[2026-03-26 17:16:35] DEBUG: Created 58 gluepoints
[2026-03-26 17:16:35] DEBUG: Artificial loops removed: 0 left, 0 right, 0 both
[2026-03-26 17:16:35] DEBUG: Initializing edges
[2026-03-26 17:16:35] DEBUG: Edges length checksum: 18446744061793075203
[2026-03-26 17:16:35] DEBUG: Filtered 0 singleton segments
[2026-03-26 17:16:35] DEBUG: Removed 0 simple and 0 double chimeric junctions
[2026-03-26 17:16:35] DEBUG: Collapsed 2 edges
[2026-03-26 17:16:35] DEBUG: *	16	+disjointig_1	84319	337376	253057	
[2026-03-26 17:16:35] DEBUG:  	4	+disjointig_1	337376	342965	5589	
[2026-03-26 17:16:35] DEBUG: *	15	+disjointig_1	342965	1836685	1493720	
[2026-03-26 17:16:35] DEBUG: *	18	+disjointig_2	51018	312342	261324	
[2026-03-26 17:16:35] DEBUG:  	4	+disjointig_2	312342	317783	5441	
[2026-03-26 17:16:35] DEBUG: *	10	+disjointig_2	317783	2465301	2147518	
[2026-03-26 17:16:35] DEBUG:  	-4	+disjointig_2	2465301	2470680	5379	
[2026-03-26 17:16:35] DEBUG: *	-9	+disjointig_2	2470680	2598430	127750	
[2026-03-26 17:16:35] DEBUG:  	-4	+disjointig_2	2598430	2609332	10902	
[2026-03-26 17:16:35] DEBUG: *	-8	+disjointig_2	2609332	2784219	174887	
[2026-03-26 17:16:35] DEBUG:  	-4	+disjointig_2	2784219	2795231	11012	
[2026-03-26 17:16:35] DEBUG: *	-7	+disjointig_2	2795231	2834178	38947	
[2026-03-26 17:16:35] DEBUG:  	-4	+disjointig_2	2834178	2845109	10931	
[2026-03-26 17:16:35] DEBUG: *	-6	+disjointig_2	2845109	2899174	54065	
[2026-03-26 17:16:35] DEBUG:  	-4	+disjointig_2	2899174	2904642	5468	
[2026-03-26 17:16:35] DEBUG: *	-5	+disjointig_2	2904642	2940416	35774	
[2026-03-26 17:16:35] DEBUG:  	-4	+disjointig_2	2940416	2945929	5513	
[2026-03-26 17:16:35] DEBUG: *	12	+disjointig_2	2945929	3028010	82081	
[2026-03-26 17:16:35] DEBUG:  	4	+disjointig_2	3028010	3033520	5510	
[2026-03-26 17:16:35] DEBUG: *	17	+disjointig_2	3033520	3318371	284851	
[2026-03-26 17:16:35] DEBUG: Total edges: 18
[2026-03-26 17:16:35] INFO: Parsing reads
[2026-03-26 17:16:39] DEBUG: Building positional index
[2026-03-26 17:16:39] DEBUG: Total sequence: 275645668 bp
[2026-03-26 17:16:39] DEBUG: Building positional index
[2026-03-26 17:16:39] DEBUG: Total sequence: 5019719 bp
[2026-03-26 17:16:39] INFO: Aligning reads to the graph
[2026-03-26 17:16:39] DEBUG: Mean k-mer frequency: 1.02338
[2026-03-26 17:16:39] DEBUG: Repetitive k-mer frequency: 102
[2026-03-26 17:16:39] DEBUG: Filtered 0 repetitive k-mers (0)
[2026-03-26 17:16:40] DEBUG: Sorting k-mer index
[2026-03-26 17:16:40] DEBUG: Selected k-mers: 891621
[2026-03-26 17:16:40] DEBUG: K-mer index size: 912471
[2026-03-26 17:16:40] DEBUG: Mean k-mer frequency: 1.02338
[2026-03-26 17:16:40] DEBUG: Minimizer rate: 5.50124
[2026-03-26 17:17:39] DEBUG: Total reads : 16708
[2026-03-26 17:17:39] DEBUG: Read with aligned parts : 16315
[2026-03-26 17:17:39] DEBUG: Aligned in one piece : 16109
[2026-03-26 17:17:39] INFO: Aligned read sequence: 239544794 / 244091975 (0.981371)
[2026-03-26 17:17:39] INFO: Median overlap divergence: 0.00374883
[2026-03-26 17:17:39] DEBUG: Sequence divergence distribution: 

    |*                   |                                                                               
    |*                   |                                                                               
    |*                   |                                                                               
    |*                   |                                                                               
    |*                   |                                                                               
    |*                   |                                                                               
    |*                   |                                                                               
    |*                   |                                                                               
    |*                   |                                                                               
    |*                   |                                                                               
    |*                   |                                                                               
    |*                   |                                                                               
    |*                   |                                                                               
    |*                   |                                                                               
    |**                  |                                                                               
    |**                  |                                                                               
    |**                  |                                                                               
    |***                 |                                                                               
    |****                |                                                                               
    |************************* *** *                *                                                    
    ----------------------------------------------------------------------------------------------------
    0%        5%        10%       15%       20%       25%       30%       35%       40%       45%       

    Q25 = 0.002, Q50 = 0.0037, Q75 = 0.0082

[2026-03-26 17:17:39] INFO: Mean edge coverage: 48
[2026-03-26 17:17:39] DEBUG: 4	len:5478	cov:717	mult:14.9375
[2026-03-26 17:17:39] DEBUG: -4	len:5478	cov:717	mult:14.9375
[2026-03-26 17:17:39] DEBUG: 5	len:35774	cov:56	mult:1.16667
[2026-03-26 17:17:39] DEBUG: -5	len:35774	cov:56	mult:1.16667
[2026-03-26 17:17:39] DEBUG: 6	len:54065	cov:70	mult:1.45833
[2026-03-26 17:17:39] DEBUG: -6	len:54065	cov:70	mult:1.45833
[2026-03-26 17:17:39] DEBUG: 7	len:38947	cov:64	mult:1.33333
[2026-03-26 17:17:39] DEBUG: -7	len:38947	cov:64	mult:1.33333
[2026-03-26 17:17:39] DEBUG: 8	len:174887	cov:61	mult:1.27083
[2026-03-26 17:17:39] DEBUG: -8	len:174887	cov:61	mult:1.27083
[2026-03-26 17:17:39] DEBUG: 9	len:127750	cov:61	mult:1.27083
[2026-03-26 17:17:39] DEBUG: -9	len:127750	cov:61	mult:1.27083
[2026-03-26 17:17:39] DEBUG: 10	len:2147518	cov:43	mult:0.895833
[2026-03-26 17:17:39] DEBUG: -10	len:2147518	cov:43	mult:0.895833
[2026-03-26 17:17:39] DEBUG: 12	len:82081	cov:60	mult:1.25
[2026-03-26 17:17:39] DEBUG: -12	len:82081	cov:60	mult:1.25
[2026-03-26 17:17:39] DEBUG: 15	len:1493720	cov:43	mult:0.895833
[2026-03-26 17:17:39] DEBUG: -15	len:1493720	cov:43	mult:0.895833
[2026-03-26 17:17:39] DEBUG: 16	len:253057	cov:46	mult:0.958333
[2026-03-26 17:17:39] DEBUG: -16	len:253057	cov:46	mult:0.958333
[2026-03-26 17:17:39] DEBUG: 17	len:284851	cov:67	mult:1.39583
[2026-03-26 17:17:39] DEBUG: -17	len:284851	cov:67	mult:1.39583
[2026-03-26 17:17:39] DEBUG: 18	len:261324	cov:52	mult:1.08333
[2026-03-26 17:17:39] DEBUG: -18	len:261324	cov:52	mult:1.08333
[2026-03-26 17:17:39] DEBUG: Unique coverage threshold 112
[2026-03-26 17:17:39] INFO: Simplifying the graph
[2026-03-26 17:17:39] DEBUG: Read coverage cutoff: 10
[2026-03-26 17:17:39] DEBUG: [SIMPL] Removed 0 paths with low coverage
[2026-03-26 17:17:39] DEBUG: [SIMPL] Masked 0 heterozygous loops
[2026-03-26 17:17:39] DEBUG: [SIMPL] Masked 0 simple bubbles
[2026-03-26 17:17:39] DEBUG: Finding repeats
[2026-03-26 17:17:39] DEBUG: Read coverage cutoff: 10
[2026-03-26 17:17:39] DEBUG: High-cov: 4	5478	717
[2026-03-26 17:17:39] DEBUG: Repeat detection iteration 1
[2026-03-26 17:17:39] DEBUG: Writing Dot
[2026-03-26 17:17:39] DEBUG: Writing FASTA
[2026-03-26 17:17:39] DEBUG: Writing Gfa
[2026-03-26 17:17:39] DEBUG: [SIMPL] == Iteration 1 ==
[2026-03-26 17:17:39] DEBUG: Splitting nodes
[2026-03-26 17:17:39] DEBUG: [SIMPL] Split 0 nodes
[2026-03-26 17:17:39] DEBUG: [SIMPL] Clipped 0 short and 0 long tips
[2026-03-26 17:17:39] DEBUG: [SIMPL] Masked 0 heterozygous loops
[2026-03-26 17:17:39] DEBUG: [SIMPL] Masked 0 simple bubbles
[2026-03-26 17:17:39] DEBUG: Finding repeats
[2026-03-26 17:17:39] DEBUG: Read coverage cutoff: 10
[2026-03-26 17:17:39] DEBUG: High-cov: 4	5478	717
[2026-03-26 17:17:39] DEBUG: Repeat detection iteration 1
[2026-03-26 17:17:39] DEBUG: Total unique edges: 11
[2026-03-26 17:17:39] DEBUG: 	Connection 5	6	38	1
[2026-03-26 17:17:39] DEBUG: 	Connection 18	10	40	1
[2026-03-26 17:17:39] DEBUG: 	Connection 9	-10	28	1
[2026-03-26 17:17:39] DEBUG: 	Connection -17	-12	31	1
[2026-03-26 17:17:39] DEBUG: 	Connection -15	-16	31	1
[2026-03-26 17:17:39] DEBUG: 	Connection -8	-7	23	1
[2026-03-26 17:17:39] DEBUG: 	Connection -5	12	37	1
[2026-03-26 17:17:39] DEBUG: 	Connection 8	9	19	1
[2026-03-26 17:17:39] DEBUG: 	Connection -7	-6	21	1
[2026-03-26 17:17:39] DEBUG: [SIMPL] Resolved repeats: 9
[2026-03-26 17:17:39] DEBUG: RR links: 536
[2026-03-26 17:17:39] DEBUG: Unresolved: 0
[2026-03-26 17:17:39] DEBUG: Removed 0 simple and 0 double chimeric junctions
[2026-03-26 17:17:39] DEBUG: [SIMPL] == Iteration 2 ==
[2026-03-26 17:17:39] DEBUG: Splitting nodes
[2026-03-26 17:17:39] DEBUG: [SIMPL] Split 0 nodes
[2026-03-26 17:17:39] DEBUG: [SIMPL] Clipped 0 short and 0 long tips
[2026-03-26 17:17:39] DEBUG: [SIMPL] Masked 0 heterozygous loops
[2026-03-26 17:17:39] DEBUG: [SIMPL] Masked 0 simple bubbles
[2026-03-26 17:17:39] DEBUG: Finding repeats
[2026-03-26 17:17:39] DEBUG: Read coverage cutoff: 10
[2026-03-26 17:17:39] DEBUG: Repeat detection iteration 1
[2026-03-26 17:17:39] DEBUG: Total unique edges: 20
[2026-03-26 17:17:39] DEBUG: [SIMPL] Resolved repeats: 0
[2026-03-26 17:17:39] DEBUG: RR links: 0
[2026-03-26 17:17:39] DEBUG: Unresolved: 0
[2026-03-26 17:17:39] DEBUG: Removed 0 simple and 0 double chimeric junctions
[2026-03-26 17:17:39] DEBUG: [SIMPL] Collapsed 0 haplotypes
[2026-03-26 17:17:39] DEBUG: [SIMPL] Resolved 0 simple repeats
[2026-03-26 17:17:39] DEBUG: Read coverage cutoff: 10
[2026-03-26 17:17:39] DEBUG: [SIMPL] Removed 0 paths with low coverage
[2026-03-26 17:17:39] DEBUG: Finding repeats
[2026-03-26 17:17:39] DEBUG: Read coverage cutoff: 10
[2026-03-26 17:17:39] DEBUG: Repeat detection iteration 1
[2026-03-26 17:17:39] DEBUG: Writing Dot
[2026-03-26 17:17:39] DEBUG: Writing FASTA
[2026-03-26 17:17:39] DEBUG: Peak RAM usage: 0 Gb
-----------End assembly log------------
[2026-03-26 17:17:39] root: INFO: >>>STAGE: contigger
[2026-03-26 17:17:39] root: INFO: Generating contigs
[2026-03-26 17:17:39] root: DEBUG: -----Begin contigger analyser log------
[2026-03-26 17:17:39] root: DEBUG: Running: flye-modules contigger --graph-edges /data/djs217/PROJECTS/vibrio/P0232_251203_11813_10386/12_filtlong/02_hybracter/hybracter_out/processing/assemblies/EXE_33_2024_E/20-repeat/repeat_graph_edges.fasta --reads /data/djs217/PROJECTS/vibrio/P0232_251203_11813_10386/12_filtlong/02_hybracter/hybracter_out/processing/qc/EXE_33_2024_E_filt_trim.fastq.gz --out-dir /data/djs217/PROJECTS/vibrio/P0232_251203_11813_10386/12_filtlong/02_hybracter/hybracter_out/processing/assemblies/EXE_33_2024_E/30-contigger --config /data/djs217/miniconda3/envs/hybracter_env/lib/python3.11/site-packages/hybracter/workflow/conda/867e79b85cea33b7804e36b625a69929_/lib/python3.12/site-packages/flye/config/bin_cfg/asm_nano_hq.cfg --repeat-graph /data/djs217/PROJECTS/vibrio/P0232_251203_11813_10386/12_filtlong/02_hybracter/hybracter_out/processing/assemblies/EXE_33_2024_E/20-repeat/repeat_graph_dump --graph-aln /data/djs217/PROJECTS/vibrio/P0232_251203_11813_10386/12_filtlong/02_hybracter/hybracter_out/processing/assemblies/EXE_33_2024_E/20-repeat/read_alignment_dump --log /data/djs217/PROJECTS/vibrio/P0232_251203_11813_10386/12_filtlong/02_hybracter/hybracter_out/processing/assemblies/EXE_33_2024_E/flye.log --threads 1 --min-ovlp 4000
[2026-03-26 17:17:39] DEBUG: Build date: May  4 2025 23:18:25
[2026-03-26 17:17:39] DEBUG: Total RAM: 31 Gb
[2026-03-26 17:17:39] DEBUG: Available RAM: 30 Gb
[2026-03-26 17:17:39] DEBUG: Total CPUs: 16
[2026-03-26 17:17:39] DEBUG: Loading /data/djs217/miniconda3/envs/hybracter_env/lib/python3.11/site-packages/hybracter/workflow/conda/867e79b85cea33b7804e36b625a69929_/lib/python3.12/site-packages/flye/config/bin_cfg/asm_nano_hq.cfg
[2026-03-26 17:17:39] DEBUG: Loading /data/djs217/miniconda3/envs/hybracter_env/lib/python3.11/site-packages/hybracter/workflow/conda/867e79b85cea33b7804e36b625a69929_/lib/python3.12/site-packages/flye/config/bin_cfg/asm_defaults.cfg
[2026-03-26 17:17:39] DEBUG: 	big_genome_threshold=29000000
[2026-03-26 17:17:39] DEBUG: 	meta_read_filter_kmer_freq=100
[2026-03-26 17:17:39] DEBUG: 	chain_large_gap_penalty=2
[2026-03-26 17:17:39] DEBUG: 	chain_small_gap_penalty=0.5
[2026-03-26 17:17:39] DEBUG: 	chain_gap_jump_threshold=100
[2026-03-26 17:17:39] DEBUG: 	max_jump_gap=500
[2026-03-26 17:17:39] DEBUG: 	max_coverage_drop_rate=5
[2026-03-26 17:17:39] DEBUG: 	max_extensions_drop_rate=5
[2026-03-26 17:17:39] DEBUG: 	chimera_window=100
[2026-03-26 17:17:39] DEBUG: 	chimera_overhang=1000
[2026-03-26 17:17:39] DEBUG: 	min_reads_in_disjointig=4
[2026-03-26 17:17:39] DEBUG: 	max_inner_reads=10
[2026-03-26 17:17:39] DEBUG: 	max_inner_fraction=0.25
[2026-03-26 17:17:39] DEBUG: 	aggressive_dup_filter=1
[2026-03-26 17:17:39] DEBUG: 	max_separation=500
[2026-03-26 17:17:39] DEBUG: 	unique_edge_length=50000
[2026-03-26 17:17:39] DEBUG: 	min_repeat_res_support=0.51
[2026-03-26 17:17:39] DEBUG: 	out_paths_ratio=5
[2026-03-26 17:17:39] DEBUG: 	graph_cov_drop_rate=5
[2026-03-26 17:17:39] DEBUG: 	coverage_estimate_window=100
[2026-03-26 17:17:39] DEBUG: 	max_bubble_length=50000
[2026-03-26 17:17:39] DEBUG: 	loop_coverage_rate=1.5
[2026-03-26 17:17:39] DEBUG: 	repeat_edge_cov_mult=1.75
[2026-03-26 17:17:39] DEBUG: 	weak_detach_rate=5
[2026-03-26 17:17:39] DEBUG: 	tip_coverage_rate=2
[2026-03-26 17:17:39] DEBUG: 	tip_length_rate=2
[2026-03-26 17:17:39] DEBUG: 	output_gfa_before_rr=1
[2026-03-26 17:17:39] DEBUG: 	remove_alt_edges=0
[2026-03-26 17:17:39] DEBUG: 	low_cutoff_warning=0
[2026-03-26 17:17:39] DEBUG: 	kmer_size=17
[2026-03-26 17:17:39] DEBUG: 	use_minimizers=1
[2026-03-26 17:17:39] DEBUG: 	minimizer_window=10
[2026-03-26 17:17:39] DEBUG: 	reads_base_alignment=1
[2026-03-26 17:17:39] DEBUG: 	meta_read_top_kmer_rate=0.75
[2026-03-26 17:17:39] DEBUG: 	maximum_jump=1500
[2026-03-26 17:17:39] DEBUG: 	maximum_overhang=1500
[2026-03-26 17:17:39] DEBUG: 	repeat_kmer_rate=100
[2026-03-26 17:17:39] DEBUG: 	assemble_ovlp_divergence=0.03
[2026-03-26 17:17:39] DEBUG: 	assemble_divergence_relative=1
[2026-03-26 17:17:39] DEBUG: 	repeat_graph_ovlp_divergence=0.03
[2026-03-26 17:17:39] DEBUG: 	read_align_ovlp_divergence=0.10
[2026-03-26 17:17:39] DEBUG: 	hpc_scoring_on=1
[2026-03-26 17:17:39] DEBUG: 	add_unassembled_reads=0
[2026-03-26 17:17:39] DEBUG: 	extend_contigs_with_repeats=0
[2026-03-26 17:17:39] DEBUG: 	min_read_cov_cutoff=3
[2026-03-26 17:17:39] DEBUG: 	short_tip_length=20000
[2026-03-26 17:17:39] DEBUG: 	long_tip_length=100000
[2026-03-26 17:17:39] DEBUG: Running with k-mer size: 17
[2026-03-26 17:17:39] DEBUG: Selected minimum overlap 4000
[2026-03-26 17:17:39] INFO: Reading sequences
[2026-03-26 17:17:43] DEBUG: Building positional index
[2026-03-26 17:17:43] DEBUG: Total sequence: 275645668 bp
[2026-03-26 17:17:43] DEBUG: Flipped 0
[2026-03-26 17:17:43] DEBUG: UPath 1: -19 -> 6 -> -27 -> 7 -> 24 -> 8 -> -26 -> 9 -> -21 -> -10 -> 20 -> -18 -> -17 -> 22 -> -12 -> 25 -> 5
[2026-03-26 17:17:43] DEBUG: UPath 2: 16 -> -23 -> 15
[2026-03-26 17:17:43] DEBUG: Final graph contains 2 egdes
[2026-03-26 17:17:43] DEBUG: Extending contigs into repeats
[2026-03-26 17:17:43] DEBUG: Covered 0 repetitive contigs
[2026-03-26 17:17:43] INFO: Generated 2 contigs
[2026-03-26 17:17:43] DEBUG: Writing FASTA
[2026-03-26 17:17:43] DEBUG: Generating scaffold connections
[2026-03-26 17:17:43] INFO: Added 0 scaffold connections
[2026-03-26 17:17:43] DEBUG: Writing Dot
[2026-03-26 17:17:43] DEBUG: Writing FASTA
[2026-03-26 17:17:43] DEBUG: Writing Gfa
[2026-03-26 17:17:43] DEBUG: Peak RAM usage: 0 Gb
-----------End assembly log------------
[2026-03-26 17:17:43] root: INFO: >>>STAGE: polishing
[2026-03-26 17:17:43] root: INFO: Polishing genome (1/1)
[2026-03-26 17:17:43] root: INFO: Running minimap2
[2026-03-26 17:19:23] root: INFO: Separating alignment into bubbles
[2026-03-26 17:21:36] root: DEBUG: Generated 349995 bubbles
[2026-03-26 17:21:36] root: DEBUG: Split 0 long bubbles
[2026-03-26 17:21:36] root: DEBUG: Skipped 0 empty bubbles
[2026-03-26 17:21:36] root: DEBUG: Skipped 0 bubbles with long branches
[2026-03-26 17:21:36] root: INFO: Alignment error rate: 0.010095
[2026-03-26 17:21:36] root: INFO: Correcting bubbles
[2026-03-26 17:24:04] root: DEBUG: Mean contig coverage: 54, selected threshold: 11
[2026-03-26 17:24:04] root: DEBUG: Filtered 0 contigs of total length 0
[2026-03-26 17:24:04] root: DEBUG: Generating polished GFA
[2026-03-26 17:24:08] root: DEBUG: 0 sequences remained unpolished
[2026-03-26 17:24:08] root: INFO: >>>STAGE: finalize
[2026-03-26 17:24:08] root: DEBUG: ---Output dir contents:----
[2026-03-26 17:24:08] root: DEBUG: EXE_33_2024_E/
[2026-03-26 17:24:08] root: DEBUG:     310.0 B     assembly_graph.gv
[2026-03-26 17:24:08] root: DEBUG:     4.0 M       assembly.fasta
[2026-03-26 17:24:08] root: DEBUG:     35.0 K      flye.log
[2026-03-26 17:24:08] root: DEBUG:     92.0 B      params.json
[2026-03-26 17:24:08] root: DEBUG:     4.0 M       assembly_graph.gfa
[2026-03-26 17:24:08] root: DEBUG:     40-polishing/
[2026-03-26 17:24:08] root: DEBUG:         57.0 B      filtered_contigs.fasta.fai
[2026-03-26 17:24:08] root: DEBUG:         4.0 M       filtered_contigs.fasta
[2026-03-26 17:24:08] root: DEBUG:         66.0 B      contigs_stats.txt
[2026-03-26 17:24:08] root: DEBUG:         1.0 M       base_coverage.bed.gz
[2026-03-26 17:24:08] root: DEBUG:         4.0 M       polished_edges.gfa
[2026-03-26 17:24:08] root: DEBUG:         48.0 K      minimap_1.bam.csi
[2026-03-26 17:24:08] root: DEBUG:         66.0 B      filtered_stats.txt
[2026-03-26 17:24:08] root: DEBUG:         113.0 B     edges_aln.bam.csi
[2026-03-26 17:24:08] root: DEBUG:         1.0 K       minimap.stderr
[2026-03-26 17:24:08] root: DEBUG:     30-contigger/
[2026-03-26 17:24:08] root: DEBUG:         0.0 B       scaffolds_links.txt
[2026-03-26 17:24:08] root: DEBUG:         4.0 M       contigs.fasta
[2026-03-26 17:24:08] root: DEBUG:         4.0 M       graph_final.gfa
[2026-03-26 17:24:08] root: DEBUG:         147.0 B     contigs_stats.txt
[2026-03-26 17:24:08] root: DEBUG:         57.0 B      contigs.fasta.fai
[2026-03-26 17:24:08] root: DEBUG:         310.0 B     graph_final.gv
[2026-03-26 17:24:08] root: DEBUG:         4.0 M       graph_final.fasta
[2026-03-26 17:24:08] root: DEBUG:     00-assembly/
[2026-03-26 17:24:08] root: DEBUG:         4.0 M       draft_assembly.fasta
[2026-03-26 17:24:08] root: DEBUG:         65.0 B      draft_assembly.fasta.fai
[2026-03-26 17:24:08] root: DEBUG:     10-consensus/
[2026-03-26 17:24:08] root: DEBUG:         4.0 M       consensus.fasta
[2026-03-26 17:24:08] root: DEBUG:         50.0 K      minimap.bam.csi
[2026-03-26 17:24:08] root: DEBUG:         1.0 K       minimap.stderr
[2026-03-26 17:24:08] root: DEBUG:     20-repeat/
[2026-03-26 17:24:08] root: DEBUG:         2.0 K       graph_after_rr.gv
[2026-03-26 17:24:08] root: DEBUG:         1.0 K       graph_before_rr.gv
[2026-03-26 17:24:08] root: DEBUG:         4.0 M       graph_before_rr.fasta
[2026-03-26 17:24:08] root: DEBUG:         4.0 K       repeat_graph_dump
[2026-03-26 17:24:08] root: DEBUG:         4.0 M       graph_before_rr.gfa
[2026-03-26 17:24:08] root: DEBUG:         4.0 M       read_alignment_dump
[2026-03-26 17:24:08] root: DEBUG:         4.0 M       repeat_graph_edges.fasta
[2026-03-26 17:24:08] root: DEBUG: --------------------------
[2026-03-26 17:24:08] root: INFO: Assembly statistics:

	Total length:	5019730
	Fragments:	2
	Fragments N50:	3267359
	Largest frg:	3267359
	Scaffolds:	0
	Mean coverage:	54

[2026-03-26 17:24:08] root: INFO: Final assembly: /data/djs217/PROJECTS/vibrio/P0232_251203_11813_10386/12_filtlong/02_hybracter/hybracter_out/processing/assemblies/EXE_33_2024_E/assembly.fasta
