[2026-03-26 22:18:07] root: INFO: Starting Flye 2.9.6-b1802
[2026-03-26 22:18:07] root: DEBUG: Cmd: /data/djs217/miniconda3/envs/hybracter_env/lib/python3.11/site-packages/hybracter/workflow/conda/867e79b85cea33b7804e36b625a69929_/bin/flye --nano-hq hybracter_out/processing/qc/EXE_23_2025_L_filt_trim.fastq.gz -t 1 --out-dir hybracter_out/processing/assemblies/EXE_23_2025_L
[2026-03-26 22:18:07] root: DEBUG: Python version: 3.12.12 | packaged by conda-forge | (main, Oct 22 2025, 23:25:55) [GCC 14.3.0]
[2026-03-26 22:18:07] root: INFO: >>>STAGE: configure
[2026-03-26 22:18:07] root: INFO: Configuring run
[2026-03-26 22:18:11] root: INFO: Total read length: 183635646
[2026-03-26 22:18:11] root: INFO: Reads N50/N90: 10960 / 2924
[2026-03-26 22:18:11] root: INFO: Minimum overlap set to 3000
[2026-03-26 22:18:11] root: INFO: >>>STAGE: assembly
[2026-03-26 22:18:11] root: INFO: Assembling disjointigs
[2026-03-26 22:18:11] root: DEBUG: -----Begin assembly log------
[2026-03-26 22:18:11] root: DEBUG: Running: flye-modules assemble --reads /data/djs217/PROJECTS/vibrio/P0232_251203_11813_10386/12_filtlong/02_hybracter/hybracter_out/processing/qc/EXE_23_2025_L_filt_trim.fastq.gz --out-asm /data/djs217/PROJECTS/vibrio/P0232_251203_11813_10386/12_filtlong/02_hybracter/hybracter_out/processing/assemblies/EXE_23_2025_L/00-assembly/draft_assembly.fasta --config /data/djs217/miniconda3/envs/hybracter_env/lib/python3.11/site-packages/hybracter/workflow/conda/867e79b85cea33b7804e36b625a69929_/lib/python3.12/site-packages/flye/config/bin_cfg/asm_nano_hq.cfg --log /data/djs217/PROJECTS/vibrio/P0232_251203_11813_10386/12_filtlong/02_hybracter/hybracter_out/processing/assemblies/EXE_23_2025_L/flye.log --threads 1 --min-ovlp 3000
[2026-03-26 22:18:11] DEBUG: Build date: May  4 2025 23:17:52
[2026-03-26 22:18:11] DEBUG: Total RAM: 31 Gb
[2026-03-26 22:18:11] DEBUG: Available RAM: 29 Gb
[2026-03-26 22:18:11] DEBUG: Total CPUs: 16
[2026-03-26 22:18:11] DEBUG: Loading /data/djs217/miniconda3/envs/hybracter_env/lib/python3.11/site-packages/hybracter/workflow/conda/867e79b85cea33b7804e36b625a69929_/lib/python3.12/site-packages/flye/config/bin_cfg/asm_nano_hq.cfg
[2026-03-26 22:18:11] DEBUG: Loading /data/djs217/miniconda3/envs/hybracter_env/lib/python3.11/site-packages/hybracter/workflow/conda/867e79b85cea33b7804e36b625a69929_/lib/python3.12/site-packages/flye/config/bin_cfg/asm_defaults.cfg
[2026-03-26 22:18:11] DEBUG: 	big_genome_threshold=29000000
[2026-03-26 22:18:11] DEBUG: 	meta_read_filter_kmer_freq=100
[2026-03-26 22:18:11] DEBUG: 	chain_large_gap_penalty=2
[2026-03-26 22:18:11] DEBUG: 	chain_small_gap_penalty=0.5
[2026-03-26 22:18:11] DEBUG: 	chain_gap_jump_threshold=100
[2026-03-26 22:18:11] DEBUG: 	max_jump_gap=500
[2026-03-26 22:18:11] DEBUG: 	max_coverage_drop_rate=5
[2026-03-26 22:18:11] DEBUG: 	max_extensions_drop_rate=5
[2026-03-26 22:18:11] DEBUG: 	chimera_window=100
[2026-03-26 22:18:11] DEBUG: 	chimera_overhang=1000
[2026-03-26 22:18:11] DEBUG: 	min_reads_in_disjointig=4
[2026-03-26 22:18:11] DEBUG: 	max_inner_reads=10
[2026-03-26 22:18:11] DEBUG: 	max_inner_fraction=0.25
[2026-03-26 22:18:11] DEBUG: 	aggressive_dup_filter=1
[2026-03-26 22:18:11] DEBUG: 	max_separation=500
[2026-03-26 22:18:11] DEBUG: 	unique_edge_length=50000
[2026-03-26 22:18:11] DEBUG: 	min_repeat_res_support=0.51
[2026-03-26 22:18:11] DEBUG: 	out_paths_ratio=5
[2026-03-26 22:18:11] DEBUG: 	graph_cov_drop_rate=5
[2026-03-26 22:18:11] DEBUG: 	coverage_estimate_window=100
[2026-03-26 22:18:11] DEBUG: 	max_bubble_length=50000
[2026-03-26 22:18:11] DEBUG: 	loop_coverage_rate=1.5
[2026-03-26 22:18:11] DEBUG: 	repeat_edge_cov_mult=1.75
[2026-03-26 22:18:11] DEBUG: 	weak_detach_rate=5
[2026-03-26 22:18:11] DEBUG: 	tip_coverage_rate=2
[2026-03-26 22:18:11] DEBUG: 	tip_length_rate=2
[2026-03-26 22:18:11] DEBUG: 	output_gfa_before_rr=1
[2026-03-26 22:18:11] DEBUG: 	remove_alt_edges=0
[2026-03-26 22:18:11] DEBUG: 	low_cutoff_warning=0
[2026-03-26 22:18:11] DEBUG: 	kmer_size=17
[2026-03-26 22:18:11] DEBUG: 	use_minimizers=1
[2026-03-26 22:18:11] DEBUG: 	minimizer_window=10
[2026-03-26 22:18:11] DEBUG: 	reads_base_alignment=1
[2026-03-26 22:18:11] DEBUG: 	meta_read_top_kmer_rate=0.75
[2026-03-26 22:18:11] DEBUG: 	maximum_jump=1500
[2026-03-26 22:18:11] DEBUG: 	maximum_overhang=1500
[2026-03-26 22:18:11] DEBUG: 	repeat_kmer_rate=100
[2026-03-26 22:18:11] DEBUG: 	assemble_ovlp_divergence=0.03
[2026-03-26 22:18:11] DEBUG: 	assemble_divergence_relative=1
[2026-03-26 22:18:11] DEBUG: 	repeat_graph_ovlp_divergence=0.03
[2026-03-26 22:18:11] DEBUG: 	read_align_ovlp_divergence=0.10
[2026-03-26 22:18:11] DEBUG: 	hpc_scoring_on=1
[2026-03-26 22:18:11] DEBUG: 	add_unassembled_reads=0
[2026-03-26 22:18:11] DEBUG: 	extend_contigs_with_repeats=0
[2026-03-26 22:18:11] DEBUG: 	min_read_cov_cutoff=3
[2026-03-26 22:18:11] DEBUG: 	short_tip_length=20000
[2026-03-26 22:18:11] DEBUG: 	long_tip_length=100000
[2026-03-26 22:18:11] DEBUG: Running with k-mer size: 17
[2026-03-26 22:18:11] DEBUG: Running with minimum overlap 3000
[2026-03-26 22:18:11] DEBUG: Metagenome mode: N
[2026-03-26 22:18:11] DEBUG: Short mode: N
[2026-03-26 22:18:11] INFO: Reading sequences
[2026-03-26 22:18:14] DEBUG: Building positional index
[2026-03-26 22:18:14] DEBUG: Total sequence: 164422352 bp
[2026-03-26 22:18:14] INFO: Building minimizer index
[2026-03-26 22:18:14] INFO: Pre-calculating index storage
[2026-03-26 22:18:24] DEBUG: Mean k-mer frequency: 9.86033
[2026-03-26 22:18:24] DEBUG: Repetitive k-mer frequency: 986
[2026-03-26 22:18:24] DEBUG: Filtered 137335 repetitive k-mers (0.00461293)
[2026-03-26 22:18:25] INFO: Filling index
[2026-03-26 22:18:38] DEBUG: Sorting k-mer index
[2026-03-26 22:18:38] DEBUG: Selected k-mers: 3019334
[2026-03-26 22:18:38] DEBUG: K-mer index size: 29634437
[2026-03-26 22:18:38] DEBUG: Mean k-mer frequency: 9.81489
[2026-03-26 22:18:38] DEBUG: Minimizer rate: 5.54835
[2026-03-26 22:18:38] DEBUG: Peak RAM usage: 0 Gb
[2026-03-26 22:18:38] DEBUG: Estimating k-mer identity bias
[2026-03-26 22:19:07] DEBUG: Initial divergence estimate : 0.0109489
[2026-03-26 22:19:07] DEBUG: Relative threshold: Y
[2026-03-26 22:19:07] DEBUG: Max divergence threshold set to 0.0409489
[2026-03-26 22:19:07] INFO: Extending reads
[2026-03-26 22:19:07] DEBUG: Estimating overlap coverage
[2026-03-26 22:19:40] INFO: Overlap-based coverage: 30
[2026-03-26 22:19:40] INFO: Median overlap divergence: 0.0113133
[2026-03-26 22:19:40] DEBUG: Sequence divergence distribution: 

    | *      |                                                                                           
    | *      |                                                                                           
    | *      |                                                                                           
    | *      |                                                                                           
    | *      |                                                                                           
    | *      |                                                                                           
    | *      |                                                                                           
    | **     |                                                                                           
    | **     |                                                                                           
    |***     |                                                                                           
    |***     |                                                                                           
    |***     |                                                                                           
    |***     |                                                                                           
    |***     |                                                                                           
    |****    |                                                                                           
    |****    |                                                                                           
    |*****   |                                                                                           
    |******* |                                                                                           
    |**********                                                                                          
    |******************************   *       *                                                          
    ----------------------------------------------------------------------------------------------------
    0%        5%        10%       15%       20%       25%       30%       35%       40%       45%       

    Q25 = 0.0065, Q50 = 0.011, Q75 = 0.025

[2026-03-26 22:20:13] DEBUG: Assembled disjointig 1
	With 394 reads
	Start read: +2f9f431e-7694-4ed2-a266-38b4e699f3e5
	At position: 391
	leftTip: 0 rightTip: 0
	Suspicious: 1
	Short ext: 1
	Mean extensions: 24
	Avg overlap len: 18863
	Min overlap len: 1834
	Inner reads: 0
	Length: 2988646
[2026-03-26 22:20:13] DEBUG: Inner: 20422 covered: 21296 total: 34356
[2026-03-26 22:20:26] DEBUG: Assembled disjointig 2
	With 166 reads
	Start read: +c491442d-f9da-4367-97f2-59f65cec4f2e
	At position: 162
	leftTip: 0 rightTip: 0
	Suspicious: 0
	Short ext: 0
	Mean extensions: 21
	Avg overlap len: 19223
	Min overlap len: 4105
	Inner reads: 0
	Length: 1350032
[2026-03-26 22:20:26] DEBUG: Inner: 29122 covered: 30362 total: 34356
[2026-03-26 22:20:29] DEBUG: Assembled disjointig 3
	With 17 reads
	Start read: +82bf5bdd-da82-4132-ad2c-399367ef99c1
	At position: 10
	leftTip: 0 rightTip: 0
	Suspicious: 0
	Short ext: 0
	Mean extensions: 72
	Avg overlap len: 21759
	Min overlap len: 3840
	Inner reads: 0
	Length: 102290
[2026-03-26 22:20:29] DEBUG: Inner: 30040 covered: 31330 total: 34356
[2026-03-26 22:21:56] INFO: Assembled 3 disjointigs
[2026-03-26 22:21:56] INFO: Generating sequence
[2026-03-26 22:21:59] DEBUG: Building positional index
[2026-03-26 22:21:59] DEBUG: Total sequence: 4441538 bp
[2026-03-26 22:21:59] DEBUG: Mean k-mer frequency: 1.04942
[2026-03-26 22:21:59] DEBUG: Repetitive k-mer frequency: 104
[2026-03-26 22:21:59] DEBUG: Filtered 952 repetitive k-mers (0.00117936)
[2026-03-26 22:22:00] DEBUG: Sorting k-mer index
[2026-03-26 22:22:00] DEBUG: Selected k-mers: 769197
[2026-03-26 22:22:00] DEBUG: K-mer index size: 806264
[2026-03-26 22:22:00] DEBUG: Mean k-mer frequency: 1.04819
[2026-03-26 22:22:00] DEBUG: Minimizer rate: 5.50879
[2026-03-26 22:22:00] INFO: Filtering contained disjointigs
[2026-03-26 22:22:01] DEBUG: Computing transitive closure for overlaps
[2026-03-26 22:22:01] DEBUG: Found 12 overlaps
[2026-03-26 22:22:01] DEBUG: Left 12 overlaps after filtering
[2026-03-26 22:22:01] INFO: Contained seqs: 0
[2026-03-26 22:22:01] DEBUG: Writing FASTA
[2026-03-26 22:22:01] DEBUG: Peak RAM usage: 0 Gb
-----------End assembly log------------
[2026-03-26 22:22:01] root: DEBUG: Disjointigs length: 4441538, N50: 2988758
[2026-03-26 22:22:01] root: INFO: >>>STAGE: consensus
[2026-03-26 22:22:01] root: INFO: Running Minimap2
[2026-03-26 22:23:11] root: INFO: Computing consensus
[2026-03-26 22:24:24] root: INFO: Alignment error rate: 0.023738
[2026-03-26 22:24:24] root: INFO: >>>STAGE: repeat
[2026-03-26 22:24:24] root: INFO: Building and resolving repeat graph
[2026-03-26 22:24:24] root: DEBUG: -----Begin repeat analyser log------
[2026-03-26 22:24:24] root: DEBUG: Running: flye-modules repeat --disjointigs /data/djs217/PROJECTS/vibrio/P0232_251203_11813_10386/12_filtlong/02_hybracter/hybracter_out/processing/assemblies/EXE_23_2025_L/10-consensus/consensus.fasta --reads /data/djs217/PROJECTS/vibrio/P0232_251203_11813_10386/12_filtlong/02_hybracter/hybracter_out/processing/qc/EXE_23_2025_L_filt_trim.fastq.gz --out-dir /data/djs217/PROJECTS/vibrio/P0232_251203_11813_10386/12_filtlong/02_hybracter/hybracter_out/processing/assemblies/EXE_23_2025_L/20-repeat --config /data/djs217/miniconda3/envs/hybracter_env/lib/python3.11/site-packages/hybracter/workflow/conda/867e79b85cea33b7804e36b625a69929_/lib/python3.12/site-packages/flye/config/bin_cfg/asm_nano_hq.cfg --log /data/djs217/PROJECTS/vibrio/P0232_251203_11813_10386/12_filtlong/02_hybracter/hybracter_out/processing/assemblies/EXE_23_2025_L/flye.log --threads 1 --min-ovlp 3000
[2026-03-26 22:24:24] DEBUG: Build date: May  4 2025 23:18:08
[2026-03-26 22:24:24] DEBUG: Total RAM: 31 Gb
[2026-03-26 22:24:24] DEBUG: Available RAM: 29 Gb
[2026-03-26 22:24:24] DEBUG: Total CPUs: 16
[2026-03-26 22:24:24] DEBUG: Loading /data/djs217/miniconda3/envs/hybracter_env/lib/python3.11/site-packages/hybracter/workflow/conda/867e79b85cea33b7804e36b625a69929_/lib/python3.12/site-packages/flye/config/bin_cfg/asm_nano_hq.cfg
[2026-03-26 22:24:24] DEBUG: Loading /data/djs217/miniconda3/envs/hybracter_env/lib/python3.11/site-packages/hybracter/workflow/conda/867e79b85cea33b7804e36b625a69929_/lib/python3.12/site-packages/flye/config/bin_cfg/asm_defaults.cfg
[2026-03-26 22:24:24] DEBUG: 	big_genome_threshold=29000000
[2026-03-26 22:24:24] DEBUG: 	meta_read_filter_kmer_freq=100
[2026-03-26 22:24:24] DEBUG: 	chain_large_gap_penalty=2
[2026-03-26 22:24:24] DEBUG: 	chain_small_gap_penalty=0.5
[2026-03-26 22:24:24] DEBUG: 	chain_gap_jump_threshold=100
[2026-03-26 22:24:24] DEBUG: 	max_jump_gap=500
[2026-03-26 22:24:24] DEBUG: 	max_coverage_drop_rate=5
[2026-03-26 22:24:24] DEBUG: 	max_extensions_drop_rate=5
[2026-03-26 22:24:24] DEBUG: 	chimera_window=100
[2026-03-26 22:24:24] DEBUG: 	chimera_overhang=1000
[2026-03-26 22:24:24] DEBUG: 	min_reads_in_disjointig=4
[2026-03-26 22:24:24] DEBUG: 	max_inner_reads=10
[2026-03-26 22:24:24] DEBUG: 	max_inner_fraction=0.25
[2026-03-26 22:24:24] DEBUG: 	aggressive_dup_filter=1
[2026-03-26 22:24:24] DEBUG: 	max_separation=500
[2026-03-26 22:24:24] DEBUG: 	unique_edge_length=50000
[2026-03-26 22:24:24] DEBUG: 	min_repeat_res_support=0.51
[2026-03-26 22:24:24] DEBUG: 	out_paths_ratio=5
[2026-03-26 22:24:24] DEBUG: 	graph_cov_drop_rate=5
[2026-03-26 22:24:24] DEBUG: 	coverage_estimate_window=100
[2026-03-26 22:24:24] DEBUG: 	max_bubble_length=50000
[2026-03-26 22:24:24] DEBUG: 	loop_coverage_rate=1.5
[2026-03-26 22:24:24] DEBUG: 	repeat_edge_cov_mult=1.75
[2026-03-26 22:24:24] DEBUG: 	weak_detach_rate=5
[2026-03-26 22:24:24] DEBUG: 	tip_coverage_rate=2
[2026-03-26 22:24:24] DEBUG: 	tip_length_rate=2
[2026-03-26 22:24:24] DEBUG: 	output_gfa_before_rr=1
[2026-03-26 22:24:24] DEBUG: 	remove_alt_edges=0
[2026-03-26 22:24:24] DEBUG: 	low_cutoff_warning=0
[2026-03-26 22:24:24] DEBUG: 	kmer_size=17
[2026-03-26 22:24:24] DEBUG: 	use_minimizers=1
[2026-03-26 22:24:24] DEBUG: 	minimizer_window=10
[2026-03-26 22:24:24] DEBUG: 	reads_base_alignment=1
[2026-03-26 22:24:24] DEBUG: 	meta_read_top_kmer_rate=0.75
[2026-03-26 22:24:24] DEBUG: 	maximum_jump=1500
[2026-03-26 22:24:24] DEBUG: 	maximum_overhang=1500
[2026-03-26 22:24:24] DEBUG: 	repeat_kmer_rate=100
[2026-03-26 22:24:24] DEBUG: 	assemble_ovlp_divergence=0.03
[2026-03-26 22:24:24] DEBUG: 	assemble_divergence_relative=1
[2026-03-26 22:24:24] DEBUG: 	repeat_graph_ovlp_divergence=0.03
[2026-03-26 22:24:24] DEBUG: 	read_align_ovlp_divergence=0.10
[2026-03-26 22:24:24] DEBUG: 	hpc_scoring_on=1
[2026-03-26 22:24:24] DEBUG: 	add_unassembled_reads=0
[2026-03-26 22:24:24] DEBUG: 	extend_contigs_with_repeats=0
[2026-03-26 22:24:24] DEBUG: 	min_read_cov_cutoff=3
[2026-03-26 22:24:24] DEBUG: 	short_tip_length=20000
[2026-03-26 22:24:24] DEBUG: 	long_tip_length=100000
[2026-03-26 22:24:24] DEBUG: Running with k-mer size: 17
[2026-03-26 22:24:24] DEBUG: Selected minimum overlap 3000
[2026-03-26 22:24:24] DEBUG: Metagenome mode: N
[2026-03-26 22:24:24] INFO: Parsing disjointigs
[2026-03-26 22:24:24] DEBUG: Building positional index
[2026-03-26 22:24:24] DEBUG: Total sequence: 4434874 bp
[2026-03-26 22:24:24] INFO: Building repeat graph
[2026-03-26 22:24:24] DEBUG: Mean k-mer frequency: 1.05143
[2026-03-26 22:24:24] DEBUG: Repetitive k-mer frequency: 105
[2026-03-26 22:24:24] DEBUG: Filtered 181 repetitive k-mers (0.000224407)
[2026-03-26 22:24:25] DEBUG: Sorting k-mer index
[2026-03-26 22:24:25] DEBUG: Selected k-mers: 767111
[2026-03-26 22:24:25] DEBUG: K-mer index size: 806388
[2026-03-26 22:24:25] DEBUG: Mean k-mer frequency: 1.0512
[2026-03-26 22:24:25] DEBUG: Minimizer rate: 5.49968
[2026-03-26 22:24:26] DEBUG: Computing transitive closure for overlaps
[2026-03-26 22:24:26] DEBUG: Found 412 overlaps
[2026-03-26 22:24:26] DEBUG: Left 172 overlaps after filtering
[2026-03-26 22:24:26] INFO: Median overlap divergence: 0.0350061
[2026-03-26 22:24:26] DEBUG: Sequence divergence distribution: 

    | *    |                                                                                             
    | *    |                                                                                             
    | *    |                                                                                             
    | *    |                                                                                             
    | *    |                                                                                             
    | *    |                                                                                             
    | *    |                                                                                             
    | *    |                                                                                             
    | *    |                                                                                             
    | *    |                                                                                             
    |**  * |    *                                                                                        
    |**  * |    *                                                                                        
    |**  * |    *                                                                                        
    |**  * |    *                                                                                        
    |**  * |    *                                                                                        
    |**  * ** * *  *                                                  **  *   *                          
    |**  * ** * *  *                                                  **  *   *                          
    |**  * ** * *  *                                                  **  *   *                          
    |**  * ** * *  *                                                  **  *   *                          
    |**  * ** * *  *                                                  **  *   *                          
    ----------------------------------------------------------------------------------------------------
    0%        5%        10%       15%       20%       25%       30%       35%       40%       45%       

    Q25 = 0.0062, Q50 = 0.035, Q75 = 0.07

[2026-03-26 22:24:26] DEBUG: Computing gluepoints
[2026-03-26 22:24:26] DEBUG: Added 0 gluepoint projections
[2026-03-26 22:24:26] DEBUG: Created 82 gluepoints
[2026-03-26 22:24:26] DEBUG: Artificial loops removed: 1 left, 1 right, 0 both
[2026-03-26 22:24:26] DEBUG: Initializing edges
[2026-03-26 22:24:26] DEBUG: Edges length checksum: 18446744072492315755
[2026-03-26 22:24:26] DEBUG: Filtered 0 singleton segments
[2026-03-26 22:24:26] DEBUG: Removed 0 simple and 0 double chimeric junctions
[2026-03-26 22:24:26] DEBUG: Collapsed 3 edges
[2026-03-26 22:24:26] DEBUG: *	18	+disjointig_1	49559	165553	115994	
[2026-03-26 22:24:26] DEBUG:  	6	+disjointig_1	165553	167616	2063	
[2026-03-26 22:24:26] DEBUG:  	-11	+disjointig_1	167616	170961	3345	
[2026-03-26 22:24:26] DEBUG: *	5	+disjointig_1	170961	2064148	1893187	
[2026-03-26 22:24:26] DEBUG:  	11	+disjointig_1	2064148	2067568	3420	
[2026-03-26 22:24:26] DEBUG: *	-7	+disjointig_1	2067568	2332600	265032	
[2026-03-26 22:24:26] DEBUG:  	11	+disjointig_1	2332600	2335983	3383	
[2026-03-26 22:24:26] DEBUG:  	-6	+disjointig_1	2335983	2338159	2176	
[2026-03-26 22:24:26] DEBUG:  	11	+disjointig_1	2338159	2341503	3344	
[2026-03-26 22:24:26] DEBUG:  	12	+disjointig_1	2341503	2343429	1926	
[2026-03-26 22:24:26] DEBUG: *	-9	+disjointig_1	2343429	2464443	121014	
[2026-03-26 22:24:26] DEBUG:  	11	+disjointig_1	2464443	2467826	3383	
[2026-03-26 22:24:26] DEBUG:  	-6	+disjointig_1	2467826	2469962	2136	
[2026-03-26 22:24:26] DEBUG:  	11	+disjointig_1	2469962	2473339	3377	
[2026-03-26 22:24:26] DEBUG:  	12	+disjointig_1	2473339	2475302	1963	
[2026-03-26 22:24:26] DEBUG: *	-8	+disjointig_1	2475302	2528274	52972	
[2026-03-26 22:24:26] DEBUG:  	11	+disjointig_1	2528274	2532161	3887	
[2026-03-26 22:24:26] DEBUG:  	-6	+disjointig_1	2532161	2534067	1906	
[2026-03-26 22:24:26] DEBUG:  	11	+disjointig_1	2534067	2537457	3390	
[2026-03-26 22:24:26] DEBUG:  	-6	+disjointig_1	2537457	2539506	2049	
[2026-03-26 22:24:26] DEBUG: *	-4	+disjointig_1	2539506	2626404	86898	
[2026-03-26 22:24:26] DEBUG:  	11	+disjointig_1	2626404	2629786	3382	
[2026-03-26 22:24:26] DEBUG:  	-6	+disjointig_1	2629786	2631796	2010	
[2026-03-26 22:24:26] DEBUG: *	10	+disjointig_1	2631796	2706897	75101	
[2026-03-26 22:24:26] DEBUG:  	6	+disjointig_1	2706897	2708941	2044	
[2026-03-26 22:24:26] DEBUG:  	-11	+disjointig_1	2708941	2712307	3366	
[2026-03-26 22:24:26] DEBUG: *	17	+disjointig_1	2712307	2984098	271791	
[2026-03-26 22:24:26] DEBUG: *	19	+disjointig_2	23644	1348353	1324709	
[2026-03-26 22:24:26] DEBUG:  	20	+disjointig_3	18620	102408	83788	
[2026-03-26 22:24:26] DEBUG: Total edges: 20
[2026-03-26 22:24:26] INFO: Parsing reads
[2026-03-26 22:24:29] DEBUG: Building positional index
[2026-03-26 22:24:29] DEBUG: Total sequence: 183635646 bp
[2026-03-26 22:24:29] DEBUG: Building positional index
[2026-03-26 22:24:29] DEBUG: Total sequence: 4343036 bp
[2026-03-26 22:24:29] INFO: Aligning reads to the graph
[2026-03-26 22:24:29] DEBUG: Mean k-mer frequency: 1.03028
[2026-03-26 22:24:29] DEBUG: Repetitive k-mer frequency: 103
[2026-03-26 22:24:29] DEBUG: Filtered 181 repetitive k-mers (0.000229156)
[2026-03-26 22:24:30] DEBUG: Sorting k-mer index
[2026-03-26 22:24:30] DEBUG: Selected k-mers: 766639
[2026-03-26 22:24:30] DEBUG: K-mer index size: 789673
[2026-03-26 22:24:30] DEBUG: Mean k-mer frequency: 1.03005
[2026-03-26 22:24:30] DEBUG: Minimizer rate: 5.49979
[2026-03-26 22:25:52] DEBUG: Total reads : 17178
[2026-03-26 22:25:52] DEBUG: Read with aligned parts : 16796
[2026-03-26 22:25:52] DEBUG: Aligned in one piece : 16148
[2026-03-26 22:25:52] INFO: Aligned read sequence: 159785373 / 164422352 (0.971798)
[2026-03-26 22:25:52] INFO: Median overlap divergence: 0.00472397
[2026-03-26 22:25:52] DEBUG: Sequence divergence distribution: 

    |*                   |                                                                               
    |*                   |                                                                               
    |*                   |                                                                               
    |*                   |                                                                               
    |*                   |                                                                               
    |*                   |                                                                               
    |*                   |                                                                               
    |*                   |                                                                               
    |*                   |                                                                               
    |*                   |                                                                               
    |*                   |                                                                               
    |**                  |                                                                               
    |**                  |                                                                               
    |**                  |                                                                               
    |**                  |                                                                               
    |**                  |                                                                               
    |**                  |                                                                               
    |***                 |                                                                               
    |****                |                                                                               
    |******************************* * *     ** *         *      **       *                              
    ----------------------------------------------------------------------------------------------------
    0%        5%        10%       15%       20%       25%       30%       35%       40%       45%       

    Q25 = 0.0026, Q50 = 0.0047, Q75 = 0.01

[2026-03-26 22:25:52] INFO: Mean edge coverage: 37
[2026-03-26 22:25:52] DEBUG: 4	len:86898	cov:39	mult:1.05405
[2026-03-26 22:25:52] DEBUG: -4	len:86898	cov:39	mult:1.05405
[2026-03-26 22:25:52] DEBUG: 5	len:1893187	cov:36	mult:0.972973
[2026-03-26 22:25:52] DEBUG: -5	len:1893187	cov:36	mult:0.972973
[2026-03-26 22:25:52] DEBUG: 6	len:2054	cov:245	mult:6.62162
[2026-03-26 22:25:52] DEBUG: -6	len:2054	cov:245	mult:6.62162
[2026-03-26 22:25:52] DEBUG: 7	len:265032	cov:36	mult:0.972973
[2026-03-26 22:25:52] DEBUG: -7	len:265032	cov:36	mult:0.972973
[2026-03-26 22:25:52] DEBUG: 8	len:52972	cov:36	mult:0.972973
[2026-03-26 22:25:52] DEBUG: -8	len:52972	cov:36	mult:0.972973
[2026-03-26 22:25:52] DEBUG: 9	len:121014	cov:37	mult:1
[2026-03-26 22:25:52] DEBUG: -9	len:121014	cov:37	mult:1
[2026-03-26 22:25:52] DEBUG: 10	len:75101	cov:41	mult:1.10811
[2026-03-26 22:25:52] DEBUG: -10	len:75101	cov:41	mult:1.10811
[2026-03-26 22:25:52] DEBUG: 11	len:3427	cov:349	mult:9.43243
[2026-03-26 22:25:52] DEBUG: -11	len:3427	cov:349	mult:9.43243
[2026-03-26 22:25:52] DEBUG: 12	len:1944	cov:65	mult:1.75676
[2026-03-26 22:25:52] DEBUG: -12	len:1944	cov:65	mult:1.75676
[2026-03-26 22:25:52] DEBUG: 17	len:271791	cov:37	mult:1
[2026-03-26 22:25:52] DEBUG: -17	len:271791	cov:37	mult:1
[2026-03-26 22:25:52] DEBUG: 18	len:115994	cov:34	mult:0.918919
[2026-03-26 22:25:52] DEBUG: -18	len:115994	cov:34	mult:0.918919
[2026-03-26 22:25:52] DEBUG: 19	len:1324709	cov:34	mult:0.918919
[2026-03-26 22:25:52] DEBUG: -19	len:1324709	cov:34	mult:0.918919
[2026-03-26 22:25:52] DEBUG: 20	len:41894	cov:122	mult:3.2973
[2026-03-26 22:25:52] DEBUG: -20	len:41894	cov:122	mult:3.2973
[2026-03-26 22:25:52] DEBUG: Unique coverage threshold 64
[2026-03-26 22:25:52] INFO: Simplifying the graph
[2026-03-26 22:25:52] DEBUG: Read coverage cutoff: 7
[2026-03-26 22:25:52] DEBUG: [SIMPL] Removed 0 paths with low coverage
[2026-03-26 22:25:52] DEBUG: [SIMPL] Masked 0 heterozygous loops
[2026-03-26 22:25:52] DEBUG: [SIMPL] Masked 0 simple bubbles
[2026-03-26 22:25:52] DEBUG: Finding repeats
[2026-03-26 22:25:52] DEBUG: Read coverage cutoff: 7
[2026-03-26 22:25:52] DEBUG: High-cov: 6	2054	245
[2026-03-26 22:25:52] DEBUG: High-cov: 11	3427	349
[2026-03-26 22:25:52] DEBUG: High-cov: 12	1944	65
[2026-03-26 22:25:52] DEBUG: High-cov: 20	41894	122
[2026-03-26 22:25:52] DEBUG: Repeat detection iteration 1
[2026-03-26 22:25:52] DEBUG: Writing Dot
[2026-03-26 22:25:52] DEBUG: Writing FASTA
[2026-03-26 22:25:52] DEBUG: Writing Gfa
[2026-03-26 22:25:52] DEBUG: [SIMPL] == Iteration 1 ==
[2026-03-26 22:25:52] DEBUG: Splitting nodes
[2026-03-26 22:25:52] DEBUG: [SIMPL] Split 0 nodes
[2026-03-26 22:25:52] DEBUG: [SIMPL] Clipped 0 short and 0 long tips
[2026-03-26 22:25:52] DEBUG: [SIMPL] Masked 0 heterozygous loops
[2026-03-26 22:25:52] DEBUG: [SIMPL] Masked 0 simple bubbles
[2026-03-26 22:25:52] DEBUG: Finding repeats
[2026-03-26 22:25:52] DEBUG: Read coverage cutoff: 7
[2026-03-26 22:25:52] DEBUG: High-cov: 6	2054	245
[2026-03-26 22:25:52] DEBUG: High-cov: 11	3427	349
[2026-03-26 22:25:52] DEBUG: High-cov: 12	1944	65
[2026-03-26 22:25:52] DEBUG: High-cov: 20	41894	122
[2026-03-26 22:25:52] DEBUG: Repeat detection iteration 1
[2026-03-26 22:25:52] DEBUG: Total unique edges: 9
[2026-03-26 22:25:52] DEBUG: 	Connection 10	17	13	1
[2026-03-26 22:25:52] DEBUG: 	Connection -4	10	18	1
[2026-03-26 22:25:52] DEBUG: 	Connection 5	-7	21	0.976744
[2026-03-26 22:25:52] DEBUG: 	Connection 9	7	5	1
[2026-03-26 22:25:52] DEBUG: 	Connection 18	5	7	1
[2026-03-26 22:25:52] DEBUG: 	Connection -9	-8	7	1
[2026-03-26 22:25:52] DEBUG: 	Connection -8	-4	9	0.947368
[2026-03-26 22:25:52] DEBUG: [SIMPL] Resolved repeats: 7
[2026-03-26 22:25:52] DEBUG: RR links: 162
[2026-03-26 22:25:52] DEBUG: Unresolved: 0
[2026-03-26 22:25:52] DEBUG: Removed 0 simple and 0 double chimeric junctions
[2026-03-26 22:25:52] DEBUG: [SIMPL] == Iteration 2 ==
[2026-03-26 22:25:52] DEBUG: Splitting nodes
[2026-03-26 22:25:52] DEBUG: [SIMPL] Split 0 nodes
[2026-03-26 22:25:52] DEBUG: [SIMPL] Clipped 0 short and 0 long tips
[2026-03-26 22:25:52] DEBUG: [SIMPL] Masked 0 heterozygous loops
[2026-03-26 22:25:52] DEBUG: [SIMPL] Masked 0 simple bubbles
[2026-03-26 22:25:52] DEBUG: Finding repeats
[2026-03-26 22:25:52] DEBUG: Read coverage cutoff: 7
[2026-03-26 22:25:52] DEBUG: High-cov: -11 -> 6	5481	310
[2026-03-26 22:25:52] DEBUG: High-cov: 20	41894	122
[2026-03-26 22:25:52] DEBUG: Repeat detection iteration 1
[2026-03-26 22:25:52] DEBUG: Total unique edges: 16
[2026-03-26 22:25:52] DEBUG: [SIMPL] Resolved repeats: 0
[2026-03-26 22:25:52] DEBUG: RR links: 0
[2026-03-26 22:25:52] DEBUG: Unresolved: 0
[2026-03-26 22:25:52] DEBUG: Removed 0 simple and 0 double chimeric junctions
[2026-03-26 22:25:52] DEBUG: [SIMPL] Collapsed 0 haplotypes
[2026-03-26 22:25:52] DEBUG: [SIMPL] Resolved 0 simple repeats
[2026-03-26 22:25:52] DEBUG: Read coverage cutoff: 7
[2026-03-26 22:25:52] DEBUG: [SIMPL] Removed 0 paths with low coverage
[2026-03-26 22:25:52] DEBUG: Finding repeats
[2026-03-26 22:25:52] DEBUG: Read coverage cutoff: 7
[2026-03-26 22:25:52] DEBUG: High-cov: -11 -> 6	5481	310
[2026-03-26 22:25:52] DEBUG: High-cov: 20	41894	122
[2026-03-26 22:25:52] DEBUG: Repeat detection iteration 1
[2026-03-26 22:25:52] DEBUG: Writing Dot
[2026-03-26 22:25:52] DEBUG: Writing FASTA
[2026-03-26 22:25:52] DEBUG: Peak RAM usage: 0 Gb
-----------End assembly log------------
[2026-03-26 22:25:52] root: INFO: >>>STAGE: contigger
[2026-03-26 22:25:52] root: INFO: Generating contigs
[2026-03-26 22:25:52] root: DEBUG: -----Begin contigger analyser log------
[2026-03-26 22:25:52] root: DEBUG: Running: flye-modules contigger --graph-edges /data/djs217/PROJECTS/vibrio/P0232_251203_11813_10386/12_filtlong/02_hybracter/hybracter_out/processing/assemblies/EXE_23_2025_L/20-repeat/repeat_graph_edges.fasta --reads /data/djs217/PROJECTS/vibrio/P0232_251203_11813_10386/12_filtlong/02_hybracter/hybracter_out/processing/qc/EXE_23_2025_L_filt_trim.fastq.gz --out-dir /data/djs217/PROJECTS/vibrio/P0232_251203_11813_10386/12_filtlong/02_hybracter/hybracter_out/processing/assemblies/EXE_23_2025_L/30-contigger --config /data/djs217/miniconda3/envs/hybracter_env/lib/python3.11/site-packages/hybracter/workflow/conda/867e79b85cea33b7804e36b625a69929_/lib/python3.12/site-packages/flye/config/bin_cfg/asm_nano_hq.cfg --repeat-graph /data/djs217/PROJECTS/vibrio/P0232_251203_11813_10386/12_filtlong/02_hybracter/hybracter_out/processing/assemblies/EXE_23_2025_L/20-repeat/repeat_graph_dump --graph-aln /data/djs217/PROJECTS/vibrio/P0232_251203_11813_10386/12_filtlong/02_hybracter/hybracter_out/processing/assemblies/EXE_23_2025_L/20-repeat/read_alignment_dump --log /data/djs217/PROJECTS/vibrio/P0232_251203_11813_10386/12_filtlong/02_hybracter/hybracter_out/processing/assemblies/EXE_23_2025_L/flye.log --threads 1 --min-ovlp 3000
[2026-03-26 22:25:52] DEBUG: Build date: May  4 2025 23:18:25
[2026-03-26 22:25:52] DEBUG: Total RAM: 31 Gb
[2026-03-26 22:25:52] DEBUG: Available RAM: 29 Gb
[2026-03-26 22:25:52] DEBUG: Total CPUs: 16
[2026-03-26 22:25:52] DEBUG: Loading /data/djs217/miniconda3/envs/hybracter_env/lib/python3.11/site-packages/hybracter/workflow/conda/867e79b85cea33b7804e36b625a69929_/lib/python3.12/site-packages/flye/config/bin_cfg/asm_nano_hq.cfg
[2026-03-26 22:25:52] DEBUG: Loading /data/djs217/miniconda3/envs/hybracter_env/lib/python3.11/site-packages/hybracter/workflow/conda/867e79b85cea33b7804e36b625a69929_/lib/python3.12/site-packages/flye/config/bin_cfg/asm_defaults.cfg
[2026-03-26 22:25:52] DEBUG: 	big_genome_threshold=29000000
[2026-03-26 22:25:52] DEBUG: 	meta_read_filter_kmer_freq=100
[2026-03-26 22:25:52] DEBUG: 	chain_large_gap_penalty=2
[2026-03-26 22:25:52] DEBUG: 	chain_small_gap_penalty=0.5
[2026-03-26 22:25:52] DEBUG: 	chain_gap_jump_threshold=100
[2026-03-26 22:25:52] DEBUG: 	max_jump_gap=500
[2026-03-26 22:25:52] DEBUG: 	max_coverage_drop_rate=5
[2026-03-26 22:25:52] DEBUG: 	max_extensions_drop_rate=5
[2026-03-26 22:25:52] DEBUG: 	chimera_window=100
[2026-03-26 22:25:52] DEBUG: 	chimera_overhang=1000
[2026-03-26 22:25:52] DEBUG: 	min_reads_in_disjointig=4
[2026-03-26 22:25:52] DEBUG: 	max_inner_reads=10
[2026-03-26 22:25:52] DEBUG: 	max_inner_fraction=0.25
[2026-03-26 22:25:52] DEBUG: 	aggressive_dup_filter=1
[2026-03-26 22:25:52] DEBUG: 	max_separation=500
[2026-03-26 22:25:52] DEBUG: 	unique_edge_length=50000
[2026-03-26 22:25:52] DEBUG: 	min_repeat_res_support=0.51
[2026-03-26 22:25:52] DEBUG: 	out_paths_ratio=5
[2026-03-26 22:25:52] DEBUG: 	graph_cov_drop_rate=5
[2026-03-26 22:25:52] DEBUG: 	coverage_estimate_window=100
[2026-03-26 22:25:52] DEBUG: 	max_bubble_length=50000
[2026-03-26 22:25:52] DEBUG: 	loop_coverage_rate=1.5
[2026-03-26 22:25:52] DEBUG: 	repeat_edge_cov_mult=1.75
[2026-03-26 22:25:52] DEBUG: 	weak_detach_rate=5
[2026-03-26 22:25:52] DEBUG: 	tip_coverage_rate=2
[2026-03-26 22:25:52] DEBUG: 	tip_length_rate=2
[2026-03-26 22:25:52] DEBUG: 	output_gfa_before_rr=1
[2026-03-26 22:25:52] DEBUG: 	remove_alt_edges=0
[2026-03-26 22:25:52] DEBUG: 	low_cutoff_warning=0
[2026-03-26 22:25:52] DEBUG: 	kmer_size=17
[2026-03-26 22:25:52] DEBUG: 	use_minimizers=1
[2026-03-26 22:25:52] DEBUG: 	minimizer_window=10
[2026-03-26 22:25:52] DEBUG: 	reads_base_alignment=1
[2026-03-26 22:25:52] DEBUG: 	meta_read_top_kmer_rate=0.75
[2026-03-26 22:25:52] DEBUG: 	maximum_jump=1500
[2026-03-26 22:25:52] DEBUG: 	maximum_overhang=1500
[2026-03-26 22:25:52] DEBUG: 	repeat_kmer_rate=100
[2026-03-26 22:25:52] DEBUG: 	assemble_ovlp_divergence=0.03
[2026-03-26 22:25:52] DEBUG: 	assemble_divergence_relative=1
[2026-03-26 22:25:52] DEBUG: 	repeat_graph_ovlp_divergence=0.03
[2026-03-26 22:25:52] DEBUG: 	read_align_ovlp_divergence=0.10
[2026-03-26 22:25:52] DEBUG: 	hpc_scoring_on=1
[2026-03-26 22:25:52] DEBUG: 	add_unassembled_reads=0
[2026-03-26 22:25:52] DEBUG: 	extend_contigs_with_repeats=0
[2026-03-26 22:25:52] DEBUG: 	min_read_cov_cutoff=3
[2026-03-26 22:25:52] DEBUG: 	short_tip_length=20000
[2026-03-26 22:25:52] DEBUG: 	long_tip_length=100000
[2026-03-26 22:25:52] DEBUG: Running with k-mer size: 17
[2026-03-26 22:25:52] DEBUG: Selected minimum overlap 3000
[2026-03-26 22:25:52] INFO: Reading sequences
[2026-03-26 22:25:55] DEBUG: Building positional index
[2026-03-26 22:25:55] DEBUG: Total sequence: 183635646 bp
[2026-03-26 22:25:55] DEBUG: Flipped 0
[2026-03-26 22:25:55] DEBUG: UPath 1: 27 -> 8 -> 26 -> 9 -> -24 -> 7 -> 23 -> -5 -> 25 -> -18 -> -17 -> -21 -> -10 -> 22 -> 4
[2026-03-26 22:25:55] DEBUG: UPath 2: -11 -> 6
[2026-03-26 22:25:55] DEBUG: UPath 3: 19
[2026-03-26 22:25:55] DEBUG: UPath 4: 20
[2026-03-26 22:25:55] DEBUG: Final graph contains 4 egdes
[2026-03-26 22:25:55] DEBUG: Extending contigs into repeats
[2026-03-26 22:25:55] DEBUG: Covered 0 repetitive contigs
[2026-03-26 22:25:55] INFO: Generated 4 contigs
[2026-03-26 22:25:55] DEBUG: Writing FASTA
[2026-03-26 22:25:55] DEBUG: Generating scaffold connections
[2026-03-26 22:25:55] INFO: Added 0 scaffold connections
[2026-03-26 22:25:55] DEBUG: Writing Dot
[2026-03-26 22:25:55] DEBUG: Writing FASTA
[2026-03-26 22:25:55] DEBUG: Writing Gfa
[2026-03-26 22:25:55] DEBUG: Peak RAM usage: 0 Gb
-----------End assembly log------------
[2026-03-26 22:25:55] root: INFO: >>>STAGE: polishing
[2026-03-26 22:25:55] root: INFO: Polishing genome (1/1)
[2026-03-26 22:25:55] root: INFO: Running minimap2
[2026-03-26 22:27:00] root: INFO: Separating alignment into bubbles
[2026-03-26 22:28:35] root: DEBUG: Generated 301357 bubbles
[2026-03-26 22:28:35] root: DEBUG: Split 1 long bubbles
[2026-03-26 22:28:35] root: DEBUG: Skipped 4 empty bubbles
[2026-03-26 22:28:35] root: DEBUG: Skipped 0 bubbles with long branches
[2026-03-26 22:28:35] root: INFO: Alignment error rate: 0.016124
[2026-03-26 22:28:35] root: INFO: Correcting bubbles
[2026-03-26 22:30:33] root: DEBUG: Mean contig coverage: 42, selected threshold: 8
[2026-03-26 22:30:33] root: DEBUG: Filtered 1 contigs of total length 4239
[2026-03-26 22:30:33] root: DEBUG: Generating polished GFA
[2026-03-26 22:30:36] root: DEBUG: 1 sequences remained unpolished
[2026-03-26 22:30:37] root: INFO: >>>STAGE: finalize
[2026-03-26 22:30:37] root: DEBUG: ---Output dir contents:----
[2026-03-26 22:30:37] root: DEBUG: EXE_23_2025_L/
[2026-03-26 22:30:37] root: DEBUG:     604.0 B     assembly_graph.gv
[2026-03-26 22:30:37] root: DEBUG:     4.0 M       assembly.fasta
[2026-03-26 22:30:37] root: DEBUG:     36.0 K      flye.log
[2026-03-26 22:30:37] root: DEBUG:     92.0 B      params.json
[2026-03-26 22:30:37] root: DEBUG:     4.0 M       assembly_graph.gfa
[2026-03-26 22:30:37] root: DEBUG:     40-polishing/
[2026-03-26 22:30:37] root: DEBUG:         86.0 B      filtered_contigs.fasta.fai
[2026-03-26 22:30:37] root: DEBUG:         4.0 M       filtered_contigs.fasta
[2026-03-26 22:30:37] root: DEBUG:         101.0 B     contigs_stats.txt
[2026-03-26 22:30:37] root: DEBUG:         1.0 M       base_coverage.bed.gz
[2026-03-26 22:30:37] root: DEBUG:         4.0 M       polished_edges.gfa
[2026-03-26 22:30:37] root: DEBUG:         33.0 K      minimap_1.bam.csi
[2026-03-26 22:30:37] root: DEBUG:         85.0 B      filtered_stats.txt
[2026-03-26 22:30:37] root: DEBUG:         205.0 B     edges_aln.bam.csi
[2026-03-26 22:30:37] root: DEBUG:         1.0 K       minimap.stderr
[2026-03-26 22:30:37] root: DEBUG:     30-contigger/
[2026-03-26 22:30:37] root: DEBUG:         0.0 B       scaffolds_links.txt
[2026-03-26 22:30:37] root: DEBUG:         4.0 M       contigs.fasta
[2026-03-26 22:30:37] root: DEBUG:         4.0 M       graph_final.gfa
[2026-03-26 22:30:37] root: DEBUG:         214.0 B     contigs_stats.txt
[2026-03-26 22:30:37] root: DEBUG:         114.0 B     contigs.fasta.fai
[2026-03-26 22:30:37] root: DEBUG:         604.0 B     graph_final.gv
[2026-03-26 22:30:37] root: DEBUG:         4.0 M       graph_final.fasta
[2026-03-26 22:30:37] root: DEBUG:     00-assembly/
[2026-03-26 22:30:37] root: DEBUG:         4.0 M       draft_assembly.fasta
[2026-03-26 22:30:37] root: DEBUG:         99.0 B      draft_assembly.fasta.fai
[2026-03-26 22:30:37] root: DEBUG:     10-consensus/
[2026-03-26 22:30:37] root: DEBUG:         4.0 M       consensus.fasta
[2026-03-26 22:30:37] root: DEBUG:         34.0 K      minimap.bam.csi
[2026-03-26 22:30:37] root: DEBUG:         1.0 K       minimap.stderr
[2026-03-26 22:30:37] root: DEBUG:     20-repeat/
[2026-03-26 22:30:37] root: DEBUG:         2.0 K       graph_after_rr.gv
[2026-03-26 22:30:37] root: DEBUG:         1.0 K       graph_before_rr.gv
[2026-03-26 22:30:37] root: DEBUG:         4.0 M       graph_before_rr.fasta
[2026-03-26 22:30:37] root: DEBUG:         6.0 K       repeat_graph_dump
[2026-03-26 22:30:37] root: DEBUG:         4.0 M       graph_before_rr.gfa
[2026-03-26 22:30:37] root: DEBUG:         5.0 M       read_alignment_dump
[2026-03-26 22:30:37] root: DEBUG:         4.0 M       repeat_graph_edges.fasta
[2026-03-26 22:30:37] root: DEBUG: --------------------------
[2026-03-26 22:30:37] root: INFO: Assembly statistics:

	Total length:	4301131
	Fragments:	3
	Fragments N50:	2934587
	Largest frg:	2934587
	Scaffolds:	0
	Mean coverage:	42

[2026-03-26 22:30:37] root: INFO: Final assembly: /data/djs217/PROJECTS/vibrio/P0232_251203_11813_10386/12_filtlong/02_hybracter/hybracter_out/processing/assemblies/EXE_23_2025_L/assembly.fasta
