
Starting Unicycler (2026-03-26 15:21:20)
----------------------------------------
    Welcome to Unicycler, an assembly pipeline for bacterial genomes. Since you provided only long reads, Unicycler will assemble the reads with miniasm and then run repeated polishing rounds using Racon.
    For more information, please see https://github.com/rrwick/Unicycler

Command: /data/djs217/miniconda3/envs/hybracter_env/lib/python3.11/site-packages/hybracter/workflow/conda/78019da34467f1ccbd2a1e2321558605_/bin/unicycler -s hybracter_out/processing/plassembler/EXE_01_2025_M/plasmid_long_entropy_filtered.fastq -l hybracter_out/processing/plassembler/EXE_01_2025_M/plasmid_long_entropy_filtered.fastq -t 1 -o hybracter_out/processing/plassembler/EXE_01_2025_M/unicycler_output

Unicycler version: v0.5.1
Using 1 thread

Making output directory:
  /data/djs217/PROJECTS/vibrio/P0232_251203_11813_10386/12_filtlong/02_hybracter/hybracter_out/processing/plassembler/EXE_01_2025_M/unicycler_output

Dependencies:
  Program       Version   Status
  spades.py     4.2.0     good  
  racon         1.5.0     good  
  makeblastdb   2.17.0+   good  
  tblastn       2.17.0+   good  


Choosing k-mer range for assembly (2026-03-26 15:21:20)
-------------------------------------------------------
    Unicycler chooses a k-mer range for SPAdes based on the length of the input reads. It uses a wide range of many k-mer sizes to maximise the chance of finding an ideal assembly.

SPAdes maximum k-mer: 127
Median read length: 4792
K-mer range: 27, 53, 71, 87, 99, 111, 119, 127


SPAdes assemblies (2026-03-26 15:21:20)
---------------------------------------
    Unicycler now uses SPAdes to assemble the short reads. It scores the assembly graph for each k-mer using the number of contigs (fewer is better) and the number of dead ends (fewer is better). The score function is 1/(c*(d+2)), where c is the contig count and d is the dead end count.

spades.py -o /data/djs217/PROJECTS/vibrio/P0232_251203_11813_10386/12_filtlong/02_hybracter/hybracter_out/processing/plassembler/EXE_01_2025_M/unicycler_output/spades_assembly -k 27 --threads 1 --gfa11 --isolate -s /data/djs217/PROJECTS/vibrio/P0232_251203_11813_10386/12_filtlong/02_hybracter/hybracter_out/processing/plassembler/EXE_01_2025_M/plasmid_long_entropy_filtered.fastq -m 1024

spades.py -o /data/djs217/PROJECTS/vibrio/P0232_251203_11813_10386/12_filtlong/02_hybracter/hybracter_out/processing/plassembler/EXE_01_2025_M/unicycler_output/spades_assembly -k 27,53 --threads 1 --gfa11 --restart-from k27 -m 1024

spades.py -o /data/djs217/PROJECTS/vibrio/P0232_251203_11813_10386/12_filtlong/02_hybracter/hybracter_out/processing/plassembler/EXE_01_2025_M/unicycler_output/spades_assembly -k 27,53,71 --threads 1 --gfa11 --restart-from k53 -m 1024

spades.py -o /data/djs217/PROJECTS/vibrio/P0232_251203_11813_10386/12_filtlong/02_hybracter/hybracter_out/processing/plassembler/EXE_01_2025_M/unicycler_output/spades_assembly -k 27,53,71,87 --threads 1 --gfa11 --restart-from k71 -m 1024

spades.py -o /data/djs217/PROJECTS/vibrio/P0232_251203_11813_10386/12_filtlong/02_hybracter/hybracter_out/processing/plassembler/EXE_01_2025_M/unicycler_output/spades_assembly -k 27,53,71,87,99 --threads 1 --gfa11 --restart-from k87 -m 1024

spades.py -o /data/djs217/PROJECTS/vibrio/P0232_251203_11813_10386/12_filtlong/02_hybracter/hybracter_out/processing/plassembler/EXE_01_2025_M/unicycler_output/spades_assembly -k 27,53,71,87,99,111 --threads 1 --gfa11 --restart-from k99 -m 1024

spades.py -o /data/djs217/PROJECTS/vibrio/P0232_251203_11813_10386/12_filtlong/02_hybracter/hybracter_out/processing/plassembler/EXE_01_2025_M/unicycler_output/spades_assembly -k 27,53,71,87,99,111,119 --threads 1 --gfa11 --restart-from k111 -m 1024

spades.py -o /data/djs217/PROJECTS/vibrio/P0232_251203_11813_10386/12_filtlong/02_hybracter/hybracter_out/processing/plassembler/EXE_01_2025_M/unicycler_output/spades_assembly -k 27,53,71,87,99,111,119,127 --threads 1 --gfa11 --restart-from k119 -m 1024

K-mer   Contigs   Dead ends   Score      
   27                         too complex
   53       438           3      4.57e-04
   71       223           3      8.97e-04
   87       175           3      1.14e-03
   99       138           3      1.45e-03
  111       106           2      2.36e-03
  119        97           2      2.58e-03 <-best
  127        97           2      2.58e-03

Read depth filter: removed 4 contigs totalling 728 bp
Deleting /data/djs217/PROJECTS/vibrio/P0232_251203_11813_10386/12_filtlong/02_hybracter/hybracter_out/processing/plassembler/EXE_01_2025_M/unicycler_output/spades_assembly/


Determining graph multiplicity (2026-03-26 15:56:02)
----------------------------------------------------
    Multiplicity is the number of times a sequence occurs in the underlying sequence. Single-copy contigs (those with a multiplicity of one, occurring only once in the underlying sequence) are particularly useful.

Saving /data/djs217/PROJECTS/vibrio/P0232_251203_11813_10386/12_filtlong/02_hybracter/hybracter_out/processing/plassembler/EXE_01_2025_M/unicycler_output/002_depth_filter.gfa


Cleaning graph (2026-03-26 15:56:02)
------------------------------------
    Unicycler now performs various cleaning procedures on the graph to remove overlaps and simplify the graph structure. The end result is a graph ready for bridging.

Graph overlaps removed

Removed zero-length segments:
    60, 61, 62, 64, 65, 66, 67, 68, 69, 71, 72, 74, 75, 76, 77, 78, 79

Removed zero-length segments:
    87, 97

Removed zero-length segments:
    96

Merged small segments:
    92, 93, 94, 95

Saving /data/djs217/PROJECTS/vibrio/P0232_251203_11813_10386/12_filtlong/02_hybracter/hybracter_out/processing/plassembler/EXE_01_2025_M/unicycler_output/003_overlaps_removed.gfa

    Unicycler now selects a set of anchor contigs from the single-copy contigs. These are the contigs which will be connected via bridges to form the final assembly.

25 anchor segments (979,429 bp) out of 73 total segments (997,421 bp)


Creating SPAdes contig bridges (2026-03-26 15:56:02)
----------------------------------------------------
    SPAdes uses paired-end information to perform repeat resolution (RR) and produce contigs from the assembly graph. SPAdes saves the graph paths corresponding to these contigs in the contigs.paths file. When one of these paths contains two or more anchor contigs, Unicycler can create a bridge from the path.

                                                                                Bridge
Start                               Path                               End     quality
  -14                             34 -> 32                             18         63.2
  -13                            -28 -> -31                            19         60.5
   -8                                51                                15         63.1
   -7                  35 -> 53 -> -50 -> -69 -> -43                   11         63.1
    1    38 -> 34 -> 73 -> 35 -> 73 -> 35 -> 30 -> -46 -> 51 -> 56     -7         61.4
    2                             49 -> 21                             3          59.6
    3                        -42 -> -25 -> -45                         6          51.8
    5                        -41 -> -68 -> -37                         -9         63.2
    6                            -42 -> -25                            16         50.3
    8   43 -> 71 -> 50 -> 54 -> 26 -> 39 -> -58 -> -40 -> -31 -> -28   22         62.4
   10        -42 -> -25 -> -57 -> 29 -> -65 -> 39 -> 26 -> -40         20         63.0
   11                          38 -> 48 -> 45                          9          63.0
   13                         -46 -> 51 -> 56                          -14        62.8
   15             37 -> 72 -> 41 -> 55 -> 52 -> -60 -> 47              -19        63.2
   16         -42 -> 49 -> 63 -> -42 -> -25 -> 70 -> 21 -> -25         23         61.9
   18                -29 -> 24 -> 33 -> 32 -> 36 -> -12                -23        62.7
   20                            -33 -> 12                             5          62.1
   22              -47 -> -59 -> -52 -> -27 -> -42 -> -25              10         57.3


Creating loop unrolling bridges (2026-03-26 15:56:02)
-----------------------------------------------------
    When a SPAdes contig path connects an anchor contig with the middle contig of a simple loop, Unicycler concludes that the sequences are contiguous (i.e. the loop is not a separate piece of DNA). It then uses the read depth of the middle and repeat contigs to guess the number of times to traverse the loop and makes a bridge.

No loop unrolling bridges made


Loading reads (2026-03-26 15:56:02)
-----------------------------------
6,004 / 6,004 (100.0%) - 60,422,884 bp


Assembling contigs and long reads with miniasm (2026-03-26 15:56:03)
--------------------------------------------------------------------
    Unicycler uses miniasm to construct a string graph assembly using both the short read contigs and the long reads. It will then use the resulting string graph to produce bridges between contigs. This method requires decent coverage of long reads and therefore may not be fruitful if long reads are sparse. However, it does not rely on the short read assembly graph having good connectivity and is able to bridge an assembly graph even when it contains many dead ends.
    Unicycler uses two types of "reads" as assembly input: anchor contigs from the short-read assembly and actual long reads which overlap two or more of these contigs. It then assembles them with miniasm.

Aligning long reads to graph using minimap

Saving to /data/djs217/PROJECTS/vibrio/P0232_251203_11813_10386/12_filtlong/02_hybracter/hybracter_out/processing/plassembler/EXE_01_2025_M/unicycler_output/miniasm_assembly/01_assembly_reads.fastq:
  20 short-read contigs
  682 long reads

Finding overlaps with minimap... 
success
  265,942 overlaps

Assembling reads with miniasm... 
success
  26 segments, 26 links

Saving /data/djs217/PROJECTS/vibrio/P0232_251203_11813_10386/12_filtlong/02_hybracter/hybracter_out/processing/plassembler/EXE_01_2025_M/unicycler_output/miniasm_assembly/11_branching_paths_removed.gfa
Merging segments into unitigs:
  1 circular unitig
  total size = 1,016,474 bp
Saving /data/djs217/PROJECTS/vibrio/P0232_251203_11813_10386/12_filtlong/02_hybracter/hybracter_out/processing/plassembler/EXE_01_2025_M/unicycler_output/miniasm_assembly/12_unitig_graph.gfa


Polishing miniasm assembly with Racon (2026-03-26 15:56:20)
-----------------------------------------------------------
    Unicycler now uses Racon to polish the miniasm assembly. It does multiple rounds of polishing to get the best consensus. Circular unitigs are rotated between rounds such that all parts (including the ends) are polished well.

Saving to /data/djs217/PROJECTS/vibrio/P0232_251203_11813_10386/12_filtlong/02_hybracter/hybracter_out/processing/plassembler/EXE_01_2025_M/unicycler_output/miniasm_assembly/racon_polish/polishing_reads.fastq:
  20 short-read contigs
  6,004 long reads

Polish       Assembly          Mapping
round            size          quality
begin       1,016,474         6,154.97
1           1,016,789         6,214.60

Best polish: /data/djs217/PROJECTS/vibrio/P0232_251203_11813_10386/12_filtlong/02_hybracter/hybracter_out/processing/plassembler/EXE_01_2025_M/unicycler_output/miniasm_assembly/racon_polish/006_rotated.fasta
Saving /data/djs217/PROJECTS/vibrio/P0232_251203_11813_10386/12_filtlong/02_hybracter/hybracter_out/processing/plassembler/EXE_01_2025_M/unicycler_output/miniasm_assembly/13_racon_polished.gfa
Saving /data/djs217/PROJECTS/vibrio/P0232_251203_11813_10386/12_filtlong/02_hybracter/hybracter_out/processing/plassembler/EXE_01_2025_M/unicycler_output/004_long_read_assembly.gfa

    Contigs in the short-read assembly graph which end in dead ends may contain bogus sequence near the dead end. Unicycler therefore uses the read clipping values from the miniasm assembly to trim these dead ends to only the parts which aligned well to long reads.

No dead ends required trimming.

    Unicycler now places the single copy contigs back into the unitig graph. This serves two purposes: a) it replaces long read assembly sequences (which may be error prone) with Illumina assembly sequence (which is probably quite accurate), improving the assembly quality, and b) it defines inter-contig sequences for use in building bridges.

Searching for contigs using 5,000 bp of contig ends.

Contig   Result              Start pos   End pos   Strand
     1   found in unitig 1      321135    637376        -
     2   found in unitig 1     -222766     54969        +
     3   found in unitig 1       56230    237825        +
     4   found in unitig 1      638878    792521        -
     5   found in unitig 1      291475    303483        +
     6   found in unitig 1      239179    245300        +
     7   not found                                       
     8   found in unitig 1      269827    274422        +
     9   found in unitig 1      304335    308067        -
    10   found in unitig 1      281285    284290        +
    11   found in unitig 1      308982    310976        -
    13   found in unitig 1      262346    264211        -
    14   found in unitig 1      260137    261902        +
    15   found in unitig 1      268121    269688        -
    16   found in unitig 1      246390    247936        +
    18   found in unitig 1      257647    258950        -
    19   found in unitig 1      265548    266834        +
    20   found in unitig 1      287730    288941        +
    22   found in unitig 1      278012    279072        +
    23   found in unitig 1      251381    252386        +

Searching for contigs using 2,500 bp of contig ends.

Contig   Result              Start pos   End pos   Strand
     7   found in unitig 1      312117    317993        +

Saving /data/djs217/PROJECTS/vibrio/P0232_251203_11813_10386/12_filtlong/02_hybracter/hybracter_out/processing/plassembler/EXE_01_2025_M/unicycler_output/miniasm_assembly/14_contigs_placed.gfa


Creating miniasm/Racon bridges (2026-03-26 15:59:00)
----------------------------------------------------
    Now that the miniasm/Racon string graph is complete, Unicycler will use it to build bridges between anchor segments.

       Start -> end   Best path                                 Quality
 1/20     2 -> 3      49, 21                                     84.268
 2/20   -15 -> 8      -51                                        98.412
 3/20     8 -> 22     43, 71, 50, 54, 26, 39, -58, -40, -31,     75.269
                      -28                                              
 4/20    22 -> 10     -47, -59, -52, -27, -42, -25               75.385
 5/20    10 -> 20     -42, -25, -57, 29, -65, 39, 26, -40        76.720
 6/20    20 -> 5      -33, 12                                    79.985
 7/20     5 -> -9     -41, -68, -37                              92.412
 8/20    -9 -> -11    -45, -48, -38                              91.593
 9/20   -11 -> 7      43, 69, 50, -53, -35                       89.966
10/20     7 -> -1     -56, -51, 46, -30, -35, -73, -35, -73,     76.067
                      -34, -38                                         
11/20    -1 -> -4     17                                         86.918
12/20     3 -> 6      -42, -25, -45                              72.616
13/20    -4 -> 2      -17                                        86.608
14/20     6 -> 16     -42, -25                                   72.108
15/20    16 -> 23     -42, 49, 63, -42, -25, 70, 21, -25         75.257
16/20    23 -> -18    12, -36, -32, -33, -24, 29                 69.152
17/20   -18 -> 14     -32, -34                                   89.881
18/20    14 -> -13    -56, -51, 46                               95.145
19/20   -13 -> 19     -28, -31                                   84.912
20/20    19 -> -15    -47, 60, -52, -55, -41, -72, -37           89.113


Creating simple long read bridges (2026-03-26 15:59:01)
-------------------------------------------------------
    Unicycler uses long read alignments (from minimap) to resolve simple repeat structures in the graph. This takes care of some "low-hanging fruit" of the graph simplification.

Aligning long reads to graph using minimap

    Two-way junctions are defined as cases where two graph contigs (A and B) join together (C) and then split apart again (D and E). This usually represents a simple 2-copy repeat, and there are two possible options for its resolution: (A->C->D and B->C->E) or (A->C->E and B->C->D). Each read which spans such a junction gets to "vote" for option 1, option 2 or neither. Unicycler creates a bridge at each junction for the most voted for option.

                                               Op. 1   Op. 2   Neither   Final    Bridge
Junction       Option 1          Option 2      votes   votes     votes     op.   quality
      17   -2 -> 17 -> -4,    -2 -> 17 -> 4,       1      95         6       2      92.1
            -1 -> 17 -> 4     -1 -> 17 -> -4                                            

    Simple loops are parts of the graph where two contigs (A and B) are connected via a repeat (C) which loops back to itself (via D). It is possible to traverse the loop zero times (A->C->B), one time (A->C->D->C->B), two times (A->C->D->C->D->C->B), etc. Long reads which span the loop inform which is the correct number of times through. In this step, such reads are found and each is aligned against alternative loop counts. A reads casts its "vote" for the loop count it agrees best with, and Unicycler creates a bridge using the most voted for count.

No suitable simple loops present


Determining low score threshold (2026-03-26 15:59:05)
-----------------------------------------------------
    Before conducting semi-global alignment of the long reads to the assembly graph, Unicycler must determine a minimum alignment score threshold such that nonsense alignments are excluded. To choose a threshold automatically, it examines alignments between random sequences and selects a score a few standard deviations above the mean.

Automatically choosing a threshold using random alignment scores.

Random alignment mean score: 61.66
         standard deviation:  1.31
        Low score threshold: 61.66 + (7 x 1.31) = 70.86


Aligning reads (2026-03-26 15:59:08)
------------------------------------
6,004 / 6,004 (100.0%)


Read alignment summary (2026-03-26 16:46:08)
--------------------------------------------
Total read count:             6,004
Fully aligned reads:          5,585
Partially aligned reads:        390
Unaligned reads:                 29
Total bases aligned:     58,992,648 bp
Mean alignment identity:         97.4%

Deleting /data/djs217/PROJECTS/vibrio/P0232_251203_11813_10386/12_filtlong/02_hybracter/hybracter_out/processing/plassembler/EXE_01_2025_M/unicycler_output/read_alignment/


Building long read bridges (2026-03-26 16:46:08)
------------------------------------------------
    Unicycler uses the long read alignments to produce bridges between anchor segments. These bridges can be formed using as few as one long read, giving Unicycler the ability to bridge the graph even when long-read depth is low.

       Start -> end   Best path                                 Quality
 1/46   -19 -> 22                                                 2.799
 2/46   -14 -> 18     34, 32                                     64.318
 3/46   -13 -> 19     -28, -31                                   61.501
 4/46   -10 -> 19                                                 2.778
 5/46    -8 -> 10                                                 3.283
 6/46    -8 -> 13     51, 15, 37, 72, 41, 55, 52, -60, 47,       67.133
                      -19, 31, 28                                      
 7/46    -8 -> 15     51                                         68.816
 8/46    -7 -> 9      35, 53, -50, -69, -43, 11, 38, 48, 45      76.875
 9/46    -7 -> 11     35, 53, -50, -69, -43                      71.606
10/46    -6 -> 9      45                                          6.764
11/46    -2 -> 4      17                                         83.183
12/46     2 -> 3      49, 21                                     78.780
13/46     3 -> 6      -42, -25, -45                              64.979
14/46     4 -> 1      -17                                        83.629
15/46     5 -> -1     -41, -68, -37, -9, -45, -48, -38, -11,     46.520
                      43, 69, 50, -53, -35, 7, -56, -51, 46,           
                      -30, -35, -73, -35, -73, -34, -38                
16/46     5 -> 7      -41, -68, -37, -9, -45, -48, -38, -11,     65.040
                      43, 69, 50, -53, -35                             
17/46     6 -> 8      -42, -25, 16, -42, 49, 63, -42, -25, 70,   26.831
                      21, -25, 23, 12, -36, -32, -33, -24, 29,         
                      -18, -32, -34, 14, -56, -51, 46, -13,            
                      -28, -31, 19, -47, 60, -52, -55, -41,            
                      -72, -37, -15, -51                               
18/46     6 -> 14     -42, -25, 16, -42, 49, 63, -42, -25, 70,   37.221
                      21, -25, 23, 12, -36, -32, -33, -24, 29,         
                      -18, -32, -34                                    
19/46     6 -> 16     -42, -25                                   54.867
20/46     7 -> -1     -56, -51, 46, -30, -35, -73, -35, -73,     77.961
                      -34, -38                                         
21/46     7 -> 8      -56, -51                                   16.012
22/46     8 -> 5      43, 71, 50, 54, 26, 39, -58, -40, -31,     67.562
                      -28, 22, -47, -59, -52, -27, -42, -25,           
                      10, -42, -25, -57, 29, -65, 39, 26, -40,         
                      20, -33, 12                                      
23/46     8 -> 8                                                  4.552
24/46     8 -> 10     43, 71, 50, 54, 26, 39, -58, -40, -31,     71.845
                      -28, 22, -47, -59, -52, -27, -42, -25            
25/46     8 -> 22     43, 71, 50, 54, 26, 39, -58, -40, -31,     62.664
                      -28                                              
26/46     9 -> -5     37, 68, 41                                 77.539
27/46     9 -> 7                                                  3.646
28/46    10 -> -8                                                 3.218
29/46    10 -> 5      -42, -25, -57, 29, -65, 39, 26, -40, 20,   73.379
                      -33, 12                                          
30/46    10 -> 20     -42, -25, -57, 29, -65, 39, 26, -40        64.531
31/46    11 -> -9                                                 3.837
32/46    11 -> 9      38, 48, 45                                 70.850
33/46    13 -> -6     -46, 51, 56, -14, 34, 32, 18, -29, 24,     34.370
                      33, 32, 36, -12, -23, 25, -21, -70, 25,          
                      42, -63, -49, 42, -16, 25, 42                    
34/46    14 -> -13    -56, -51, 46                               67.539
35/46    14 -> 8      -56, -51                                    9.183
36/46    15 -> 10                                                 2.878
37/46    15 -> 13     37, 72, 41, 55, 52, -60, 47, -19, 31, 28   64.513
38/46    16 -> 14     -42, 49, 63, -42, -25, 70, 21, -25, 23,    59.684
                      12, -36, -32, -33, -24, 29, -18, -32,            
                      -34                                              
39/46    16 -> 23     -42, 49, 63, -42, -25, 70, 21, -25         58.946
40/46    18 -> -16    -29, 24, 33, 32, 36, -12, -23, 25, -21,    63.676
                      -70, 25, 42, -63, -49, 42                        
41/46    18 -> 23                                                 3.602
42/46    19 -> -15    -47, 60, -52, -55, -41, -72, -37           63.704
43/46    20 -> 5      -33, 12                                    65.303
44/46    22 -> -10                                                4.402
45/46    22 -> 10     -47, -59, -52, -27, -42, -25               60.055
46/46    23 -> -18    12, -36, -32, -33, -24, 29                 59.077


Applying bridges (2026-03-26 16:51:05)
--------------------------------------
    Unicycler now applies to the graph in decreasing order of quality. This ensures that when multiple, contradictory bridges exist, the most supported option is used.

Bridge type        Start -> end   Path                                       Quality
miniasm             -15 -> 8      -51                                         98.412
miniasm              14 -> -13    -56, -51, 46                                95.145
miniasm               5 -> -9     -41, -68, -37                               92.412
simple long read     -1 -> -4     17                                          92.064
simple long read     -2 -> 4      17                                          91.736
miniasm              -9 -> -11    -45, -48, -38                               91.593
miniasm             -11 -> 7      43, 69, 50, -53, -35                        89.966
miniasm             -18 -> 14     -32, -34                                    89.881
miniasm              19 -> -15    -47, 60, -52, -55, -41, -72, -37            89.113
miniasm             -13 -> 19     -28, -31                                    84.912
miniasm               2 -> 3      49, 21                                      84.268
miniasm              20 -> 5      -33, 12                                     79.985
long read             7 -> -1     -56, -51, 46, -30, -35, -73, -35, -73,      77.961
                                  -34, -38                                          
miniasm              10 -> 20     -42, -25, -57, 29, -65, 39, 26, -40         76.720
miniasm              22 -> 10     -47, -59, -52, -27, -42, -25                75.385
miniasm               8 -> 22     43, 71, 50, 54, 26, 39, -58, -40, -31,      75.269
                                  -28                                               
miniasm              16 -> 23     -42, 49, 63, -42, -25, 70, 21, -25          75.257
miniasm               3 -> 6      -42, -25, -45                               72.616
miniasm               6 -> 16     -42, -25                                    72.108
miniasm              23 -> -18    12, -36, -32, -33, -24, 29                  69.152

Saving /data/djs217/PROJECTS/vibrio/P0232_251203_11813_10386/12_filtlong/02_hybracter/hybracter_out/processing/plassembler/EXE_01_2025_M/unicycler_output/005_bridges_applied.gfa


Bridged assembly graph (2026-03-26 16:51:05)
--------------------------------------------
    The assembly is now mostly finished and no more structural changes will be made. Ideally the assembly graph should now have one contig per replicon and no erroneous contigs (i.e. a complete assembly). If there are more contigs, then the assembly is not complete.

Saving /data/djs217/PROJECTS/vibrio/P0232_251203_11813_10386/12_filtlong/02_hybracter/hybracter_out/processing/plassembler/EXE_01_2025_M/unicycler_output/006_final_clean.gfa

Component   Segments   Links   Length      N50         Longest segment   Status  
        1          1       1   1,016,789   1,016,789         1,016,789   complete


Rotating completed replicons (2026-03-26 16:51:05)
--------------------------------------------------
    Any completed circular contigs (i.e. single contigs which have one link connecting end to start) can have their start position changed without altering the sequence. For consistency, Unicycler now searches for a starting gene (dnaA or repA) in each such contig, and if one is found, the contig is rotated to start with that gene on the forward strand.

Segment   Length      Depth   Starting gene   Position   Strand   Identity   Coverage
      1   1,016,789   1.00x   none found                                             


Assembly complete (2026-03-26 16:51:29)
---------------------------------------
Saving /data/djs217/PROJECTS/vibrio/P0232_251203_11813_10386/12_filtlong/02_hybracter/hybracter_out/processing/plassembler/EXE_01_2025_M/unicycler_output/assembly.gfa
Saving /data/djs217/PROJECTS/vibrio/P0232_251203_11813_10386/12_filtlong/02_hybracter/hybracter_out/processing/plassembler/EXE_01_2025_M/unicycler_output/assembly.fasta

